-0.858487 0.532751 0.729275 0
-0.858487 0.532751 0.729275 0
-0.862195 0.526729 0.729275 0
-0.860081 0.530173 0.729275 0
-0.62099 -0.0784044 0.832285 0
-0.619831 -0.0870903 0.832285 0
-0.620426 -0.0827494 0.832285 0
-0.621524 -0.0740556 0.832285 0
-0.621743 -0.0721907 0.832285 0
-0.622027 -0.0697032 0.832285 0
-0.619831 -0.0870903 0.832285 0
-0.62099 -0.0784044 0.832285 0
-0.617866 -0.100087 0.832285 0
-0.622027 -0.0697032 0.832285 0
-0.617866 -0.100087 0.832285 0
-0.619207 -0.091427 0.832285 0
-0.620671 -0.0808878 0.832285 0
-0.619478 -0.089569 0.832285 0
-0.621091 0.0600639 0.832803 0
-0.621091 0.0600639 0.832803 0
-0.621496 0.0557148 0.832803 0
-0.621091 0.0600639 0.832803 0
-0.620189 0.068753 0.832803 0
-0.620655 0.06441 0.832803 0
-0.620655 0.06441 0.832803 0
-0.620189 0.068753 0.832803 0
-0.621091 0.0600639 0.832803 0
-0.621496 0.0557148 0.832803 0
-0.575886 -0.0447744 0.845226 0
-0.57606 -0.0424705 0.845226 0
-0.571355 -0.0524787 0.846262 0
-0.57156 -0.0501929 0.846262 0
-0.563975 -0.0671986 0.847814 0
-0.563975 -0.0671986 0.847814 0
-0.556915 -0.0393795 0.850403 0
-0.556915 -0.0393795 0.850403 0
-0.550993 -0.0617433 0.851438 0
-0.552117 -0.0507118 0.851438 0
-0.552117 -0.0507118 0.851438 0
-0.550993 -0.0617433 0.851438 0
-0.547739 -0.0558385 0.852473 0
-0.547958 -0.0536471 0.852473 0
-0.548116 -0.052003 0.852473 0
-0.549465 -0.0349891 0.852473 0
-0.5496 -0.032791 0.852473 0
-0.547569 -0.0574814 0.852473 0
-0.545069 -0.0423784 0.853508 0
-0.545069 -0.0423784 0.853508 0
-0.527273 -0.011387 0.858685 0
-0.524886 -0.0513883 0.858685 0
-0.526329 -0.0335159 0.858685 0
-0.527392 0.00179702 0.858685 0
-0.527366 -0.00558641 0.858685 0
-0.527395 -0.000312563 0.858685 0
-0.527385 0.00337918 0.858685 0
-0.527197 0.0144527 0.858685 0
-0.52718 -0.0150776 0.858685 0
-0.527339 -0.00769583 0.858685 0
-0.524886 -0.0513883 0.858685 0
-0.527348 0.00707076 0.858685 0
-0.527395 -0.000312563 0.858685 0
-0.524513 -0.0550612 0.858685 0
-0.52718 -0.0150776 0.858685 0
-0.525684 -0.0424582 0.858685 0
-0.52718 -0.0150776 0.858685 0
-0.527395 -0.000312563 0.858685 0
-0.52551 -0.0445606 0.858685 0
-0.526329 -0.0335159 0.858685 0
-0.524513 -0.0550612 0.858685 0
-0.527273 -0.011387 0.858685 0
-0.52551 -0.0445606 0.858685 0
-0.527197 0.0144527 0.858685 0
-0.52551 -0.0445606 0.858685 0
-0.52718 -0.0150776 0.858685 0
-0.527348 0.00707076 0.858685 0
-0.527385 0.00337918 0.858685 0
-0.510666 -0.0361092 0.862826 0
-0.510666 -0.0361092 0.862826 0
-0.500296 -0.00730117 0.865932 0
-0.500296 -0.00730117 0.865932 0
-0.500322 0.00520722 0.865932 0
-0.500335 -0.00379894 0.865932 0
-0.500346 -0.00179758 0.865932 0
-0.500339 0.00320589 0.865932 0
-0.484881 -0.0036816 0.870073 0
-0.484881 -0.0036816 0.870073 0
-1.55557 -0.279199 0.635129 0
-1.49295 -0.295791 0.648626 0
-1.25267 0.103464 0.709813 0
-1.25257 0.104716 0.709813 0
-0.517456 0.695885 0.799794 0
-0.517456 0.695885 0.799794 0
-0.544305 -0.423829 0.840735 0
-0.544305 -0.423829 0.840735 0
-0.422546 0.532921 0.842984 0
-0.424675 0.531226 0.842984 0
-0.524886 -0.423234 0.844334 0
-0.501728 -0.450446 0.844334 0
-0.523188 -0.42533 0.844334 0
-0.503525 -0.448435 0.844334 0
-0.520198 -0.428982 0.844334 0
-0.520198 -0.428982 0.844334 0
-0.517183 -0.432613 0.844334 0
-0.517183 -0.432613 0.844334 0
-0.530467 -0.413053 0.844784 0
-0.537815 -0.403438 0.844784 0
-0.536197 -0.405586 0.844784 0
-0.532115 -0.410928 0.844784 0
-0.496566 0.447442 0.845684 0
-0.498352 0.445452 0.845684 0
-0.47316 0.466591 0.846583 0
-0.47129 0.468479 0.846583 0
-0.417646 0.511854 0.847483 0
-0.524069 -0.402211 0.847483 0
-0.524069 -0.402211 0.847483 0
-0.41969 0.51018 0.847483 0
-0.462477 0.469006 0.847933 0
-0.462477 0.469006 0.847933 0
-0.511584 0.41489 0.847933 0
-0.511584 0.41489 0.847933 0
-0.50465 0.420258 0.848383 0
-0.406472 0.515819 0.848383 0
-0.444463 0.483468 0.848383 0
-0.502964 0.422274 0.848383 0
-0.404405 0.51744 0.848383 0
-0.444463 0.483468 0.848383 0
-0.454584 0.47126 0.848833 0
-0.510946 -0.409471 0.848833 0
-0.4676 0.458348 0.848833 0
-0.510946 -0.409471 0.848833 0
-0.485115 0.439768 0.848833 0
-0.408856 0.511439 0.848833 0
-0.408344 0.511847 0.848833 0
-0.510946 -0.409471 0.848833 0
-0.483352 0.441705 0.848833 0
-0.51258 -0.407424 0.848833 0
-0.469429 0.456474 0.848833 0
-0.456466 0.469438 0.848833 0
-0.48059 0.441834 0.849283 0
-0.509909 0.407648 0.849283 0
-0.523399 -0.390176 0.849283 0
-0.458372 0.464843 0.849283 0
-0.524956 -0.388079 0.849283 0
-0.509909 0.407648 0.849283 0
-0.48059 0.441834 0.849283 0
-0.456509 0.466673 0.849283 0
-0.4883 0.430357 0.849733 0
-0.485276 0.433764 0.849733 0
-0.485276 0.433764 0.849733 0
-0.4883 0.430357 0.849733 0
-0.458859 0.458867 0.850183 0
-0.506865 0.405215 0.850183 0
-0.524509 -0.3821 0.850183 0
-0.525653 -0.380525 0.850183 0
-0.536534 0.365024 0.850183 0
-0.505647 0.406733 0.850183 0
-0.536534 0.365024 0.850183 0
-0.525653 -0.380525 0.850183 0
-0.491104 0.424178 0.850183 0
-0.525653 -0.380525 0.850183 0
-0.526104 0.379902 0.850183 0
-0.492375 0.422703 0.850183 0
-0.526793 -0.378946 0.850183 0
-0.439187 0.477729 0.850183 0
-0.458859 0.458867 0.850183 0
-0.437752 0.479044 0.850183 0
-0.522977 -0.384195 0.850183 0
-0.526104 0.379902 0.850183 0
-0.466987 0.447782 0.850632 0
-0.466987 0.447782 0.850632 0
-0.392103 0.512174 0.851082 0
-0.439863 0.471792 0.851082 0
-0.459285 0.452908 0.851082 0
-0.392103 0.512174 0.851082 0
-0.459285 0.452908 0.851082 0
-0.439863 0.471792 0.851082 0
-0.485417 0.421815 0.851532 0
-0.483726 0.423753 0.851532 0
-0.514479 0.382578 0.851982 0
-0.391259 0.507908 0.851982 0
-0.514479 0.382578 0.851982 0
-0.393288 0.506339 0.851982 0
-0.405578 0.494031 0.852432 0
-0.491172 0.409035 0.852432 0
-0.406071 0.493625 0.852432 0
-0.464446 0.439147 0.852432 0
-0.490763 0.409526 0.852432 0
-0.464446 0.439147 0.852432 0
-0.387365 0.505985 0.852882 0
-0.408268 0.489274 0.852882 0
-0.444239 0.456863 0.852882 0
-0.408268 0.489274 0.852882 0
-0.503254 0.390906 0.852882 0
-0.503254 0.390906 0.852882 0
-0.407779 0.489682 0.852882 0
-0.406308 0.490903 0.852882 0
-0.444239 0.456863 0.852882 0
-0.385338 0.50753 0.852882 0
-0.525903 -0.356397 0.853332 0
-0.524473 -0.358498 0.853332 0
-0.457141 0.438341 0.853782 0
-0.482192 0.410623 0.853782 0
-0.533071 0.341988 0.853782 0
-0.497836 0.39151 0.853782 0
-0.483831 0.408691 0.853782 0
-0.457141 0.438341 0.853782 0
-0.533412 0.341455 0.853782 0
-0.518174 -0.364165 0.853782 0
-0.419226 0.474731 0.853782 0
-0.419226 0.474731 0.853782 0
-0.425362 0.469241 0.853782 0
-0.425362 0.469241 0.853782 0
-0.518174 -0.364165 0.853782 0
-0.496266 0.393498 0.853782 0
-0.458782 0.433791 0.854232 0
-0.457043 0.435623 0.854232 0
-0.502005 -0.379723 0.854682 0
-0.389091 0.494779 0.854682 0
-0.412859 0.475128 0.854682 0
-0.412859 0.475128 0.854682 0
-0.389586 0.49439 0.854682 0
-0.516495 0.359765 0.854682 0
-0.421344 0.46762 0.854682 0
-0.512439 -0.36552 0.854682 0
-0.41947 0.469301 0.854682 0
-0.51793 0.357696 0.854682 0
-0.502005 -0.379723 0.854682 0
-0.419939 0.468882 0.854682 0
-0.515414 0.361313 0.854682 0
-0.515414 0.361313 0.854682 0
-0.422745 0.466353 0.854682 0
-0.513533 -0.363981 0.854682 0
-0.457531 0.426583 0.855581 0
-0.474631 0.407471 0.855581 0
-0.404129 0.47748 0.855581 0
-0.469294 0.413606 0.855581 0
-0.474631 0.407471 0.855581 0
-0.469294 0.413606 0.855581 0
-0.457531 0.426583 0.855581 0
-0.49402 0.383734 0.855581 0
-0.402216 0.479092 0.855581 0
-0.492866 0.385214 0.855581 0
-0.476387 0.402403 0.856031 0
-0.475985 0.402879 0.856031 0
-0.498841 0.37095 0.856481 0
-0.498841 0.37095 0.856481 0
-0.381334 0.490949 0.856481 0
-0.381334 0.490949 0.856481 0
-0.427543 0.445896 0.857381 0
-0.427543 0.445896 0.857381 0
-0.398622 0.471929 0.857381 0
-0.399093 0.47153 0.857381 0
-0.387877 0.478292 0.857831 0
-0.456239 0.413591 0.857831 0
-0.456239 0.413591 0.857831 0
-0.387877 0.478292 0.857831 0
-0.492152 -0.366882 0.858281 0
-0.492152 -0.366882 0.858281 0
-0.421733 0.446046 0.858281 0
-0.421733 0.446046 0.858281 0
-0.48741 0.373159 0.858281 0
-0.48741 0.373159 0.858281 0
-0.473641 -0.387416 0.858731 0
-0.472087 -0.389308 0.858731 0
-0.496574 -0.354203 0.859181 0
-0.414603 0.447382 0.859181 0
-0.496574 -0.354203 0.859181 0
-0.447374 0.414611 0.859181 0
-0.417724 0.444469 0.859181 0
-0.501895 0.346622 0.859181 0
-0.501895 0.346622 0.859181 0
-0.422148 0.440269 0.859181 0
-0.473745 0.384203 0.859181 0
-0.419056 0.443213 0.859181 0
-0.473745 0.384203 0.859181 0
-0.415943 0.446136 0.859181 0
-0.422148 0.440269 0.859181 0
-0.449029 0.412818 0.859181 0
-0.468034 0.385034 0.86008 0
-0.466877 0.386436 0.86008 0
-0.441621 0.415063 0.86008 0
-0.468419 0.384565 0.86008 0
-0.468419 0.384565 0.86008 0
-0.443278 0.413293 0.86008 0
-0.474042 -0.374477 0.86053 0
-0.462207 -0.38899 0.86053 0
-0.468753 -0.381076 0.86053 0
-0.468753 -0.381076 0.86053 0
-0.474042 -0.374477 0.86053 0
-0.460647 -0.390835 0.86053 0
-0.398587 0.45136 0.86098 0
-0.394964 0.454534 0.86098 0
-0.497865 0.338716 0.86098 0
-0.398587 0.45136 0.86098 0
-0.500223 0.335223 0.86098 0
-0.497865 0.338716 0.86098 0
-0.485285 -0.356506 0.86098 0
-0.393598 0.455717 0.86098 0
-0.500223 0.335223 0.86098 0
-0.485285 -0.356506 0.86098 0
-0.391772 0.457287 0.86098 0
-0.454527 0.394972 0.86098 0
-0.454527 0.394972 0.86098 0
-0.39223 0.456895 0.86098 0
-0.379284 0.467697 0.86098 0
-0.379284 0.467697 0.86098 0
-0.487467 0.346836 0.86188 0
-0.482563 0.353626 0.86188 0
-0.489882 0.343415 0.86188 0
-0.482563 0.353626 0.86188 0
-0.482563 0.353626 0.86188 0
-0.48885 0.344883 0.86188 0
-0.486424 0.348297 0.86188 0
-0.423032 0.42304 0.86188 0
-0.489475 -0.343996 0.86188 0
-0.489475 -0.343996 0.86188 0
-0.421337 0.424729 0.86188 0
-0.4815 0.355072 0.86188 0
-0.4694 -0.36777 0.86233 0
-0.467925 -0.369645 0.86233 0
-0.47085 0.362726 0.86278 0
-0.385345 0.452526 0.86278 0
-0.471937 0.361312 0.86278 0
-0.471508 -0.361871 0.86278 0
-0.387152 0.450981 0.86278 0
-0.471508 -0.361871 0.86278 0
-0.454403 -0.380099 0.86323 0
-0.454403 -0.380099 0.86323 0
-0.496027 0.320328 0.86368 0
-0.497305 0.318341 0.86368 0
-0.492799 0.325272 0.86368 0
-0.491494 0.32724 0.86368 0
-0.421927 0.410283 0.86413 0
-0.421927 0.410283 0.86413 0
-0.485962 0.32849 0.864579 0
-0.487273 0.326544 0.864579 0
-0.465121 0.350957 0.865479 0
-0.388736 0.434042 0.865479 0
-0.486294 0.320978 0.865479 0
-0.486294 0.320978 0.865479 0
-0.386997 0.435594 0.865479 0
-0.465121 0.350957 0.865479 0
-0.488529 0.317566 0.865479 0
-0.487254 0.319517 0.865479 0
-0.434576 -0.379306 0.866829 0
-0.43609 -0.377565 0.866829 0
-0.434955 -0.378871 0.866829 0
-0.434576 -0.379306 0.866829 0
-0.451882 0.35537 0.867279 0
-0.451526 0.355822 0.867279 0
-0.466068 0.33655 0.867279 0
-0.481993 0.313317 0.867279 0
-0.481993 0.313317 0.867279 0
-0.465056 0.337946 0.867279 0
-0.454753 0.34528 0.868179 0
-0.455787 0.343915 0.868179 0
-0.467838 -0.323921 0.868629 0
-0.468808 -0.322516 0.868629 0
-0.458885 0.3265 0.869978 0
-0.458885 0.3265 0.869978 0
-0.404181 -0.342927 0.877627 0
-0.404181 -0.342927 0.877627 0
-1.4205 -0.348512 0.715695 0
-1.41909 -0.354191 0.715695 0
-1.42041 -0.265216 0.719129 0
-1.41933 -0.270895 0.719129 0
-1.426 -0.220763 0.719511 0
-1.426 -0.220763 0.719511 0
-1.41347 -0.259535 0.720656 0
-1.41525 -0.249635 0.720656 0
-1.41162 -0.269423 0.720656 0
-1.41373 -0.258122 0.720656 0
-1.41525 -0.249635 0.720656 0
-1.41189 -0.268011 0.720656 0
-1.39845 -0.322416 0.721037 0
-1.41332 -0.249294 0.721037 0
-1.39748 -0.32661 0.721037 0
-1.41431 -0.243638 0.721037 0
-1.4087 -0.252839 0.721801 0
-1.40768 -0.258472 0.721801 0
-1.3789 -0.352962 0.723327 0
-1.37995 -0.348824 0.723327 0
-1.40148 -0.237102 0.723709 0
-1.40311 -0.227286 0.723709 0
-1.404 -0.221672 0.723709 0
-1.40148 -0.237102 0.723709 0
-1.40503 -0.201716 0.72409 0
-1.40421 -0.207334 0.72409 0
-1.38482 -0.293128 0.724853 0
-1.38453 -0.294512 0.724853 0
-1.3969 -0.216257 0.725235 0
-1.3969 -0.216257 0.725235 0
-1.39644 -0.206187 0.725617 0
-1.39644 -0.206187 0.725617 0
-1.39396 -0.195861 0.72638 0
-1.3953 -0.186098 0.72638 0
-1.39416 -0.194466 0.72638 0
-1.36195 -0.339928 0.727143 0
-1.36229 -0.338566 0.727143 0
-1.37504 -0.27243 0.727525 0
-1.37504 -0.27243 0.727525 0
-1.38695 -0.189222 0.727906 0
-1.38618 -0.194768 0.727906 0
-1.37438 -0.232517 0.729051 0
-1.3753 -0.227018 0.729051 0
-1.34518 -0.216523 0.735157 0
-1.34497 -0.217868 0.735157 0
-1.35693 0.123012 0.735157 0
-1.26567 -0.0399991 0.753856 0
-1.2655 -0.0450614 0.753856 0
-1.26578 -0.0362019 0.753856 0
-1.26578 -0.0362019 0.753856 0
-1.25401 -0.0358652 0.756146 0
-1.25401 -0.0358652 0.756146 0
-1.20729 -0.0164113 0.765305 0
-1.20727 -0.0176186 0.765305 0
-1.20319 -0.0259842 0.766068 0
-1.20322 -0.024781 0.766068 0
-1.20344 -0.00913748 0.766068 0
-1.20345 -0.00793404 0.766068 0
-1.19948 -0.0127062 0.766831 0
-1.19942 -0.017504 0.766831 0
-1.19936 -0.0211022 0.766831 0
-1.19927 -0.0258994 0.766831 0
-1.19559 -0.00907786 0.767595 0
-1.19561 -0.00429545 0.767595 0
-1.19044 0.0875446 0.767976 0
-1.19078 0.0827822 0.767976 0
-1.18831 0.0897774 0.768358 0
-1.18822 0.0909657 0.768358 0
-1.18938 0.0290353 0.76874 0
-1.18948 0.0242776 0.76874 0
-1.18049 0.0571893 0.770266 0
-1.18087 0.0489245 0.770266 0
-1.18087 0.0489245 0.770266 0
-1.18026 0.0619108 0.770266 0
-1.17852 0.0890379 0.770266 0
-1.17806 0.0949294 0.770266 0
-1.17588 0.0157664 0.771411 0
-1.17588 0.0157664 0.771411 0
-1.17333 0.0403872 0.771792 0
-1.17333 0.0403872 0.771792 0
-1.1683 0.0647989 0.772556 0
-1.1683 0.0647989 0.772556 0
-1.16814 0.000475836 0.772937 0
-1.16814 -0.0006923 0.772937 0
-1.16814 -0.0006923 0.772937 0
-1.16813 0.00398024 0.772937 0
-1.16438 0.0645815 0.773319 0
-1.16574 0.0319577 0.773319 0
-1.16574 0.0319577 0.773319 0
-1.16574 0.0319577 0.773319 0
-1.1656 0.0366204 0.773319 0
-1.16438 0.0645815 0.773319 0
-1.1639 0.0727305 0.773319 0
-1.1639 0.0727305 0.773319 0
-1.15987 0.100471 0.773701 0
-1.15773 0.0769947 0.774464 0
-1.15802 0.0723632 0.774464 0
-1.16022 0.0120753 0.774464 0
-1.16026 0.00743429 0.774464 0
-1.15808 0.0236366 0.774845 0
-1.15429 0.0965004 0.774845 0
-1.15553 0.0803314 0.774845 0
-1.15763 0.0398469 0.774845 0
-1.15747 0.0444771 0.774845 0
-1.15553 0.0803314 0.774845 0
-1.15805 0.0247947 0.774845 0
-1.1534 0.0477867 0.775609 0
-1.1532 0.0523999 0.775609 0
-1.15304 0.0558593 0.775609 0
-1.15304 0.0558593 0.775609 0
-1.1524 0.00853637 0.77599 0
-1.15241 0.00738397 0.77599 0
-1.15036 0.0154242 0.776372 0
-1.15036 0.0154242 0.776372 0
-0.897607 0.367296 0.811481 0
-0.879437 0.359861 0.815297 0
-0.510494 -0.427018 0.870632 0
-0.50447 -0.421979 0.872158 0
-0.501766 -0.41294 0.873684 0
0.554205 -2.79425 0.446272 2
0.543023 -2.79645 0.446272 2
0.525788 -2.75178 0.455431 2
0.52854 -2.75126 0.455431 2
0.513541 -2.73212 0.459629 2
0.524466 -2.73005 0.459629 2
0.501544 -2.72836 0.460774 2
0.504272 -2.72786 0.460774 2
0.500703 -2.70855 0.46459 2
0.489865 -2.71054 0.46459 2
0.478298 -2.69266 0.468406 2
0.475605 -2.69314 0.468406 2
0.474864 -2.67333 0.472222 2
0.464167 -2.67521 0.472222 2
0.45548 -2.67272 0.472986 2
0.45548 -2.67272 0.472986 2
0.45449 -2.66691 0.47413 2
0.45449 -2.66691 0.47413 2
0.434229 -2.66034 0.476038 2
0.431569 -2.66078 0.476038 2
0.421734 -2.65043 0.478328 2
0.432332 -2.64872 0.478328 2
-0.024646 -2.67777 0.479473 2
-0.0139347 -2.67784 0.479473 2
-0.013853 -2.66214 0.482526 2
-0.013853 -2.66214 0.482526 2
0.409543 -2.62452 0.483671 2
0.406918 -2.62493 0.483671 2
0.00476802 -2.65432 0.484052 2
0.00476802 -2.65432 0.484052 2
0.390872 -2.62538 0.484052 2
0.388247 -2.62577 0.484052 2
0.00476097 -2.65039 0.484816 2
0.0127121 -2.65036 0.484816 2
0.0233134 -2.65029 0.484816 2
0.00476097 -2.65039 0.484816 2
0.408332 -2.61676 0.485197 2
0.397862 -2.61838 0.485197 2
0.379523 -2.6211 0.485197 2
0.390005 -2.61956 0.485197 2
0.370281 -2.6125 0.487105 2
0.367668 -2.61287 0.487105 2
0.0231925 -2.63655 0.487487 2
0.020556 -2.63657 0.487487 2
0.0310094 -2.62861 0.489014 2
0.0415236 -2.62847 0.489014 2
0.332181 -2.60575 0.489395 2
0.332181 -2.60575 0.489395 2
0.357954 -2.60035 0.489777 2
0.368352 -2.5989 0.489777 2
0.038808 -2.62262 0.490158 2
0.0414306 -2.62258 0.490158 2
0.0492612 -2.62048 0.49054 2
0.0597427 -2.62026 0.49054 2
0.059698 -2.6183 0.490922 2
0.349366 -2.59557 0.490922 2
0.0570797 -2.61836 0.490922 2
0.33898 -2.59695 0.490922 2
0.34651 -2.59398 0.491303 2
0.349104 -2.59363 0.491303 2
0.0674513 -2.61418 0.491685 2
0.330692 -2.59406 0.491685 2
0.330692 -2.59406 0.491685 2
0.0779075 -2.61389 0.491685 2
0.282668 -2.58788 0.493975 2
0.293018 -2.58673 0.493975 2
0.111293 -2.59893 0.494356 2
0.111293 -2.59893 0.494356 2
0.0774396 -2.5982 0.494738 2
0.292576 -2.58283 0.494738 2
0.292576 -2.58283 0.494738 2
0.0748414 -2.59827 0.494738 2
0.300096 -2.57999 0.495119 2
0.111125 -2.59501 0.495119 2
0.111125 -2.59501 0.495119 2
0.310414 -2.57877 0.495119 2
0.0928165 -2.5918 0.495883 2
0.237736 -2.58254 0.495883 2
0.237736 -2.58254 0.495883 2
0.0954082 -2.5917 0.495883 2
0.309944 -2.57487 0.495883 2
0.309944 -2.57487 0.495883 2
0.0849119 -2.58814 0.496646 2
0.149582 -2.58521 0.496646 2
0.0952638 -2.58778 0.496646 2
0.245111 -2.57791 0.496646 2
0.25542 -2.57691 0.496646 2
0.136654 -2.58592 0.496646 2
0.273452 -2.57505 0.496646 2
0.273452 -2.57505 0.496646 2
0.146885 -2.5834 0.497027 2
0.149469 -2.58325 0.497027 2
0.164965 -2.58231 0.497027 2
0.183037 -2.58109 0.497027 2
0.185618 -2.5809 0.497027 2
0.154635 -2.58294 0.497027 2
0.226715 -2.57565 0.497409 2
0.262751 -2.57222 0.497409 2
0.1287 -2.5824 0.497409 2
0.237016 -2.57472 0.497409 2
0.273038 -2.57115 0.497409 2
0.11837 -2.5829 0.497409 2
0.203525 -2.57758 0.497409 2
0.190635 -2.57857 0.497409 2
0.221395 -2.57414 0.497791 2
0.221395 -2.57414 0.497791 2
0.254646 -2.56909 0.498172 2
0.203216 -2.57367 0.498172 2
0.254646 -2.56909 0.498172 2
0.200643 -2.57387 0.498172 2
0.128407 -2.57652 0.498554 2
0.185055 -2.57307 0.498554 2
0.221059 -2.57023 0.498554 2
0.172187 -2.57396 0.498554 2
0.221059 -2.57023 0.498554 2
0.128407 -2.57652 0.498554 2
0.16434 -2.57251 0.498936 2
0.16434 -2.57251 0.498936 2
-0.085306 -2.8235 0.552597 2
-0.0740114 -2.82382 0.552597 2
-0.0731315 -2.79025 0.557916 2
-0.0759217 -2.79017 0.557916 2
-0.0642105 -2.76676 0.561671 2
-0.0531429 -2.76699 0.561671 2
-0.0556705 -2.75509 0.563548 2
-0.0529154 -2.75514 0.563548 2
-0.0442336 -2.72961 0.567615 2
-0.0333148 -2.72977 0.567615 2
-0.0358099 -2.71196 0.570431 2
-0.0330979 -2.71199 0.570431 2
-1.48752 -0.230285 0.761594 0
-1.48752 -0.230285 0.761594 0
-1.48149 -0.217232 0.762845 0
-1.47636 -0.237637 0.763158 0
-1.47612 -0.239113 0.763158 0
-1.48162 -0.187065 0.763471 0
-1.46883 -0.2697 0.763471 0
-1.46883 -0.2697 0.763471 0
-1.4691 -0.268231 0.763471 0
-1.4699 -0.263822 0.763471 0
-1.48181 -0.185584 0.763471 0
-1.47417 -0.238797 0.763471 0
-1.47511 -0.232899 0.763471 0
-1.4758 -0.228472 0.763471 0
-1.4758 -0.228472 0.763471 0
-1.48028 -0.197432 0.763471 0
-1.48028 -0.197432 0.763471 0
-1.48047 -0.195952 0.763471 0
-1.48105 -0.191509 0.763471 0
-1.47346 -0.217559 0.764097 0
-1.47432 -0.211663 0.764097 0
-1.46272 -0.247463 0.765035 0
-1.4637 -0.24161 0.765035 0
-1.44972 -0.202217 0.768164 0
-1.44952 -0.203666 0.768164 0
-1.44314 -0.176345 0.769728 0
-1.44243 -0.182117 0.769728 0
-1.41539 -0.158606 0.774422 0
-1.41539 -0.158606 0.774422 0
-1.41228 -0.168276 0.774734 0
-1.41228 -0.168276 0.774734 0
-1.39287 -0.245686 0.775986 0
-1.39384 -0.240112 0.775986 0
-1.38898 -0.245 0.776612 0
-1.38922 -0.243611 0.776612 0
-1.40075 -0.147044 0.776924 0
-1.40075 -0.147044 0.776924 0
-1.39724 -0.160818 0.777237 0
-1.39659 -0.166406 0.777237 0
-1.3792 -0.231915 0.778489 0
-1.37897 -0.233294 0.778489 0
-1.38202 -0.154866 0.77974 0
-1.38202 -0.154866 0.77974 0
-1.04609 -0.334623 0.826045 0
-1.04939 -0.324145 0.826045 0
-1.04475 -0.338804 0.826045 0
-1.0371 -0.32376 0.827922 0
-1.02449 -0.324329 0.829799 0
0.542238 -2.82256 0.544776 2
0.528119 -2.82524 0.544776 2
0.513849 -2.77967 0.552285 2
0.511069 -2.78018 0.552285 2
0.495053 -2.75498 0.556665 2
0.508822 -2.75247 0.556665 2
0.484725 -2.74478 0.558542 2
0.48747 -2.7443 0.558542 2
0.482287 -2.71512 0.563235 2
0.468706 -2.7175 0.563235 2
0.459951 -2.69896 0.566364 2
0.459951 -2.69896 0.566364 2
0.455637 -2.67365 0.570431 2
0.436911 -2.67677 0.570431 2
0.436911 -2.67677 0.570431 2
0.455637 -2.67365 0.570431 2
0.423521 -2.67892 0.570431 2
0.434234 -2.67721 0.570431 2
-0.0140722 -2.70425 0.571682 2
-0.0248891 -2.70418 0.571682 2
0.41397 -2.67042 0.571995 2
0.41664 -2.67 0.571995 2
-0.0167397 -2.69831 0.572621 2
-0.0140413 -2.69833 0.572621 2
0.401516 -2.66033 0.573873 2
0.414813 -2.65829 0.573873 2
0.00483295 -2.69046 0.573873 2
0.00483295 -2.69046 0.573873 2
0.00481875 -2.68256 0.575124 2
0.00481875 -2.68256 0.575124 2
0.393576 -2.64355 0.576688 2
0.390933 -2.64394 0.576688 2
0.0234748 -2.66863 0.577314 2
0.0101314 -2.66871 0.577314 2
0.392704 -2.63769 0.577627 2
0.37951 -2.63962 0.577627 2
0.371315 -2.63879 0.57794 2
0.373953 -2.63841 0.57794 2
0.373399 -2.6345 0.578566 2
0.362858 -2.63597 0.578566 2
0.0287053 -2.6587 0.578878 2
0.0419984 -2.65853 0.578878 2
0.0419984 -2.65853 0.578878 2
0.0393399 -2.65857 0.578878 2
0.0233531 -2.6548 0.579504 2
0.0206983 -2.65483 0.579504 2
0.353631 -2.62726 0.58013 2
0.351003 -2.62762 0.58013 2
0.0603368 -2.64632 0.580756 2
0.0471045 -2.64659 0.580756 2
0.342352 -2.62278 0.581069 2
0.35284 -2.62139 0.581069 2
0.334232 -2.62184 0.581381 2
0.334232 -2.62184 0.581381 2
0.333733 -2.61792 0.582007 2
0.333733 -2.61792 0.582007 2
0.0574751 -2.6365 0.58232 2
0.0601116 -2.63644 0.58232 2
0.0783885 -2.63003 0.583259 2
0.0757585 -2.63011 0.583259 2
0.096724 -2.62745 0.583571 2
0.293326 -2.61281 0.583571 2
0.295939 -2.61252 0.583571 2
0.0940965 -2.62754 0.583571 2
0.313983 -2.60842 0.583884 2
0.0651395 -2.62644 0.583884 2
0.311374 -2.60873 0.583884 2
0.303547 -2.60966 0.583884 2
0.0782708 -2.62608 0.583884 2
0.313983 -2.60842 0.583884 2
0.096288 -2.6156 0.585449 2
0.276392 -2.60274 0.585449 2
0.273789 -2.60301 0.585449 2
0.0832089 -2.61605 0.585449 2
0.265979 -2.60382 0.585449 2
0.276392 -2.60274 0.585449 2
0.130183 -2.61216 0.585762 2
0.111895 -2.613 0.585762 2
0.119734 -2.61266 0.585762 2
0.111895 -2.613 0.585762 2
0.223947 -2.60381 0.586074 2
0.223947 -2.60381 0.586074 2
0.166488 -2.60614 0.586387 2
0.166488 -2.60614 0.586387 2
0.283341 -2.59404 0.5867 2
0.293715 -2.59289 0.5867 2
0.254597 -2.59504 0.587013 2
0.12979 -2.60426 0.587013 2
0.12979 -2.60426 0.587013 2
0.187048 -2.60078 0.587013 2
0.187048 -2.60078 0.587013 2
0.239023 -2.59652 0.587013 2
0.205249 -2.59941 0.587013 2
0.184447 -2.60097 0.587013 2
0.192249 -2.6004 0.587013 2
0.15062 -2.60314 0.587013 2
0.223439 -2.59791 0.587013 2
0.148017 -2.60329 0.587013 2
0.257192 -2.59478 0.587013 2
0.174042 -2.60168 0.587013 2
0.239023 -2.59652 0.587013 2
0.223439 -2.59791 0.587013 2
0.111388 -2.60116 0.587639 2
0.111388 -2.60116 0.587639 2
0.150278 -2.59723 0.587952 2
0.228115 -2.59155 0.587952 2
0.238479 -2.59062 0.587952 2
0.13729 -2.59795 0.587952 2
0.201882 -2.58976 0.588577 2
0.204471 -2.58956 0.588577 2
0.245502 -2.58202 0.589203 2
0.255828 -2.58102 0.589203 2
0.165102 -2.58445 0.589829 2
0.154763 -2.58509 0.589829 2
-2.53156 -2.64121 0.55079 3
-2.46132 -2.60939 0.559564 3
-2.47433 -2.59706 0.559564 3
-2.46392 -2.60693 0.559564 3
-2.46132 -2.60939 0.559564 3
-2.40535 -2.59649 0.565414 3
-2.39234 -2.60848 0.565414 3
-2.39432 -2.57423 0.568339 3
-2.39432 -2.57423 0.568339 3
-2.38486 -2.56406 0.570045 3
-2.38486 -2.56406 0.570045 3
-0.0975496 -2.85091 0.649747 2
-0.0735432 -2.80596 0.655353 2
-0.087572 -2.80555 0.655353 2
-0.0756472 -2.78009 0.658522 2
-0.0728671 -2.78016 0.658522 2
-0.0529469 -2.75678 0.661447 2
-0.0667301 -2.75649 0.661447 2
-0.0552625 -2.7349 0.664128 2
-0.0525276 -2.73495 0.664128 2
-0.0466478 -2.71123 0.667053 2
-0.0330911 -2.71143 0.667053 2
-0.0330669 -2.70945 0.667297 2
-0.0357763 -2.70941 0.667297 2
-0.0275669 -2.70157 0.668272 2
-1.50104 -0.130305 0.815002 0
-1.47889 -0.132854 0.817683 0
-1.45599 -0.270354 0.818171 0
-1.45462 -0.27763 0.818171 0
-1.44872 -0.266007 0.819146 0
-1.46593 -0.14352 0.819146 0
-1.45003 -0.25876 0.819146 0
-1.46649 -0.137655 0.819146 0
-1.44859 -0.255515 0.81939 0
-1.44885 -0.254066 0.81939 0
-1.46154 -0.147518 0.819633 0
-1.46094 -0.153363 0.819633 0
-1.44481 -0.26529 0.819633 0
-1.44508 -0.263845 0.819633 0
-1.44664 -0.25517 0.819633 0
-1.44789 -0.247934 0.819633 0
-1.46014 -0.14148 0.819877 0
-1.46 -0.14294 0.819877 0
-1.43664 -0.243051 0.821096 0
-1.4491 -0.15212 0.821096 0
-1.44925 -0.150671 0.821096 0
-1.43689 -0.241614 0.821096 0
-1.44485 -0.172157 0.82134 0
-1.44553 -0.166376 0.82134 0
-1.44405 -0.161818 0.821583 0
-1.44164 -0.182018 0.821583 0
-1.44405 -0.161818 0.821583 0
-1.44236 -0.17625 0.821583 0
-1.43266 -0.230603 0.821827 0
-1.43243 -0.232036 0.821827 0
-1.43402 -0.222003 0.821827 0
-1.43402 -0.222003 0.821827 0
-1.43502 -0.20163 0.822071 0
-1.43659 -0.190143 0.822071 0
-1.4364 -0.19158 0.822071 0
-1.43601 -0.194452 0.822071 0
-1.43813 -0.161154 0.822315 0
-1.43813 -0.161154 0.822315 0
-1.43714 -0.16978 0.822315 0
-1.43697 -0.171217 0.822315 0
-1.43573 -0.181272 0.822315 0
-1.43591 -0.179836 0.822315 0
-1.42813 -0.221092 0.822558 0
-1.43129 -0.199646 0.822558 0
-1.43109 -0.201077 0.822558 0
-1.42813 -0.221092 0.822558 0
-1.42573 -0.223641 0.822802 0
-1.42459 -0.230766 0.822802 0
-1.42675 -0.203379 0.823046 0
-1.42572 -0.21051 0.823046 0
-1.42534 -0.184305 0.823533 0
-1.42459 -0.190005 0.823533 0
-1.41433 -0.232008 0.824021 0
-1.41316 -0.239077 0.824021 0
-1.41414 -0.207356 0.824508 0
-1.41394 -0.20877 0.824508 0
-1.04301 -0.348647 0.864969 0
-1.03973 -0.35218 0.865213 0
-1.01168 -0.335926 0.869112 0
-1.00415 -0.333424 0.870087 0
-0.961447 -0.310729 0.875937 0
0.54865 -2.85594 0.642923 2
0.534364 -2.85864 0.642923 2
0.513583 -2.79385 0.65121 2
0.516376 -2.79334 0.65121 2
0.50952 -2.75625 0.655841 2
0.495733 -2.75876 0.655841 2
0.486395 -2.73825 0.658522 2
0.480918 -2.73922 0.658522 2
0.468649 -2.71717 0.661447 2
0.482229 -2.7148 0.661447 2
0.461213 -2.70636 0.662909 2
0.461213 -2.70636 0.662909 2
0.459212 -2.69462 0.664372 2
0.459212 -2.69462 0.664372 2
0.43478 -2.68058 0.666565 2
0.437461 -2.68014 0.666565 2
-0.0140588 -2.70167 0.668272 2
0.421575 -2.66661 0.668515 2
0.434902 -2.66447 0.668515 2
-0.0139968 -2.68976 0.669734 2
-0.0166865 -2.68975 0.669734 2
0.414404 -2.65568 0.669978 2
0.411748 -2.65609 0.669978 2
0.399343 -2.64594 0.67144 2
0.412568 -2.64391 0.67144 2
0.391113 -2.64516 0.671684 2
0.00480323 -2.67391 0.671684 2
0.393758 -2.64477 0.671684 2
0.00480323 -2.67391 0.671684 2
0.392297 -2.63495 0.672903 2
0.379117 -2.63688 0.672903 2
0.0100983 -2.66 0.67339 2
0.0233981 -2.65992 0.67339 2
0.0233807 -2.65794 0.673634 2
0.0207227 -2.65796 0.673634 2
0.00477114 -2.65605 0.673878 2
0.00477114 -2.65605 0.673878 2
0.35089 -2.62677 0.674609 2
0.0418601 -2.64977 0.674609 2
0.353516 -2.62641 0.674609 2
0.0286108 -2.64994 0.674609 2
0.368715 -2.62031 0.675096 2
0.371335 -2.61994 0.675096 2
0.357962 -2.6198 0.67534 2
0.371057 -2.61798 0.67534 2
0.351928 -2.61461 0.676071 2
0.33885 -2.61634 0.676071 2
0.0389753 -2.63393 0.676559 2
0.0416092 -2.63389 0.676559 2
0.0652138 -2.62944 0.677046 2
0.0599548 -2.62956 0.677046 2
0.0599548 -2.62956 0.677046 2
0.0783601 -2.62908 0.677046 2
0.30128 -2.61294 0.677046 2
0.0468063 -2.62983 0.677046 2
0.314341 -2.6114 0.677046 2
0.0573252 -2.62962 0.677046 2
0.332613 -2.60913 0.677046 2
0.332613 -2.60913 0.677046 2
0.0781236 -2.62114 0.678021 2
0.282128 -2.60709 0.678021 2
0.331609 -2.60126 0.678021 2
0.292554 -2.60594 0.678021 2
0.331609 -2.60126 0.678021 2
0.29516 -2.60564 0.678021 2
0.29516 -2.60564 0.678021 2
0.0755024 -2.62122 0.678021 2
0.312917 -2.59957 0.678509 2
0.310318 -2.59988 0.678509 2
0.247461 -2.60263 0.678996 2
0.25787 -2.60162 0.678996 2
0.130033 -2.60914 0.67924 2
0.119596 -2.60964 0.67924 2
0.082987 -2.60908 0.679484 2
0.0960313 -2.60863 0.679484 2
0.111596 -2.60602 0.679727 2
0.111596 -2.60602 0.679727 2
0.257087 -2.59372 0.679971 2
0.254493 -2.59397 0.679971 2
0.262274 -2.5932 0.679971 2
0.272644 -2.59213 0.679971 2
0.238924 -2.59545 0.679971 2
0.275236 -2.59185 0.679971 2
0.275236 -2.59185 0.679971 2
0.17397 -2.60061 0.679971 2
0.186971 -2.59971 0.679971 2
0.0958853 -2.60466 0.679971 2
0.199967 -2.59874 0.679971 2
0.205164 -2.59834 0.679971 2
0.0932806 -2.60476 0.679971 2
0.236329 -2.59569 0.679971 2
0.166041 -2.59914 0.680215 2
0.163442 -2.59931 0.680215 2
0.145132 -2.59841 0.680459 2
0.111342 -2.60007 0.680459 2
0.111342 -2.60007 0.680459 2
0.150329 -2.59811 0.680459 2
0.150329 -2.59811 0.680459 2
0.137336 -2.59883 0.680459 2
0.227845 -2.58848 0.680946 2
0.238197 -2.58755 0.680946 2
0.222327 -2.58497 0.681434 2
0.222327 -2.58497 0.681434 2
0.126553 -2.59143 0.681434 2
0.222327 -2.58497 0.681434 2
0.165408 -2.58924 0.681434 2
0.222327 -2.58497 0.681434 2
0.129144 -2.5913 0.681434 2
0.15505 -2.58988 0.681434 2
0.204227 -2.58647 0.681434 2
0.186117 -2.58783 0.681434 2
0.191292 -2.58745 0.681434 2
0.180941 -2.5882 0.681434 2
-2.40472 -2.5958 0.690423 3
-2.39171 -2.60779 0.690423 3
-2.40855 -2.58953 0.690597 3
-2.40855 -2.58953 0.690597 3
-2.39905 -2.57932 0.691817 3
-2.39905 -2.57932 0.691817 3
-2.41687 -2.55715 0.692166 3
-2.41431 -2.55956 0.692166 3
-0.0970225 -2.8355 0.75178 2
-0.0733437 -2.79835 0.755092 2
-0.0873345 -2.79794 0.755092 2
-0.0725085 -2.76648 0.757881 2
-0.0752749 -2.7664 0.757881 2
-0.066445 -2.74471 0.759799 2
-0.0527207 -2.74501 0.759799 2
-0.0524529 -2.73106 0.761019 2
-0.0551839 -2.73101 0.761019 2
-0.0332614 -2.72539 0.761542 2
-0.0468878 -2.72519 0.761542 2
-0.0331641 -2.71742 0.762239 2
-0.0358815 -2.71738 0.762239 2
-1.07822 -0.343711 0.900991 0
-1.07684 -0.348021 0.900991 0
0.518637 -2.80557 0.750386 2
0.524247 -2.80452 0.750386 2
0.513025 -2.8066 0.750386 2
0.538263 -2.80187 0.750386 2
0.500374 -2.78459 0.752478 2
0.514291 -2.78206 0.752478 2
0.482341 -2.74732 0.755964 2
0.487835 -2.74635 0.755964 2
0.469356 -2.72127 0.758404 2
0.482956 -2.71889 0.758404 2
0.459561 -2.69667 0.76067 2
0.459561 -2.69667 0.76067 2
0.457888 -2.68685 0.761542 2
0.457888 -2.68685 0.761542 2
0.424991 -2.68822 0.761891 2
0.438427 -2.68606 0.761891 2
0.438106 -2.68409 0.762065 2
0.432737 -2.68496 0.762065 2
0.411809 -2.67414 0.763285 2
0.417156 -2.67331 0.763285 2
-0.0166737 -2.68768 0.764854 2
-0.013986 -2.6877 0.764854 2
0.00482089 -2.68374 0.765202 2
0.00482089 -2.68374 0.765202 2
-0.0273836 -2.68361 0.765202 2
-0.0139653 -2.68371 0.765202 2
0.381078 -2.65052 0.765725 2
0.399622 -2.64778 0.765725 2
0.412856 -2.64575 0.765725 2
0.394326 -2.64858 0.765725 2
0.388738 -2.64739 0.7659 2
0.394032 -2.64661 0.7659 2
0.00480299 -2.67378 0.766074 2
0.00480299 -2.67378 0.766074 2
0.374378 -2.64141 0.766597 2
0.369094 -2.64215 0.766597 2
0.373819 -2.63747 0.766946 2
0.360627 -2.6393 0.766946 2
0.0100976 -2.65982 0.767294 2
0.0233965 -2.65974 0.767294 2
0.0286299 -2.65172 0.767991 2
0.0604477 -2.65118 0.767991 2
0.0418881 -2.65154 0.767991 2
0.0471911 -2.65145 0.767991 2
0.348234 -2.6269 0.768166 2
0.353487 -2.62619 0.768166 2
0.334339 -2.62268 0.768689 2
0.334339 -2.62268 0.768689 2
0.0179416 -2.63985 0.769037 2
0.0416992 -2.63959 0.769037 2
0.03642 -2.63966 0.769037 2
0.0232213 -2.63981 0.769037 2
0.333583 -2.61675 0.769212 2
0.333583 -2.61675 0.769212 2
0.351361 -2.6104 0.76956 2
0.314782 -2.61506 0.76956 2
0.338304 -2.61212 0.76956 2
0.312167 -2.61537 0.76956 2
0.0547309 -2.63138 0.769735 2
0.0599935 -2.63126 0.769735 2
0.0966042 -2.62419 0.770257 2
0.0913556 -2.62438 0.770257 2
0.295348 -2.6073 0.770432 2
0.282308 -2.60875 0.770432 2
0.0650089 -2.62118 0.770606 2
0.0781139 -2.62082 0.770606 2
0.276248 -2.60138 0.771129 2
0.291851 -2.59968 0.771129 2
0.0831654 -2.61469 0.771129 2
0.0962377 -2.61424 0.771129 2
0.294451 -2.59938 0.771129 2
0.273646 -2.60166 0.771129 2
0.263037 -2.60075 0.771303 2
0.299421 -2.59681 0.771303 2
0.312401 -2.59528 0.771303 2
0.276038 -2.5994 0.771303 2
0.137841 -2.60838 0.771478 2
0.111751 -2.60963 0.771478 2
0.111751 -2.60963 0.771478 2
0.150881 -2.60766 0.771478 2
0.0725399 -2.60902 0.771652 2
0.0777578 -2.60887 0.771652 2
0.228682 -2.59799 0.771826 2
0.150651 -2.60368 0.771826 2
0.145443 -2.60398 0.771826 2
0.239072 -2.59706 0.771826 2
0.244079 -2.59459 0.772001 2
0.186944 -2.59933 0.772001 2
0.111495 -2.60366 0.772001 2
0.181745 -2.5997 0.772001 2
0.111495 -2.60366 0.772001 2
0.257049 -2.59334 0.772001 2
0.129619 -2.60083 0.772175 2
0.238707 -2.59309 0.772175 2
0.236114 -2.59333 0.772175 2
0.127018 -2.60095 0.772175 2
0.165889 -2.59677 0.772349 2
0.191848 -2.59498 0.772349 2
0.119123 -2.59933 0.772349 2
0.155501 -2.59741 0.772349 2
0.12952 -2.59883 0.772349 2
0.204821 -2.59399 0.772349 2
0.256263 -2.58541 0.772698 2
0.173413 -2.59228 0.772698 2
0.186372 -2.59138 0.772698 2
0.222632 -2.58852 0.772698 2
0.222632 -2.58852 0.772698 2
0.253677 -2.58566 0.772698 2
0.165508 -2.5908 0.772872 2
0.222461 -2.58653 0.772872 2
0.222461 -2.58653 0.772872 2
0.162917 -2.59097 0.772872 2
0.204193 -2.58604 0.773046 2
0.199021 -2.58645 0.773046 2
-3.26671 -8.34295 0.530442 4
-3.26671 -8.34295 0.530442 4
-3.30293 -8.21685 0.535885 4
-3.28649 -8.22344 0.535885 4
-3.28854 -8.11066 0.541328 4
-3.24795 -8.127 0.541328 4
-3.91031 -7.80977 0.54227 4
-3.92054 -7.79123 0.542898 4
-3.90495 -7.79905 0.542898 4
-3.8485 -7.82261 0.543107 4
-3.8485 -7.82261 0.543107 4
-3.84497 -7.81544 0.543526 4
-3.84497 -7.81544 0.543526 4
-3.82231 -7.80876 0.544363 4
-3.78321 -7.82778 0.544363 4
-3.79363 -7.80942 0.544991 4
-3.778 -7.81699 0.544991 4
-3.71719 -7.83061 0.545724 4
-3.73285 -7.82316 0.545724 4
-3.71634 -7.82881 0.545829 4
-3.75543 -7.81013 0.545829 4
-3.28761 -8.01613 0.545933 4
-3.27157 -8.02269 0.545933 4
-3.65891 -7.8492 0.546143 4
-3.69811 -7.83081 0.546143 4
-3.66782 -7.8274 0.54698 4
-3.65216 -7.83472 0.54698 4
-3.63144 -7.83114 0.547608 4
-3.59224 -7.8492 0.547608 4
-3.5323 -7.86322 0.548236 4
-3.57157 -7.84546 0.548236 4
-3.54638 -7.8525 0.548445 4
-3.53066 -7.85957 0.548445 4
-3.60126 -7.82748 0.548445 4
-3.58559 -7.83467 0.548445 4
-3.46992 -7.8713 0.549178 4
-3.46992 -7.8713 0.549178 4
-3.46106 -7.8512 0.550329 4
-3.46106 -7.8512 0.550329 4
-3.40364 -7.86973 0.550644 4
-3.44294 -7.85262 0.550644 4
-3.40285 -7.8679 0.550748 4
-3.41857 -7.86108 0.550748 4
-3.34613 -7.88785 0.550958 4
-3.38552 -7.87102 0.550958 4
-3.27195 -7.91026 0.551376 4
-3.23236 -7.92652 0.551376 4
-3.35719 -7.87012 0.551586 4
-3.34145 -7.87682 0.551586 4
-3.28163 -7.88895 0.552214 4
-3.32103 -7.87245 0.552214 4
-3.292 -7.86947 0.552946 4
-3.27626 -7.87604 0.552946 4
-2.41001 -2.66496 0.811695 3
-2.47066 -2.60883 0.811695 3
-2.46544 -2.61376 0.811695 3
-2.4233 -2.65287 0.811695 3
-2.48886 -2.59147 0.811695 3
-2.48367 -2.59644 0.811695 3
-2.3962 -2.6127 0.814207 3
-2.40143 -2.6079 0.814207 3
-2.39947 -2.57977 0.815359 3
-2.39947 -2.57977 0.815359 3
-2.38315 -2.56222 0.816615 3
-2.38315 -2.56222 0.816615 3
-2.36381 -2.57737 0.816719 3
-2.37666 -2.56552 0.816719 3
-0.0967815 -2.82846 0.85168 2
-0.093953 -2.82856 0.85168 2
-0.0727904 -2.77723 0.854401 2
-0.0866756 -2.77683 0.854401 2
-0.0780631 -2.7671 0.854925 2
-0.0725287 -2.76725 0.854925 2
-0.0666074 -2.75142 0.855762 2
-0.0528495 -2.75172 0.855762 2
-0.05776 -2.72365 0.857228 2
-0.0523126 -2.72376 0.857228 2
-0.0330502 -2.70808 0.858065 2
-0.0465901 -2.70788 0.858065 2
-0.0328552 -2.6921 0.858902 2
-0.0382393 -2.69203 0.858902 2
7.93202 -3.9695 0.535152 6
8.15332 -3.45678 0.535885 6
8.1705 -3.41597 0.535885 6
8.09127 -3.44959 0.539025 6
8.09127 -3.44959 0.539025 6
7.88224 -3.88563 0.539444 6
7.87446 -3.90139 0.539444 6
8.05453 -3.43392 0.541118 6
8.05453 -3.43392 0.541118 6
7.8449 -3.85748 0.541851 6
7.8679 -3.81034 0.541851 6
8.00866 -3.49987 0.541956 6
8.01564 -3.48385 0.541956 6
7.84454 -3.79902 0.543212 6
7.83692 -3.8147 0.543212 6
7.99 -3.4727 0.543421 6
7.97253 -3.51261 0.543421 6
7.85651 -3.73715 0.544049 6
7.85651 -3.73715 0.544049 6
7.942 -3.53716 0.544363 6
7.94906 -3.52127 0.544363 6
7.84208 -3.73029 0.544887 6
7.84208 -3.73029 0.544887 6
7.86451 -3.62589 0.546143 6
7.90038 -3.54706 0.546143 6
7.91801 -3.50751 0.546143 6
7.84262 -3.67301 0.546143 6
7.82415 -3.71217 0.546143 6
7.86813 -3.61802 0.546143 6
7.87172 -3.60061 0.546352 6
7.8645 -3.61635 0.546352 6
7.88963 -3.56121 0.546352 6
7.88249 -3.57698 0.546352 6
7.88963 -3.56121 0.546352 6
7.84632 -3.65563 0.546352 6
7.83719 -3.67047 0.546457 6
7.83351 -3.6783 0.546457 6
0.512842 -2.8056 0.850529 2
0.518452 -2.80457 0.850529 2
0.493536 -2.76241 0.852936 2
0.510102 -2.7594 0.852936 2
0.481448 -2.74224 0.854087 2
0.486931 -2.74127 0.854087 2
0.483788 -2.72357 0.855029 2
0.467438 -2.72642 0.855029 2
0.462027 -2.71114 0.855867 2
0.462027 -2.71114 0.855867 2
0.459342 -2.69539 0.856704 2
0.459342 -2.69539 0.856704 2
0.435959 -2.67094 0.85817 2
0.430616 -2.67181 0.85817 2
0.434351 -2.66108 0.858693 2
0.42104 -2.66322 0.858693 2
0.415404 -2.66209 0.858798 2
0.41008 -2.66291 0.858798 2
-0.0274098 -2.68617 0.859216 2
-0.0139786 -2.68628 0.859216 2
-0.0139682 -2.68428 0.859321 2
-0.0193368 -2.68425 0.859321 2
0.400599 -2.65426 0.859321 2
0.413865 -2.65222 0.859321 2
0.00480038 -2.67233 0.859949 2
0.00480038 -2.67233 0.859949 2
0.392642 -2.63727 0.860263 2
0.387367 -2.63805 0.860263 2
0.00478603 -2.66434 0.860368 2
0.00478603 -2.66434 0.860368 2
0.37221 -2.62611 0.860996 2
0.359075 -2.62794 0.860996 2
0.366404 -2.6229 0.861205 2
0.389995 -2.61949 0.861205 2
0.0232956 -2.64826 0.861205 2
0.010054 -2.64835 0.861205 2
0.376893 -2.62141 0.861205 2
0.371649 -2.62216 0.861205 2
0.346985 -2.61748 0.861624 2
0.35222 -2.61678 0.861624 2
0.0231902 -2.63628 0.861833 2
0.0179176 -2.63632 0.861833 2
0.0600036 -2.6317 0.862042 2
0.0284196 -2.63223 0.862042 2
0.0415803 -2.63206 0.862042 2
0.0468444 -2.63197 0.862042 2
0.0415172 -2.62807 0.862252 2
0.0730503 -2.62738 0.862252 2
0.0783049 -2.62723 0.862252 2
0.036261 -2.62814 0.862252 2
0.350088 -2.60094 0.862461 2
0.0781859 -2.62323 0.862461 2
0.0650688 -2.62359 0.862461 2
0.337079 -2.60266 0.862461 2
0.300381 -2.60514 0.862566 2
0.313403 -2.60361 0.862566 2
0.331115 -2.59739 0.862775 2
0.331115 -2.59739 0.862775 2
0.307491 -2.59828 0.86288 2
0.294496 -2.59978 0.86288 2
0.312687 -2.59766 0.86288 2
0.289296 -2.60037 0.86288 2
0.0961791 -2.61264 0.862984 2
0.257874 -2.60166 0.862984 2
0.0805016 -2.61317 0.862984 2
0.25267 -2.60217 0.862984 2
0.0543247 -2.61185 0.863089 2
0.330358 -2.59144 0.863089 2
0.330358 -2.59144 0.863089 2
0.116987 -2.60979 0.863089 2
0.0595483 -2.61174 0.863089 2
0.130035 -2.60918 0.863089 2
0.257283 -2.5957 0.863298 2
0.244302 -2.59695 0.863298 2
0.223347 -2.59684 0.863403 2
0.270052 -2.5924 0.863403 2
0.223347 -2.59684 0.863403 2
0.262273 -2.59319 0.863403 2
0.275236 -2.59185 0.863403 2
0.275236 -2.59185 0.863403 2
0.293147 -2.58788 0.863508 2
0.280204 -2.58931 0.863508 2
0.0905367 -2.60085 0.863612 2
0.165913 -2.59713 0.863612 2
0.0957382 -2.60067 0.863612 2
0.163316 -2.5973 0.863612 2
0.111255 -2.59805 0.863717 2
0.111255 -2.59805 0.863717 2
0.238192 -2.58749 0.863822 2
0.170844 -2.59281 0.863822 2
0.129339 -2.59521 0.863822 2
0.222663 -2.58888 0.863822 2
0.186398 -2.59174 0.863822 2
0.126744 -2.59534 0.863822 2
0.225251 -2.58865 0.863822 2
0.222663 -2.58888 0.863822 2
0.111084 -2.59406 0.863927 2
0.199201 -2.58878 0.863927 2
0.111084 -2.59406 0.863927 2
0.204378 -2.58838 0.863927 2
0.152573 -2.59195 0.863927 2
0.144796 -2.5924 0.863927 2
0.165531 -2.59115 0.863927 2
0.149981 -2.5921 0.863927 2
0.180935 -2.58812 0.864031 2
0.186111 -2.58776 0.864031 2
0.134219 -2.58897 0.864136 2
0.14975 -2.58811 0.864136 2
0.188554 -2.58558 0.864136 2
0.204064 -2.5844 0.864136 2
0.237093 -2.57556 0.86445 2
0.234518 -2.5758 0.86445 2
-5.67899 -25.4911 0.544143 7
-5.52594 -25.5247 0.544143 7
-5.53238 -24.7165 0.557896 8
-5.58181 -24.7054 0.557896 8
-5.50747 -23.9307 0.571369 9
-5.36378 -23.9633 0.571369 9
-5.36293 -23.1965 0.584423 9
-5.40931 -23.1857 0.584423 9
-5.21338 -22.5497 0.596012 11
-5.34859 -22.518 0.596012 11
-5.27526 -21.9166 0.606518 11
-5.23142 -21.9271 0.606518 11
-5.21731 -21.301 0.617199 11
-5.08941 -21.3319 0.617199 11
-5.09674 -20.7191 0.627566 11
-5.13817 -20.7088 0.627566 11
-5.34339 -20.4812 0.630533 11
-5.34339 -20.4812 0.630533 11
-5.38435 -20.4705 0.630533 11
-5.194 -20.4949 0.630951 11
-5.194 -20.4949 0.630951 11
-5.19351 -20.4929 0.630986 11
-5.19351 -20.4929 0.630986 11
-5.17008 -20.4865 0.631196 11
-5.04707 -20.5171 0.631196 11
-2.28363 19.532 0.656746 15
-2.32269 19.5274 0.656746 15
-2.34174 19.521 0.656816 15
-2.45882 19.5066 0.656816 15
-2.20413 19.529 0.656955 15
-2.32127 19.5154 0.656955 15
-2.18283 19.5153 0.657235 15
-2.14379 19.5196 0.657235 15
-2.04158 19.4864 0.658003 15
-1.92463 19.4983 0.658003 15
-1.90474 19.4962 0.658072 15
-1.90474 19.4962 0.658072 15
-4.85734 -18.1711 0.671685 16
-4.78687 -17.836 0.677654 16
-4.82253 -17.8264 0.677654 16
-0.408279 18.2327 0.681668 17
-0.462721 18.2213 0.681843 17
-4.79418 -17.4445 0.684216 18
-4.68942 -17.4729 0.684216 18
-4.74631 -17.0697 0.690743 18
-4.71216 -17.0792 0.690743 18
-4.61856 -16.7399 0.696887 18
-4.7022 -16.7166 0.696887 18
-4.66853 -16.3458 0.703274 18
-4.63583 -16.3551 0.703274 18
-4.54312 -16.028 0.709208 18
-4.63921 -16.0005 0.709208 18
-13.6147 -9.04878 0.714653 19
-13.5693 -9.11674 0.714653 19
-4.59379 -15.668 0.715002 20
-4.56245 -15.6771 0.715002 20
-13.4277 -9.25735 0.715316 19
-13.4091 -9.28418 0.715316 19
-13.5934 -8.97594 0.715665 19
-13.5844 -8.98953 0.715665 19
-13.2963 -9.34447 0.716329 19
-13.2963 -9.34447 0.716329 19
-13.5874 -8.89412 0.716538 19
-13.5427 -8.96194 0.716538 19
-13.5671 -8.82279 0.717515 19
-13.5494 -8.8499 0.717515 19
-13.2374 -9.30308 0.717585 19
-13.2374 -9.30308 0.717585 19
-13.5075 -8.82257 0.718388 19
-13.5602 -8.74136 0.718388 19
-13.1264 -9.363 0.718562 22
-13.1731 -9.29725 0.718562 22
-13.5421 -8.71049 0.718946 19
-13.5421 -8.71049 0.718946 19
-13.5421 -8.71049 0.718946 19
-13.5421 -8.71049 0.718946 19
-13.0792 -9.32932 0.719575 24
-13.0978 -9.30315 0.719575 24
-13.5706 -8.59515 0.71961 25
-13.5878 -8.568 0.71961 25
-4.55609 -15.3684 0.720203 26
-4.47919 -15.391 0.720203 26
-13.5846 -8.49026 0.720378 27
-13.5334 -8.57161 0.720378 27
-12.9569 -9.37961 0.720796 28
-13.0036 -9.31471 0.720796 28
-12.9018 -9.33974 0.721983 28
-12.9205 -9.31392 0.721983 28
-13.5268 -8.39779 0.722088 27
-13.51 -8.42482 0.722088 27
-13.5279 -8.3237 0.722751 27
-13.4777 -8.40472 0.722751 27
-12.7926 -9.39786 0.722926 30
-12.8394 -9.33378 0.722926 30
-13.5255 -8.26639 0.72331 31
-13.509 -8.29343 0.72331 31
-12.7678 -9.34037 0.723868 32
-12.7491 -9.36589 0.723868 32
-13.4681 -8.26832 0.724147 33
-13.5174 -8.18736 0.724147 33
-12.6821 -9.35576 0.724915 34
-12.6351 -9.41905 0.724915 34
-13.476 -8.14385 0.72516 35
-13.4922 -8.11688 0.72516 35
-4.50156 -15.0738 0.725404 36
-4.50156 -15.0738 0.725404 36
-13.4971 -8.04646 0.725718 37
-13.4486 -8.1273 0.725718 37
-12.5838 -9.38081 0.726032 38
-12.6026 -9.35562 0.726032 38
-13.4954 -7.99065 0.726242 35
-13.4794 -8.01763 0.726242 35
-13.491 -7.91536 0.726975 35
-13.4433 -7.99616 0.726975 35
-12.517 -9.37 0.727079 40
-12.47 -9.43247 0.727079 40
-14.0769 -6.74085 0.727568 41
-14.0769 -6.74085 0.727568 41
-13.4661 -7.88267 0.727638 42
-13.4661 -7.88267 0.727638 42
-12.4361 -9.36781 0.728231 43
-12.4174 -9.39266 0.728231 43
-13.4144 -7.85236 0.728685 44
-13.4144 -7.85236 0.728685 44
-12.3164 -9.45257 0.728999 45
-12.3164 -9.45257 0.728999 45
-13.4602 -7.71739 0.729174 46
-13.4447 -7.7443 0.729174 46
-13.9867 -6.69767 0.729313 47
-13.9867 -6.69767 0.729313 47
-13.4118 -7.72533 0.729837 48
-13.4503 -7.65818 0.729837 48
-12.2704 -9.41726 0.730011 49
-12.2704 -9.41726 0.730011 49
-9.90091 11.8654 0.730256 50
-9.87716 11.8852 0.730256 50
-9.81761 11.9344 0.730256 50
-9.74582 11.9931 0.730256 50
-13.436 -7.6145 0.73043 51
-13.4512 -7.58761 0.73043 51
-4.41573 -14.7864 0.73064 52
-4.41573 -14.7864 0.73064 52
-13.8761 -6.74736 0.730674 53
-13.9097 -6.6779 0.730674 53
-12.16 -9.46852 0.730989 54
-12.2072 -9.4076 0.730989 54
-13.3647 -7.57407 0.731861 51
-13.4024 -7.50716 0.731861 51
-12.1064 -9.42675 0.732175 56
-12.1252 -9.40252 0.732175 56
-13.7934 -6.70714 0.73228 41
-13.8068 -6.67954 0.73228 41
-9.82147 11.7702 0.73242 58
-9.75068 11.8289 0.73242 58
-13.3877 -7.46378 0.732455 59
-13.4322 -7.38332 0.732455 59
-9.70501 11.8457 0.732699 60
-9.72868 11.8263 0.732699 60
-13.3781 -7.42341 0.732943 41
-13.3632 -7.45015 0.732943 41
-13.4098 -7.35354 0.733048 41
-13.4244 -7.32671 0.733048 41
-11.9993 -9.47904 0.733083 62
-12.0465 -9.41892 0.733083 62
-13.42 -7.27211 0.733572 41
-13.3835 -7.33912 0.733572 41
-11.9679 -9.45424 0.733781 64
-11.9868 -9.43029 0.733781 64
-13.6991 -6.6952 0.733851 41
-13.6655 -6.76361 0.733851 41
-13.4102 -7.19757 0.734339 41
-13.3958 -7.22437 0.734339 41
-11.8593 -9.50402 0.734723 66
-11.9161 -9.4327 0.734723 66
-13.6162 -6.70535 0.735072 41
-13.6027 -6.73257 0.735072 41
-13.3518 -7.20064 0.735212 41
-13.3876 -7.1338 0.735212 41
-11.8377 -9.44785 0.735631 68
-11.8187 -9.47151 0.735631 68
-13.3789 -7.09483 0.735666 69
-13.3789 -7.09483 0.735666 69
-4.43362 -14.476 0.735736 70
-4.46257 -14.4671 0.735736 70
-13.3524 -7.08077 0.736189 41
-13.3524 -7.08077 0.736189 41
-13.5194 -6.72502 0.736434 41
-13.4856 -6.79254 0.736434 41
-11.7609 -9.44451 0.736713 72
-11.704 -9.5149 0.736713 72
-13.3872 -6.94558 0.736748 41
-13.3733 -6.97234 0.736748 41
-13.3396 -6.95478 0.737411 41
-13.3742 -6.88799 0.737411 41
-11.6668 -9.48463 0.737551 74
-11.6858 -9.46128 0.737551 74
-13.4241 -6.72792 0.7379 41
-13.4106 -6.75476 0.7379 41
-13.347 -6.84025 0.738214 41
-13.3607 -6.81355 0.738214 41
-11.6217 -9.46724 0.738354 76
-11.5646 -9.5368 0.738354 76
-13.3614 -6.7635 0.738598 41
-13.3274 -6.83022 0.738598 41
-4.35867 -14.2312 0.740203 78
-4.42977 -14.2092 0.740203 78
-11.4148 -9.54824 0.740238 79
-11.4148 -9.54824 0.740238 79
-11.3764 -9.51616 0.741111 79
-11.3764 -9.51616 0.741111 79
-11.4384 -9.39435 0.741635 79
-11.4196 -9.41721 0.741635 79
-11.3271 -9.49413 0.742019 79
-11.2699 -9.56193 0.742019 79
-11.2394 -9.53605 0.742717 79
-11.2584 -9.51355 0.742717 79
-11.1933 -9.5162 0.743554 79
-11.136 -9.58319 0.743554 79
-4.41363 -13.9607 0.744427 80
-4.3857 -13.9695 0.744427 80
-11.1111 -9.52316 0.744567 81
-11.092 -9.54536 0.744567 81
-10.9903 -9.59253 0.745369 81
-11.0477 -9.52641 0.745369 81
-10.9511 -9.55834 0.746277 81
-10.9702 -9.53642 0.746277 81
-10.863 -9.61621 0.746766 81
-10.9205 -9.55085 0.746766 81
-10.8357 -9.55346 0.747848 81
-10.8166 -9.57512 0.747848 81
-4.38186 -13.7169 0.74865 82
-4.31322 -13.7387 0.74865 82
-10.6749 -9.5838 0.749593 83
-1.49378 14.2578 0.749767 84
-1.46527 14.2607 0.749767 84
-10.5794 -9.63271 0.750256 85
-10.5794 -9.63271 0.750256 85
-10.5528 -9.60848 0.750884 85
-10.5528 -9.60848 0.750884 85
-10.5181 -9.59611 0.751478 85
-10.4603 -9.65905 0.751478 85
-10.4192 -9.62106 0.752455 85
-10.4384 -9.60021 0.752455 85
-4.35722 -13.4539 0.753153 86
-4.3303 -13.4626 0.753153 86
-10.3787 -9.60296 0.753188 87
-10.3306 -9.65473 0.753188 87
-13.819 2.74959 0.754061 88
-10.2897 -9.6165 0.754165 85
-10.3089 -9.5959 0.754165 85
-10.2573 -9.62475 0.75448 85
-10.2091 -9.67591 0.75448 85
-10.18 -9.6484 0.755178 85
-10.1993 -9.62802 0.755178 85
-13.6155 3.30898 0.755422 88
-13.6221 3.28174 0.755422 88
-13.7303 2.70341 0.755736 88
-13.7166 2.77202 0.755736 88
-10.1303 -9.63979 0.755911 91
-10.0723 -9.7004 0.755911 91
-13.5645 3.23916 0.756574 88
-13.5837 3.15772 0.756574 88
-13.6503 2.78705 0.756818 88
-13.6447 2.81435 0.756818 88
-10.0623 -9.6328 0.756853 93
-10.0334 -9.66295 0.756853 93
-13.5403 3.1762 0.757237 88
-13.5467 3.14911 0.757237 88
-4.31921 -13.2013 0.757551 86
-4.25315 -13.2227 0.757551 86
-9.94516 -9.69366 0.757586 96
-9.99351 -9.64382 0.757586 96
-13.5895 2.77465 0.7579 88
-13.5755 2.84256 0.7579 88
-13.5185 3.05719 0.758075 88
-13.5185 3.05719 0.758075 88
-9.92368 -9.67273 0.75811 98
-9.94301 -9.65286 0.75811 98
-13.5561 2.86681 0.758145 88
-13.5503 2.89392 0.758145 88
-13.5522 2.86598 0.758214 88
-13.5377 2.93371 0.758214 88
-13.5148 3.02796 0.758249 88
-13.5298 2.96035 0.758249 88
-13.5068 3.05454 0.758284 88
-13.5068 3.05454 0.758284 88
-13.5219 2.98697 0.758284 88
-13.5279 2.95992 0.758284 88
-9.8344 -9.72087 0.758633 100
-9.8344 -9.72087 0.758633 100
-9.80169 -9.68853 0.759436 100
-9.80169 -9.68853 0.759436 100
-9.69973 -9.72293 0.760274 100
-9.74823 -9.67431 0.760274 100
-9.68803 -9.67243 0.761042 100
-9.66866 -9.69179 0.761042 100
-4.30274 -12.9751 0.761391 101
-4.2638 -12.9879 0.761391 101
-9.63235 -9.69408 0.76146 102
-9.58375 -9.74212 0.76146 102
-9.58214 -9.7016 0.761984 102
-9.56272 -9.72074 0.761984 102
-11.2348 -7.69592 0.762298 103
-11.1962 -7.752 0.762298 103
-9.46242 -9.75443 0.762787 102
-9.51107 -9.707 0.762787 102
-9.43457 -9.72572 0.763485 102
-9.454 -9.70683 0.763485 102
-9.38731 -9.71581 0.764183 102
-9.33861 -9.76262 0.764183 102
-9.34981 -9.73527 0.764392 102
-9.33032 -9.75395 0.764392 102
-4.27496 -12.763 0.765056 101
-4.19831 -12.7885 0.765056 101
-4.25978 -12.5508 0.768651 101
-4.23467 -12.5593 0.768651 101
-8.76733 -9.79279 0.770571 102
-8.74772 -9.8103 0.770571 102
-8.7193 -9.79813 0.771059 102
-8.66035 -9.85027 0.771059 102
-8.65886 -9.80894 0.771618 102
-8.63923 -9.82624 0.771618 102
-8.60566 -9.80782 0.772246 102
-8.54666 -9.85927 0.772246 102
-4.22933 -12.3393 0.772316 101
-4.16759 -12.3603 0.772316 101
-8.5257 -9.8351 0.772805 108
-8.54535 -9.81803 0.772805 108
-8.44105 -9.8763 0.773223 108
-8.44105 -9.8763 0.773223 108
-8.42806 -9.86109 0.773573 108
-8.42806 -9.86109 0.773573 108
-8.34079 -9.89844 0.774061 108
-8.40003 -9.84822 0.774061 108
-8.34119 -9.85884 0.774585 108
-8.32146 -9.8755 0.774585 108
-8.16465 -9.96937 0.775073 108
-8.22785 -9.90429 0.775248 108
-8.28713 -9.85474 0.775248 108
-8.21635 -9.89044 0.775562 108
-8.23611 -9.87399 0.775562 108
-8.19497 -9.8848 0.775876 108
-8.13551 -9.93379 0.775876 108
-4.18683 -12.1361 0.775911 101
-4.18683 -12.1361 0.775911 101
-8.00936 -9.94094 0.777168 108
-7.94957 -9.98882 0.777168 108
-7.96204 -9.96352 0.777377 108
-7.9421 -9.97943 0.777377 108
-8.03159 -9.90755 0.777377 108
-8.01176 -9.92359 0.777377 108
-7.85601 -10.0143 0.777831 108
-7.85601 -10.0143 0.777831 108
-7.83873 -9.9923 0.77832 108
-7.83873 -9.9923 0.77832 108
-7.80038 -9.96392 0.779122 108
-7.74046 -10.0105 0.779122 108
-7.75678 -9.9903 0.779227 108
-7.73679 -10.0058 0.779227 108
-4.12357 -11.9528 0.779297 101
-4.12357 -11.9528 0.779297 101
-7.67054 -10.0441 0.779402 108
-7.72067 -10.0056 0.779402 108
-7.64681 -10.0546 0.779506 108
-7.59644 -10.0927 0.779506 108
-7.66205 -10.033 0.779646 108
-7.6821 -10.0176 0.779646 108
-7.58682 -10.08 0.779786 108
-7.60696 -10.0648 0.779786 108
-7.55225 -10.0759 0.780204 108
-7.50178 -10.1135 0.780204 108
-7.51482 -10.0889 0.780414 108
-7.49463 -10.1039 0.780414 108
-7.39304 -10.1142 0.781321 108
-7.44352 -10.0771 0.781321 108
-7.39669 -10.0768 0.78181 108
-7.37652 -10.0915 0.78181 108
-7.27374 -10.1413 0.782159 108
-7.22294 -10.1775 0.782159 108
-7.29167 -10.1235 0.782229 108
-7.29167 -10.1235 0.782229 108
-7.29167 -10.1235 0.782229 108
-7.29167 -10.1235 0.782229 108
-4.16101 -11.7554 0.782334 101
-4.13749 -11.7637 0.782334 101
-7.21253 -10.1628 0.782473 108
-7.23284 -10.1484 0.782473 108
-7.03665 -10.2151 0.783485 108
-7.08764 -10.1798 0.783485 108
-7.03438 -10.2118 0.783555 108
-7.05479 -10.1977 0.783555 108
-6.95824 -10.2541 0.783695 108
-6.97873 -10.2402 0.783695 108
-7.0151 -10.2056 0.783835 108
-6.95374 -10.2475 0.783835 108
-6.8774 -10.2893 0.783974 108
-6.89796 -10.2755 0.783974 108
-6.87629 -10.2876 0.784009 108
-6.93789 -10.2462 0.784009 108
-6.79971 -10.3288 0.784149 108
-6.79971 -10.3288 0.784149 108
-6.78761 -10.3105 0.784533 108
-6.78761 -10.3105 0.784533 108
-6.69895 -10.3326 0.785056 108
-6.76083 -10.2922 0.785056 108
-4.15132 -11.5805 0.785266 101
-4.08176 -11.6052 0.785266 101
-6.66743 -10.3291 0.785405 108
-6.6157 -10.3623 0.785405 108
-6.68699 -10.3141 0.78544 108
-6.7076 -10.3007 0.78544 108
-6.60171 -10.3404 0.785859 108
-6.62238 -10.3272 0.785859 108
-6.58385 -10.3352 0.786103 108
-6.52172 -10.3745 0.786103 108
-7.0186 -10.0377 0.786208 117
-7.0687 -10.0025 0.786208 117
-6.50363 -10.3458 0.786697 108
-6.5243 -10.3327 0.786697 108
-6.4784 -10.3285 0.787185 108
-6.41631 -10.3672 0.787185 108
-6.43492 -10.351 0.787255 108
-6.41421 -10.3638 0.787255 108
-6.3363 -10.3999 0.78743 108
-6.39859 -10.3617 0.78743 108
-6.31966 -10.3726 0.787988 108
-6.34039 -10.3599 0.787988 108
-6.23558 -10.3977 0.788372 108
-6.23558 -10.3977 0.788372 108
-4.10132 -11.4051 0.788442 101
-4.12412 -11.3969 0.788442 101
-6.93724 -9.92137 0.788686 120
-6.95707 -9.90748 0.788686 120
-6.22324 -10.3771 0.788791 121
-6.22324 -10.3771 0.788791 121
-6.14638 -10.4136 0.788931 121
-6.20875 -10.3765 0.788931 121
-6.15598 -10.3823 0.789315 121
-6.1352 -10.3946 0.789315 121
-6.05526 -10.4252 0.789559 121
-6.1177 -10.3887 0.789559 121
-6.063 -10.3906 0.790013 121
-6.0422 -10.4027 0.790013 121
-8.93095 -8.01812 0.790501 122
-8.9789 -7.96439 0.790501 122
-4.10914 -11.2151 0.791514 101
-4.04177 -11.2396 0.791514 101
-4.08728 -11.0527 0.794306 101
-4.06516 -11.0608 0.794306 101
-10.7596 2.80943 0.805894 124
-10.7735 2.7556 0.805894 124
-6.87128 -8.35597 0.811165 125
-6.73802 -8.3459 0.812771 125
-6.78797 -8.30532 0.812771 125
-3.38761 -9.04923 0.83134 4
-3.33325 -9.06939 0.83134 4
-3.35378 -8.93164 0.833469 4
-3.37163 -8.92492 0.833469 4
-3.36231 -8.79368 0.835668 4
-3.30949 -8.8137 0.835668 4
-3.34117 -8.66042 0.837972 4
-3.32385 -8.66709 0.837972 4
-3.33506 -8.54268 0.839927 4
-3.28375 -8.56253 0.839927 4
-3.30132 -8.43134 0.841951 4
-3.30132 -8.43134 0.841951 4
-3.26851 -8.34755 0.843522 4
-3.26851 -8.34755 0.843522 4
-4.4687 -7.71141 0.844429 4
-4.43782 -7.72923 0.844429 4
-4.42235 -7.73809 0.844429 4
-4.36416 -7.76188 0.844569 4
-4.41065 -7.73556 0.844569 4
-4.37181 -7.73921 0.844848 4
-4.35632 -7.74794 0.844848 4
-4.29617 -7.76774 0.845058 4
-4.3427 -7.74182 0.845058 4
-4.23991 -7.77582 0.845407 4
-4.23991 -7.77582 0.845407 4
-4.28552 -7.74849 0.845441 4
-4.30101 -7.73991 0.845441 4
-4.23513 -7.76704 0.845581 4
-4.23513 -7.76704 0.845581 4
-3.29801 -8.20461 0.845651 4
-3.28159 -8.21119 0.845651 4
-4.211 -7.75968 0.845895 4
-4.16437 -7.78481 0.845895 4
-4.18201 -7.76171 0.846105 4
-4.15871 -7.77423 0.846105 4
-4.12009 -7.77666 0.846384 4
-4.10453 -7.78489 0.846384 4
-4.14152 -7.76074 0.846454 4
-4.10266 -7.78135 0.846454 4
-4.08337 -7.78246 0.846593 4
-4.04441 -7.80278 0.846593 4
-4.03981 -7.7939 0.846768 4
-4.05539 -7.7858 0.846768 4
-4.01413 -7.78241 0.847152 4
-3.97517 -7.80239 0.847152 4
-3.92802 -7.80609 0.847466 4
-3.9124 -7.81393 0.847466 4
-3.9124 -7.81393 0.847466 4
-3.98256 -7.7784 0.847466 4
-3.95142 -7.79427 0.847466 4
-3.967 -7.78635 0.847466 4
-3.23633 -8.09792 0.84778 4
-3.28485 -8.07836 0.84778 4
-3.84966 -7.82498 0.84778 4
-3.84966 -7.82498 0.84778 4
-3.8426 -7.81062 0.848059 4
-3.8426 -7.81062 0.848059 4
-3.78087 -7.82292 0.848339 4
-3.79651 -7.81535 0.848339 4
-3.7243 -7.84558 0.848408 4
-3.76348 -7.82687 0.848408 4
-3.77739 -7.81572 0.848478 4
-3.81642 -7.79674 0.848478 4
-3.71916 -7.83475 0.848618 4
-3.73482 -7.82729 0.848618 4
-3.69409 -7.82228 0.849002 4
-3.65493 -7.84065 0.849002 4
-3.65155 -7.8334 0.849141 4
-3.66721 -7.82608 0.849141 4
-3.5933 -7.8515 0.849281 4
-3.60899 -7.84429 0.849281 4
-3.59246 -7.84968 0.849316 4
-3.63167 -7.83162 0.849316 4
-3.25669 -7.98619 0.849456 4
-3.27265 -7.97966 0.849456 4
-3.57797 -7.83871 0.849595 4
-3.53087 -7.86004 0.849595 4
-3.5276 -7.85274 0.849735 4
-3.54329 -7.84567 0.849735 4
-3.46931 -7.86993 0.849874 4
-3.46931 -7.86993 0.849874 4
-3.46286 -7.85529 0.850154 4
-3.46286 -7.85529 0.850154 4
-3.40461 -7.87199 0.850293 4
-3.45179 -7.85142 0.850293 4
-3.41955 -7.86333 0.850328 4
-3.40382 -7.87016 0.850328 4
-3.34318 -7.8809 0.850572 4
-3.39041 -7.8607 0.850572 4
-3.33062 -7.87319 0.850782 4
-3.28332 -7.89304 0.850782 4
-3.35266 -7.85949 0.850852 4
-3.33693 -7.86618 0.850852 4
-3.29756 -7.88276 0.850852 4
-3.22648 -7.91212 0.850852 4
-3.2739 -7.89262 0.850852 4
-3.28179 -7.88934 0.850852 4
-2.52702 -2.65235 0.936054 3
-2.45721 -2.71715 0.936054 3
-2.51372 -2.66496 0.936054 3
-2.47347 -2.70236 0.936054 3
-2.46955 -2.60765 0.937311 3
-2.46433 -2.61259 0.937311 3
-2.403 -2.60961 0.938079 3
-2.39778 -2.61441 0.938079 3
-2.40538 -2.59652 0.938218 3
-2.39237 -2.60851 0.938218 3
-2.39014 -2.56974 0.938742 3
-2.39014 -2.56974 0.938742 3
-0.088341 -2.83019 0.950575 2
-0.078835 -2.79446 0.951203 2
-0.0732459 -2.79461 0.951203 2
-0.0530292 -2.76107 0.951796 2
-0.0668338 -2.76077 0.951796 2
-0.0524532 -2.73108 0.95232 2
-0.0579153 -2.73097 0.95232 2
-0.0333101 -2.72938 0.952355 2
-0.0469566 -2.72918 0.952355 2
-0.0332857 -2.72738 0.95239 2
-0.0387404 -2.72731 0.95239 2
-0.0302223 -2.69742 0.952913 2
13.7046 -35.355 0.338135 126
13.6339 -35.3823 0.338135 126
13.6743 -35.2767 0.339601 126
13.4977 -35.3446 0.339601 126
13.3195 -35.301 0.341416 126
13.3901 -35.2743 0.341416 126
13.1939 -35.2884 0.342393 126
13.3702 -35.222 0.342393 126
13.0388 -35.3034 0.343091 126
13.1094 -35.2772 0.343091 126
12.9012 -35.2559 0.344697 126
13.0774 -35.191 0.344697 126
12.8239 -35.2629 0.345046 126
12.7533 -35.2884 0.345046 126
12.7788 -35.1388 0.34735 126
12.6029 -35.2023 0.34735 126
12.4487 -35.2147 0.348048 126
12.5191 -35.1897 0.348048 126
12.3258 -35.2028 0.348955 126
12.5017 -35.1408 0.348955 126
12.2383 -35.1783 0.349863 126
12.2383 -35.1783 0.349863 126
12.2133 -35.1065 0.351189 126
12.2133 -35.1065 0.351189 126
11.9766 -35.1035 0.352586 126
11.8713 -35.1393 0.352586 126
11.7531 -35.1368 0.353284 126
11.9637 -35.0656 0.353284 126
11.5974 -35.1379 0.354121 126
11.7028 -35.103 0.354121 126
11.6825 -35.0423 0.355238 126
11.4721 -35.1117 0.355238 126
11.4209 -35.0738 0.356146 126
11.3507 -35.0965 0.356146 126
11.3949 -34.9939 0.357612 126
11.1847 -35.0616 0.357612 126
11.1327 -35.0195 0.358589 126
11.0626 -35.0416 0.358589 126
11.1205 -34.9813 0.359287 126
10.9105 -35.0474 0.359287 126
10.8647 -35.0239 0.359916 126
10.7947 -35.0456 0.359916 126
10.8434 -34.9552 0.361172 126
10.6335 -35.0196 0.361172 126
10.5765 -34.9575 0.362498 126
10.5765 -34.9575 0.362498 126
10.566 -34.923 0.363127 126
10.566 -34.923 0.363127 126
10.3134 -34.9693 0.363615 126
10.2434 -34.9899 0.363615 126
9.96865 -34.9569 0.3655 126
10.0385 -34.9369 0.3655 126
10.0165 -34.86 0.366897 126
9.80711 -34.9194 0.366897 126
9.6884 -34.8986 0.367804 126
9.75818 -34.8792 0.367804 126
9.53713 -34.8947 0.368572 126
9.74633 -34.8368 0.368572 126
9.41885 -34.8729 0.369479 126
9.48857 -34.854 0.369479 126
9.47702 -34.8116 0.370247 126
9.30284 -34.8585 0.370247 126
9.14708 -34.8335 0.371364 126
9.21673 -34.8152 0.371364 126
9.0325 -34.8221 0.372062 126
9.2065 -34.7765 0.372062 126
8.95586 -34.813 0.372551 126
8.95586 -34.813 0.372551 126
8.9454 -34.7723 0.373284 126
8.9454 -34.7723 0.373284 126
8.69014 -34.7875 0.374122 126
8.62055 -34.8048 0.374122 126
8.67124 -34.7119 0.375483 126
8.49758 -34.7548 0.375483 126
8.41627 -34.7231 0.376356 126
8.34681 -34.7399 0.376356 126
8.40968 -34.6959 0.376844 126
8.2361 -34.7375 0.376844 126
8.08846 -34.7332 0.377508 126
8.15791 -34.717 0.377508 126
7.97527 -34.7183 0.378206 126
8.14876 -34.678 0.378206 126
7.89206 -34.6738 0.379288 126
7.8227 -34.6895 0.379288 126
7.71339 -34.6894 0.379707 126
7.88674 -34.6504 0.379707 126
7.15132 -34.6034 0.383232 127
6.94357 -34.6457 0.383232 127
18.4996 -23.7483 0.474543 128
11.1759 -27.8357 0.476428 129
11.2316 -27.8133 0.476428 129
18.3254 -23.6708 0.477475 128
18.3964 -23.6158 0.477475 128
12.2781 -27.2161 0.478836 131
12.3325 -27.1915 0.478836 131
11.1813 -27.6093 0.480058 132
11.3468 -27.5417 0.480058 132
18.4238 -23.3605 0.480686 133
18.4238 -23.3605 0.480686 133
12.2722 -27.0585 0.481384 134
12.1096 -27.1317 0.481384 134
11.3018 -27.4326 0.482117 135
11.247 -27.4551 0.482117 135
12.0508 -27.0725 0.482746 136
12.0508 -27.0725 0.482746 136
11.2972 -27.3436 0.483583 137
11.4611 -27.2754 0.483583 137
18.3173 -23.2255 0.483688 128
18.3173 -23.2255 0.483688 128
12.0231 -27.0104 0.483932 139
12.0231 -27.0104 0.483932 139
11.388 -27.254 0.484421 140
11.4425 -27.2311 0.484421 140
11.4681 -27.216 0.484491 140
11.6312 -27.1467 0.484491 140
11.8178 -27.0573 0.48463 140
11.7636 -27.0808 0.48463 140
11.8162 -27.0536 0.4847 140
11.6536 -27.124 0.4847 140
11.5691 -27.1515 0.48484 140
11.6233 -27.1283 0.48484 140
18.2594 -23.0571 0.48662 128
18.3745 -22.9655 0.48662 128
18.2388 -22.8896 0.489133 128
18.2846 -22.8531 0.489133 128
18.3911 -22.613 0.491227 128
18.2551 -22.7229 0.491227 128
18.2264 -22.5483 0.493915 128
18.2939 -22.4936 0.493915 128
18.3498 -22.2877 0.496079 128
18.2381 -22.3791 0.496079 128
18.2646 -22.1842 0.498418 128
18.2202 -22.2207 0.498418 128
18.2287 -22.0506 0.500617 128
18.3387 -21.9591 0.500617 128
18.2746 -21.8824 0.502362 128
18.2308 -21.9189 0.502362 128
18.2489 -21.7631 0.504247 128
18.3575 -21.6715 0.504247 128
18.2916 -21.5937 0.506027 128
18.2484 -21.6303 0.506027 128
18.3785 -21.3908 0.507737 128
18.3785 -21.3908 0.507737 128
18.312 -21.3135 0.509518 128
18.312 -21.3135 0.509518 128
18.305 -21.2193 0.510844 128
18.4108 -21.1275 0.510844 128
18.3017 -21.0872 0.512624 128
18.3438 -21.0506 0.512624 128
18.2978 -20.9554 0.514404 128
18.4232 -20.8453 0.514404 128
18.322 -20.8145 0.515975 128
18.3636 -20.7778 0.515975 128
18.4552 -20.5892 0.517371 128
18.3313 -20.6996 0.517371 128
18.3541 -20.559 0.518942 128
18.3951 -20.5222 0.518942 128
18.4872 -20.3367 0.520268 128
18.3649 -20.4473 0.520268 128
18.3781 -20.2981 0.522048 128
18.4186 -20.2613 0.522048 128
18.499 -20.0657 0.523619 128
18.3783 -20.1763 0.523619 128
18.4434 -20.0054 0.52505 128
18.4034 -20.0422 0.52505 128
18.5298 -19.8188 0.526411 128
18.5298 -19.8188 0.526411 128
18.4806 -19.7662 0.527668 128
18.4806 -19.7662 0.527668 128
18.4361 -19.6792 0.529309 128
18.5538 -19.5682 0.529309 128
18.4988 -19.5102 0.530705 128
18.4597 -19.5471 0.530705 128
18.4605 -19.4308 0.532171 128
18.5767 -19.3196 0.532171 128
18.4882 -19.3048 0.533427 128
18.5268 -19.2678 0.533427 128
18.6194 -19.0946 0.534474 128
18.5044 -19.206 0.534474 128
18.5579 -19.0316 0.53601 128
18.5198 -19.0687 0.53601 128
18.6114 -18.8588 0.537511 128
18.5169 -18.9516 0.537511 128
12.8254 -22.3588 0.550077 142
11.7975 -22.8953 0.550426 143
11.9118 -22.836 0.550426 143
12.6598 -22.276 0.552765 144
12.7932 -22.1997 0.552765 144
11.836 -22.6906 0.553288 145
11.7906 -22.7143 0.553288 145
12.5389 -22.2181 0.554684 146
12.5833 -22.193 0.554684 146
11.8386 -22.5855 0.554894 147
11.9514 -22.526 0.554894 147
12.4187 -22.2122 0.555801 147
12.5517 -22.1373 0.555801 147
11.9233 -22.473 0.555941 148
11.8783 -22.4968 0.555941 148
11.9541 -22.4226 0.556465 148
12.0661 -22.3626 0.556465 148
12.3326 -22.2144 0.556499 148
12.377 -22.1897 0.556499 148
12.3594 -22.1583 0.557128 148
12.2485 -22.2198 0.557128 148
12.0024 -22.3514 0.557163 148
12.0471 -22.3274 0.557163 148
12.1934 -22.225 0.557512 148
12.1934 -22.225 0.557512 148
12.1925 -22.2232 0.557547 148
12.1925 -22.2232 0.557547 148
18.846 -16.8317 0.558943 128
18.7447 -16.9445 0.558943 128
18.7557 -16.8187 0.560269 128
18.7893 -16.7811 0.560269 128
18.8598 -16.6082 0.561351 128
18.7598 -16.7211 0.561351 128
18.8043 -16.5593 0.562643 128
18.7711 -16.5969 0.562643 128
18.7863 -16.5101 0.563446 128
18.885 -16.3971 0.563446 128
18.807 -16.3954 0.564493 128
18.8397 -16.3578 0.564493 128
18.9021 -16.1813 0.565679 128
18.8047 -16.2944 0.565679 128
18.8581 -16.1436 0.566692 128
18.8257 -16.1813 0.566692 128
18.9202 -15.9686 0.567843 128
18.824 -16.0819 0.567843 128
18.847 -15.9715 0.568786 128
18.8789 -15.9338 0.568786 128
18.9531 -15.7706 0.569624 128
18.9531 -15.7706 0.569624 128
18.9116 -15.736 0.570566 128
18.9116 -15.736 0.570566 128
18.9687 -15.5601 0.571753 128
18.875 -15.6737 0.571753 128
18.8913 -15.5599 0.5728 128
18.9223 -15.5221 0.5728 128
18.9007 -15.4728 0.573638 128
18.9778 -15.3781 0.573638 128
18.9437 -15.3504 0.574406 128
18.9283 -15.3693 0.574406 128
19.0022 -15.1787 0.575488 128
18.9261 -15.2735 0.575488 128
18.9491 -15.1363 0.576674 128
18.9188 -15.1741 0.576674 128
19.02 -14.976 0.577442 128
18.9449 -15.0709 0.577442 128
18.9854 -14.9488 0.57821 128
18.9555 -14.9868 0.57821 128
19.047 -14.7824 0.579153 128
18.9728 -14.8775 0.579153 128
19.0027 -14.7481 0.58013 128
18.9732 -14.7861 0.58013 128
19.0706 -14.588 0.580898 128
19.0706 -14.588 0.580898 128
19.0261 -14.554 0.581875 128
19.0261 -14.554 0.581875 128
19.0876 -14.3904 0.582748 128
19.0154 -14.4856 0.582748 128
19.0237 -14.4019 0.583516 128
19.0525 -14.3639 0.583516 128
19.114 -14.2015 0.584354 128
19.0428 -14.2969 0.584354 128
19.0723 -14.1705 0.585261 128
19.0439 -14.2086 0.585261 128
19.0524 -14.0967 0.586308 128
19.1226 -14.0012 0.586308 128
19.0887 -13.9764 0.587041 128
19.0607 -14.0146 0.587041 128
19.152 -13.8179 0.587774 128
19.0827 -13.9135 0.587774 128
19.1066 -13.7851 0.588751 128
19.079 -13.8233 0.588751 128
19.1603 -13.6209 0.589659 128
19.0919 -13.7166 0.589659 128
19.1212 -13.5931 0.590497 128
19.0939 -13.6313 0.590497 128
19.1864 -13.4383 0.591125 128
19.1864 -13.4383 0.591125 128
19.1552 -13.4165 0.591788 128
19.1552 -13.4165 0.591788 128
19.1162 -13.3607 0.592905 128
19.196 -13.2457 0.592905 128
19.1615 -13.2219 0.593638 128
19.135 -13.2602 0.593638 128
19.2138 -13.0605 0.594476 128
19.1351 -13.1755 0.594476 128
19.1841 -13.0402 0.595104 128
19.158 -13.0786 0.595104 128
19.1657 -12.9997 0.595767 128
19.2433 -12.8845 0.595767 128
19.186 -12.9017 0.596431 128
19.2117 -12.8633 0.596431 128
19.2529 -12.6966 0.597443 128
19.1764 -12.8119 0.597443 128
19.2195 -12.6746 0.598141 128
19.1941 -12.713 0.598141 128
19.2021 -12.6356 0.598769 128
19.2776 -12.5201 0.598769 128
19.2291 -12.5434 0.599258 128
19.2541 -12.5049 0.599258 128
19.285 -12.3611 0.600165 128
19.285 -12.3611 0.600165 128
19.2513 -12.3395 0.600863 128
19.2513 -12.3395 0.600863 128
19.3017 -12.182 0.601596 128
19.2406 -12.2784 0.601596 128
19.2452 -12.2003 0.60226 128
19.2696 -12.1618 0.60226 128
19.3237 -12.0076 0.602888 128
19.2634 -12.104 0.602888 128
19.2742 -12.0303 0.603411 128
19.2982 -11.9917 0.603411 128
19.339 -11.8303 0.604284 128
19.2796 -11.9268 0.604284 128
19.2998 -11.8063 0.605087 128
19.2762 -11.8448 0.605087 128
20.0284 -10.3761 0.606274 150
19.8518 -10.3603 0.609136 150
19.8724 -10.3206 0.609136 150
19.7056 -10.2339 0.612417 150
19.6439 -10.352 0.612417 150
19.4602 -10.2801 0.615838 150
19.4602 -10.2801 0.615838 150
12.4347 -18.1447 0.616047 151
18.7512 -11.4192 0.61678 150
18.8081 -11.3253 0.61678 150
18.7841 -11.3109 0.617269 150
18.7614 -11.3484 0.617269 150
13.3573 -17.3608 0.617653 153
18.8284 -11.1587 0.617967 154
18.7724 -11.2527 0.617967 154
13.2845 -17.3738 0.618246 155
13.3192 -17.3472 0.618246 155
18.77 -11.1749 0.6187 150
18.7923 -11.1373 0.6187 150
19.3064 -10.1988 0.618874 157
19.3064 -10.1988 0.618874 157
12.3812 -17.951 0.619363 158
18.837 -10.9864 0.619363 150
18.837 -10.9864 0.619363 150
12.4171 -17.9262 0.619363 160
18.8214 -10.9773 0.619677 150
18.8214 -10.9773 0.619677 150
18.8718 -10.8303 0.620201 150
18.8174 -10.9246 0.620201 150
18.8371 -10.8104 0.620899 150
18.8154 -10.8481 0.620899 150
13.2157 -17.2124 0.621213 162
13.1122 -17.2914 0.621213 162
12.4767 -17.7456 0.621353 163
12.3878 -17.8077 0.621353 163
18.8222 -10.7519 0.621632 150
18.8757 -10.6577 0.621632 150
18.8266 -10.6796 0.62219 150
18.8479 -10.6419 0.62219 150
19.0414 -10.2791 0.622295 150
19.0619 -10.241 0.622295 150
18.8428 -10.6142 0.622504 150
18.9062 -10.501 0.622504 150
12.3976 -17.7082 0.622679 165
12.433 -17.6834 0.622679 165
13.0037 -17.2556 0.622854 166
13.0381 -17.2295 0.622854 166
18.8607 -10.5251 0.622993 150
18.8817 -10.4874 0.622993 150
12.4242 -17.6334 0.623482 168
12.5298 -17.5585 0.623482 168
12.9094 -17.2738 0.623586 168
13.0128 -17.196 0.623586 168
18.9178 -10.3348 0.623726 150
18.8554 -10.4482 0.623726 150
18.8897 -10.3195 0.624285 150
18.869 -10.3573 0.624285 150
12.4984 -17.5145 0.624424 170
12.4634 -17.5395 0.624424 170
12.8194 -17.2611 0.624703 170
12.8539 -17.2354 0.624703 170
12.6066 -17.4072 0.624843 170
12.6066 -17.4072 0.624843 170
12.7443 -17.3042 0.624878 170
12.8479 -17.2274 0.624878 170
18.9315 -10.1709 0.624878 171
18.8702 -10.2843 0.624878 171
12.6876 -17.3359 0.625018 172
12.7222 -17.3105 0.625018 172
12.5996 -17.3975 0.625053 172
12.5996 -17.3975 0.625053 172
12.7163 -17.3024 0.625192 172
12.6123 -17.3784 0.625192 172
17.4496 11.7641 0.632662 173
9.42836 18.6713 0.634896 174
17.2697 11.7942 0.634965 175
17.2933 11.7596 0.634965 175
16.9256 12.2421 0.635384 176
16.9256 12.2421 0.635384 176
9.5165 18.5682 0.635803 177
9.47935 18.5872 0.635803 177
9.46481 18.5587 0.636362 177
9.57599 18.5015 0.636362 177
17.1193 11.8681 0.636397 176
17.1902 11.7652 0.636397 176
16.8721 12.2034 0.636536 176
16.8721 12.2034 0.636536 176
16.9503 12.0291 0.637199 176
16.9262 12.0629 0.637199 176
17.0904 11.7975 0.637514 176
17.0668 11.8316 0.637514 176
16.9618 11.9609 0.637723 176
16.9017 12.0455 0.637723 176
16.9672 11.9393 0.637863 176
17.0385 11.8373 0.637863 176
16.9894 11.9042 0.637897 176
16.9655 11.9381 0.637897 176
8.55191 18.7156 0.64083 177
13.8665 -12.56 0.673431 180
13.8665 -12.56 0.673431 180
13.7642 -12.4674 0.675839 180
13.7642 -12.4674 0.675839 180
13.6294 -12.5704 0.676363 180
13.6545 -12.5431 0.676363 180
13.6265 -12.5174 0.677026 180
13.5638 -12.5854 0.677026 180
13.0079 -13.1282 0.67741 181
13.0444 -13.0863 0.67748 181
13.0705 -13.0601 0.67748 181
13.4885 -12.6163 0.677619 182
13.5137 -12.5893 0.677619 182
13.1474 -12.9543 0.677829 182
13.1474 -12.9543 0.677829 182
12.9493 -13.1214 0.678213 182
12.923 -13.1473 0.678213 182
13.5498 12.4266 0.679085 183
13.5249 12.4536 0.679085 183
13.0933 -12.901 0.679155 184
13.0933 -12.901 0.679155 184
13.052 -12.8089 0.680795 184
13.1158 -12.7435 0.680795 184
13.1327 -12.7089 0.681005 184
13.1961 -12.6431 0.681005 184
13.2729 -12.4895 0.681878 184
13.3352 -12.423 0.681878 184
13.0527 -12.6822 0.682331 184
13.0274 -12.7083 0.682331 184
13.2014 -12.4721 0.682994 184
13.1389 -12.538 0.682994 184
13.1956 -12.4666 0.683134 184
13.1706 -12.493 0.683134 184
13.1008 -12.5518 0.683309 184
13.0756 -12.5779 0.683309 184
0.155679 18.0786 0.684426 185
0.101117 18.021 0.685438 185
0.119006 18.0009 0.685787 185
0.227008 17.9998 0.685787 185
0.278447 17.8351 0.688649 185
0.333119 16.9841 0.703484 186
0.231209 16.9858 0.703484 186
0.383844 16.9731 0.703658 186
0.349897 16.9738 0.703658 186
0.349526 16.9558 0.703972 186
0.451254 16.9534 0.703972 186
0.468207 16.953 0.703972 186
0.468207 16.953 0.703972 186
0.468097 16.949 0.704042 186
0.468097 16.949 0.704042 186
0.620397 16.9381 0.704147 186
0.58652 16.9393 0.704147 186
0.688144 16.9354 0.704147 186
0.58652 16.9393 0.704147 186
0.856652 16.9117 0.704426 186
0.822827 16.9134 0.704426 186
0.70433 16.9168 0.704461 186
0.907276 16.9071 0.704461 186
0.82273 16.9114 0.704461 186
0.788905 16.913 0.704461 186
0.738075 16.9133 0.704496 186
0.704247 16.9148 0.704496 186
15.4559 -4.79802 0.717515 187
15.4655 -4.7671 0.717515 187
15.6074 -4.21882 0.717795 187
15.5989 -4.25003 0.717795 187
9.91595 12.7342 0.718283 188
9.89046 12.754 0.718283 188
15.4181 -4.63455 0.718981 187
15.39 -4.72697 0.718981 187
15.5263 -4.19691 0.719261 187
15.5009 -4.28999 0.719261 187
9.29644 13.0879 0.719784 190
9.3226 13.0693 0.719784 190
15.3456 -4.64625 0.720133 187
15.3549 -4.61555 0.720133 187
15.4407 -4.28996 0.720273 187
15.4321 -4.32084 0.720273 187
9.7293 12.7291 0.720343 192
9.7293 12.7291 0.720343 192
15.3954 -4.37706 0.720622 187
15.4214 -4.28461 0.720622 187
15.349 -4.53023 0.720657 187
15.358 -4.49952 0.720657 187
15.3269 -4.59044 0.720727 187
15.3542 -4.4984 0.720727 187
15.3814 -4.38971 0.720796 187
15.3814 -4.38971 0.720796 187
15.3795 -4.38916 0.720831 187
15.3795 -4.38916 0.720831 187
9.32575 12.9637 0.72125 190
9.2478 13.0194 0.72125 190
9.68315 12.6688 0.721669 190
9.68315 12.6688 0.721669 190
9.33763 12.8984 0.722053 190
9.31182 12.9171 0.722053 190
9.64016 12.6387 0.722542 190
9.56416 12.6963 0.722542 190
9.36085 12.8222 0.722891 190
9.28375 12.8781 0.722891 190
9.55092 12.6787 0.722926 190
9.57626 12.6596 0.722926 190
9.53583 12.6851 0.722995 190
9.45955 12.7421 0.722995 190
9.45359 12.734 0.72317 190
9.47904 12.7151 0.72317 190
9.36186 12.7967 0.72324 190
9.38744 12.7779 0.72324 190
9.35714 12.7902 0.723379 190
9.43371 12.7339 0.723379 190
4.55882 13.37 0.753432 195
4.53207 13.3791 0.753432 195
4.41254 13.3326 0.754864 195
4.41254 13.3326 0.754864 195
3.96968 13.4691 0.754898 195
3.94273 13.477 0.754898 195
3.99522 13.4073 0.755806 195
3.92813 13.4271 0.755806 195
4.39181 13.27 0.756015 195
4.39181 13.27 0.756015 195
4.01053 13.3609 0.756504 195
4.03724 13.3529 0.756504 195
4.28959 13.2719 0.756539 195
4.35589 13.2503 0.756539 195
4.07378 13.3292 0.756713 195
4.00708 13.3494 0.756713 195
4.28467 13.2567 0.756818 195
4.31117 13.2481 0.756818 195
4.18756 13.273 0.757062 195
4.25387 13.2519 0.757062 195
4.09219 13.2943 0.757202 195
4.11877 13.2861 0.757202 195
4.18395 13.2615 0.757272 195
4.17068 13.2657 0.757272 195
4.09101 13.2905 0.757272 195
4.21046 13.2531 0.757272 195
8.15796 -3.46838 0.845267 6
8.17863 -3.41937 0.845267 6
7.93782 -3.93278 0.845372 6
7.94567 -3.9169 0.845372 6
8.10666 -3.45615 0.846174 6
8.10666 -3.45615 0.846174 6
7.9063 -3.82893 0.846663 6
7.88318 -3.8763 0.846663 6
8.06068 -3.43654 0.847047 6
8.06068 -3.43654 0.847047 6
7.86626 -3.82898 0.847291 6
7.8739 -3.81324 0.847291 6
8.00341 -3.47853 0.847675 6
7.99644 -3.49453 0.847675 6
7.8679 -3.74257 0.84792 6
7.8679 -3.74257 0.84792 6
7.97957 -3.46817 0.848129 6
7.95862 -3.51598 0.848129 6
7.87029 -3.68597 0.848304 6
7.85176 -3.72527 0.848304 6
7.86109 -3.70085 0.848339 6
7.93707 -3.53496 0.848339 6
7.94413 -3.51908 0.848339 6
7.86848 -3.68512 0.848339 6
7.92461 -3.55794 0.848373 6
7.9423 -3.51827 0.848373 6
7.84442 -3.73141 0.848373 6
7.84442 -3.73141 0.848373 6
7.91201 -3.57131 0.848478 6
7.90485 -3.58713 0.848478 6
7.88137 -3.6241 0.848583 6
7.86315 -3.66346 0.848583 6
7.8741 -3.62076 0.848723 6
7.86684 -3.6365 0.848723 6
7.87223 -3.60085 0.848897 6
7.89014 -3.56144 0.848897 6
0.504338 -2.82286 0.949947 2
0.521266 -2.81979 0.949947 2
0.491026 -2.79679 0.950435 2
0.496618 -2.7958 0.950435 2
0.473076 -2.75931 0.951133 2
0.489624 -2.75643 0.951133 2
0.464942 -2.72824 0.951692 2
0.464942 -2.72824 0.951692 2
0.462926 -2.71642 0.951901 2
0.462926 -2.71642 0.951901 2
0.440357 -2.69788 0.952285 2
0.43496 -2.69876 0.952285 2
0.421679 -2.68467 0.952564 2
0.43778 -2.68209 0.952564 2
-0.0140373 -2.69755 0.952913 2
0.415911 -2.66533 0.952913 2
0.41058 -2.66616 0.952913 2
0.396949 -2.6662 0.952948 2
0.391616 -2.66699 0.952948 2
0.399319 -2.66383 0.952983 2
0.415295 -2.66138 0.952983 2
0.379815 -2.66062 0.953088 2
0.395771 -2.65829 0.953088 2
-0.0139749 -2.68555 0.953123 2
-0.019346 -2.68552 0.953123 2
0.376031 -2.65308 0.953228 2
0.370725 -2.65382 0.953228 2
0.00479905 -2.67159 0.953367 2
0.00479905 -2.67159 0.953367 2
0.00745386 -2.66558 0.953472 2
0.358225 -2.64141 0.953472 2
0.00478828 -2.66559 0.953472 2
0.0234471 -2.66549 0.953472 2
0.00478828 -2.66559 0.953472 2
0.374067 -2.63922 0.953472 2
0.348723 -2.63058 0.953681 2
0.0233416 -2.65349 0.953681 2
0.0180346 -2.65353 0.953681 2
0.353983 -2.62988 0.953681 2
0.353716 -2.6279 0.953716 2
0.340572 -2.62963 0.953716 2
0.0550979 -2.64902 0.953751 2
0.0603958 -2.64891 0.953751 2
0.334807 -2.62634 0.953786 2
0.334807 -2.62634 0.953786 2
0.0417574 -2.64327 0.953856 2
0.0258971 -2.64347 0.953856 2
0.334301 -2.62237 0.953856 2
0.334301 -2.62237 0.953856 2
0.0786387 -2.63843 0.953926 2
0.0628068 -2.63885 0.953926 2
0.291639 -2.62143 0.953961 2
0.283773 -2.62229 0.953961 2
0.296881 -2.62084 0.953961 2
0.296881 -2.62084 0.953961 2
0.041631 -2.63527 0.953995 2
0.0363604 -2.63535 0.953995 2
0.314502 -2.61274 0.954065 2
0.301435 -2.61428 0.954065 2
0.0441655 -2.62923 0.9541 2
0.05994 -2.62892 0.9541 2
0.314024 -2.60877 0.954135 2
0.308806 -2.60939 0.954135 2
0.277472 -2.61291 0.954135 2
0.272246 -2.61346 0.954135 2
0.0782217 -2.62443 0.95417 2
0.0729726 -2.62459 0.95417 2
0.112246 -2.6212 0.954205 2
0.112246 -2.6212 0.954205 2
0.0964435 -2.61983 0.95424 2
0.0912037 -2.62001 0.95424 2
0.0805998 -2.61636 0.95431 2
0.239949 -2.60658 0.95431 2
0.234735 -2.60705 0.95431 2
0.0962964 -2.61583 0.95431 2
0.205887 -2.60749 0.954345 2
0.190238 -2.60867 0.954345 2
0.111904 -2.61321 0.954345 2
0.111904 -2.61321 0.954345 2
0.257992 -2.60285 0.954345 2
0.244974 -2.6041 0.954345 2
0.135314 -2.6101 0.954379 2
0.150973 -2.60924 0.954379 2
0.150973 -2.60924 0.954379 2
0.145754 -2.60953 0.954379 2
0.161161 -2.60462 0.954449 2
0.22362 -2.6 0.954449 2
0.16637 -2.60429 0.954449 2
0.129895 -2.60637 0.954449 2
0.262593 -2.59636 0.954449 2
0.22362 -2.6 0.954449 2
0.124682 -2.60662 0.954449 2
0.275572 -2.59501 0.954449 2
0.257203 -2.59489 0.954484 2
0.181853 -2.60125 0.954484 2
0.187055 -2.60088 0.954484 2
0.252012 -2.5954 0.954484 2
0.238849 -2.59463 0.954519 2
0.225873 -2.59579 0.954519 2
0.116593 -2.60099 0.954554 2
0.152994 -2.5991 0.954554 2
0.165988 -2.59831 0.954554 2
0.129596 -2.60038 0.954554 2
0.204627 -2.59154 0.954624 2
0.199444 -2.59194 0.954624 2
0.222592 -2.58805 0.954659 2
0.222592 -2.58805 0.954659 2
0.186195 -2.58892 0.954694 2
0.170658 -2.58999 0.954694 2
-0.0331637 -2.71738 1.04744 2
-0.0331637 -2.71738 1.04744 2
-0.0334077 -2.73738 1.04778 2
-0.044357 -2.73722 1.04778 2
-0.052914 -2.75507 1.0481 2
-0.0639338 -2.75484 1.0481 2
-0.0530292 -2.76107 1.0482 2
-0.0530292 -2.76107 1.0482 2
-0.0726172 -2.77063 1.04838 2
-0.0726172 -2.77063 1.04838 2
-0.0734031 -2.80061 1.0489 2
-0.0846049 -2.8003 1.0489 2
-0.0944659 -2.844 1.04967 2
-0.0944659 -2.844 1.04967 2
-2.4024 -2.58292 1.06157 3
-2.4024 -2.58292 1.06157 3
-2.42728 -2.57331 1.06175 3
-2.40921 -2.59024 1.06175 3
-2.40921 -2.59024 1.06175 3
-2.42728 -2.57331 1.06175 3
-2.40994 -2.62767 1.06224 3
-2.42043 -2.61801 1.06224 3
-2.5151 -2.66641 1.06398 3
-2.47752 -2.70136 1.06398 3
-2.47752 -2.70136 1.06398 3
-2.5337 -2.64874 1.06398 3
-2.52574 -2.65633 1.06398 3
-2.5337 -2.64874 1.06398 3
-3.27872 -7.88196 1.14901 4
-3.27872 -7.88196 1.14901 4
-3.2864 -7.90042 1.14936 4
-3.31797 -7.88721 1.14936 4
-3.34474 -7.88459 1.1495 4
-3.34474 -7.88459 1.1495 4
-3.34787 -7.89195 1.14964 4
-3.37941 -7.8785 1.14964 4
-3.40382 -7.87016 1.14967 4
-3.40382 -7.87016 1.14967 4
-3.43928 -7.86564 1.14985 4
-3.40779 -7.87933 1.14985 4
-3.24763 -7.96397 1.15013 4
-3.27946 -7.95091 1.15013 4
-3.47093 -7.87358 1.1502 4
-3.47093 -7.87358 1.1502 4
-3.47415 -7.8809 1.15034 4
-3.47415 -7.8809 1.15034 4
-3.53005 -7.85822 1.15037 4
-3.53005 -7.85822 1.15037 4
-3.53169 -7.86186 1.15044 4
-3.56311 -7.84767 1.15044 4
-3.58997 -7.84422 1.15058 4
-3.58997 -7.84422 1.15058 4
-3.62971 -7.84795 1.15093 4
-3.59829 -7.86241 1.15093 4
-3.65915 -7.84971 1.15117 4
-3.65915 -7.84971 1.15117 4
-3.66169 -7.85515 1.15128 4
-3.68524 -7.84413 1.15128 4
-3.71744 -7.83113 1.15131 4
-3.71744 -7.83113 1.15131 4
-3.74782 -7.83438 1.15159 4
-3.7243 -7.84558 1.15159 4
-3.78348 -7.82832 1.15177 4
-3.78348 -7.82832 1.15177 4
-3.84613 -7.8178 1.15208 4
-3.84613 -7.8178 1.15208 4
-3.29067 -8.06951 1.15212 4
-3.29067 -8.06951 1.15212 4
-3.8157 -7.83492 1.15212 4
-3.79218 -7.84633 1.15212 4
-3.85054 -7.82677 1.15225 4
-3.85054 -7.82677 1.15225 4
-3.90971 -7.80856 1.15243 4
-3.90971 -7.80856 1.15243 4
-3.91329 -7.81572 1.15257 4
-3.94452 -7.8 1.15257 4
-3.97971 -7.8113 1.15302 4
-3.97971 -7.8113 1.15302 4
-4.00586 -7.80466 1.15313 4
-3.98243 -7.81664 1.15313 4
-4.03797 -7.79035 1.15316 4
-4.03797 -7.79035 1.15316 4
-4.04257 -7.79922 1.15334 4
-4.06595 -7.78706 1.15334 4
-4.10639 -7.78842 1.15369 4
-4.10639 -7.78842 1.15369 4
-3.30542 -8.17575 1.15393 4
-3.27269 -8.18891 1.15393 4
-4.11479 -7.80435 1.154 4
-4.13818 -7.79197 1.154 4
-4.17309 -7.7824 1.15414 4
-4.16531 -7.78657 1.15414 4
-4.16625 -7.78833 1.15417 4
-4.19737 -7.77161 1.15417 4
-4.23417 -7.76529 1.15438 4
-4.23417 -7.76529 1.15438 4
-4.24183 -7.77933 1.15466 4
-4.24183 -7.77933 1.15466 4
-4.33501 -7.76446 1.15522 4
-4.30391 -7.78174 1.15522 4
-4.35926 -7.75317 1.15526 4
-4.35926 -7.75317 1.15526 4
-4.31363 -7.78093 1.15529 4
-4.30585 -7.78524 1.15529 4
-4.3671 -7.76711 1.15554 4
-4.39813 -7.74958 1.15554 4
-3.31128 -8.28547 1.15575 4
-3.31128 -8.28547 1.15575 4
-4.43029 -7.75198 1.15585 4
-4.43804 -7.74754 1.15585 4
-4.46826 -7.74632 1.15609 4
-4.43724 -7.76413 1.15609 4
-3.29257 -8.40899 1.15763 4
-3.29257 -8.40899 1.15763 4
-3.33121 -8.50768 1.15948 4
-3.33121 -8.50768 1.15948 4
-3.3174 -8.65029 1.16171 4
-3.35198 -8.63695 1.16171 4
-3.36395 -8.77165 1.16398 4
-3.36395 -8.77165 1.16398 4
-3.34112 -8.89794 1.1659 4
-3.37669 -8.88451 1.1659 4
-3.384 -9.01214 1.16803 4
-3.384 -9.01214 1.16803 4
-10.7548 2.81968 1.19407 124
-10.7548 2.81968 1.19407 124
-10.7787 2.79141 1.19435 124
-10.787 2.75907 1.19435 124
-6.86344 -8.98723 1.19739 125
-6.86344 -8.98723 1.19739 125
-6.84675 -9.04012 1.19795 125
-4.09473 -11.0051 1.20496 101
-4.05068 -11.0214 1.20496 101
-4.11138 -11.1866 1.20803 101
-4.11138 -11.1866 1.20803 101
-4.13117 -11.3454 1.21076 101
-4.08576 -11.3619 1.21076 101
-6.96467 -9.89725 1.21124 120
-6.93495 -9.9181 1.21124 120
-4.14869 -11.5369 1.214 101
-4.16022 -11.5327 1.214 101
-4.11892 -11.7109 1.21669 101
-4.16573 -11.6943 1.21669 101
-4.17863 -11.8807 1.21983 101
-4.19051 -11.8765 1.21983 101
-6.36159 -10.9526 1.22109 108
-9.10675 -8.82333 1.22133 122
-6.37364 -10.9734 1.22151 108
-6.41748 -10.9478 1.22151 108
-6.45944 -10.944 1.22182 108
-6.45944 -10.944 1.22182 108
-6.51749 -10.9421 1.22231 108
-6.47367 -10.9681 1.22231 108
-6.55955 -10.9379 1.22262 108
-6.55955 -10.9379 1.22262 108
-6.5688 -10.9534 1.22294 108
-6.5688 -10.9534 1.22294 108
-6.65052 -10.9157 1.22311 108
-6.65052 -10.9157 1.22311 108
-4.17249 -12.0945 1.22332 101
-4.17249 -12.0945 1.22332 101
-6.70669 -10.9094 1.22353 108
-6.663 -10.9361 1.22353 108
-6.76044 -10.9232 1.22423 108
-6.76044 -10.9232 1.22423 108
-6.81997 -10.9216 1.22475 108
-6.77623 -10.9488 1.22475 108
-6.86121 -10.9146 1.22503 108
-6.86121 -10.9146 1.22503 108
-6.86547 -10.9214 1.22517 108
-6.9091 -10.8938 1.22517 108
-6.94928 -10.8848 1.22542 108
-6.94928 -10.8848 1.22542 108
-7.01226 -10.8872 1.22604 108
-6.96865 -10.9152 1.22604 108
-7.06338 -10.8947 1.22664 108
-7.06338 -10.8947 1.22664 108
-4.23705 -12.2817 1.22678 101
-4.23705 -12.2817 1.22678 101
-7.06882 -10.903 1.22681 108
-7.11238 -10.8747 1.22681 108
-7.15377 -10.8667 1.22709 108
-7.15377 -10.8667 1.22709 108
-7.16916 -10.89 1.22758 108
-7.16916 -10.89 1.22758 108
-7.26633 -10.8712 1.22824 108
-7.26633 -10.8712 1.22824 108
-7.27522 -10.8845 1.22852 108
-7.3187 -10.8553 1.22852 108
-7.36133 -10.8482 1.22884 108
-7.36133 -10.8482 1.22884 108
-7.41032 -10.8269 1.22901 108
-7.36695 -10.8565 1.22901 108
-7.45638 -10.8244 1.22943 108
-7.45638 -10.8244 1.22943 108
-7.51616 -10.8414 1.23027 108
-7.4836 -10.8639 1.23027 108
-4.21614 -12.5043 1.23034 101
-4.25364 -12.4916 1.23034 101
-7.57092 -10.8276 1.23062 108
-7.57092 -10.8276 1.23062 108
-7.66389 -10.7988 1.23114 108
-7.66389 -10.7988 1.23114 108
-7.68819 -10.8331 1.23187 108
-7.72066 -10.81 1.23187 108
-7.78604 -10.8098 1.23254 108
-7.78604 -10.8098 1.23254 108
-7.80591 -10.8374 1.23313 108
-7.80591 -10.8374 1.23313 108
-7.8981 -10.8051 1.23362 108
-7.8981 -10.8051 1.23362 108
-4.27876 -12.69 1.23376 101
-4.27876 -12.69 1.23376 101
-7.90636 -10.8164 1.23386 108
-7.93878 -10.7926 1.23386 108
-8.00928 -10.7977 1.23467 108
-8.00928 -10.7977 1.23467 108
-8.06676 -10.8073 1.2354 108
-8.0343 -10.8315 1.2354 108
-8.13518 -10.8085 1.23613 108
-8.13879 -10.8133 1.23624 108
-8.13879 -10.8133 1.23624 108
-4.24072 -12.9176 1.23732 101
-4.29236 -12.9006 1.23732 101
-8.38541 -10.9121 1.24021 108
-8.35264 -10.9372 1.24021 108
-8.45359 -10.9328 1.24123 108
-8.46451 -10.9244 1.24123 108
-4.31494 -13.1437 1.24147 86
-4.32808 -13.1394 1.24147 86
-13.5318 2.96078 1.24179 88
-13.5318 2.96078 1.24179 88
-13.5357 2.96163 1.24186 88
-13.5267 3.00223 1.24186 88
-13.5552 2.90914 1.242 88
-13.5639 2.86847 1.242 88
-13.5263 3.05896 1.24206 88
-13.5263 3.05896 1.24206 88
-8.49273 -10.9834 1.24234 108
-8.53659 -10.9494 1.24234 108
-13.5458 3.06337 1.24241 88
-13.5458 3.06337 1.24241 88
-13.5893 2.87384 1.24245 88
-13.5893 2.87384 1.24245 88
-13.5428 3.14821 1.24269 88
-13.5396 3.16175 1.24269 88
-8.58668 -10.9457 1.24283 108
-8.58668 -10.9457 1.24283 108
-13.6399 2.82758 1.24315 88
-13.6483 2.78665 1.24315 88
-13.5837 3.15772 1.24343 88
-13.5709 3.21203 1.24343 88
-8.61877 -10.9867 1.24374 108
-8.61877 -10.9867 1.24374 108
-13.6836 2.79385 1.24378 88
-13.6836 2.79385 1.24378 88
-8.73507 -10.9533 1.24454 102
-8.72411 -10.962 1.24454 102
-13.6338 3.28455 1.24479 88
-13.6338 3.28455 1.24479 88
-13.775 2.75517 1.24521 88
-13.7832 2.71384 1.24521 88
-8.75026 -10.9949 1.24528 102
-8.79417 -10.9598 1.24528 102
-4.30764 -13.3921 1.24556 86
-4.3478 -13.3791 1.24556 86
-8.87064 -10.965 1.24618 102
-8.85967 -10.9738 1.24618 102
-8.92117 -10.96 1.24667 102
-8.87725 -10.9956 1.24667 102
-8.97301 -10.9564 1.2472 102
-8.98396 -10.9474 1.2472 102
-9.00215 -10.992 1.248 102
-9.04605 -10.9559 1.248 102
-9.10699 -10.9625 1.24877 102
-9.10699 -10.9625 1.24877 102
-11.3154 -8.68433 1.24898 79
-11.3154 -8.68433 1.24898 79
-9.12871 -10.9887 1.24936 102
-9.17259 -10.9521 1.24936 102
-4.37806 -13.611 1.24957 82
-4.37806 -13.611 1.24957 82
-9.22216 -10.9444 1.24981 102
-9.22216 -10.9444 1.24981 102
-1.43754 14.2716 1.25037 84
-9.24277 -10.9689 1.25037 196
-1.49462 14.2657 1.25037 84
-9.28658 -10.9318 1.25037 102
-9.34142 -10.9297 1.25097 102
-9.34142 -10.9297 1.25097 102
-9.3687 -10.9617 1.2517 102
-9.3687 -10.9617 1.2517 102
-9.47271 -10.9276 1.25243 102
-9.47271 -10.9276 1.25243 102
-9.48973 -10.9472 1.25289 102
-9.53345 -10.9091 1.25289 102
-9.58198 -10.8985 1.2533 102
-9.58198 -10.8985 1.2533 102
-4.35395 -13.8684 1.25372 80
-4.39554 -13.8553 1.25372 80
-9.6031 -10.9225 1.25386 102
-9.64672 -10.884 1.25386 102
-9.70993 -10.8894 1.25467 102
-9.70993 -10.8894 1.25467 102
-9.72191 -10.9028 1.25498 102
-9.76545 -10.8638 1.25498 102
-11.3996 -9.40067 1.25791 79
-11.3996 -9.40067 1.25791 79
-4.42763 -14.1031 1.25802 78
-4.42763 -14.1031 1.25802 78
-11.4135 -9.41212 1.25823 79
-11.451 -9.36639 1.25823 79
-13.3892 -6.74396 1.26168 41
-13.3892 -6.74396 1.26168 41
-13.3799 -6.80653 1.26203 41
-13.3595 -6.84664 1.26203 41
-10.4189 -10.8267 1.26227 85
-10.3864 -10.858 1.26227 85
-4.45101 -14.3785 1.26273 70
-4.40786 -14.3918 1.26273 70
-10.4872 -10.8108 1.2629 85
-10.4872 -10.8108 1.2629 85
-13.4057 -6.87035 1.26294 41
-13.4057 -6.87035 1.26294 41
-13.4606 -6.77994 1.26308 41
-13.4809 -6.73953 1.26308 41
-13.3941 -6.93219 1.26325 41
-13.3733 -6.97234 1.26325 41
-10.5405 -10.8008 1.26343 85
-10.5081 -10.8324 1.26343 85
-13.391 -6.98159 1.2636 41
-13.391 -6.98159 1.2636 41
-10.6131 -10.7885 1.26416 85
-10.6131 -10.7885 1.26416 85
-13.3736 -7.09202 1.26423 41
-13.3736 -7.09202 1.26423 41
-13.5759 -6.71926 1.2644 41
-13.5759 -6.71926 1.2644 41
-10.6764 -10.7878 1.26493 85
-10.6439 -10.8198 1.26493 85
-13.4178 -7.11544 1.2651 41
-13.4178 -7.11544 1.2651 41
-10.7547 -10.7804 1.2658 85
-10.7547 -10.7804 1.2658 85
-13.428 -7.18982 1.26587 41
-13.4063 -7.23007 1.26587 41
-13.6821 -6.72082 1.26608 41
-13.6619 -6.76184 1.26608 41
-13.438 -7.24716 1.2665 41
-13.438 -7.24716 1.2665 41
-10.7858 -10.8116 1.26657 81
-10.8182 -10.7792 1.26657 81
-13.4356 -7.29794 1.26688 41
-13.4063 -7.35162 1.26688 41
-10.8754 -10.7499 1.26692 81
-10.8754 -10.7499 1.26692 81
-13.7754 -6.69839 1.26737 41
-13.7754 -6.69839 1.26737 41
-13.4361 -7.36797 1.26748 59
-13.4361 -7.36797 1.26748 59
-4.48984 -14.6595 1.26762 52
-4.48984 -14.6595 1.26762 52
-10.911 -10.785 1.26779 81
-10.911 -10.785 1.26779 81
-13.4121 -7.47742 1.26803 59
-13.4419 -7.42371 1.26803 59
-13.8603 -6.68832 1.26863 41
-9.76506 11.8947 1.26863 58
-9.77695 11.885 1.26863 58
-13.8402 -6.72988 1.26863 41
-13.4628 -7.50565 1.26905 51
-13.4628 -7.50565 1.26905 51
-13.4395 -7.61647 1.26964 51
-13.4623 -7.57612 1.26964 51
-11.0707 -10.7907 1.26985 197
-13.9597 -6.68471 1.27016 47
-13.4656 -7.63126 1.27016 51
-13.9597 -6.68471 1.27016 47
-13.4656 -7.63126 1.27016 51
-11.1497 -10.738 1.2702 79
-11.1604 -10.7268 1.2702 79
-13.4669 -7.6855 1.27065 48
-13.4361 -7.7393 1.27065 48
-11.2171 -10.7168 1.27079 79
-11.1741 -10.7616 1.27079 79
-13.4777 -7.76326 1.27149 46
-13.4777 -7.76326 1.27149 46
-11.2991 -10.709 1.27173 79
-11.2991 -10.709 1.27173 79
-14.0444 -6.72531 1.2718 41
-14.0444 -6.72531 1.2718 41
-13.4661 -7.88267 1.27236 42
-13.4661 -7.88267 1.27236 42
-4.4678 -14.9607 1.27254 36
-4.4678 -14.9607 1.27254 36
-11.3661 -10.7079 1.27257 79
-11.3339 -10.742 1.27257 79
-13.5006 -7.90287 1.27306 35
-13.5006 -7.90287 1.27306 35
-14.1883 -6.6552 1.27355 41
-14.1883 -6.6552 1.27355 41
-13.4708 -8.01252 1.27358 35
-11.4512 -10.702 1.27358 79
-11.4512 -10.702 1.27358 79
-13.5027 -7.95857 1.27358 35
-11.4746 -10.7238 1.27414 79
-11.5067 -10.6894 1.27414 79
-13.5017 -8.03092 1.27421 35
-13.5017 -8.03092 1.27421 35
-11.5681 -10.6819 1.27484 79
-11.5681 -10.6819 1.27484 79
-14.2807 -6.64635 1.27495 41
-14.2607 -6.68917 1.27495 41
-13.4828 -8.14798 1.27498 35
-13.5153 -8.09399 1.27498 35
-11.6431 -10.6653 1.27561 76
-11.6004 -10.7118 1.27561 76
-13.529 -8.17591 1.27592 33
-13.529 -8.17591 1.27592 33
-13.5284 -8.23101 1.27641 33
-13.4953 -8.28506 1.27641 33
-14.3877 -6.64372 1.27662 41
-14.3944 -6.62933 1.27662 41
-11.7209 -10.672 1.27669 76
-11.7209 -10.672 1.27669 76
-13.5345 -8.30912 1.27721 27
-13.5345 -8.30912 1.27721 27
-4.54733 -15.2271 1.27739 36
-4.54733 -15.2271 1.27739 36
-11.7594 -10.7071 1.2776 76
-11.7594 -10.7071 1.2776 76
-13.4981 -8.41741 1.27767 27
-13.5316 -8.36336 1.27767 27
-14.4585 -6.67642 1.27798 41
-14.4851 -6.61853 1.27798 41
-13.4897 -8.4685 1.27802 27
-13.4557 -8.52239 1.27802 27
-11.8608 -10.6485 1.27823 72
-11.8608 -10.6485 1.27823 72
-13.5439 -8.44598 1.27861 27
-13.5439 -8.44598 1.27861 27
-11.9332 -10.6276 1.27892 66
-11.8906 -10.6752 1.27892 66
-13.5199 -8.56305 1.27934 27
-13.5199 -8.56305 1.27934 27
-14.6062 -6.60337 1.2798 41
-14.5996 -6.61797 1.2798 41
-12.028 -10.6261 1.28015 66
-12.0174 -10.6381 1.28015 66
-13.5236 -8.69859 1.28067 19
-13.5236 -8.69859 1.28067 19
-12.0563 -10.6726 1.28105 66
-12.0989 -10.6243 1.28105 66
-13.5656 -8.72563 1.28154 19
-14.6907 -6.65925 1.28154 41
-14.7172 -6.60044 1.28154 41
-13.5656 -8.72563 1.28154 19
-12.1805 -10.61 1.28196 54
-12.1699 -10.6221 1.28196 54
-13.588 -8.79781 1.28255 19
-13.5527 -8.85209 1.28255 19
-4.58943 -15.5379 1.2828 20
-12.2061 -10.6537 1.2828 199
-4.52725 -15.5561 1.2828 20
-12.2486 -10.6048 1.2828 54
-13.5963 -8.88052 1.28346 19
-13.5963 -8.88052 1.28346 19
-12.3137 -10.5967 1.28357 54
-12.3137 -10.5967 1.28357 54
-13.6013 -8.94214 1.28413 19
-13.5744 -8.98291 1.28413 19
-12.3516 -10.6293 1.28444 45
-12.394 -10.5798 1.28444 45
-13.6044 -9.00277 1.28475 19
-13.6044 -9.00277 1.28475 19
-12.4699 -10.5801 1.28545 45
-12.4699 -10.5801 1.28545 45
-13.5776 -9.12232 1.28552 19
-13.6049 -9.08154 1.28552 19
-13.6307 -9.158 1.28664 19
-13.6307 -9.158 1.28664 19
-12.5657 -10.5752 1.28667 40
-12.5233 -10.6254 1.28667 40
-12.6296 -10.5644 1.28741 40
-12.6296 -10.5644 1.28741 40
-13.637 -9.24162 1.28755 19
-13.5999 -9.29609 1.28755 19
-12.6633 -10.5926 1.28817 200
-12.6633 -10.5926 1.28817 200
-13.633 -9.31866 1.28824 19
-13.633 -9.31866 1.28824 19
-4.62056 -15.8768 1.28863 18
-4.62056 -15.8768 1.28863 18
-13.6113 -9.4242 1.28898 19
-13.6395 -9.38332 1.28898 19
-13.6557 -9.45493 1.28992 19
-13.6557 -9.45493 1.28992 19
-13.6334 -9.58133 1.29086 19
-13.6334 -9.58133 1.29086 19
-12.9469 -10.5253 1.29125 30
-12.9469 -10.5253 1.29125 30
-13.6792 -9.61353 1.29184 19
-13.6792 -9.61353 1.29184 19
-12.9904 -10.5606 1.29222 28
-13.0325 -10.5086 1.29222 28
-13.6716 -9.69014 1.2925 19
-13.6425 -9.73111 1.2925 19
-13.0999 -10.4982 1.29303 28
-13.0999 -10.4982 1.29303 28
-15.3527 -6.83018 1.29331 201
-15.3799 -6.76871 1.29331 201
-13.6881 -9.76362 1.29348 19
-13.6881 -9.76362 1.29348 19
-13.1997 -10.4917 1.29432 22
-13.6583 -9.88734 1.29432 19
-13.1576 -10.5445 1.29432 202
-13.6879 -9.84632 1.29432 19
-4.60038 -16.23 1.29446 18
-4.66526 -16.2115 1.29446 18
-15.4692 -6.73428 1.29449 203
-15.4624 -6.74974 1.29449 203
-13.2734 -10.4856 1.29526 22
-13.2734 -10.4856 1.29526 22
-13.702 -9.919 1.29526 19
-13.702 -9.919 1.29526 19
-15.5357 -6.78174 1.29589 204
-15.5627 -6.71955 1.29589 204
-13.6838 -10.0526 1.29638 19
-13.7139 -10.0115 1.29638 19
-13.3688 -10.4743 1.29645 19
-13.3268 -10.5277 1.29645 19
-13.7257 -10.0833 1.29728 19
-13.7257 -10.0833 1.29728 19
-13.4459 -10.4698 1.29746 19
-13.4459 -10.4698 1.29746 19
-13.7243 -10.1459 1.29791 19
-13.6836 -10.2007 1.29791 19
-13.5105 -10.4551 1.29819 19
-13.4791 -10.4956 1.29819 19
-13.5982 -10.4363 1.2992 19
-13.5982 -10.4363 1.2992 19
-15.785 -6.75942 1.29973 205
-15.785 -6.75942 1.29973 205
-13.7959 -10.2843 1.30036 19
-13.7959 -10.2843 1.30036 19
-4.69309 -16.5571 1.30039 18
-4.69309 -16.5571 1.30039 18
-15.8291 -6.77831 1.30057 206
-15.8291 -6.77831 1.30057 206
-13.7746 -10.4193 1.30147 19
-13.8161 -10.3641 1.30147 19
-15.9278 -6.68902 1.30154 207
-15.9278 -6.68902 1.30154 207
-13.7889 -10.4301 1.30179 19
-13.7889 -10.4301 1.30179 19
-12.5226 12.0077 1.30283 209
-12.5226 12.0077 1.30283 209
-12.4426 12.0992 1.30294 209
-12.4426 12.0992 1.30294 209
-12.5644 11.9755 1.30297 209
-12.5284 12.0132 1.30297 209
-12.6122 11.9252 1.30297 209
-12.5284 12.0132 1.30297 209
-12.6267 11.9389 1.30332 209
-12.6267 11.9389 1.30332 209
-12.4698 12.1257 1.3036 209
-12.4334 12.163 1.3036 209
-12.7275 11.8666 1.30374 209
-12.68 11.9174 1.30374 209
-16.0911 -6.68201 1.30413 41
-16.0643 -6.74632 1.30413 41
-12.7597 11.8966 1.30451 209
-12.7597 11.8966 1.30451 209
-12.433 12.2604 1.30479 209
-12.433 12.2604 1.30479 209
-12.8511 11.9099 1.30584 209
-12.8986 11.8584 1.30584 209
-12.4445 12.3455 1.30598 209
-12.4815 12.3082 1.30598 209
-4.74051 -16.9177 1.30667 18
-4.67281 -16.9365 1.30667 18
-16.2664 -6.69766 1.30706 213
-16.2664 -6.69766 1.30706 213
-16.3486 -6.65516 1.3081 213
-16.3219 -6.7205 1.3081 213
-16.4167 -6.62554 1.30901 213
-16.4167 -6.62554 1.30901 213
-16.4877 -6.5776 1.30985 213
-16.4612 -6.6435 1.30985 213
-4.77067 -17.2912 1.3131 18
-4.77067 -17.2912 1.3131 18
-16.7863 -6.63842 1.31509 41
-16.8127 -6.57122 1.31509 41
-17.0188 -6.59299 1.31858 41
-17.0188 -6.59299 1.31858 41
-4.82188 -17.6836 1.31994 16
-4.75111 -17.7027 1.31994 16
-17.1568 -6.64645 1.32116 41
-17.1832 -6.57777 1.32116 41
-17.2889 -6.55881 1.32276 41
-17.2889 -6.55881 1.32276 41
-16.7128 8.10222 1.3242 216
-16.7128 8.10222 1.3242 216
-17.4385 -6.61556 1.32556 217
-17.4385 -6.61556 1.32556 217
-4.84441 -18.0504 1.32622 16
-17.5781 -6.52814 1.3273 41
-17.5781 -6.52814 1.3273 41
-18.0253 -6.46949 1.33428 41
-17.9992 -6.54154 1.33428 41
-18.1388 -6.44888 1.33603 41
-18.1388 -6.44888 1.33603 41
-17.4749 8.17155 1.33673 219
-17.4749 8.17155 1.33673 219
-17.5534 8.05903 1.33715 219
-17.5534 8.05903 1.33715 219
-17.5807 8.07155 1.33767 219
-17.5807 8.07155 1.33767 219
-17.6176 8.02457 1.33791 219
-17.6495 7.95404 1.33791 219
-17.6696 7.96308 1.3383 219
-17.6696 7.96308 1.3383 219
-17.5469 8.29093 1.33875 219
-17.5799 8.22067 1.33875 219
-17.7487 7.84971 1.33875 219
-17.7171 7.92064 1.33875 219
-17.7993 7.8934 1.33987 219
-17.8072 7.87559 1.33987 219
-17.6014 8.38136 1.34029 219
-17.6014 8.38136 1.34029 219
-17.8857 7.84624 1.34092 219
-17.9169 7.77463 1.34092 219
-17.9279 7.77941 1.34112 219
-17.9201 7.79733 1.34112 219
-17.7278 8.44154 1.34273 221
-17.6939 8.51238 1.34273 221
-18.5612 -6.45308 1.34301 41
-18.5869 -6.37879 1.34301 41
-18.5612 -6.45308 1.34301 41
-18.5612 -6.45308 1.34301 41
-18.8862 -6.41823 1.34818 41
-18.8862 -6.41823 1.34818 41
-19.0065 -6.37442 1.34992 41
-18.9808 -6.4504 1.34992 41
-19.4495 -6.15723 1.3561 41
-19.4495 -6.15723 1.3561 41
-19.4705 -6.16387 1.35648 41
-19.4889 -6.10543 1.35648 41
-19.4686 -6.24904 1.3569 41
-19.4051 -6.44341 1.3569 41
-19.4051 -6.44341 1.3569 41
-19.4497 -6.30742 1.3569 41
-19.5724 -6.04572 1.35756 41
-19.5724 -6.04572 1.35756 41
-19.7396 -6.03257 1.36029 41
-19.7214 -6.09176 1.36029 41
-19.9206 -6.00085 1.36315 41
-19.9206 -6.00085 1.36315 41
-20.0814 -6.0493 1.36608 41
-20.0995 -5.98903 1.36608 41
-20.296 -5.95929 1.36922 41
-5.19646 -20.5046 1.36922 11
-5.19646 -20.5046 1.36922 11
-5.19646 -20.5046 1.36922 11
-20.296 -5.95929 1.36922 223
-5.19646 -20.5046 1.36922 11
-5.34087 -20.4715 1.36929 11
-5.34087 -20.4715 1.36929 11
-5.42681 -20.4655 1.36957 11
-5.34491 -20.487 1.36957 11
-5.14657 -20.5666 1.37006 11
-5.06426 -20.587 1.37006 11
-5.50736 -20.5206 1.37086 11
-20.4648 -6.00887 1.37229 224
-20.4828 -5.94745 1.37229 224
-20.6756 -5.91386 1.37537 224
-20.6756 -5.91386 1.37537 224
-20.8217 -5.95565 1.37802 224
-5.1875 -21.088 1.37907 11
-5.1875 -21.088 1.37907 11
-5.16691 -21.6568 1.38863 11
-5.2535 -21.6359 1.38863 11
-22.5118 3.94331 1.39893 225
-22.4958 4.03332 1.39893 225
-22.4915 4.10223 1.39907 225
-22.4915 4.10223 1.39907 225
-22.5236 3.94538 1.39914 225
-22.5236 3.94538 1.39914 225
-22.553 3.88084 1.39945 225
-22.5684 3.7906 1.39945 225
-22.5308 4.10941 1.39976 225
-22.5308 4.10941 1.39976 225
-5.33769 -22.2739 1.3998 11
-5.31541 -22.2792 1.3998 11
-22.6078 3.79722 1.40015 225
-22.6078 3.79722 1.40015 225
-22.5781 4.28155 1.40113 225
-22.5781 4.28155 1.40113 225
-22.7168 3.65221 1.40161 225
-22.702 3.74305 1.40161 225
-22.657 4.39047 1.40284 225
-22.6744 4.2998 1.40284 225
-22.8649 3.67602 1.40423 229
-22.8649 3.67602 1.40423 229
-5.3961 -22.9218 1.41104 9
-5.30437 -22.9432 1.41104 9
-5.46203 -23.6251 1.42326 9
-5.46203 -23.6251 1.42326 9
-8.49142 23.4523 1.43537 230
-8.49142 23.4523 1.43537 230
-5.45988 -24.3926 1.43631 8
-5.5574 -24.3706 1.43631 8
-8.39381 23.6996 1.43886 231
-8.39381 23.6996 1.43886 231
-5.79446 24.4838 1.43917 232
-5.89235 24.4605 1.43917 232
-5.72189 24.505 1.43924 232
-5.72189 24.505 1.43924 232
-21.8141 13.2369 1.44539 233
-21.8537 13.1714 1.44539 233
-21.8623 13.1766 1.44556 233
-21.8623 13.1766 1.44556 233
-21.7863 13.3096 1.44563 233
-21.7863 13.3096 1.44563 233
-21.7669 13.4176 1.44633 233
-21.8204 13.3304 1.44633 233
-21.9953 13.0477 1.4464 233
-21.956 13.1136 1.4464 233
-21.7911 13.5229 1.44765 233
-21.7911 13.5229 1.44765 233
-22.0744 13.0946 1.448 233
-22.0744 13.0946 1.448 233
-21.8948 13.5872 1.44978 233
-21.8948 13.5872 1.44978 233
-5.63459 -25.1732 1.45027 7
-5.65976 -25.1675 1.45027 7
-22.3538 13.0497 1.45181 234
-22.3145 13.1167 1.45181 234
-9.90639 23.9371 1.45219 235
-5.48365 25.4295 1.45408 232
-5.55991 25.4129 1.45408 232
-5.59453 25.5712 1.4569 232
-5.59453 25.5712 1.4569 232
-5.44932 25.7701 1.45977 232
-10.7181 24.1701 1.46151 237
-10.6939 24.1808 1.46151 237
-10.6294 24.2311 1.46186 237
-10.7262 24.1884 1.46186 237
-10.8036 24.1671 1.46207 237
-10.9002 24.1237 1.46207 237
-10.5909 24.3417 1.46336 237
-10.5909 24.3417 1.46336 237
-10.9381 24.2075 1.46368 237
-10.9139 24.2184 1.46368 237
-5.72754 -25.9535 1.46392 7
-5.62368 -25.9762 1.46392 7
-8.27809 25.2854 1.46441 232
-8.35391 25.2604 1.46441 232
-11.1658 24.2575 1.46612 239
-11.1658 24.2575 1.46612 239
-11.1892 24.3083 1.4671 239
-11.1892 24.3083 1.4671 239
-11.3854 24.2855 1.46818 239
-11.2882 24.3309 1.46818 239
-8.2494 25.5428 1.46853 240
-8.2494 25.5428 1.46853 240
-11.4253 24.3706 1.46982 241
-11.4253 24.3706 1.46982 241
-11.5291 24.4013 1.47108 241
-11.6023 24.3666 1.47108 241
-0.0914816 26.9937 1.47118 242
-0.199455 26.9932 1.47118 242
-11.6367 24.4389 1.47247 243
-11.6367 24.4389 1.47247 243
-11.8388 24.4216 1.47373 243
-11.7655 24.457 1.47373 243
-11.8545 24.454 1.47436 243
-11.8545 24.454 1.47436 243
-12.0693 24.3978 1.47512 243
-11.9716 24.4459 1.47512 243
-12.0537 24.4278 1.47547 243
-12.2244 24.3428 1.47547 243
-12.0782 24.4157 1.47547 243
-12.1514 24.3794 1.47547 243
-5.81282 -26.8498 1.47952 244
-5.83967 -26.844 1.47952 244
-26.7603 -6.48046 1.4806 245
-12.5555 24.5112 1.48071 246
-12.5555 24.5112 1.48071 246
-26.8425 -6.27345 1.48116 247
-26.8425 -6.27345 1.48116 247
-8.14559 27.0603 1.49327 248
-8.11853 27.0684 1.49327 248
-8.16231 27.1158 1.49429 248
-8.05378 27.1483 1.49429 248
-24.928 13.6314 1.49593 249
-24.928 13.6314 1.49593 249
-5.82085 -27.8274 1.49624 250
-5.82085 -27.8274 1.49624 250
-14.3356 24.5576 1.49635 251
-14.3356 24.5576 1.49635 251
-13.8207 24.8602 1.49649 251
-13.7211 24.9153 1.49649 251
-28.387 -5.2123 1.50378 252
-28.387 -5.2123 1.50378 252
-16.1403 24.0857 1.50608 253
-16.1403 24.0857 1.50608 253
-16.0958 24.2283 1.50773 253
-16.1926 24.1637 1.50773 253
-16.3658 24.0564 1.50787 253
-16.3658 24.0564 1.50787 253
-16.4142 24.1275 1.50937 253
-16.4142 24.1275 1.50937 253
-16.0781 24.36 1.50947 253
-16.0781 24.36 1.50947 253
-16.0642 24.4984 1.51136 253
-16.1376 24.4501 1.51136 253
-15.989 24.5976 1.51209 253
-15.989 24.5976 1.51209 253
-6.02965 -28.8256 1.51404 254
-6.02965 -28.8256 1.51404 254
-29.0868 -5.43104 1.51649 255
-29.0648 -5.54734 1.51649 255
-7.94438 28.5508 1.51729 256
-7.94438 28.5508 1.51729 256
-7.83011 28.5824 1.51729 256
-7.94438 28.5508 1.51729 256
-29.309 -5.16978 1.51949 255
-29.309 -5.16978 1.51949 255
-29.4628 -4.9845 1.52158 255
-29.4628 -4.9845 1.52158 255
-28.7332 -8.21858 1.52165 258
-29.4713 -5.07694 1.522 259
-29.4508 -5.19479 1.522 259
-29.5435 -5.42465 1.52431 259
-29.565 -5.30643 1.52431 259
-29.6364 -4.89201 1.52431 259
-29.2917 -6.66077 1.52434 255
-29.2917 -6.66077 1.52434 255
-29.3086 -6.75715 1.525 255
-29.2882 -6.84505 1.525 255
-6.04221 -29.9295 1.53296 261
-6.16188 -29.9051 1.53296 261
-5.23268 30.4124 1.53865 262
-5.32389 30.3966 1.53865 262
-4.81201 30.5183 1.53928 262
-4.90355 30.5037 1.53928 262
-5.11861 30.4785 1.53945 262
-5.11861 30.4785 1.53945 262
-5.02877 30.5036 1.53963 262
-5.12026 30.4883 1.53963 262
-7.66517 29.9706 1.53998 263
-7.66517 29.9706 1.53998 263
-4.91656 30.5846 1.54071 264
-4.91656 30.5846 1.54071 264
-0.41592 31.0625 1.54225 265
-0.41592 31.0625 1.54225 265
-0.633468 31.0648 1.54235 265
-0.416054 31.0725 1.54242 265
-7.69986 30.1062 1.54242 266
-7.57937 30.1368 1.54242 266
-0.63359 31.0708 1.54246 265
-0.540375 31.0726 1.54246 265
-0.757868 31.068 1.54246 265
-0.851452 31.0796 1.5427 265
-0.851452 31.0796 1.5427 265
-4.72208 30.7468 1.54298 268
-4.75282 30.742 1.54298 268
-0.976453 31.0979 1.54308 265
-5.5882 30.6419 1.54368 270
-5.5882 30.6419 1.54368 270
-5.58928 30.6478 1.54378 270
-5.58928 30.6478 1.54378 270
-5.37495 30.6881 1.54382 270
-5.37495 30.6881 1.54382 270
-1.72511 31.1135 1.54392 265
-1.72511 31.1135 1.54392 265
-1.72577 31.1254 1.54413 265
-1.72577 31.1254 1.54413 265
-4.54743 30.8418 1.54417 272
-4.42403 30.8598 1.54417 272
-1.85145 31.1383 1.54448 265
-1.94485 31.1326 1.54448 265
-1.9461 31.1525 1.54483 265
-1.9461 31.1525 1.54483 265
-2.16453 31.1441 1.54493 265
-2.07109 31.1505 1.54493 265
-2.16675 31.176 1.54549 265
-2.16675 31.176 1.54549 265
-2.26114 31.1814 1.5457 265
-2.38584 31.1721 1.5457 265
-6.04212 30.6901 1.54598 274
-5.95002 30.7081 1.54598 274
-2.38768 31.196 1.54612 265
-2.38768 31.196 1.54612 265
-2.60799 31.2024 1.54654 265
-2.48316 31.2126 1.54654 265
-5.74262 30.7903 1.54671 276
-5.83496 30.7729 1.54671 276
-2.60965 31.2224 1.54689 265
-2.60965 31.2224 1.54689 265
-2.70365 31.2184 1.54696 265
-4.53976 31.0046 1.54696 278
-4.57077 31.0001 1.54696 278
-2.8285 31.2073 1.54696 279
-5.83981 30.7985 1.54717 280
-5.83981 30.7985 1.54717 280
-2.82977 31.2212 1.5472 281
-2.82977 31.2212 1.5472 281
-3.05272 31.2465 1.54801 281
-3.05272 31.2465 1.54801 281
-3.05447 31.2644 1.54832 281
-3.05447 31.2644 1.54832 281
-4.80782 31.0977 1.54926 282
-4.68339 31.1167 1.54926 282
-3.50319 31.3199 1.5501 283
-3.50319 31.3199 1.5501 283
-6.10624 31.0158 1.55178 284
-6.10624 31.0158 1.55178 284
-4.39339 31.3145 1.55195 285
-4.39339 31.3145 1.55195 285
-3.73557 31.4058 1.55205 286
-3.60992 31.4205 1.55205 286
-6.3356 31.0331 1.55286 287
-6.3356 31.0331 1.55286 287
-6.24444 31.0617 1.55303 287
-6.3376 31.0428 1.55303 287
-3.74714 31.5031 1.55376 288
-3.74714 31.5031 1.55376 288
-6.31154 -31.1033 1.55397 289
-6.28043 -31.1095 1.55397 289
-4.41561 31.4729 1.55474 290
-4.41561 31.4729 1.55474 290
-3.84938 31.5552 1.55488 290
-3.97557 31.5396 1.55488 290
-3.98007 31.5753 1.55551 290
-3.98007 31.5753 1.55551 290
-4.07657 31.5771 1.55575 290
-4.20285 31.5605 1.55575 290
-30.7001 -8.58226 1.55642 291
-30.7342 -8.45939 1.55642 291
-30.7472 -8.56228 1.55712 291
-30.7386 -8.59303 1.55712 291
-4.21631 31.6616 1.55753 290
-4.21631 31.6616 1.55753 290
-6.60732 31.7161 1.56549 293
-6.70243 31.6962 1.56549 293
-6.79965 32.1559 1.5737 293
-6.43657 -32.3835 1.57631 294
-6.30698 -32.409 1.57631 294
-7.33649 32.4438 1.58061 295
-7.33649 32.4438 1.58061 295
-3.9004 -33.414 1.5872 296
-3.9004 -33.414 1.5872 296
-4.36832 -33.3601 1.58727 296
-4.36832 -33.3601 1.58727 296
-3.66772 -33.4524 1.58741 297
-3.66772 -33.4524 1.58741 297
-3.66794 -33.4544 1.58745 297
-3.80172 -33.4395 1.58745 297
-4.03594 -33.414 1.58748 297
-3.90226 -33.4299 1.58748 297
-3.56819 -33.4712 1.58755 297
-3.43428 -33.4852 1.58755 297
-4.13666 -33.4057 1.58755 297
-4.13666 -33.4057 1.58755 297
-4.13715 -33.4097 1.58762 297
-4.13715 -33.4097 1.58762 297
-3.43489 -33.4912 1.58766 297
-3.43489 -33.4912 1.58766 297
-2.73265 -33.5779 1.58804 297
-2.73265 -33.5779 1.58804 297
-2.06096 -33.6318 1.58815 301
-2.06096 -33.6318 1.58815 301
-2.06267 -33.6597 1.58863 301
-2.97062 -33.5918 1.58863 297
-2.16364 -33.6534 1.58863 303
-3.10497 -33.5796 1.58863 297
-3.20569 -33.5702 1.58863 297
-3.33995 -33.5571 1.58863 297
-2.53384 -33.6295 1.58867 297
-2.50021 -33.6321 1.58867 297
-2.50051 -33.636 1.58874 297
-2.63503 -33.6258 1.58874 297
-3.20626 -33.5761 1.58874 297
-3.20626 -33.5761 1.58874 297
-1.35574 -33.7036 1.58877 306
-1.35574 -33.7036 1.58877 306
-2.73606 -33.6197 1.58877 307
-1.35574 -33.7036 1.58877 308
-1.35574 -33.7036 1.58877 308
-2.73606 -33.6197 1.58877 309
-2.97151 -33.6017 1.58881 309
-2.97151 -33.6017 1.58881 309
-1.12018 -33.7243 1.58898 310
-1.22135 -33.7207 1.58898 310
-2.30028 -33.6744 1.58916 297
-2.30028 -33.6744 1.58916 297
-2.4013 -33.6673 1.58916 297
-2.30028 -33.6744 1.58916 297
-1.69521 -33.7383 1.58965 301
-1.59399 -33.7432 1.58965 301
-1.93248 -33.7456 1.59 301
-1.83123 -33.7512 1.59 301
-7.45557 32.9704 1.59003 313
-7.45557 32.9704 1.59003 313
-1.59644 -33.7952 1.59055 314
-1.59644 -33.7952 1.59055 314
-1.83687 -33.855 1.59181 314
-1.83687 -33.855 1.59181 314
-33.1492 -7.39863 1.59286 315
-33.1193 -7.53117 1.59286 315
-1.30409 33.9538 1.5931 316
-33.2318 -7.31247 1.59394 317
-33.2318 -7.31247 1.59394 317
-33.423 -7.10963 1.59645 317
-33.4512 -6.97588 1.59645 317
-33.4426 -7.11379 1.5968 317
-33.4426 -7.11379 1.5968 317
-33.5013 -6.88153 1.59698 317
-33.5013 -6.88153 1.59698 317
-33.5325 -7.23813 1.59879 317
-1.18339 34.3984 1.60078 318
-1.18339 34.3984 1.60078 318
-33.7958 -6.69582 1.60137 319
-33.7958 -6.69582 1.60137 319
-33.7998 -6.6966 1.60144 319
-33.7998 -6.6966 1.60144 319
-33.8615 -6.46284 1.60172 319
-6.59194 -33.8733 1.60235 320
-6.62581 -33.8667 1.60235 320
-4.61631 -34.4508 1.60672 321
-4.51293 -34.4645 1.60672 321
-4.9967 -34.4098 1.60692 321
-5.09991 -34.3947 1.60692 321
-4.75654 -34.4499 1.60703 321
-4.75654 -34.4499 1.60703 321
-4.99871 -34.4237 1.60717 321
-4.99871 -34.4237 1.60717 321
-4.7579 -34.4598 1.6072 321
-4.86126 -34.4454 1.6072 321
-5.24016 -34.3918 1.60724 321
-5.24016 -34.3918 1.60724 321
-5.24197 -34.4036 1.60745 321
-5.34515 -34.3878 1.60745 321
-5.72375 -34.3308 1.60752 321
-5.72375 -34.3308 1.60752 321
-5.58766 -34.3613 1.60766 321
-5.48455 -34.378 1.60766 321
-5.72506 -34.3387 1.60766 321
-5.72506 -34.3387 1.60766 321
-5.4855 -34.3839 1.60776 321
-5.4855 -34.3839 1.60776 321
-5.96803 -34.3136 1.60794 321
-5.96803 -34.3136 1.60794 321
-6.3134 -34.2659 1.60818 321
-6.21057 -34.2847 1.60818 321
-6.07408 -34.3132 1.60825 321
-6.21129 -34.2887 1.60825 321
-5.97111 -34.3313 1.60825 321
-6.21129 -34.2887 1.60825 321
-6.45226 -34.2502 1.60836 321
-6.41801 -34.2567 1.60836 321
-6.55724 -34.2425 1.60857 321
-6.42022 -34.2685 1.60857 321
-1.21131 35.2098 1.61495 322
-35.069 3.39143 1.61499 323
-35.069 3.39143 1.61499 323
-1.47429 35.6001 1.62193 324
-1.47429 35.6001 1.62193 324
-1.47429 35.6001 1.62193 324
-34.7421 8.88619 1.62595 325
-34.7421 8.88619 1.62595 325
-34.8198 8.60989 1.62609 325
-34.7851 8.7491 1.62609 325
-34.7346 9.10665 1.62679 325
-34.6979 9.24552 1.62679 325
-34.6989 9.35738 1.62731 325
-34.6989 9.35738 1.62731 325
-34.7105 9.36051 1.62752 325
-34.7105 9.36051 1.62752 325
-34.6247 9.74717 1.62787 325
-34.6634 9.60859 1.62787 325
-34.6654 9.60912 1.6279 325
-34.6654 9.60912 1.6279 325
-34.7206 -9.40739 1.6279 326
-34.7487 -9.30319 1.6279 326
-34.7958 -9.20402 1.62825 326
-34.7958 -9.20402 1.62825 326
-34.7785 -9.42308 1.62895 326
-34.7785 -9.42308 1.62895 326
-34.5345 10.3585 1.62933 327
-34.5345 10.3585 1.62933 327
-34.4966 10.4977 1.6294 327
-34.4649 10.6011 1.6294 327
-34.5383 10.3596 1.6294 327
-34.4649 10.6011 1.6294 327
-35.4447 -6.765 1.62986 328
-34.4223 10.8524 1.63 329
-34.4662 10.7526 1.63021 329
-13.9913 33.4286 1.63254 330
-13.9913 33.4286 1.63254 330
-14.0122 33.4784 1.63349 330
-13.7896 33.6053 1.63405 330
-13.7896 33.6053 1.63405 330
-14.1366 33.4933 1.63457 330
-14.2705 33.4365 1.63457 330
-36.4966 -7.34477 1.64982 331
-36.4669 -7.4907 1.64982 331
-13.0725 34.9004 1.65052 332
-13.1771 34.861 1.65052 332
-0.278446 37.6832 1.65778 333
-0.278446 37.6832 1.65778 333
-0.50486 37.7049 1.6582 333
-4.19249 37.4825 1.65834 334
-4.04253 37.499 1.65834 334
-0.769513 37.7364 1.65883 335
-1.03699 37.852 1.66096 335
-35.9437 14.29 1.67516 336
-36.0005 14.1461 1.67516 336
-35.2658 17.5783 1.6878 337
-35.3359 17.4371 1.6878 337
-35.2415 17.6984 1.68836 337
-35.2415 17.6984 1.68836 337
-35.3005 17.728 1.68951 337
-35.2472 17.8338 1.68951 337
-35.2859 18.0311 1.69167 337
-35.2859 18.0311 1.69167 337
-31.3034 26.6571 1.71768 338
-31.4097 26.5317 1.71768 338
-31.4046 26.5812 1.71817 338
-31.4311 26.5498 1.71817 338
-30.493 39.0161 1.86435 339
-30.6488 38.8938 1.86435 339
-30.6785 38.9315 1.86519 339
-30.6785 38.9315 1.86519 339
-30.4862 39.2495 1.86749 339
-30.4862 39.2495 1.86749 339
0.148136 -2.60539 1.04555 2
0.16637 -2.60429 1.04555 2
0.150741 -2.60525 1.04555 2
0.158557 -2.60478 1.04555 2
0.111904 -2.61321 1.04566 2
0.111904 -2.61321 1.04566 2
0.206044 -2.60948 1.04569 2
0.203434 -2.60968 1.04569 2
0.185303 -2.61304 1.04573 2
0.187916 -2.61285 1.04573 2
0.195754 -2.61228 1.04573 2
0.206201 -2.61147 1.04573 2
0.112161 -2.6192 1.04576 2
0.112161 -2.6192 1.04576 2
0.167135 -2.61627 1.04576 2
0.167135 -2.61627 1.04576 2
0.258781 -2.61081 1.0458 2
0.15155 -2.61922 1.0458 2
0.177734 -2.61757 1.0458 2
0.141072 -2.6198 1.0458 2
0.250947 -2.61157 1.0458 2
0.188203 -2.61684 1.0458 2
0.240682 -2.61455 1.04583 2
0.240682 -2.61455 1.04583 2
0.130691 -2.62235 1.04583 2
0.122824 -2.62273 1.04583 2
0.233015 -2.61725 1.04586 2
0.240865 -2.61654 1.04586 2
0.225333 -2.61993 1.0459 2
0.225333 -2.61993 1.0459 2
0.225505 -2.62192 1.04593 2
0.225505 -2.62192 1.04593 2
0.259767 -2.62076 1.04597 2
0.259767 -2.62076 1.04597 2
0.0863569 -2.63218 1.04597 2
0.0968849 -2.63182 1.04597 2
0.131089 -2.63033 1.04597 2
0.131089 -2.63033 1.04597 2
0.304511 -2.61795 1.046 2
0.278317 -2.62086 1.046 2
0.278317 -2.62086 1.046 2
0.31498 -2.61671 1.046 2
0.0786387 -2.63843 1.04607 2
0.0680844 -2.63872 1.04607 2
0.0602591 -2.64291 1.04614 2
0.0602591 -2.64291 1.04614 2
0.0972527 -2.64181 1.04614 2
0.0972527 -2.64181 1.04614 2
0.0787578 -2.64242 1.04614 2
0.0787578 -2.64242 1.04614 2
0.297781 -2.62878 1.04618 2
0.297781 -2.62878 1.04618 2
0.287264 -2.62996 1.04618 2
0.297781 -2.62878 1.04618 2
0.271889 -2.63561 1.04625 2
0.279795 -2.63478 1.04625 2
0.33506 -2.62833 1.04625 2
0.33506 -2.62833 1.04625 2
0.0605326 -2.65491 1.04635 2
0.0499125 -2.65513 1.04635 2
0.0233944 -2.65949 1.04642 2
0.0233944 -2.65949 1.04642 2
0.0314199 -2.66341 1.04649 2
0.0420733 -2.66326 1.04649 2
0.0421048 -2.66526 1.04653 2
0.0421048 -2.66526 1.04653 2
0.0234647 -2.66749 1.04656 2
0.0127946 -2.66756 1.04656 2
0.319282 -2.65245 1.04663 2
0.319282 -2.65245 1.04663 2
0.346049 -2.6511 1.04667 2
0.356651 -2.6497 1.04667 2
0.3386 -2.6561 1.04674 2
0.3386 -2.6561 1.04674 2
0.0048242 -2.68559 1.04688 2
0.0048242 -2.68559 1.04688 2
0.00483856 -2.69359 1.04702 2
0.00483856 -2.69359 1.04702 2
0.359852 -2.67348 1.04709 2
0.359852 -2.67348 1.04709 2
0.379118 -2.67485 1.04716 2
-0.0140581 -2.70155 1.04716 2
0.379118 -2.67485 1.04716 2
-0.0140581 -2.70155 1.04716 2
-0.0140789 -2.70555 1.04723 2
-0.024901 -2.70547 1.04723 2
0.37996 -2.68079 1.04726 2
0.398716 -2.67807 1.04726 2
0.388001 -2.67964 1.04726 2
0.369234 -2.68229 1.04726 2
0.3996 -2.684 1.04737 2
0.3996 -2.684 1.04737 2
0.420844 -2.69695 1.04765 2
0.410053 -2.69861 1.04765 2
0.423311 -2.71275 1.04792 2
0.423311 -2.71275 1.04792 2
0.433961 -2.72727 1.0482 2
0.444866 -2.72551 1.0482 2
0.445833 -2.73143 1.04831 2
0.445833 -2.73143 1.04831 2
0.469645 -2.75584 1.0488 2
0.469645 -2.75584 1.0488 2
0.4767 -2.79724 1.04953 2
0.4767 -2.79724 1.04953 2
0.502214 -2.8273 1.05012 2
0.490901 -2.82929 1.05012 2
7.89223 -3.65782 1.15184 6
7.90317 -3.63413 1.15184 6
7.88297 -3.69191 1.15194 6
7.88297 -3.69191 1.15194 6
7.91407 -3.63914 1.15205 6
7.91407 -3.63914 1.15205 6
7.94482 -3.58612 1.15215 6
7.94482 -3.58612 1.15215 6
7.94482 -3.58612 1.15215 6
7.89383 -3.69699 1.15215 6
7.88271 -3.72066 1.15215 6
7.93402 -3.60994 1.15215 6
7.96101 -3.56472 1.15225 6
7.97521 -3.53285 1.15225 6
7.98252 -3.53609 1.15239 6
7.98252 -3.53609 1.15239 6
7.88776 -3.75202 1.15246 6
7.88776 -3.75202 1.15246 6
7.8986 -3.75718 1.15267 6
7.8986 -3.75718 1.15267 6
7.8865 -3.81935 1.15295 6
7.8865 -3.81935 1.15295 6
8.02422 -3.5258 1.15299 6
8.03826 -3.49368 1.15299 6
8.0621 -3.50404 1.15344 6
8.0621 -3.50404 1.15344 6
7.9297 -3.84026 1.15379 6
7.91427 -3.87195 1.15379 6
8.13426 -3.46791 1.15435 6
8.13426 -3.46791 1.15435 6
7.96181 -3.92486 1.15494 6
7.96181 -3.92486 1.15494 6
8.16737 -3.48203 1.15498 6
8.16737 -3.48203 1.15498 6
4.18816 13.2749 1.24297 195
4.24122 13.258 1.24297 195
4.18996 13.2806 1.24308 195
4.18996 13.2806 1.24308 195
4.28467 13.2567 1.24318 195
4.28467 13.2567 1.24318 195
4.09925 13.3172 1.24322 195
4.09925 13.3172 1.24322 195
4.09984 13.3192 1.24325 195
4.15308 13.3027 1.24325 195
4.01053 13.3609 1.2435 195
4.05059 13.3488 1.2435 195
4.33373 13.2723 1.24371 195
4.29389 13.2852 1.24371 195
4.02088 13.3954 1.24412 195
4.02088 13.3954 1.24412 195
4.39684 13.2852 1.24426 195
4.39684 13.2852 1.24426 195
3.94329 13.4789 1.24514 195
3.99718 13.463 1.24514 195
4.41568 13.3421 1.24531 195
4.41568 13.3421 1.24531 195
3.96744 13.5614 1.24664 195
3.96744 13.5614 1.24664 195
4.53592 13.3905 1.24678 195
4.53592 13.3905 1.24678 195
9.45598 12.7373 1.2769 190
9.45598 12.7373 1.2769 190
9.51045 12.7041 1.277 190
9.45955 12.7421 1.277 190
9.55333 12.6819 1.27714 190
9.55333 12.6819 1.27714 190
9.42722 12.7784 1.27718 190
9.37603 12.816 1.27718 190
9.38784 12.8322 1.27753 190
9.40067 12.8228 1.27753 190
9.62091 12.6659 1.27763 190
9.57017 12.7043 1.27763 190
9.3048 12.9073 1.27774 190
9.35635 12.87 1.27774 190
9.67708 12.6608 1.27816 190
9.67708 12.6608 1.27816 190
9.33871 12.9544 1.27875 190
9.33871 12.9544 1.27875 190
9.70866 12.7021 1.27906 190
9.70866 12.7021 1.27906 190
15.3757 -4.38806 1.2791 187
15.3757 -4.38806 1.2791 187
15.3795 -4.38916 1.27917 187
15.3795 -4.38916 1.27917 187
15.3503 -4.49727 1.2792 187
15.3503 -4.49727 1.2792 187
15.3638 -4.50121 1.27945 187
15.3456 -4.56263 1.27945 187
15.3453 -4.61267 1.27969 187
15.3453 -4.61267 1.27969 187
15.3477 -4.68043 1.28008 187
15.3663 -4.619 1.28008 187
15.4619 -4.29585 1.28011 187
15.4446 -4.35766 1.28011 187
9.34988 13.0522 1.28025 190
9.85493 12.7081 1.2807 188
9.85493 12.7081 1.2807 188
15.5004 -4.30656 1.28081 187
15.5004 -4.30656 1.28081 187
15.3948 -4.7453 1.28119 187
15.3948 -4.7453 1.28119 187
15.5958 -4.21569 1.282 187
15.5788 -4.27804 1.282 187
15.4558 -4.83191 1.28266 187
15.7363 -4.27057 1.28461 187
13.5322 12.4604 1.32109 183
13.5322 12.4604 1.32109 183
13.6094 12.4562 1.32203 183
13.572 12.497 1.32203 183
9.18552 16.8295 1.33467 177
9.18552 16.8295 1.33467 177
9.21121 16.9977 1.33746 177
8.74997 17.4144 1.34018 177
8.80217 17.388 1.34018 177
8.8552 17.3633 1.34022 177
8.8552 17.3633 1.34022 177
9.4826 17.0883 1.34112 177
9.55088 17.0502 1.34112 177
9.62262 17.0581 1.34186 177
9.62262 17.0581 1.34186 177
9.89381 17.0966 1.34479 177
10.0724 17.0106 1.34507 177
10.0724 17.0106 1.34507 177
9.95915 17.091 1.34528 177
9.95915 17.091 1.34528 177
9.98633 17.1377 1.34622 177
9.98633 17.1377 1.34622 177
9.88372 17.3583 1.34866 177
9.81421 17.3977 1.34866 177
19.3869 -4.95029 1.34926 343
19.3869 -4.95029 1.34926 343
9.23532 17.7997 1.35003 177
9.30644 17.7626 1.35003 177
9.98051 17.4066 1.35023 344
8.76451 18.0695 1.35055 177
8.63781 18.1304 1.35055 177
8.63781 18.1304 1.35055 177
8.81868 18.0432 1.35055 177
9.37836 17.77 1.35072 177
8.77236 18.0857 1.35086 177
8.77236 18.0857 1.35086 177
9.24223 18.1222 1.35509 177
9.31464 18.0851 1.35509 177
9.51089 18.0211 1.35568 177
9.51089 18.0211 1.35568 177
8.69712 18.5889 1.35823 177
8.69712 18.5889 1.35823 177
8.7022 18.5998 1.35844 177
9.45727 18.2275 1.35844 177
8.75796 18.5736 1.35844 177
9.47549 18.218 1.35844 177
9.23119 18.3721 1.35889 177
9.23119 18.3721 1.35889 177
9.15941 18.4125 1.35896 177
9.10413 18.4399 1.35896 177
16.9742 11.9189 1.36203 176
16.9623 11.9358 1.36203 176
17.0197 11.8748 1.36224 176
16.9721 11.9427 1.36224 176
16.9443 11.9994 1.36242 176
16.9082 12.0502 1.36242 176
17.0651 11.8305 1.36245 176
17.0769 11.8134 1.36245 176
16.9392 12.0722 1.36308 176
16.9392 12.0722 1.36308 176
17.1436 11.7837 1.36311 176
17.0963 11.8521 1.36311 176
17.2317 11.7683 1.36423 176
17.2317 11.7683 1.36423 176
16.9239 12.2409 1.36458 176
16.9239 12.2409 1.36458 176
17.426 11.799 1.36734 173
13.7692 16.294 1.37236 345
13.818 16.2526 1.37236 345
13.6561 16.3915 1.3724 345
13.6561 16.3915 1.3724 345
13.6663 16.4038 1.37268 345
13.6663 16.4038 1.37268 345
13.7847 16.3124 1.37278 345
13.7847 16.3124 1.37278 345
13.2648 16.8602 1.37446 346
13.3321 16.807 1.37446 346
13.3887 16.7747 1.37463 346
13.3887 16.7747 1.37463 346
13.5108 16.6868 1.37477 346
13.5108 16.6868 1.37477 346
13.6349 16.6011 1.37498 346
13.6847 16.5601 1.37498 346
13.4703 16.7735 1.37551 346
13.4199 16.8138 1.37551 346
18.8845 -10.3166 1.37561 150
18.8845 -10.3166 1.37561 150
18.902 -10.3262 1.37596 150
18.8605 -10.4017 1.37596 150
18.859 -10.4748 1.37655 150
18.859 -10.4748 1.37655 150
18.9856 -10.2981 1.37701 150
19.0267 -10.222 1.37701 150
18.8553 -10.5716 1.37732 150
18.8974 -10.4961 1.37732 150
13.6228 16.8251 1.37788 347
13.6733 16.7842 1.37788 347
18.8583 -10.6478 1.37802 150
18.8583 -10.6478 1.37802 150
18.874 -10.6567 1.37833 150
18.8312 -10.7321 1.37833 150
14.2282 16.3668 1.37854 348
14.2118 16.381 1.37854 348
10.2581 19.1117 1.37861 177
18.8232 -10.8025 1.37882 150
18.8232 -10.8025 1.37882 150
10.2648 19.124 1.37886 177
10.2648 19.124 1.37886 177
18.8219 -10.8769 1.37945 150
18.8544 -10.8204 1.37945 150
19.1764 -10.3025 1.37997 150
19.1764 -10.3025 1.37997 150
18.8093 -10.9702 1.38008 150
18.8093 -10.9702 1.38008 150
18.8508 -10.9944 1.38092 150
18.8508 -10.9944 1.38092 150
18.7974 -11.1404 1.3814 150
18.7974 -11.1404 1.3814 150
18.8198 -11.1536 1.38186 150
18.7863 -11.21 1.38186 150
13.8913 16.9132 1.38203 349
13.8913 16.9132 1.38203 349
18.7635 -11.2985 1.38231 150
18.7635 -11.2985 1.38231 150
18.8012 -11.3212 1.38308 150
18.7672 -11.3775 1.38308 150
19.416 -10.2567 1.38329 150
19.416 -10.2567 1.38329 150
14.6341 16.3983 1.38364 350
14.6505 16.3836 1.38364 350
18.7539 -11.4723 1.38374 150
18.7539 -11.4723 1.38374 150
14.523 16.5048 1.38374 349
14.5889 16.4466 1.38374 349
14.5076 16.5874 1.38465 349
14.4411 16.6453 1.38465 349
14.7799 16.4288 1.38573 349
14.714 16.4878 1.38573 349
14.8532 16.4111 1.38636 349
14.8532 16.4111 1.38636 349
14.8532 16.4111 1.38636 349
14.8532 16.4111 1.38636 349
19.5769 -10.3417 1.38647 150
19.5769 -10.3417 1.38647 150
13.7445 17.4699 1.388 349
13.7445 17.4699 1.388 349
13.628 17.5736 1.38818 349
14.531 16.9534 1.38975 349
14.531 16.9534 1.38975 349
19.8228 -10.2948 1.38989 150
19.7814 -10.374 1.38989 150
14.6184 16.9521 1.39072 349
14.5674 16.9959 1.39072 349
20.0038 -10.3888 1.39345 150
20.0038 -10.3888 1.39345 150
15.2842 16.6514 1.39453 355
15.3506 16.5902 1.39453 355
15.3031 16.6721 1.39502 355
19.3001 -11.8861 1.39565 128
19.3356 -11.8282 1.39565 128
19.271 -11.9749 1.39603 128
19.271 -11.9749 1.39603 128
19.3016 -11.9939 1.39666 128
19.2655 -12.0517 1.39666 128
19.2628 -12.1575 1.3976 128
19.2628 -12.1575 1.3976 128
15.5311 16.6845 1.39788 356
15.5478 16.669 1.39788 356
19.3 -12.181 1.39837 128
19.2634 -12.2388 1.39837 128
19.2446 -12.3352 1.399 128
19.2446 -12.3352 1.399 128
19.2682 -12.3503 1.39949 128
19.2682 -12.3503 1.39949 128
19.2256 -12.4864 1.40015 128
19.2131 -12.5056 1.40015 128
19.2675 -12.5136 1.40102 128
19.2173 -12.5906 1.40102 128
15.7455 16.7798 1.40165 357
15.6783 16.8426 1.40165 357
19.2212 -12.6757 1.40189 128
19.2212 -12.6757 1.40189 128
19.2462 -12.6922 1.40242 128
19.1953 -12.7691 1.40242 128
19.1818 -12.8433 1.40294 128
19.1818 -12.8433 1.40294 128
19.1651 -12.9434 1.40367 128
19.2167 -12.8667 1.40367 128
19.1742 -13.0335 1.40469 128
19.1742 -13.0335 1.40469 128
19.2122 -13.0593 1.40549 128
19.1598 -13.1361 1.40549 128
19.1466 -13.2117 1.40605 128
19.1466 -13.2117 1.40605 128
19.1232 -13.3087 1.40668 128
19.1763 -13.2321 1.40668 128
19.1241 -13.3947 1.40755 128
19.1241 -13.3947 1.40755 128
19.1618 -13.4211 1.40835 128
19.1618 -13.4211 1.40835 128
19.113 -13.5873 1.40933 128
19.113 -13.5873 1.40933 128
19.144 -13.6093 1.40999 128
19.1031 -13.6667 1.40999 128
19.0758 -13.7629 1.41059 128
19.0758 -13.7629 1.41059 128
19.1261 -13.7992 1.41167 128
19.0846 -13.8565 1.41167 128
19.0694 -13.9622 1.41254 128
19.0694 -13.9622 1.41254 128
19.1065 -13.9894 1.41334 128
19.0644 -14.0467 1.41334 128
19.045 -14.1503 1.41415 128
19.045 -14.1503 1.41415 128
19.0218 -14.2515 1.41488 128
19.0787 -14.1753 1.41488 128
19.0301 -14.347 1.416 128
19.0301 -14.347 1.416 128
19.0588 -14.3687 1.41662 128
19.0157 -14.4258 1.41662 128
19.0102 -14.5418 1.41778 128
19.0102 -14.5418 1.41778 128
15.8408 17.9662 1.41809 355
15.8228 17.982 1.41809 355
19.0467 -14.5698 1.41858 128
19.0467 -14.5698 1.41858 128
18.979 -14.7297 1.41935 128
18.979 -14.7297 1.41935 128
18.9742 -14.8174 1.42022 128
19.0185 -14.7604 1.42022 128
18.9603 -14.929 1.42123 128
18.9603 -14.929 1.42123 128
18.9687 -15.0281 1.42242 128
19.0137 -14.9711 1.42242 128
18.9428 -15.1313 1.42319 128
18.9428 -15.1313 1.42319 128
18.9301 -15.2143 1.42392 128
18.9757 -15.1575 1.42392 128
18.9079 -15.3214 1.42479 128
18.9079 -15.3214 1.42479 128
18.913 -15.4198 1.42594 128
18.9592 -15.363 1.42594 128
18.91 -15.5119 1.42692 128
18.91 -15.5119 1.42692 128
18.8848 -15.618 1.42776 128
18.9471 -15.5424 1.42776 128
18.8747 -15.7053 1.4286 128
18.8747 -15.7053 1.4286 128
18.9177 -15.7411 1.42957 128
18.9177 -15.7411 1.42957 128
18.8545 -15.9132 1.43066 128
18.8545 -15.9132 1.43066 128
18.8409 -16.0312 1.43181 128
18.9049 -15.9557 1.43181 128
18.8368 -16.1254 1.43282 128
18.8368 -16.1254 1.43282 128
18.8717 -16.1553 1.43362 128
18.807 -16.2306 1.43362 128
18.805 -16.3276 1.4347 128
18.805 -16.3276 1.4347 128
18.7817 -16.4396 1.43568 128
18.8473 -16.3643 1.43568 128
18.7938 -16.5501 1.43711 128
18.7938 -16.5501 1.43711 128
18.8343 -16.5857 1.43806 128
18.7678 -16.6609 1.43806 128
18.7565 -16.7518 1.43896 128
18.7565 -16.7518 1.43896 128
18.7429 -16.8749 1.44022 128
18.8102 -16.7998 1.44022 128
18.7544 -16.9874 1.44169 128
18.7544 -16.9874 1.44169 128
18.7944 -17.0236 1.44263 128
18.7944 -17.0236 1.44263 128
18.7131 -17.19 1.44354 128
18.7131 -17.19 1.44354 128
18.7602 -17.2332 1.44465 128
18.7084 -17.2895 1.44465 128
18.6889 -17.4105 1.44584 128
18.6889 -17.4105 1.44584 128
18.7445 -17.4623 1.44717 128
18.692 -17.5184 1.44717 128
18.6712 -17.6398 1.44835 128
18.6712 -17.6398 1.44835 128
18.6588 -17.7343 1.44933 128
18.7119 -17.6782 1.44933 128
18.6281 -17.8475 1.45031 128
18.6281 -17.8475 1.45031 128
18.6321 -17.9588 1.4517 128
18.6859 -17.9028 1.4517 128
18.9605 17.7056 1.45282 359
18.9605 17.7056 1.45282 359
18.6117 -18.0834 1.45296 128
18.6117 -18.0834 1.45296 128
20.3773 16.0839 1.45313 359
12.6536 -22.6857 1.45341 142
20.4087 16.1087 1.45383 361
18.6777 -18.1475 1.45457 128
18.6232 -18.2034 1.45457 128
18.99 17.8759 1.45523 362
18.5901 -18.3171 1.45554 128
18.5901 -18.3171 1.45554 128
12.5532 -22.8807 1.45554 142
18.6328 -18.3592 1.45659 128
18.6328 -18.3592 1.45659 128
19.3916 17.6064 1.45718 359
19.3916 17.6064 1.45718 359
20.3534 16.5327 1.45771 359
19.4666 17.5683 1.45771 359
20.3534 16.5327 1.45771 366
19.4138 17.6266 1.45771 367
18.5576 -18.5429 1.45792 128
18.5576 -18.5429 1.45792 128
20.4745 16.5294 1.45931 359
20.4248 16.5907 1.45931 359
20.3097 16.7346 1.45935 359
20.3765 16.6532 1.45935 359
18.617 -18.6022 1.45938 128
18.5611 -18.658 1.45938 128
20.3622 16.7778 1.46053 369
20.3622 16.7778 1.46053 369
18.5426 -18.789 1.46078 128
18.5426 -18.789 1.46078 128
19.173 18.1569 1.46092 370
19.173 18.1569 1.46092 370
20.278 16.9481 1.4613 371
18.5365 -18.8959 1.46204 128
18.5931 -18.8403 1.46204 128
20.3949 16.9077 1.46242 372
18.5026 -19.0129 1.46308 128
18.5216 -18.9944 1.46308 128
19.787 17.7144 1.46357 373
19.787 17.7144 1.46357 373
18.5747 -19.0488 1.46441 128
18.4983 -19.123 1.46441 128
20.085 17.5161 1.46518 374
20.1025 17.496 1.46518 374
20.1942 17.4696 1.46608 374
18.5074 -19.2476 1.46608 128
18.5074 -19.2476 1.46608 128
20.1241 17.5503 1.46608 375
20.0485 17.6972 1.46678 375
20.0308 17.7172 1.46678 375
18.5628 -19.3052 1.46748 128
18.4855 -19.3793 1.46748 128
20.3511 17.4989 1.46849 376
20.1751 17.7016 1.46849 376
18.46 -19.5083 1.46881 128
18.4795 -19.4898 1.46881 128
19.4517 18.569 1.4694 377
18.4384 -19.6029 1.46975 128
18.5167 -19.529 1.46975 128
0.0974464 26.9857 1.47104 378
0.178403 26.9853 1.47104 378
0.178403 26.9853 1.47104 378
-0.010497 26.9859 1.47104 378
-0.0104978 26.9879 1.47108 378
20.1613 17.9407 1.47108 379
-0.0104978 26.9879 1.47108 380
20.1073 18.0011 1.47108 381
24.5868 11.133 1.47111 382
24.5868 11.133 1.47111 382
24.5642 11.2117 1.47132 382
18.441 -19.7239 1.47132 128
18.441 -19.7239 1.47132 128
24.5191 11.3099 1.47132 382
24.5977 11.138 1.47132 382
24.631 11.0642 1.47132 382
24.7281 10.9891 1.47233 382
24.7281 10.9891 1.47233 382
24.5754 11.3359 1.4724 382
24.5754 11.3359 1.4724 382
18.5024 -19.7896 1.47289 128
18.5024 -19.7896 1.47289 128
24.8249 11.0321 1.47418 382
24.8249 11.0321 1.47418 382
18.4177 -19.9775 1.47429 128
18.4177 -19.9775 1.47429 128
24.641 11.4559 1.47432 382
24.595 11.5544 1.47432 382
18.4773 -20.0421 1.47582 128
18.397 -20.1159 1.47582 128
2.35978 27.1776 1.47617 386
2.27824 27.1845 1.47617 386
3.4214 27.0947 1.4767 386
3.50267 27.0843 1.4767 386
3.42165 27.0967 1.47673 386
3.42165 27.0967 1.47673 386
3.23213 27.1219 1.47676 386
3.23213 27.1219 1.47676 386
2.74364 27.1777 1.4768 386
2.63491 27.1885 1.4768 386
2.47191 27.2058 1.47683 386
2.47191 27.2058 1.47683 386
3.04265 27.1479 1.47683 386
4.53042 26.9396 1.47683 386
4.63815 26.9212 1.47683 386
3.04265 27.1479 1.47683 386
2.66248 27.1898 1.47687 386
2.85275 27.1705 1.47687 386
2.85275 27.1705 1.47687 386
18.3769 -20.2154 1.47687 128
2.63529 27.1924 1.47687 386
18.3769 -20.2154 1.47687 128
2.85316 27.1745 1.47694 386
2.93467 27.1658 1.47694 386
3.04376 27.1578 1.47701 386
3.04376 27.1578 1.47701 386
2.55464 27.2102 1.47704 386
2.473 27.2177 1.47704 386
1.2472 27.3254 1.47746 386
1.13789 27.3302 1.47746 386
0.755337 27.3494 1.47757 386
0.755337 27.3494 1.47757 386
0.756055 27.3754 1.47802 386
0.756055 27.3754 1.47802 386
0.564822 27.4 1.47837 386
0.674417 27.3975 1.47837 386
0.373119 27.4113 1.47851 386
0.373119 27.4113 1.47851 386
18.3602 -20.36 1.47854 128
0.565028 27.41 1.47854 393
18.4415 -20.2864 1.47854 128
0.565028 27.41 1.47854 386
0.3732 27.4173 1.47861 386
0.482866 27.4156 1.47861 386
5.67909 26.8273 1.47865 386
5.75955 26.8101 1.47865 386
5.86974 26.8006 1.47889 386
5.86974 26.8006 1.47889 386
3.79129 27.1766 1.47896 386
3.81847 27.1728 1.47896 386
5.95272 26.7945 1.4791 397
5.87231 26.8123 1.4791 397
20.8242 17.9057 1.47938 398
8.99584 25.9572 1.47952 399
8.99584 25.9572 1.47952 399
20.9658 17.7737 1.47977 400
20.9658 17.7737 1.47977 400
9.00501 25.9836 1.48001 399
9.08292 25.9565 1.48001 399
9.18934 25.9275 1.48015 399
9.18934 25.9275 1.48015 399
18.3618 -20.485 1.48019 128
18.3618 -20.485 1.48019 128
9.2745 25.9205 1.48053 399
9.19669 25.9482 1.48053 399
6.809 26.7096 1.48113 397
6.809 26.7096 1.48113 397
6.9178 26.6899 1.48127 397
6.81098 26.7173 1.48127 397
7.00088 26.6806 1.48148 397
7.00088 26.6806 1.48148 397
18.3395 -20.6255 1.48176 128
18.4218 -20.552 1.48176 128
18.3331 -20.7434 1.48322 128
18.3331 -20.7434 1.48322 128
18.2962 -20.8692 1.48444 128
18.3795 -20.7958 1.48444 128
18.3005 -21.0009 1.48622 128
18.3005 -21.0009 1.48622 128
8.96469 26.4646 1.48772 399
9.04404 26.4376 1.48772 399
18.3081 -21.1373 1.48811 128
18.3714 -21.0823 1.48811 128
18.2846 -21.2816 1.48975 128
18.2846 -21.2816 1.48975 128
18.3394 -21.3453 1.49122 128
18.3394 -21.3453 1.49122 128
10.3317 26.2776 1.49286 399
10.3317 26.2776 1.49286 399
18.2567 -21.5525 1.49303 128
18.2567 -21.5525 1.49303 128
10.263 26.3345 1.49334 406
10.1576 26.3754 1.49334 406
18.3136 -21.6197 1.49457 128
18.2486 -21.6745 1.49457 128
18.2349 -21.8348 1.49656 128
18.2349 -21.8348 1.49656 128
11.3652 26.1769 1.49813 407
11.4437 26.1427 1.49813 407
18.237 -21.971 1.49841 128
18.3028 -21.9162 1.49841 128
18.2252 -22.1364 1.5005 128
18.2252 -22.1364 1.5005 128
18.2284 -22.2761 1.50242 128
18.2951 -22.2213 1.50242 128
18.2135 -22.4404 1.50448 128
18.2359 -22.4222 1.50448 128
18.3267 -22.5339 1.50699 128
18.2365 -22.607 1.50699 128
18.2396 -22.7969 1.50961 128
18.2396 -22.7969 1.50961 128
13.6821 25.9246 1.51167 408
18.262 -22.9658 1.51216 128
18.3308 -22.9109 1.51216 128
18.2566 -23.1485 1.5146 128
18.2566 -23.1485 1.5146 128
18.3582 -23.2773 1.51746 128
18.3582 -23.2773 1.51746 128
14.7868 25.789 1.51889 409
18.3028 -23.5442 1.52054 128
18.3263 -23.5258 1.52054 128
14.8405 25.8827 1.52078 410
18.4468 -23.6804 1.52396 128
18.3519 -23.754 1.52396 128
15.9333 25.6636 1.52727 411
15.9333 25.6636 1.52727 411
18.3759 -23.9828 1.52738 128
18.3999 -23.9644 1.52738 128
16.0165 25.6258 1.52748 411
15.9396 25.6737 1.52748 411
18.4371 -24.2128 1.53122 128
18.5338 -24.1389 1.53122 128
18.4984 -24.445 1.53509 128
18.4984 -24.445 1.53509 128
17.1055 25.5138 1.53617 411
17.08 25.5309 1.53617 411
18.6504 -24.646 1.53949 128
18.5517 -24.7204 1.53949 128
18.0602 25.4258 1.54438 411
18.0856 25.4078 1.54438 411
18.6544 -25.0131 1.54465 128
18.6544 -25.0131 1.54465 128
18.0973 25.478 1.54549 417
29.1167 -11.4611 1.54619 418
29.1167 -11.4611 1.54619 418
29.0818 -11.5819 1.5464 418
29.1279 -11.4655 1.5464 418
29.0655 -11.6766 1.54675 418
29.0655 -11.6766 1.54675 418
29.0952 -11.6885 1.54731 418
29.0482 -11.8048 1.54731 418
29.0311 -11.8995 1.54766 418
29.0311 -11.8995 1.54766 418
29.035 -12.0369 1.54863 418
29.0829 -11.9207 1.54863 418
29.0283 -12.1363 1.54919 418
29.0283 -12.1363 1.54919 418
29.0468 -12.144 1.54954 418
28.998 -12.2601 1.54954 418
29.354 -11.4529 1.55 419
29.3996 -11.3354 1.55 419
18.8672 -25.2985 1.55087 420
18.7658 -25.3737 1.55087 420
18.8921 -25.7055 1.55684 420
18.8921 -25.7055 1.55684 420
24.4452 20.5558 1.5575 421
24.3627 20.6535 1.5575 421
29.8045 -11.4915 1.55757 422
29.8045 -11.4915 1.55757 422
24.5527 20.5209 1.55855 423
24.654 20.6055 1.56085 423
24.3844 20.9669 1.56134 423
28.7534 -14.4254 1.56151 424
28.7534 -14.4254 1.56151 424
28.733 -14.5592 1.56225 424
28.791 -14.4442 1.56225 424
24.4571 21.0295 1.56301 425
28.739 -14.6708 1.56322 424
28.739 -14.6708 1.56322 424
28.7121 -14.8022 1.56385 424
28.7711 -14.6872 1.56385 424
19.1526 -26.06 1.56452 427
19.0483 -26.1364 1.56452 427
30.2733 -11.4295 1.56483 428
30.2733 -11.4295 1.56483 428
24.4419 21.6189 1.56958 429
25.4996 20.4183 1.5702 430
25.4996 20.4183 1.5702 430
25.562 20.4683 1.5716 430
25.6233 20.3915 1.5716 430
30.6905 -11.5871 1.57261 431
30.6905 -11.5871 1.57261 431
25.802 20.3656 1.57377 432
19.3216 -26.6793 1.57499 433
19.3216 -26.6793 1.57499 433
25.9181 20.4573 1.57635 432
26.1428 20.3392 1.57816 432
26.1428 20.3392 1.57816 432
26.2841 20.2809 1.57949 432
26.2028 20.3859 1.57949 432
31.1795 -11.5584 1.58043 435
31.1447 -11.6519 1.58043 435
26.4178 20.258 1.5811 436
26.4178 20.258 1.5811 436
32.8674 -6.25291 1.58399 437
32.8421 -6.38433 1.58399 437
32.8346 -6.48515 1.5842 437
32.8346 -6.48515 1.5842 437
26.6248 20.2901 1.58431 432
26.5638 20.3699 1.58431 432
32.9342 -6.26562 1.58518 437
32.9342 -6.26562 1.58518 437
32.8974 -6.49755 1.58532 437
32.8974 -6.49755 1.58532 437
26.7983 20.2534 1.58633 440
26.7983 20.2534 1.58633 440
33.0756 -6.05293 1.58692 441
33.0511 -6.18518 1.58692 441
32.9784 -6.75375 1.58759 441
32.9784 -6.75375 1.58759 441
26.9485 20.2402 1.58829 442
26.8876 20.3209 1.58829 442
31.6257 -11.7238 1.58874 443
31.6257 -11.7238 1.58874 443
24.7058 23.0706 1.59003 444
24.7058 23.0706 1.59003 444
22.8769 24.9234 1.59052 445
24.6367 23.331 1.59226 446
27.2345 20.2851 1.59275 442
27.2345 20.2851 1.59275 442
27.3531 20.2461 1.59401 442
27.2922 20.3281 1.59401 442
32.1268 -11.7636 1.59719 448
32.162 -11.6672 1.59719 448
24.7208 23.7411 1.59827 449
24.7785 23.7965 1.59966 449
24.7785 23.7965 1.59966 449
23.9232 24.7898 1.60134 450
23.8239 24.8853 1.60134 450
29.2174 18.3254 1.602 451
29.1438 18.4421 1.602 451
24.7145 24.0699 1.60218 452
24.7866 23.9956 1.60218 452
29.1743 18.4613 1.60263 451
29.1743 18.4613 1.60263 451
29.1929 18.596 1.60417 451
29.1183 18.7127 1.60417 451
29.3944 18.3138 1.60452 451
29.3944 18.3138 1.60452 451
32.615 -11.8315 1.6056 454
32.615 -11.8315 1.6056 454
24.8549 24.2066 1.6056 455
24.8549 24.2066 1.6056 455
29.226 18.7819 1.6064 451
29.226 18.7819 1.6064 451
29.5615 18.295 1.60682 451
29.5064 18.3836 1.60682 451
29.2333 18.9107 1.60773 451
29.1574 19.0275 1.60773 451
24.8736 24.3706 1.60783 457
24.7759 24.4699 1.60783 457
29.2378 19.08 1.6094 451
29.2378 19.08 1.6094 451
24.8555 24.5486 1.60979 459
24.8555 24.5486 1.60979 459
24.8243 24.6653 1.61083 459
24.7255 24.7644 1.61083 459
29.2019 19.3493 1.61146 451
29.2019 19.3493 1.61146 451
29.2919 19.409 1.61335 451
29.2919 19.409 1.61335 451
6.39477 -34.5925 1.61405 127
6.25635 -34.6178 1.61405 127
33.1478 -11.875 1.6146 462
33.1832 -11.7755 1.6146 462
29.2449 19.6738 1.61523 463
29.3234 19.5567 1.61523 463
29.3146 19.7207 1.6167 463
6.87349 -34.6556 1.6167 127
29.3146 19.7207 1.6167 464
6.87349 -34.6556 1.6167 127
29.3146 20.0201 1.61963 464
7.64313 -34.7008 1.62022 126
7.539 -34.7236 1.62022 126
7.647 -34.7184 1.62054 126
7.647 -34.7184 1.62054 126
7.78976 -34.7051 1.62085 126
7.89384 -34.6816 1.62085 126
7.90804 -34.744 1.62197 126
7.90804 -34.744 1.62197 126
8.05056 -34.7276 1.62225 126
8.15471 -34.7033 1.62225 126
8.16523 -34.7481 1.62305 126
8.16523 -34.7481 1.62305 126
8.27731 -34.7565 1.62364 126
8.41627 -34.7231 1.62364 126
33.677 -11.9507 1.62375 466
33.677 -11.9507 1.62375 466
8.42993 -34.7795 1.62466 126
8.42993 -34.7795 1.62466 126
8.68627 -34.772 1.6256 126
8.54711 -34.8065 1.6256 126
8.6979 -34.8186 1.62644 126
8.6979 -34.8186 1.62644 126
8.94839 -34.784 1.62693 126
8.94839 -34.784 1.62693 126
8.96134 -34.8343 1.62783 126
8.96134 -34.8343 1.62783 126
9.07689 -34.8498 1.6286 126
9.21622 -34.8133 1.6286 126
9.23311 -34.877 1.62975 126
9.23311 -34.877 1.62975 126
9.34443 -34.8743 1.63021 126
9.48385 -34.8366 1.63021 126
9.49961 -34.8945 1.63125 126
9.49961 -34.8945 1.63125 126
9.61593 -34.9083 1.63202 126
9.75549 -34.8695 1.63202 126
9.77596 -34.9427 1.63335 126
9.77596 -34.9427 1.63335 126
34.2492 -11.9997 1.63345 467
34.285 -11.8969 1.63345 467
9.8949 -34.9633 1.63426 126
10.0347 -34.9234 1.63426 126
10.043 -34.9522 1.63478 126
10.043 -34.9522 1.63478 126
10.301 -34.9271 1.63562 126
10.1612 -34.968 1.63562 126
31.0526 19.0464 1.63586 468
31.0526 19.0464 1.63586 468
10.3151 -34.9751 1.63649 126
10.3151 -34.9751 1.63649 126
31.1506 18.9782 1.6367 469
31.0935 19.0715 1.6367 469
10.5753 -34.9537 1.63743 126
10.5753 -34.9537 1.63743 126
10.5892 -34.9996 1.63827 126
10.5892 -34.9996 1.63827 126
10.8576 -35.001 1.63967 126
10.7175 -35.0442 1.63967 126
10.873 -35.0507 1.64057 126
10.838 -35.0615 1.64057 126
11.1284 -35.0061 1.64117 126
10.9883 -35.0503 1.64117 126
11.1514 -35.0785 1.64249 126
11.1514 -35.0785 1.64249 126
34.7838 -12.07 1.64267 470
34.7838 -12.07 1.64267 470
11.4153 -35.0567 1.64354 126
11.275 -35.102 1.64354 126
11.3963 -35.1175 1.64445 126
11.4314 -35.1061 1.64445 126
11.5554 -35.1286 1.64549 126
11.6958 -35.0821 1.64549 126
11.7173 -35.1466 1.64668 126
11.6822 -35.1583 1.64668 126
11.976 -35.1016 1.64738 126
11.8355 -35.1492 1.64738 126
11.9628 -35.1779 1.64857 126
11.9979 -35.1659 1.64857 126
15.5159 33.7771 1.64881 471
15.5159 33.7771 1.64881 471
12.2245 -35.1386 1.6494 126
12.2245 -35.1386 1.6494 126
15.1662 33.9969 1.64979 472
15.0641 34.0422 1.64979 472
15.3021 33.9359 1.64979 472
15.3021 33.9359 1.64979 472
12.2389 -35.1802 1.65017 473
12.2389 -35.1802 1.65017 473
12.3995 -35.1875 1.65122 473
12.505 -35.1502 1.65122 473
32.2657 18.8697 1.65244 474
32.2657 18.8697 1.65244 474
35.4014 -12.0073 1.65251 475
35.3652 -12.1135 1.65251 475
12.5345 -35.2331 1.65275 476
12.5345 -35.2331 1.65275 476
12.7051 -35.2654 1.65429 476
12.8109 -35.2272 1.65429 476
12.8341 -35.2911 1.65548 476
12.8341 -35.2911 1.65548 476
12.989 -35.277 1.65618 476
13.0948 -35.2378 1.65618 476
16.6581 33.7401 1.6568 477
16.6581 33.7401 1.6568 477
13.1143 -35.2903 1.65715 478
13.1143 -35.2903 1.65715 478
13.388 -35.2687 1.65848 478
13.2821 -35.3087 1.65848 478
13.4178 -35.3472 1.65995 478
13.4178 -35.3472 1.65995 478
13.5466 -35.3666 1.66106 478
13.688 -35.3121 1.66106 478
35.9506 -12.1936 1.66263 479
35.9506 -12.1936 1.66263 479
13.7444 -35.4575 1.66378 480
33.2001 18.7974 1.66595 481
33.1813 18.8306 1.66595 481
21.1744 32.0658 1.67073 482
21.1744 32.0658 1.67073 482
36.6159 -12.1341 1.67331 483
36.6159 -12.1341 1.67331 483
37.212 -12.3316 1.68427 484
37.212 -12.3316 1.68427 484
35.2481 18.5385 1.69516 485
35.1737 18.6793 1.69516 485
37.9024 -12.4344 1.69628 486
37.9518 -12.2827 1.69628 486
38.5797 -12.4859 1.7078 487
38.5797 -12.4859 1.7078 487
39.2683 -12.5787 1.71974 488
39.3183 -12.4215 1.71974 488
39.4825 19.9162 1.77189 489
39.4825 19.9162 1.77189 489
26.4812 -36.5651 1.78805 490
26.4812 -36.5651 1.78805 490
26.292 -36.844 1.79007 490
26.292 -36.844 1.79007 490
26.3895 -36.9808 1.793 490
26.2414 -37.086 1.793 490
26.2243 -37.2987 1.79586 490
26.2243 -37.2987 1.79586 490
26.3531 -37.4819 1.79977 490
26.203 -37.587 1.79977 490
26.1835 -37.8003 1.80264 490
26.1835 -37.8003 1.80264 490
26.286 -37.9482 1.80578 490
26.134 -38.0531 1.80578 490
26.1211 -38.2799 1.80892 490
26.1211 -38.2799 1.80892 490
26.2293 -38.4385 1.81227 490
26.0754 -38.5431 1.81227 490
26.0801 -38.8004 1.81604 490
26.0801 -38.8004 1.81604 490
26.1738 -38.9398 1.81897 490
26.0569 -39.0182 1.81897 490
26.0154 -39.2955 1.8226 490
26.0154 -39.2955 1.8226 490
26.1081 -39.4356 1.82553 490
26.1081 -39.4356 1.82553 490
25.9581 -39.8117 1.82958 490
25.9581 -39.8117 1.82958 490
26.0433 -39.9423 1.83231 490
-0.0329771 -2.70209 1.14162 2
-0.0329771 -2.70209 1.14162 2
-0.0439146 -2.70992 1.14204 2
-0.0330746 -2.71008 1.14204 2
-0.052351 -2.72576 1.14288 2
-0.052351 -2.72576 1.14288 2
-0.0529262 -2.75571 1.14445 2
-0.0639486 -2.75548 1.14445 2
-0.0726857 -2.77324 1.14539 2
-0.0726857 -2.77324 1.14539 2
-0.0732614 -2.7952 1.14654 2
-0.0844415 -2.79489 1.14654 2
-0.0936878 -2.82057 1.1479 2
-0.0936878 -2.82057 1.1479 2
-2.38359 -2.57816 1.18401 3
-2.37326 -2.58767 1.18401 3
-2.39267 -2.57246 1.18412 3
-2.39267 -2.57246 1.18412 3
-2.39811 -2.57831 1.18454 3
-2.39811 -2.57831 1.18454 3
-2.42844 -2.57454 1.18548 3
-2.42844 -2.57454 1.18548 3
-2.40025 -2.61711 1.18611 3
-2.40025 -2.61711 1.18611 3
-2.45248 -2.57928 1.18653 3
-2.44214 -2.58907 1.18653 3
-2.41392 -2.64792 1.18778 3
-2.40331 -2.65755 1.18778 3
-3.30928 -7.86656 1.44726 4
-3.27779 -7.87973 1.44726 4
-3.28009 -7.88526 1.44758 4
-3.28798 -7.88198 1.44758 4
-3.33599 -7.86395 1.44768 4
-3.33599 -7.86395 1.44768 4
-3.34769 -7.89153 1.44925 4
-3.37923 -7.87807 1.44925 4
-3.40522 -7.8734 1.44957 4
-3.4131 -7.86999 1.44957 4
-3.43989 -7.86704 1.44998 4
-3.46348 -7.85668 1.44998 4
-3.46348 -7.85668 1.44998 4
-3.4084 -7.88073 1.44998 4
-3.4667 -7.86399 1.4504 4
-3.4667 -7.86399 1.4504 4
-3.28003 -7.95231 1.45082 4
-3.24819 -7.96536 1.45082 4
-3.52821 -7.85411 1.45124 4
-3.53606 -7.85058 1.45124 4
-3.56538 -7.85266 1.45197 4
-3.53394 -7.86686 1.45197 4
-3.6211 -7.82933 1.45208 4
-3.58975 -7.84375 1.45208 4
-3.59058 -7.84556 1.45218 4
-3.59058 -7.84556 1.45218 4
-3.65469 -7.84015 1.45333 4
-3.65469 -7.84015 1.45333 4
-3.68943 -7.8327 1.45375 4
-3.65807 -7.84739 1.45375 4
-3.71976 -7.83603 1.45459 4
-3.71976 -7.83603 1.45459 4
-3.7528 -7.82469 1.4548 4
-3.77626 -7.81339 1.4548 4
-3.72148 -7.83963 1.4548 4
-3.77626 -7.81339 1.4548 4
-3.8145 -7.81258 1.45564 4
-3.78321 -7.82778 1.45564 4
-3.29169 -8.049 1.45574 4
-3.28364 -8.05228 1.45574 4
-3.84761 -7.82082 1.45679 4
-3.84761 -7.82082 1.45679 4
-3.85467 -7.83516 1.45763 4
-3.85467 -7.83516 1.45763 4
-3.91031 -7.80977 1.45773 4
-3.91031 -7.80977 1.45773 4
-3.91121 -7.81155 1.45783 4
-3.94242 -7.79585 1.45783 4
-3.97486 -7.80178 1.45888 4
-3.97486 -7.80178 1.45888 4
-4.01243 -7.79825 1.45961 4
-3.98121 -7.81424 1.45961 4
-4.04132 -7.79682 1.46024 4
-4.04132 -7.79682 1.46024 4
-4.09953 -7.7754 1.46066 4
-4.09953 -7.7754 1.46066 4
-4.07803 -7.7912 1.46087 4
-4.04684 -7.80745 1.46087 4
-4.12845 -7.77365 1.46129 4
-4.10511 -7.786 1.46129 4
-3.26648 -8.17337 1.46129 4
-3.29914 -8.16024 1.46129 4
-4.16118 -7.77884 1.46234 4
-4.16895 -7.77468 1.46234 4
-4.1706 -7.79645 1.46338 4
-4.20175 -7.77971 1.46338 4
-4.23475 -7.76635 1.46359 4
-4.23475 -7.76635 1.46359 4
-4.23475 -7.76635 1.46359 4
-4.23475 -7.76635 1.46359 4
-4.29676 -7.75049 1.46443 4
-4.289 -7.75478 1.46443 4
-4.32875 -7.75326 1.46537 4
-4.2977 -7.77051 1.46537 4
-3.3028 -8.26424 1.46642 4
-4.36178 -7.75765 1.46642 4
-4.36953 -7.75328 1.46642 4
-3.31106 -8.26094 1.46642 4
-4.39672 -7.74709 1.46684 4
-4.36569 -7.76461 1.46684 4
-4.42291 -7.73906 1.46715 4
-4.43065 -7.73464 1.46715 4
-4.43084 -7.75293 1.46799 4
-4.46182 -7.73515 1.46799 4
-3.28929 -8.40061 1.4728 4
-3.28929 -8.40061 1.4728 4
-3.33079 -8.50661 1.47877 4
-3.33079 -8.50661 1.47877 4
-3.3105 -8.63229 1.48453 4
-3.345 -8.61898 1.48453 4
-3.35857 -8.7315 1.49028 4
-3.34983 -8.73485 1.49028 4
-3.33354 -8.87775 1.49698 4
-3.36903 -8.86435 1.49698 4
-3.37794 -9.07865 1.50766 4
-10.7346 2.78 1.58114 124
-10.7429 2.74779 1.58114 124
-10.7273 2.82393 1.58135 124
-10.7301 2.81321 1.58135 124
-4.06503 -11.0605 1.61756 101
-4.11271 -11.1557 1.62311 101
-4.10155 -11.1598 1.62311 101
-4.07267 -11.3255 1.63075 101
-4.11794 -11.3091 1.63075 101
-6.99567 -9.85728 1.63347 120
-4.13282 -11.4927 1.64007 101
-4.14431 -11.4886 1.64007 101
-4.15663 -11.6688 1.64918 101
-4.10992 -11.6853 1.64918 101
-4.1854 -11.862 1.65922 101
-4.17354 -11.8662 1.65922 101
-4.16349 -12.0685 1.66906 101
-4.16349 -12.0685 1.66906 101
-4.22537 -12.2479 1.67901 101
-4.22537 -12.2479 1.67901 101
-4.20718 -12.4777 1.6901 101
-4.25705 -12.4608 1.6901 101
-4.27482 -12.6784 1.7012 101
-4.27482 -12.6784 1.7012 101
-4.24241 -12.9228 1.71282 101
-4.30697 -12.9014 1.71282 101
-7.0851 -11.629 1.71365 108
-7.13156 -11.6005 1.71365 108
-4.30533 -13.1144 1.72339 86
-4.31844 -13.1101 1.72339 86
-13.5348 2.96144 1.72611 88
-13.5228 3.01555 1.72611 88
-13.5293 3.05963 1.72695 88
-13.5293 3.05963 1.72695 88
-13.5523 2.96528 1.72705 88
-13.5523 2.96528 1.72705 88
-13.567 2.92587 1.72737 88
-13.5786 2.87158 1.72737 88
-13.5962 2.8753 1.72831 88
-13.5962 2.8753 1.72831 88
-13.5605 3.06668 1.72862 88
-13.5605 3.06668 1.72862 88
-13.6302 2.8398 1.72967 88
-13.6415 2.78525 1.72967 88
-13.573 3.15523 1.7303 88
-13.5698 3.1688 1.7303 88
-7.02597 -12.0687 1.73187 108
-7.0139 -12.0757 1.73187 108
-13.6904 2.79524 1.73228 88
-13.6904 2.79524 1.73228 88
-13.6158 3.16517 1.7326 88
-13.603 3.21961 1.7326 88
-7.02594 -12.0964 1.73312 108
-7.07426 -12.0682 1.73312 108
-7.13367 -12.0587 1.73427 108
-7.1216 -12.0658 1.73427 108
-4.29506 -13.353 1.73511 86
-4.34843 -13.3357 1.73511 86
-7.17901 -12.0527 1.73522 108
-7.13074 -12.0813 1.73522 108
-13.6521 3.28897 1.73595 88
-13.6521 3.28897 1.73595 88
-7.22541 -12.0482 1.73626 108
-7.22541 -12.0482 1.73626 108
-13.788 2.71477 1.73647 88
-13.777 2.7699 1.73647 88
-7.24082 -12.0739 1.73783 108
-7.24082 -12.0739 1.73783 108
-7.35487 -12.0446 1.73961 108
-7.34282 -12.0519 1.73961 108
-7.43962 -12.0206 1.74087 108
-7.45163 -12.0132 1.74087 108
-7.50351 -12.0162 1.74244 108
-7.45538 -12.0461 1.74244 108
-7.56429 -12.0064 1.74369 108
-7.55228 -12.0139 1.74369 108
-1.57962 14.1224 1.74474 84
-1.5655 14.124 1.74474 84
-7.57141 -12.0443 1.74558 108
-7.61953 -12.014 1.74558 108
-1.52526 14.1485 1.74579 84
-1.58184 14.1423 1.74579 84
-7.66413 -12.0045 1.74642 108
-7.66413 -12.0045 1.74642 108
-7.67166 -12.0163 1.74715 108
-7.71966 -11.9855 1.74715 108
-1.48572 14.1808 1.74725 84
-1.47154 14.1823 1.74725 84
-4.36906 -13.583 1.74778 82
-4.36906 -13.583 1.74778 82
-1.43139 14.2105 1.74851 84
-1.48822 14.2047 1.74851 84
-7.77297 -11.9891 1.74882 108
-7.77297 -11.9891 1.74882 108
-7.78818 -12.0126 1.75029 108
-7.83617 -11.9813 1.75029 108
-1.39263 14.2545 1.7506 84
-1.39263 14.2545 1.7506 84
-7.89184 -11.9878 1.75217 108
-7.89184 -11.9878 1.75217 108
-1.39632 14.2922 1.75259 84
-1.39632 14.2922 1.75259 84
-7.90392 -12.0062 1.75332 108
-7.90392 -12.0062 1.75332 108
-7.99443 -11.9605 1.75395 108
-7.99443 -11.9605 1.75395 108
-1.30003 14.3434 1.75479 84
-1.28569 14.3447 1.75479 84
-8.05896 -11.9533 1.75552 108
-8.01108 -11.9854 1.75552 108
-1.24403 14.3644 1.75563 84
-1.30147 14.3594 1.75563 84
-8.10936 -11.9505 1.75688 108
-8.10936 -11.9505 1.75688 108
-8.17402 -11.9427 1.75845 108
-8.12618 -11.9753 1.75845 108
-8.2268 -11.9428 1.76002 108
-8.2268 -11.9428 1.76002 108
-4.4016 -13.8264 1.76044 80
-4.34626 -13.8439 1.76044 80
-8.2336 -11.9527 1.76065 108
-8.28135 -11.9196 1.76065 108
-8.3411 -11.9291 1.76285 108
-8.3411 -11.9291 1.76285 108
-8.46255 -11.9242 1.7663 108
-8.47179 -11.9372 1.76714 108
-8.51947 -11.9032 1.76714 108
-8.56332 -11.889 1.76787 108
-8.56332 -11.889 1.76787 108
-8.5855 -11.9198 1.76986 108
-8.5855 -11.9198 1.76986 108
-9.37201 -11.3507 1.77143 102
-9.32653 -11.3881 1.77143 102
-8.68758 -11.8852 1.77154 102
-8.68758 -11.8852 1.77154 102
-8.76112 -11.8857 1.77384 102
-8.71351 -11.9206 1.77384 102
-8.80745 -11.8738 1.77478 102
-8.80745 -11.8738 1.77478 102
-4.42882 -14.1068 1.77489 78
-4.42882 -14.1068 1.77489 78
-8.86564 -11.8529 1.77572 102
-8.81816 -11.8882 1.77572 102
-8.91798 -11.8486 1.77719 102
-8.91798 -11.8486 1.77719 102
-8.99065 -11.8462 1.77939 102
-8.9432 -11.8821 1.77939 102
-9.04676 -11.8462 1.78117 102
-9.04676 -11.8462 1.78117 102
-9.09808 -11.8395 1.78253 102
-9.06252 -11.8668 1.78253 102
-9.16371 -11.8267 1.7841 102
-9.15188 -11.8359 1.7841 102
-13.3704 -6.78487 1.78577 41
-13.3432 -6.8383 1.78577 41
-9.22126 -11.8276 1.78598 102
-9.17387 -11.8643 1.78598 102
-13.3979 -6.74832 1.78619 41
-13.3979 -6.74832 1.78619 41
-11.4822 -9.66336 1.7865 79
-13.3681 -6.85105 1.78724 41
-13.3681 -6.85105 1.78724 41
-9.27396 -11.8218 1.78745 102
-9.27396 -11.8218 1.78745 102
-4.45936 -14.3547 1.78776 70
-4.4019 -14.3724 1.78776 70
-13.3741 -6.90487 1.78881 41
-13.3463 -6.95831 1.78881 41
-9.30354 -11.8595 1.78996 102
-13.4891 -6.72676 1.78996 41
-9.30354 -11.8595 1.78996 102
-13.4621 -6.78067 1.78996 41
-9.39877 -11.8098 1.79101 102
-9.41057 -11.8004 1.79101 102
-13.3906 -6.98139 1.79142 41
-13.3906 -6.98139 1.79142 41
-9.41991 -11.8363 1.79279 102
-9.46718 -11.7986 1.79279 102
-13.3838 -7.09741 1.79394 41
-13.3838 -7.09741 1.79394 41
-13.5844 -6.72348 1.79436 41
-13.5844 -6.72348 1.79436 41
-9.53565 -11.787 1.79456 102
-9.52386 -11.7965 1.79456 102
-13.4085 -7.11051 1.7954 41
-13.4085 -7.11051 1.7954 41
-13.376 -7.21368 1.79645 41
-13.4047 -7.16012 1.79645 41
-9.59745 -11.7909 1.79676 102
-9.55021 -11.8292 1.79676 102
-13.6757 -6.70072 1.79812 41
-13.6488 -6.75537 1.79812 41
-13.4076 -7.23074 1.79833 41
-13.4076 -7.23074 1.79833 41
-9.65556 -11.7898 1.79865 102
-9.66734 -11.7802 1.79865 102
-13.4245 -7.2919 1.80064 41
-13.3952 -7.34554 1.80064 41
-4.48086 -14.6302 1.80189 52
-4.48086 -14.6302 1.80189 52
-9.78124 -11.7742 1.80221 102
-9.79301 -11.7644 1.80221 102
-13.4411 -7.35323 1.80294 59
-13.4337 -7.36667 1.80294 59
-13.782 -6.70159 1.80315 41
-13.782 -6.70159 1.80315 41
-9.79911 -11.7957 1.80367 102
-9.84621 -11.7564 1.80367 102
-13.4062 -7.47414 1.8044 59
-13.436 -7.42046 1.8044 59
-9.91506 -11.7429 1.80545 102
-9.90332 -11.7528 1.80545 102
-13.4411 -7.49359 1.8065 51
-13.4411 -7.49359 1.8065 51
-9.77598 11.908 1.80744 58
-9.78788 11.8983 1.80744 58
-9.97611 -11.7435 1.80754 102
-9.92906 -11.7833 1.80754 102
-13.443 -7.54757 1.80796 51
-13.4127 -7.60128 1.80796 51
-13.8848 -6.70014 1.80796 41
-13.8646 -6.74176 1.80796 41
-10.0347 -11.7409 1.80943 102
-10.0347 -11.7409 1.80943 102
-13.4578 -7.62689 1.81068 51
-13.4578 -7.62689 1.81068 51
-10.0528 -11.7621 1.81089 102
-10.0528 -11.7621 1.81089 102
-13.9697 -6.68951 1.81173 47
-13.9697 -6.68951 1.81173 47
-13.4731 -7.689 1.81299 48
-13.4422 -7.74284 1.81299 48
-10.1728 -11.7115 1.81299 85
-10.1611 -11.7216 1.81299 85
-9.90503 11.9673 1.81414 58
-9.95282 11.9276 1.81414 58
-13.4768 -7.76277 1.81508 46
-13.4768 -7.76277 1.81508 46
-10.1872 -11.7518 1.81508 85
-10.2342 -11.711 1.81508 85
-14.0453 -6.72574 1.81613 41
-14.0453 -6.72574 1.81613 41
-13.4411 -7.86802 1.81623 42
-13.4411 -7.86802 1.81623 42
-4.4595 -14.933 1.81675 36
-4.4595 -14.933 1.81675 36
-10.2983 -11.7132 1.81738 85
-10.31 -11.7029 1.81738 85
-13.4807 -7.89122 1.81864 35
-13.4807 -7.89122 1.81864 35
-10.318 -11.7357 1.81895 85
-10.3649 -11.6944 1.81895 85
-10.4289 -11.6722 1.82031 85
-10.4172 -11.6826 1.82031 85
-14.1746 -6.64879 1.82052 41
-14.1746 -6.64879 1.82052 41
-13.4949 -7.95394 1.82094 35
-13.4629 -8.00786 1.82094 35
-13.5076 -8.0344 1.82366 35
-13.5156 -8.02089 1.82366 35
-13.5091 -8.09028 1.82523 35
-13.4766 -8.14426 1.82523 35
-14.2687 -6.69289 1.82597 41
-14.2887 -6.65005 1.82597 41
-13.5156 -8.14934 1.82712 33
-13.5074 -8.16285 1.82712 33
-13.4874 -8.28019 1.82942 33
-13.5204 -8.22617 1.82942 33
-14.3986 -6.63128 1.83078 41
-14.392 -6.64567 1.83078 41
-13.5299 -8.30631 1.83204 27
-13.5382 -8.29278 1.83204 27
-4.54637 -15.2238 1.83267 36
-4.54637 -15.2238 1.83267 36
-13.5423 -8.36997 1.83434 27
-13.5087 -8.42407 1.83434 27
-14.4718 -6.68252 1.83539 41
-14.4984 -6.62457 1.83539 41
-13.5562 -8.43482 1.83675 27
-13.5477 -8.44838 1.83675 27
-13.5477 -8.50491 1.83832 27
-13.5136 -8.55903 1.83832 27
-14.5909 -6.61403 1.83957 41
-14.5975 -6.59944 1.83957 41
-13.549 -8.58148 1.84052 27
-13.5576 -8.56792 1.84052 27
-11.6319 -11.0908 1.84229 76
-11.5763 -11.1489 1.84229 76
-13.5239 -8.6988 1.84271 19
-13.5239 -8.6988 1.84271 19
-14.6764 -6.65279 1.84449 41
-14.7029 -6.59403 1.84449 41
-13.5726 -8.73013 1.84575 19
-13.5726 -8.73013 1.84575 19
-13.5446 -8.84677 1.84784 19
-13.5799 -8.79252 1.84784 19
-11.2322 -11.6485 1.84805 197
-11.1855 -11.6934 1.84805 197
-4.58893 -15.5362 1.84899 20
-4.52675 -15.5545 1.84899 20
-13.5764 -8.86752 1.84983 19
-13.5852 -8.85394 1.84983 19
-13.5612 -8.97417 1.85224 19
-13.5881 -8.93344 1.85224 19
-13.6079 -9.00503 1.85517 19
-13.6079 -9.00503 1.85517 19
-11.3644 -11.7151 1.85538 197
-11.3644 -11.7151 1.85538 197
-13.5892 -9.13014 1.858 19
-13.6257 -9.07571 1.858 19
-13.6158 -9.14796 1.85967 19
-13.6158 -9.14796 1.85967 19
-13.5801 -9.28251 1.86208 19
-13.6171 -9.22812 1.86208 19
-11.5131 -11.7738 1.86302 79
-11.4659 -11.8198 1.86302 79
-13.6229 -9.31182 1.8648 19
-13.6323 -9.29819 1.8648 19
-4.61549 -15.8594 1.86564 18
-4.61549 -15.8594 1.86564 18
-11.6086 -11.8005 1.86752 79
-11.6086 -11.8005 1.86752 79
-13.6443 -9.3866 1.86794 19
-13.6161 -9.4275 1.86794 19
-15.2148 -6.64164 1.87003 201
-15.2214 -6.62642 1.87003 201
-13.6506 -9.45137 1.87014 19
-13.6506 -9.45137 1.87014 19
-11.6675 -11.8603 1.87192 76
-11.7148 -11.8135 1.87192 76
-15.2495 -6.65682 1.87202 201
-15.276 -6.59577 1.87202 201
-15.2496 -6.71139 1.87317 201
-15.2226 -6.77234 1.87317 201
-13.6364 -9.58344 1.87349 19
-13.6364 -9.58344 1.87349 19
-13.6527 -9.59492 1.87453 19
-13.6527 -9.59492 1.87453 19
-13.5901 -9.69374 1.87485 19
-13.6288 -9.6393 1.87485 19
-11.7939 -11.8221 1.87516 76
-11.7939 -11.8221 1.87516 76
-15.3894 -6.59001 1.87736 203
-15.3894 -6.59001 1.87736 203
-11.8907 -11.8242 1.87883 76
-11.8433 -11.8716 1.87883 76
-13.686 -9.76217 1.88102 19
-13.686 -9.76217 1.88102 19
-11.9602 -11.8221 1.88134 76
-11.9602 -11.8221 1.88134 76
-4.5926 -16.2026 1.88259 18
-4.65737 -16.1841 1.88259 18
-15.5032 -6.63875 1.88385 204
-11.9943 -11.8558 1.88385 491
-15.5032 -6.63875 1.88385 204
-11.9943 -11.8558 1.88385 492
-13.6627 -9.89052 1.88395 19
-13.7021 -9.83579 1.88395 19
-12.1084 -11.8022 1.88615 66
-12.1084 -11.8022 1.88615 66
-13.7096 -9.92449 1.88699 19
-13.7096 -9.92449 1.88699 19
-12.1428 -11.8357 1.88866 66
-12.1782 -11.7992 1.88866 66
-15.6359 -6.56642 1.88877 204
-15.6424 -6.55078 1.88877 204
-13.7088 -9.98674 1.88887 19
-13.6687 -10.0415 1.88887 19
-13.7042 -10.0675 1.89118 19
-13.7042 -10.0675 1.89118 19
-12.2495 -11.7973 1.89128 66
-12.2613 -11.785 1.89128 66
-15.7279 -6.60508 1.894 205
-15.7542 -6.54212 1.894 205
-13.6926 -10.2074 1.89505 19
-13.7333 -10.1525 1.89505 19
-12.4218 -11.7731 1.89693 199
-12.4218 -11.7731 1.89693 199
-13.7438 -10.2456 1.8984 19
-13.7438 -10.2456 1.8984 19
-15.8727 -6.51698 1.89924 207
-12.5008 -11.7534 1.89924 40
-12.4537 -11.8033 1.89924 40
-15.8661 -6.53285 1.89924 207
-4.68519 -16.5292 1.90039 18
-4.68519 -16.5292 1.90039 18
-13.7482 -10.3131 1.9007 19
-13.7068 -10.368 1.9007 19
-12.5696 -11.7472 1.90164 40
-12.5696 -11.7472 1.90164 40
-13.7594 -10.4078 1.90416 19
-13.7594 -10.4078 1.90416 19
-12.6428 -11.7448 1.90437 40
-12.6075 -11.7827 1.90437 40
-15.9585 -6.57087 1.90447 207
-15.9846 -6.50698 1.90447 207
-13.7163 -10.5269 1.90614 19
-13.7163 -10.5269 1.90614 19
-12.7205 -11.7461 1.9074 40
-12.7323 -11.7334 1.9074 40
-12.5534 11.9651 1.90887 209
-12.6012 11.9148 1.90887 209
-12.5189 12.0041 1.90897 209
-12.5189 12.0041 1.90897 209
-12.607 11.9203 1.90928 209
-12.607 11.9203 1.90928 209
-12.4403 12.097 1.90939 209
-12.4403 12.097 1.90939 209
-12.5276 12.0124 1.9096 209
-12.5276 12.0124 1.9096 209
-12.7998 -11.7248 1.9097 40
-12.7528 -11.7759 1.9097 40
-12.4561 12.1123 1.91054 209
-12.4075 12.162 1.91054 209
-13.786 -10.5804 1.91075 19
-13.786 -10.5804 1.91075 19
-16.1189 -6.50535 1.91096 41
-16.1254 -6.48922 1.91096 41
-12.7252 11.8644 1.9118 209
-12.6776 11.9152 1.9118 209
-12.8733 -11.7213 1.91243 493
-12.8733 -11.7213 1.91243 493
-12.4079 12.2357 1.91326 209
-13.7494 -10.7061 1.91326 19
-12.4079 12.2357 1.91326 209
-13.7922 -10.6511 1.91326 19
-12.9117 -11.7563 1.91515 494
-12.9117 -11.7563 1.91515 494
-12.7792 11.9148 1.91567 209
-12.7792 11.9148 1.91567 209
-13.7967 -10.743 1.9164 19
-13.7967 -10.743 1.9164 19
-16.2337 -6.55169 1.91745 213
-16.2598 -6.4867 1.91745 213
-13.053 -11.6953 1.9185 28
-13.0413 -11.7083 1.9185 28
-12.4326 12.3584 1.91871 209
-12.4819 12.3086 1.91871 209
-4.66339 -16.9024 1.91891 18
-13.8022 -10.8139 1.91891 19
-13.7588 -10.869 1.91891 19
-4.73097 -16.8836 1.91891 18
-12.9167 11.8751 1.91954 209
-12.8691 11.9267 1.91954 209
-13.7995 -10.9012 1.92164 19
-13.7995 -10.9012 1.92164 19
-13.1402 -11.7025 1.92216 495
-13.0933 -11.755 1.92216 495
-16.3684 -6.47315 1.92247 213
-16.3748 -6.45678 1.92247 213
-13.2153 -11.675 1.92415 202
-13.2037 -11.6882 1.92415 202
-13.8199 -10.9848 1.92519 19
-13.7759 -11.04 1.92519 19
-13.2321 -11.7134 1.92614 202
-13.2788 -11.6604 1.92614 202
-16.4408 -6.50179 1.92656 213
-16.4667 -6.43598 1.92656 213
-13.8304 -11.0837 1.92886 19
-13.8415 -11.0698 1.92886 19
-13.3766 -11.6517 1.9297 19
-13.3649 -11.6651 1.9297 19
-16.5734 -6.42046 1.93148 213
-13.7913 -11.2117 1.93148 19
-13.836 -11.1565 1.93148 19
-16.5798 -6.40388 1.93148 213
-13.41 -11.7045 1.93284 19
-13.4567 -11.6508 1.93284 19
-13.8377 -11.2495 1.93462 19
-13.8377 -11.2495 1.93462 19
-16.6423 -6.44716 1.93535 41
-16.668 -6.38053 1.93535 41
-13.5593 -11.645 1.93671 19
-13.5477 -11.6586 1.93671 19
-13.8049 -11.3842 1.93776 19
-13.8503 -11.3289 1.93776 19
-13.581 -11.6872 1.93901 19
-13.6276 -11.6328 1.93901 19
-4.78745 -17.2846 1.93995 18
-4.77016 -17.2894 1.93995 18
-13.6807 -11.6074 1.94027 19
-16.7916 -6.37017 1.94121 41
-16.7916 -6.37017 1.94121 41
-13.8795 -11.4224 1.94205 19
-13.8681 -11.4363 1.94205 19
-13.7523 -11.6681 1.94519 19
-16.8962 -6.40985 1.94707 41
-16.8962 -6.40985 1.94707 41
-13.8827 -11.6126 1.94854 19
-13.8827 -11.6126 1.94854 19
-13.8964 -11.6241 1.94948 19
-13.8964 -11.6241 1.94948 19
-17.0455 -6.33036 1.95293 41
-17.0518 -6.31331 1.95293 41
-4.74325 -17.6735 1.959 16
-4.8139 -17.6543 1.959 16
-17.171 -6.37694 1.95995 41
-17.1963 -6.30821 1.95995 41
-17.3428 -6.30298 1.96706 41
-17.3428 -6.30298 1.96706 41
-17.4826 -6.27472 1.97345 41
-17.4573 -6.3446 1.97345 41
-4.83281 -18.0072 1.97711 16
-4.85081 -18.0023 1.97711 16
-17.633 -6.26907 1.98078 41
-17.633 -6.26907 1.98078 41
-17.7673 -6.23686 1.98685 41
-17.7422 -6.30788 1.98685 41
-17.9255 -6.23207 1.99459 41
-17.9255 -6.23207 1.99459 41
-18.0689 -6.28191 2.00255 41
-18.0939 -6.20959 2.00255 41
-18.2542 -6.20347 2.0104 41
-18.2542 -6.20347 2.0104 41
-18.3734 -6.24396 2.01699 41
-18.3982 -6.17042 2.01699 41
-17.6428 8.10005 2.01741 219
-17.6428 8.10005 2.01741 219
-17.7027 7.97799 2.01762 219
-17.6706 8.04874 2.01762 219
-17.6609 8.10838 2.01846 219
-17.6609 8.10838 2.01846 219
-17.7184 8.00638 2.01898 219
-17.7264 7.98866 2.01898 219
-17.6335 8.26721 2.02066 219
-17.6417 8.24958 2.02066 219
-17.8293 7.88539 2.0217 219
-17.7977 7.95664 2.0217 219
-18.5474 -6.15862 2.02421 41
-18.5474 -6.15862 2.02421 41
-17.6718 8.34994 2.02432 219
-17.7051 8.27919 2.02432 219
-17.8817 7.92993 2.02516 219
-17.8896 7.91205 2.02516 219
-18.6479 -6.19198 2.02976 41
-18.6479 -6.19198 2.02976 41
-18.839 -6.10935 2.03793 41
-18.839 -6.10935 2.03793 41
-19.4357 -4.27672 2.04295 497
-19.44 -4.25728 2.04295 497
-19.4937 -4.20779 2.04515 497
-19.4767 -4.28573 2.04515 497
-18.9948 -6.15987 2.04651 41
-19.0192 -6.08385 2.04651 41
-19.4774 -4.42905 2.04682 498
-19.4949 -4.35111 2.04682 498
-19.5007 -4.43436 2.04808 498
-19.5052 -4.41486 2.04808 498
-19.5185 -4.50003 2.04975 498
-19.5049 -4.55856 2.04975 498
-19.5224 -4.56265 2.0507 498
-19.5224 -4.56265 2.0507 498
-19.5183 -4.72668 2.05248 498
-19.5183 -4.72668 2.05248 498
-19.5532 -4.73514 2.05436 498
-19.5532 -4.73514 2.05436 498
-19.5622 -4.79949 2.05562 498
-19.5428 -4.8777 2.05562 498
-19.2069 -6.08041 2.05583 41
-19.2069 -6.08041 2.05583 41
-19.5642 -4.88302 2.05677 41
-19.569 -4.86345 2.05677 41
-19.5707 -4.94707 2.05792 41
-19.5558 -5.00576 2.05792 41
-19.5829 -5.01269 2.05938 41
-19.5829 -5.01269 2.05938 41
-19.5653 -5.17532 2.06064 41
-19.5859 -5.09702 2.06064 41
-19.6168 -5.16797 2.06315 41
-19.6117 -5.18758 2.06315 41
-19.6192 -5.25259 2.06441 41
-19.6033 -5.31143 2.06441 41
-19.3912 -6.05353 2.06462 41
-19.3668 -6.13104 2.06462 41
-19.6303 -5.31874 2.06587 41
-19.6303 -5.31874 2.06587 41
-19.6335 -5.38289 2.06692 41
-19.6064 -5.48099 2.06692 41
-19.6465 -5.47102 2.0688 41
-19.641 -5.49066 2.0688 41
-19.6384 -5.6172 2.07048 41
-19.6384 -5.6172 2.07048 41
-19.6615 -5.62379 2.07174 41
-19.6615 -5.62379 2.07174 41
-19.6408 -5.76691 2.07278 41
-19.6637 -5.6883 2.07278 41
-19.5696 -6.04484 2.07341 41
-19.5696 -6.04484 2.07341 41
-19.6772 -5.7776 2.07477 41
-19.6772 -5.7776 2.07477 41
-19.6923 -5.84627 2.07655 41
-19.6688 -5.92499 2.07655 41
-19.6631 -6.07373 2.07854 41
-19.6812 -6.01471 2.07854 41
-19.7108 -5.93766 2.07885 41
-19.7108 -5.93766 2.07885 41
-5.19405 -20.4951 2.10806 11
-5.19405 -20.4951 2.10806 11
-5.34142 -20.4737 2.10889 11
-5.42327 -20.4521 2.10889 11
-5.34243 -20.4775 2.1091 11
-5.3629 -20.4722 2.1091 11
-5.19994 -20.5183 2.10931 11
-5.19994 -20.5183 2.10931 11
-5.05857 -20.5639 2.10984 11
-5.14078 -20.5435 2.10984 11
-5.20074 -21.1418 2.14103 11
-5.22188 -21.1366 2.14103 11
-5.24498 -21.984 2.18447 11
-5.33287 -21.9628 2.18447 11
-22.5375 3.94781 2.19912 225
-22.5375 3.94781 2.19912 225
-22.5234 4.03828 2.19923 225
-22.5394 3.94815 2.19923 225
-22.5191 4.10727 2.19964 225
-22.5191 4.10727 2.19964 225
-22.5862 3.79359 2.20027 225
-22.5708 3.8839 2.20027 225
-22.5407 4.11121 2.2008 225
-22.5407 4.11121 2.2008 225
-22.6315 3.8012 2.20268 225
-22.6315 3.8012 2.20268 225
-22.5761 4.28117 2.20425 225
-22.5761 4.28117 2.20425 225
-22.7551 3.75181 2.20865 225
-22.77 3.66076 2.20865 225
-22.6899 4.30275 2.21032 225
-22.6725 4.39348 2.21032 225
-5.36039 -22.4677 2.21053 11
-5.38285 -22.4623 2.21053 11
-5.44033 -23.1097 2.24424 9
-5.34785 -23.1313 2.24424 9
-5.49885 -23.6765 2.27386 9
-5.47517 -23.682 2.27386 9
-5.61501 24.0473 2.29416 232
-5.45007 24.1016 2.295 232
-5.54109 24.1669 2.2994 232
-5.71105 24.1314 2.29961 232
-4.20726 24.4526 2.30034 499
-4.28059 24.4399 2.30034 499
-4.29576 24.5265 2.30494 499
-4.29576 24.5265 2.30494 499
-4.47629 24.5449 2.30756 499
-4.47629 24.5449 2.30756 499
-6.01705 24.2319 2.3085 232
-5.92008 24.2557 2.3085 232
-6.01994 24.2435 2.30913 232
-6.01994 24.2435 2.30913 232
-4.48346 24.5842 2.30965 500
-4.48346 24.5842 2.30965 500
-5.87207 24.3763 2.31405 232
-5.84769 24.3822 2.31405 232
-6.12626 24.359 2.31635 232
-6.22364 24.3343 2.31635 232
-6.30263 24.3387 2.31761 232
-6.39993 24.3133 2.31761 232
-6.23799 24.3904 2.31939 232
-6.23799 24.3904 2.31939 232
-5.03626 24.6686 2.31949 232
-4.93754 24.6886 2.31949 232
-4.8704 24.7385 2.32138 232
-4.8704 24.7385 2.32138 232
-6.42942 24.4253 2.32368 232
-6.42942 24.4253 2.32368 232
-5.62657 -24.6739 2.3263 8
-5.52783 -24.6962 2.3263 8
-5.25178 24.836 2.33038 232
-5.1524 24.8568 2.33038 232
-5.08659 24.9152 2.33268 232
-5.08659 24.9152 2.33268 232
-5.28195 24.9786 2.33802 232
-5.28195 24.9786 2.33802 232
-21.7955 13.3152 2.33854 233
-21.7822 13.337 2.33854 233
-21.8422 13.2539 2.33896 233
-21.8819 13.1883 2.33896 233
-21.8887 13.1925 2.33938 233
-21.8887 13.1925 2.33938 233
-21.9522 13.1411 2.34085 233
-22.0046 13.0532 2.34085 233
-21.7812 13.4264 2.34095 233
-21.8347 13.3392 2.34095 233
-5.47929 25.0444 2.34357 232
-5.37907 25.0662 2.34357 232
-5.48185 25.0561 2.3442 232
-5.48185 25.0561 2.3442 232
-22.0698 13.0919 2.34482 233
-22.0698 13.0919 2.34482 233
-21.8308 13.5475 2.3465 233
-21.8308 13.5475 2.3465 233
-6.71819 24.8154 2.34734 232
-6.71819 24.8154 2.34734 232
-6.72602 24.8443 2.34891 232
-6.72602 24.8443 2.34891 232
-6.91154 24.839 2.35121 232
-6.8867 24.8459 2.35121 232
-22.2226 13.0926 2.35173 234
-22.2748 13.0036 2.35173 234
-4.28771 25.5309 2.35676 501
-4.28771 25.5309 2.35676 501
-22.014 13.6613 2.3578 233
-6.84801 24.9974 2.35833 232
-6.94795 24.9698 2.35833 232
-5.68793 -25.2927 2.35864 7
-5.66263 -25.2984 2.35864 7
-7.03365 24.9873 2.36042 503
-7.13354 24.959 2.36042 503
-4.22799 25.6462 2.3622 504
-4.30491 25.6334 2.3622 504
-5.74477 25.4048 2.36503 232
-5.74477 25.4048 2.36503 232
-4.14693 25.797 2.36932 505
-4.14693 25.797 2.36932 505
-7.36712 25.1096 2.37141 232
-7.26662 25.1389 2.37141 232
-7.17476 25.1985 2.37309 232
-7.19996 25.1913 2.37309 232
-7.39132 25.2857 2.38062 232
-7.4166 25.2783 2.38062 232
-4.93524 26.0279 2.38837 232
-4.02385 26.2004 2.38921 506
-4.05005 26.1964 2.38921 506
-5.02691 26.0836 2.39214 232
-6.07551 26.0194 2.4003 232
-5.90027 26.0925 2.40198 232
-5.66881 -26.1846 2.40407 7
-5.77351 -26.1617 2.40407 7
-0.199434 26.9902 2.41454 242
-0.0914717 26.9908 2.41454 242
-6.18723 26.4979 2.42605 507
-6.44179 26.7413 2.44154 507
-5.85123 -26.8971 2.44259 244
-5.82433 -26.903 2.44259 244
-3.99603 27.2911 2.44552 232
-4.10575 27.2789 2.44573 232
-4.21484 27.2623 2.44573 232
-4.38467 27.2759 2.44782 232
-4.30283 27.2889 2.44782 232
-27.2855 -5.40595 2.45777 252
-27.2855 -5.40595 2.45777 252
-27.3416 -5.1901 2.4585 252
-27.3364 -5.21744 2.4585 252
-27.3325 -5.41526 2.46028 252
-27.3325 -5.41526 2.46028 252
-27.4061 -5.11722 2.46112 252
-27.3854 -5.2268 2.46112 252
-27.4853 -5.01831 2.46426 252
-27.4803 -5.0458 2.46426 252
-27.4842 -5.04652 2.46446 252
-27.5041 -4.93654 2.46446 252
-27.5562 -4.8606 2.46645 252
-27.5562 -4.8606 2.46645 252
-27.6171 -4.67225 2.46792 252
-27.6171 -4.67225 2.46792 252
-27.6266 -4.75915 2.46917 252
-27.6073 -4.86962 2.46917 252
-27.8128 -4.39124 2.47566 252
-27.795 -4.50245 2.47566 252
-27.8857 -4.51714 2.48048 252
-27.8857 -4.51714 2.48048 252
-28.1082 -3.74893 2.48613 252
-28.1082 -3.74893 2.48613 252
-28.1304 -3.83783 2.48791 252
-28.1149 -3.95032 2.48791 252
-28.2157 -3.96449 2.49325 252
-28.2157 -3.96449 2.49325 252
-25.0063 13.6742 2.49367 249
-25.0063 13.6742 2.49367 249
-5.84688 -27.9518 2.4966 250
-5.84688 -27.9518 2.4966 250
-28.0315 -5.75796 2.49974 252
-28.0543 -5.64579 2.49974 252
-28.5805 -4.21996 2.51408 510
-28.5805 -4.21996 2.51408 510
-28.309 -5.99222 2.51649 252
-28.6687 -4.43825 2.52036 511
-28.6687 -4.43825 2.52036 511
-28.7287 -4.24184 2.52193 511
-28.7454 -4.12689 2.52193 511
-28.8226 -4.46209 2.52852 511
-28.8226 -4.46209 2.52852 511
-16.2784 24.5032 2.54171 253
-16.3763 24.4379 2.54171 253
-29.0741 -4.7992 2.54433 255
-29.0547 -4.91546 2.54433 255
-16.2511 24.622 2.54611 253
-16.2511 24.622 2.54611 253
-6.08242 -29.0779 2.55689 254
-6.08242 -29.0779 2.55689 254
-29.1129 -6.07118 2.55856 255
-29.0884 -6.18758 2.55856 255
-16.6343 24.8229 2.566 253
-16.6343 24.8229 2.566 253
-16.8469 24.7636 2.56966 253
-16.8469 24.7636 2.56966 253
-29.7784 -3.75974 2.57301 512
-29.821 -3.64399 2.57447 512
-16.4996 25.3832 2.58662 513
-16.4996 25.3832 2.58662 513
-6.19387 -30.0604 2.60849 261
-6.07358 -30.0849 2.60849 261
-0.197556 30.9209 2.62053 265
-0.228477 30.9207 2.62053 265
-0.414263 30.9388 2.62158 265
-0.414263 30.9388 2.62158 265
-0.41445 30.9527 2.62231 265
-0.41445 30.9527 2.62231 265
-0.631393 30.9631 2.62304 265
-0.507536 30.9653 2.62304 265
-0.631759 30.981 2.62398 265
-0.631759 30.981 2.62398 265
-0.724886 30.987 2.6244 265
-0.848828 30.9838 2.6244 265
-0.849266 30.9998 2.62524 265
-0.849266 30.9998 2.62524 265
-1.06659 31.0031 2.62576 265
-0.942564 31.0071 2.62576 265
-30.3621 -6.45852 2.62681 514
-1.06755 31.031 2.62723 265
-1.06755 31.031 2.62723 265
-1.16168 31.0556 2.6287 265
-1.28589 31.0507 2.6287 265
-1.28622 31.0587 2.62911 265
-1.28622 31.0587 2.62911 265
-1.41063 31.0573 2.62932 265
-1.50379 31.0529 2.62932 265
-1.50476 31.0729 2.63037 265
-1.50476 31.0729 2.63037 265
-1.72411 31.0955 2.63215 265
-1.72411 31.0955 2.63215 265
-1.72511 31.1134 2.63309 265
-1.72511 31.1134 2.63309 265
-1.81914 31.1201 2.63372 265
-1.9436 31.1126 2.63372 265
-1.94385 31.1166 2.63393 265
-1.94385 31.1166 2.63393 265
-2.0385 31.1305 2.63498 265
-2.163 31.1221 2.63498 265
-2.16494 31.15 2.63644 265
-2.16494 31.15 2.63644 265
-2.38416 31.15 2.63728 265
-2.25954 31.1593 2.63728 265
-2.38629 31.1779 2.63874 265
-2.35511 31.1803 2.63874 265
-2.48108 31.1865 2.63958 265
-2.60581 31.1764 2.63958 265
-2.60864 31.2102 2.64136 265
-2.60864 31.2102 2.64136 265
-14.8441 28.0735 2.66428 515
-14.8441 28.0735 2.66428 515
-14.9508 28.0712 2.6668 515
-15.063 28.0111 2.6668 515
-14.7966 28.2565 2.67161 515
-6.33127 -31.3614 2.67674 289
-6.36263 -31.355 2.67674 289
-3.75368 31.8294 2.67967 290
-3.78551 31.8257 2.67967 290
-4.46434 31.8203 2.68396 290
-4.46434 31.8203 2.68396 290
-3.89137 31.8994 2.68417 290
-4.71844 32.0016 2.69527 290
-4.59039 32.0202 2.69527 290
-6.06561 31.9893 2.70636 293
-4.27192 32.3262 2.70887 516
-4.30424 32.3219 2.70887 516
-16.9125 28.1256 2.71997 517
-16.8311 28.1814 2.72028 517
-16.9437 28.1138 2.72028 517
-16.7495 28.2369 2.7206 517
-16.7213 28.2537 2.7206 517
-6.35652 32.2871 2.72457 293
-6.48791 -32.6418 2.74415 294
-6.35729 -32.6675 2.74415 294
-4.62474 32.9635 2.74446 518
-4.62474 32.9635 2.74446 518
-4.88275 33.116 2.7543 518
-14.6437 30.2076 2.75933 519
-14.6437 30.2076 2.75933 519
-4.03534 -33.409 2.76362 297
-3.90167 -33.4249 2.76362 297
-4.44239 33.3593 2.76372 520
-4.30892 33.3768 2.76372 520
-3.19989 -33.5094 2.76414 297
-3.3339 -33.4963 2.76414 297
-3.43458 -33.4881 2.76425 297
-3.46806 -33.4847 2.76425 297
-4.13726 -33.4106 2.76435 297
-2.9656 -33.5349 2.76435 297
-4.13726 -33.4106 2.76435 297
-2.99913 -33.5319 2.76435 297
-3.80296 -33.4503 2.76435 297
-3.66913 -33.4653 2.76435 297
-2.73095 -33.5569 2.76445 297
-3.43499 -33.4921 2.76445 297
-3.93696 -33.4368 2.76445 297
-3.56893 -33.4781 2.76445 297
-3.90352 -33.4407 2.76445 297
-2.73095 -33.5569 2.76445 297
-4.13825 -33.4185 2.76477 297
-3.70347 -33.4695 2.76477 297
-4.13825 -33.4185 2.76477 297
-3.67 -33.4732 2.76477 297
-4.60596 -33.3593 2.76487 296
-4.60596 -33.3593 2.76487 296
-2.96683 -33.5489 2.76508 297
-3.101 -33.5367 2.76508 297
-2.73208 -33.5708 2.76519 297
-2.73208 -33.5708 2.76519 297
-2.39667 -33.6024 2.7655 297
-4.74104 -33.3525 2.7655 296
-3.23589 -33.532 2.7655 297
-4.6076 -33.3712 2.7655 296
-3.20236 -33.5352 2.7655 297
-2.63182 -33.5848 2.7655 297
-2.29585 -33.6094 2.7655 297
-2.49746 -33.5951 2.7655 297
-2.29585 -33.6094 2.7655 297
-2.29585 -33.6094 2.7655 297
-14.9381 30.1969 2.76561 521
-14.8172 30.2564 2.76561 521
-4.37415 -33.4046 2.76561 296
-4.37415 -33.4046 2.76561 296
-2.53166 -33.6005 2.76592 297
-5.07553 -33.3113 2.76592 522
-5.07553 -33.3113 2.76592 522
-2.49805 -33.603 2.76592 297
-4.50853 -33.3928 2.76592 296
-4.37493 -33.4105 2.76592 296
-2.06114 -33.6347 2.76602 301
-15.5427 29.8992 2.76602 523
-15.4229 29.9612 2.76602 523
-2.16203 -33.6283 2.76602 303
-5.07613 -33.3153 2.76613 296
-4.8428 -33.35 2.76613 296
-4.8428 -33.35 2.76613 296
-5.20935 -33.2947 2.76613 296
-15.5454 29.9046 2.76634 524
-5.30984 -33.2829 2.76634 525
-5.30984 -33.2829 2.76634 525
-15.5454 29.9046 2.76634 526
-4.84453 -33.3618 2.76676 296
-4.97793 -33.3422 2.76676 296
-5.31173 -33.2947 2.76697 296
-5.44487 -33.2732 2.76697 296
-1.82673 -33.6682 2.76707 301
-1.82673 -33.6682 2.76707 301
-15.3721 30.0097 2.76707 527
-14.9522 30.2256 2.76728 527
-14.922 30.2405 2.76728 527
-1.82705 -33.6742 2.76739 301
-5.77869 -33.2249 2.76739 528
-2.06273 -33.6606 2.76739 301
-5.77869 -33.2249 2.76739 529
-2.06273 -33.6606 2.76739 301
-1.92807 -33.6686 2.76739 301
-1.69254 -33.6852 2.76759 301
-1.59148 -33.6901 2.76759 301
-5.54762 -33.2744 2.76791 530
-5.54762 -33.2744 2.76791 530
-5.54795 -33.2764 2.76801 530
-5.54795 -33.2764 2.76801 530
-1.59186 -33.6981 2.76801 301
-1.59186 -33.6981 2.76801 301
-5.91434 -33.2173 2.76822 531
-5.78143 -33.2407 2.76822 531
-15.7721 29.8286 2.76833 532
-1.35642 -33.7204 2.76864 308
-1.35642 -33.7204 2.76864 308
-1.35658 -33.7244 2.76885 308
-1.35658 -33.7244 2.76885 308
-6.01788 -33.221 2.76937 533
-6.01788 -33.221 2.76937 533
-6.11897 -33.2107 2.76979 533
-6.01931 -33.2289 2.76979 533
-6.2525 -33.1898 2.77 533
-6.21931 -33.1961 2.77 533
-6.35354 -33.1788 2.77042 533
-6.22078 -33.2039 2.77042 533
-6.45381 -33.1635 2.77063 533
-6.48698 -33.157 2.77063 533
-33.2433 -6.82854 2.77859 317
-33.2502 -6.79529 2.77859 317
-14.1167 33.0761 2.88472 330
-14.1167 33.0761 2.88472 330
-14.3566 32.9967 2.88587 330
-14.2245 33.0538 2.88587 330
-14.1284 33.1037 2.88629 330
-13.9959 33.1599 2.88629 330
-18.3656 30.9613 2.88661 534
-18.2416 31.0345 2.88661 534
-17.917 31.2645 2.88849 534
-17.9483 31.2466 2.88849 534
-18.0459 31.1995 2.88891 534
-13.8824 33.2617 2.88891 330
-13.9157 33.2478 2.88891 330
-18.1706 31.1271 2.88891 535
-14.3829 33.0571 2.88933 536
-18.1746 31.134 2.88933 537
-14.3499 33.0715 2.88933 538
-18.1435 31.1521 2.88933 539
-13.7299 34.8409 2.9626 540
-13.5905 34.8955 2.9626 540
-13.7739 34.9524 2.96888 540
-13.7739 34.9524 2.96888 540
-4.74479 37.6421 2.98835 541
-4.7121 37.6864 2.99044 541
-4.74979 37.6817 2.99044 541
-18.1108 33.6788 3.00405 542
-18.1108 33.6788 3.00405 542
-16.2414 36.6255 3.09972 543
-16.2047 36.6417 3.09972 543
-16.1445 36.8035 3.10621 543
-16.2916 36.7387 3.10621 543
-16.7062 36.9732 3.12631 543
-16.5582 37.0397 3.12631 543
-28.9882 34.2496 3.35156 544
-28.954 34.2786 3.35156 544
-29.2793 34.1065 3.35575 544
-29.1426 34.2233 3.35575 544
-29.2212 35.0191 3.39029 545
-29.1862 35.0483 3.39029 545
-31.2982 33.5702 3.40536 546
-31.2982 33.5702 3.40536 546
-32.3352 32.7917 3.41352 547
-32.3352 32.7917 3.41352 547
-31.6779 33.5041 3.41646 548
-31.5436 33.6305 3.41646 548
-32.3829 32.84 3.41708 549
-32.2513 32.9693 3.41708 549
-29.1382 35.9305 3.42441 550
-29.1382 35.9305 3.42441 550
-31.5194 34.2854 3.44074 551
-31.382 34.4112 3.44074 551
-31.2866 34.5141 3.44137 551
-31.2866 34.5141 3.44137 551
-32.5031 33.4268 3.44346 552
-32.5031 33.4268 3.44346 552
-32.1692 34.0236 3.45393 553
-32.1692 34.0236 3.45393 553
-32.4259 33.8178 3.45539 553
-32.4259 33.8178 3.45539 553
-32.5438 33.7376 3.45665 553
-32.6785 33.6072 3.45665 553
-32.6581 34.06 3.47298 553
-32.6581 34.06 3.47298 553
-31.4144 35.5736 3.48721 554
-31.4144 35.5736 3.48721 554
-31.7079 35.4034 3.49077 554
-31.5661 35.53 3.49077 554
-27.9748 38.7421 3.50438 555
-27.9748 38.7421 3.50438 555
-27.8614 38.9122 3.50815 555
-28.1331 38.7162 3.50815 555
-28.8736 38.2673 3.51234 556
-28.8736 38.2673 3.51234 556
-27.5856 39.3524 3.51862 557
-27.4279 39.4624 3.51862 557
-27.6269 39.4113 3.52238 557
-29.486 38.0403 3.52238 558
-27.6269 39.4113 3.52238 559
-28.4138 39.9362 3.56865 560
-28.4138 39.9362 3.56865 560
-30.2837 38.9888 3.58728 561
-30.5368 38.8315 3.58896 561
-30.5756 38.8009 3.58896 561
-30.6993 38.7184 3.58958 561
-30.854 38.5953 3.58958 561
-30.1787 39.176 3.59168 562
-30.3351 39.055 3.59168 562
-30.63 38.8699 3.59356 562
-30.4743 38.9921 3.59356 562
-36.5584 39.5279 3.82175 563
-36.7162 39.3814 3.82175 563
0.230428 -2.5882 1.13618 2
0.238192 -2.58749 1.13618 2
0.1763 -2.59645 1.13639 2
0.129538 -2.5992 1.13639 2
0.186684 -2.59572 1.13639 2
0.186684 -2.59572 1.13639 2
0.129538 -2.5992 1.13639 2
0.184089 -2.59591 1.13639 2
0.148069 -2.60421 1.1367 2
0.150673 -2.60406 1.1367 2
0.195068 -2.60312 1.13681 2
0.205479 -2.60232 1.13681 2
0.166422 -2.60511 1.13681 2
0.166422 -2.60511 1.13681 2
0.224032 -2.6048 1.13702 2
0.140578 -2.61063 1.13702 2
0.151019 -2.61005 1.13702 2
0.224032 -2.6048 1.13702 2
0.111939 -2.61401 1.13712 2
0.111939 -2.61401 1.13712 2
0.096326 -2.61663 1.13722 2
0.112024 -2.61601 1.13722 2
0.0937093 -2.61673 1.13722 2
0.240023 -2.60738 1.13722 2
0.224374 -2.60878 1.13722 2
0.224374 -2.60878 1.13722 2
0.112024 -2.61601 1.13722 2
0.240023 -2.60738 1.13722 2
0.0597759 -2.62172 1.13743 2
0.0781264 -2.62124 1.13743 2
0.0492886 -2.62194 1.13743 2
0.26649 -2.60883 1.13743 2
0.206422 -2.61426 1.13743 2
0.203807 -2.61447 1.13743 2
0.276923 -2.60774 1.13743 2
0.0755051 -2.62131 1.13743 2
0.0966199 -2.62462 1.13764 2
0.285179 -2.61087 1.13764 2
0.130731 -2.62314 1.13764 2
0.29562 -2.60971 1.13764 2
0.0861207 -2.62498 1.13764 2
0.122861 -2.62352 1.13764 2
0.25945 -2.61756 1.13785 2
0.277767 -2.61568 1.13785 2
0.167695 -2.62504 1.13785 2
0.15982 -2.62553 1.13785 2
0.25945 -2.61756 1.13785 2
0.25945 -2.61756 1.13785 2
0.248978 -2.61858 1.13785 2
0.277767 -2.61568 1.13785 2
0.0678984 -2.63151 1.13796 2
0.0784239 -2.63122 1.13796 2
0.314835 -2.6155 1.13806 2
0.304371 -2.61674 1.13806 2
0.0575024 -2.63775 1.13827 2
0.315313 -2.61947 1.13827 2
0.315313 -2.61947 1.13827 2
0.0601401 -2.63769 1.13827 2
0.039096 -2.64208 1.13848 2
0.0417381 -2.64204 1.13848 2
0.297868 -2.62955 1.13869 2
0.297868 -2.62955 1.13869 2
0.334651 -2.62512 1.13869 2
0.334651 -2.62512 1.13869 2
0.0313109 -2.65417 1.13911 2
0.00476809 -2.65435 1.13911 2
0.00476809 -2.65435 1.13911 2
0.0419274 -2.65403 1.13911 2
0.336167 -2.63701 1.13932 2
0.336167 -2.63701 1.13932 2
0.0127503 -2.65832 1.13932 2
0.0233834 -2.65825 1.13932 2
0.0234537 -2.66624 1.13974 2
0.0207875 -2.66626 1.13974 2
0.345369 -2.64589 1.13984 2
0.35595 -2.64449 1.13984 2
0.356216 -2.64647 1.13995 2
0.353569 -2.64682 1.13995 2
0.00480038 -2.67233 1.14005 2
0.00480038 -2.67233 1.14005 2
0.375293 -2.64787 1.14016 2
0.364699 -2.64935 1.14016 2
0.37348 -2.65417 1.14047 2
0.376134 -2.6538 1.14047 2
-0.013989 -2.68827 1.14089 2
-0.013989 -2.68827 1.14089 2
-0.0140202 -2.69427 1.1412 2
-0.0247971 -2.69419 1.1412 2
0.397642 -2.67086 1.14152 2
0.386956 -2.67242 1.14152 2
0.400583 -2.69061 1.14256 2
0.397893 -2.69101 1.14256 2
0.420331 -2.69366 1.14288 2
0.409553 -2.69532 1.14288 2
0.422179 -2.7055 1.14351 2
0.419473 -2.70592 1.14351 2
0.431235 -2.71014 1.14382 2
0.442072 -2.70839 1.14382 2
0.44722 -2.73993 1.14549 2
0.44448 -2.74038 1.14549 2
0.470079 -2.75839 1.14665 2
0.470079 -2.75839 1.14665 2
0.477126 -2.79974 1.14884 2
0.477126 -2.79974 1.14884 2
0.498808 -2.80813 1.14947 2
0.487571 -2.8101 1.14947 2
7.93696 -3.58257 1.45637 6
7.92256 -3.61429 1.45637 6
7.94242 -3.58504 1.45668 6
7.91713 -3.64055 1.45668 6
7.94242 -3.58504 1.45668 6
7.91713 -3.64055 1.45668 6
7.92802 -3.64555 1.45731 6
7.91337 -3.67724 1.45731 6
7.90411 -3.70181 1.45742 6
7.90411 -3.70181 1.45742 6
7.90773 -3.7035 1.45763 6
7.89658 -3.72721 1.45763 6
7.97501 -3.57099 1.45794 6
7.98923 -3.53906 1.45794 6
7.9034 -3.75946 1.45867 6
7.9034 -3.75946 1.45867 6
8.01115 -3.54877 1.4592 6
8.01115 -3.54877 1.4592 6
8.04312 -3.49579 1.45961 6
8.02907 -3.52793 1.45961 6
7.92505 -3.76976 1.45993 6
7.92505 -3.76976 1.45993 6
8.06327 -3.50455 1.46077 6
8.06327 -3.50455 1.46077 6
7.93801 -3.84429 1.46223 6
7.93416 -3.85223 1.46223 6
8.117 -3.46055 1.46244 6
8.117 -3.46055 1.46244 6
7.98115 -3.86518 1.46474 6
7.96563 -3.89708 1.46474 6
4.15338 13.3036 1.7304 195
4.10013 13.3201 1.7304 195
4.10131 13.3239 1.73061 195
4.10131 13.3239 1.73061 195
4.19507 13.2968 1.73071 195
4.19507 13.2968 1.73071 195
4.19928 13.3101 1.73145 195
4.25249 13.2932 1.73145 195
4.29357 13.2842 1.73166 195
4.29357 13.2842 1.73166 195
4.01655 13.381 1.73218 195
4.07004 13.3648 1.73218 195
4.2991 13.3013 1.7326 195
4.35227 13.284 1.7326 195
4.02574 13.4116 1.73385 195
4.02574 13.4116 1.73385 195
4.40528 13.3107 1.7348 195
4.40528 13.3107 1.7348 195
4.0014 13.4772 1.73679 195
3.94746 13.4931 1.73679 195
4.4329 13.3941 1.7394 195
4.4329 13.3941 1.7394 195
3.96709 13.5602 1.74045 195
9.50843 12.7014 1.83151 190
9.45755 12.7394 1.83151 190
9.5501 12.6777 1.83183 190
9.37168 12.8101 1.83183 190
9.46112 12.7442 1.83183 190
9.56277 12.6681 1.83183 190
9.46112 12.7442 1.83183 190
9.42285 12.7725 1.83183 190
9.38465 12.8278 1.83298 190
9.39748 12.8184 1.83298 190
9.61523 12.6584 1.83308 190
9.56452 12.6968 1.83308 190
9.36375 12.8802 1.83455 190
9.31215 12.9175 1.83455 190
9.6847 12.6708 1.83581 190
9.6847 12.6708 1.83581 190
9.35313 12.9471 1.83706 190
9.34018 12.9564 1.83706 190
15.3297 -4.49123 1.83717 187
15.3252 -4.50656 1.83717 187
15.3819 -4.38984 1.83832 187
15.3819 -4.38984 1.83832 187
15.3508 -4.49741 1.83832 187
15.3327 -4.55877 1.83832 187
9.71987 12.7168 1.83884 190
9.71987 12.7168 1.83884 190
15.3992 -4.39478 1.83926 187
15.3992 -4.39478 1.83926 187
15.3373 -4.62699 1.83957 187
15.3419 -4.61165 1.83957 187
15.4623 -4.29596 1.84104 187
15.445 -4.35778 1.84104 187
15.3615 -4.68463 1.84167 187
15.3801 -4.62315 1.84167 187
9.30362 13.098 1.84198 190
9.35594 13.0607 1.84198 190
9.86373 12.7195 1.84355 188
9.86373 12.7195 1.84355 188
15.5118 -4.32645 1.84397 187
15.5162 -4.31093 1.84397 187
15.4008 -4.74717 1.8446 187
15.4008 -4.74717 1.8446 187
15.6041 -4.28499 1.84805 187
15.6212 -4.22254 1.84805 187
13.529 12.4574 1.96382 183
13.529 12.4574 1.96382 183
7.69033 17.1926 1.98706 177
7.6215 17.2232 1.98706 177
8.6357 16.7669 1.98842 177
8.56857 16.8013 1.98842 177
7.63928 17.2634 1.98936 177
7.63928 17.2634 1.98936 177
7.77061 17.2331 1.99072 177
7.77061 17.2331 1.99072 177
8.72482 16.7747 1.99093 177
8.70804 16.7835 1.99093 177
7.92065 17.38 2.00098 177
7.85106 17.4116 2.00098 177
9.06777 16.894 2.00485 177
9.08466 16.8849 2.00485 177
9.14955 16.8839 2.00642 177
9.08194 16.9204 2.00642 177
7.52597 17.6718 2.00663 177
7.52597 17.6718 2.00663 177
7.72392 17.5971 2.00715 177
7.65347 17.6279 2.00715 177
9.28679 16.8544 2.00851 177
9.2193 16.8914 2.00851 177
7.67495 17.6773 2.00998 177
7.67495 17.6773 2.00998 177
9.25152 16.9102 2.01019 177
9.23461 16.9195 2.01019 177
9.40559 16.9096 2.01406 177
9.38867 16.919 2.01406 177
8.0928 17.6175 2.01605 177
8.0928 17.6175 2.01605 177
9.09379 17.2308 2.02107 177
9.09379 17.2308 2.02107 177
9.48559 17.0937 2.02453 177
9.55388 17.0556 2.02453 177
9.61188 17.039 2.02526 177
9.61188 17.039 2.02526 177
8.30141 17.7432 2.02662 177
8.30141 17.7432 2.02662 177
10.0522 16.8226 2.02704 177
9.98485 16.8627 2.02704 177
9.98892 16.8695 2.02746 177
9.98892 16.8695 2.02746 177
9.88065 16.9563 2.02851 177
9.88065 16.9563 2.02851 177
9.88567 16.9649 2.02903 177
9.88567 16.9649 2.02903 177
10.2731 16.8081 2.03238 177
10.2731 16.8081 2.03238 177
8.96904 17.5432 2.03259 177
8.84781 17.6091 2.0328 177
8.84781 17.6091 2.0328 177
8.2986 17.8767 2.0329 177
8.22703 17.9097 2.0329 177
8.9024 17.586 2.03301 177
10.3476 16.7788 2.03311 177
8.35728 17.8626 2.03353 177
8.42866 17.829 2.03353 177
8.78709 17.664 2.03395 177
7.73727 18.168 2.03489 177
7.73727 18.168 2.03489 177
8.50272 17.8469 2.03604 177
8.50272 17.8469 2.03604 177
7.50109 18.3207 2.03751 177
7.57431 18.2906 2.03751 177
9.87596 17.2243 2.04054 177
9.87596 17.2243 2.04054 177
8.66492 17.8642 2.04054 177
8.66492 17.8642 2.04054 177
7.65224 18.323 2.04065 177
7.65224 18.323 2.04065 177
9.83412 17.2712 2.04159 177
9.76496 17.3104 2.04159 177
9.34176 17.7007 2.04892 177
9.34176 17.7007 2.04892 177
19.3943 -4.95217 2.04902 343
19.3893 -4.97156 2.04902 343
10.0348 17.3402 2.04996 344
9.96537 17.3802 2.04996 344
8.65821 18.1733 2.05499 177
8.65821 18.1733 2.05499 177
9.00789 18.4303 2.07509 177
8.95256 18.4572 2.07509 177
9.10453 18.4407 2.07781 177
16.9698 11.9158 2.0867 176
16.9579 11.9328 2.0867 176
16.9612 11.9351 2.08691 176
17.0088 11.8672 2.08691 176
16.9072 12.0494 2.08806 176
16.9432 11.9986 2.08806 176
17.0873 11.8206 2.0889 176
17.0755 11.8377 2.0889 176
16.9364 12.0703 2.08995 176
16.9364 12.0703 2.08995 176
17.1705 11.8021 2.09194 176
17.1231 11.8707 2.09194 176
16.913 12.233 2.09393 176
16.913 12.233 2.09393 176
17.2685 11.7933 2.09591 176
17.2802 11.7761 2.09591 176
11.0386 18.348 2.12219 564
11.0386 18.348 2.12219 564
18.8825 -10.3155 2.12763 150
18.8825 -10.3155 2.12763 150
18.9105 -10.3309 2.12931 150
18.8691 -10.4064 2.12931 150
18.8535 -10.4717 2.13025 150
18.8535 -10.4717 2.13025 150
18.9801 -10.295 2.13161 150
18.8762 -10.4843 2.13161 150
19.0211 -10.219 2.13161 150
18.8341 -10.5597 2.13161 150
18.8267 -10.6299 2.13307 150
18.8267 -10.6299 2.13307 150
18.8632 -10.6506 2.13527 150
18.8204 -10.7259 2.13527 150
18.8228 -10.8022 2.13737 150
18.8228 -10.8022 2.13737 150
14.4554 16.198 2.13778 350
14.5201 16.14 2.13778 350
14.5751 16.1038 2.13831 350
14.5751 16.1038 2.13831 350
14.466 16.2099 2.13862 350
14.4822 16.1954 2.13862 350
18.8523 -10.8191 2.13914 150
18.8088 -10.8945 2.13914 150
18.7933 -10.9609 2.14019 150
18.7933 -10.9609 2.14019 150
14.9574 15.8127 2.14071 349
14.9416 15.8276 2.14071 349
19.1882 -10.3088 2.14155 150
19.1882 -10.3088 2.14155 150
18.8244 -10.979 2.14208 150
18.8244 -10.979 2.14208 150
18.79 -11.136 2.14469 150
18.79 -11.136 2.14469 150
18.8175 -11.1523 2.14637 150
18.7727 -11.2274 2.14637 150
18.7698 -11.3022 2.14825 150
18.7698 -11.3022 2.14825 150
14.2702 16.6491 2.14919 349
14.2702 16.6491 2.14919 349
18.7432 -11.3886 2.1494 150
18.7886 -11.3136 2.1494 150
13.6386 17.1933 2.15014 349
13.5697 17.2477 2.15014 349
13.6914 17.1539 2.15024 349
13.6914 17.1539 2.15024 349
13.5919 17.2404 2.15055 349
13.5747 17.254 2.15055 349
18.7362 -11.4615 2.15108 150
18.7362 -11.4615 2.15108 150
19.4365 -10.2676 2.15202 150
19.4365 -10.2676 2.15202 150
13.8062 17.1566 2.15411 349
13.7375 17.2117 2.15411 349
14.7989 16.3511 2.15579 349
14.6195 16.581 2.15851 349
14.6029 16.5957 2.15851 349
14.3911 16.7902 2.15893 349
14.4414 16.7469 2.15893 349
14.3132 16.9378 2.16217 349
14.3132 16.9378 2.16217 349
14.6504 16.6496 2.16228 349
14.7169 16.5909 2.16228 349
19.6131 -10.3608 2.16249 150
19.6131 -10.3608 2.16249 150
14.239 17.0913 2.16584 349
14.239 17.0913 2.16584 349
14.2582 17.1143 2.16741 349
14.2582 17.1143 2.16741 349
14.4741 16.9898 2.16971 349
14.406 17.0476 2.16971 349
19.8104 -10.3892 2.17233 150
19.8518 -10.3098 2.17233 150
15.2496 16.3821 2.17295 355
15.266 16.3668 2.17295 355
14.3686 17.3523 2.1807 349
14.299 17.4097 2.1807 349
20.0027 -10.4136 2.18185 150
20.0131 -10.3936 2.18185 150
15.5665 16.358 2.18342 356
14.2246 17.5683 2.18468 349
14.2246 17.5683 2.18468 349
14.2912 17.6506 2.19022 349
14.3617 17.5933 2.19022 349
14.5336 17.6952 2.20006 349
14.5336 17.6952 2.20006 349
15.3083 17.6449 2.22424 355
15.326 17.6296 2.22424 355
15.3581 17.7022 2.22822 355
15.4287 17.6406 2.22822 355
18.9997 -14.5338 2.25366 128
18.9997 -14.5338 2.25366 128
19.0346 -14.5605 2.25596 128
19.0346 -14.5605 2.25596 128
19.1377 -14.4281 2.25606 128
19.0798 -14.5046 2.25606 128
18.978 -14.7289 2.25899 128
18.978 -14.7289 2.25899 128
18.9504 -14.8293 2.26109 128
19.0096 -14.7534 2.26109 128
19.2382 -14.5039 2.26266 128
19.2382 -14.5039 2.26266 128
18.9435 -14.9158 2.2636 128
18.9435 -14.9158 2.2636 128
18.9859 -14.9491 2.26643 128
18.9259 -15.025 2.26643 128
18.9276 -15.1191 2.26957 128
18.9276 -15.1191 2.26957 128
19.435 -14.5611 2.27271 128
19.4931 -14.4832 2.27271 128
18.9319 -15.2158 2.27292 128
18.9775 -15.159 2.27292 128
18.8989 -15.3141 2.2748 128
18.8989 -15.3141 2.2748 128
18.89 -15.401 2.27731 128
18.9361 -15.3442 2.27731 128
19.6102 -14.5702 2.28035 128
18.8916 -15.4968 2.28056 128
18.8761 -15.5157 2.28056 128
18.8848 -15.6181 2.28432 128
18.9472 -15.5424 2.28432 128
18.8824 -15.7117 2.28736 128
18.8824 -15.7117 2.28736 128
18.9223 -15.745 2.29008 128
18.9223 -15.745 2.29008 128
18.8483 -15.9079 2.29259 128
18.8324 -15.9268 2.29259 128
18.8301 -16.022 2.29573 128
18.8941 -15.9466 2.29573 128
18.8174 -16.1414 2.29929 128
18.8336 -16.1226 2.29929 128
18.8113 -16.2344 2.30222 128
18.8761 -16.159 2.30222 128
18.8107 -16.3326 2.30557 128
18.8107 -16.3326 2.30557 128
18.8424 -16.3601 2.30777 128
18.7768 -16.4354 2.30777 128
18.7799 -16.5378 2.31143 128
18.7799 -16.5378 2.31143 128
18.7644 -16.6579 2.31499 128
18.8309 -16.5827 2.31499 128
22.4322 -11.2821 2.31594 565
18.7665 -16.7607 2.31866 128
18.7665 -16.7607 2.31866 128
19.0906 16.415 2.31949 566
19.0906 16.415 2.31949 566
18.7334 -16.8663 2.32106 128
18.8007 -16.7913 2.32106 128
19.1284 16.4476 2.32211 567
19.1284 16.4476 2.32211 567
22.6273 -11.2671 2.32473 568
18.7404 -16.9747 2.32515 128
18.7404 -16.9747 2.32515 128
18.7775 -17.0083 2.32776 128
18.7775 -17.0083 2.32776 128
19.1348 16.6874 2.33059 359
19.2014 16.6108 2.33059 359
18.7124 -17.1893 2.33164 128
18.7124 -17.1893 2.33164 128
19.3878 16.436 2.33205 359
19.3878 16.436 2.33205 359
19.4092 16.4541 2.33352 359
19.4748 16.3763 2.33352 359
19.1537 16.8054 2.3354 359
19.0863 16.8818 2.3354 359
18.7668 -17.2393 2.33551 128
18.6977 -17.3142 2.33551 128
19.2584 16.7614 2.33802 359
19.2416 16.7806 2.33802 359
18.688 -17.4097 2.33854 128
18.688 -17.4097 2.33854 128
19.6812 16.3161 2.3398 359
19.6158 16.3947 2.3398 359
19.8481 16.1222 2.34011 359
19.8481 16.1222 2.34011 359
19.6265 16.4036 2.34053 359
19.6265 16.4036 2.34053 359
18.6546 -17.5185 2.34116 128
18.7246 -17.4437 2.34116 128
18.836 17.344 2.34189 359
18.9052 17.2686 2.34189 359
19.9932 16.0091 2.34231 359
19.205 16.9526 2.34252 359
19.188 16.9718 2.34252 359
19.8475 16.2209 2.34336 359
19.7825 16.3001 2.34336 359
18.9835 17.2359 2.34378 359
18.9835 17.2359 2.34378 359
19.9824 16.0991 2.34482 359
18.6557 -17.6251 2.34503 128
18.6557 -17.6251 2.34503 128
19.1216 17.1186 2.34503 359
19.1216 17.1186 2.34503 359
19.8226 16.3332 2.34608 359
19.8226 16.3332 2.34608 359
19.1235 17.224 2.3488 359
19.0545 17.3004 2.3488 359
18.6429 -17.7547 2.34922 128
18.7138 -17.68 2.34922 128
18.8557 17.6077 2.35205 359
18.8557 17.6077 2.35205 359
18.6444 -17.8631 2.3532 128
18.6444 -17.8631 2.3532 128
18.8732 17.624 2.3533 359
18.8732 17.624 2.3533 359
18.6216 -17.9847 2.35676 128
18.6934 -17.91 2.35676 128
18.6063 -18.078 2.35958 128
18.6063 -18.078 2.35958 128
18.5809 -18.1984 2.36304 128
18.6535 -18.124 2.36304 128
18.9687 17.8201 2.36398 362
18.8973 17.8958 2.36398 362
18.5831 -18.3102 2.36722 128
18.5831 -18.3102 2.36722 128
18.64 -18.3662 2.37141 128
18.64 -18.3662 2.37141 128
19.0017 17.9947 2.37152 362
19.0017 17.9947 2.37152 362
19.5189 17.4743 2.37298 359
19.5712 17.4157 2.37298 359
18.9954 18.0971 2.37497 370
18.5647 -18.5499 2.37539 128
18.5647 -18.5499 2.37539 128
18.6113 -18.5965 2.37884 128
18.5368 -18.6708 2.37884 128
18.5242 -18.7704 2.38209 128
18.5242 -18.7704 2.38209 128
18.5335 -18.8929 2.38701 128
18.5901 -18.8372 2.38701 128
18.5325 -19.0056 2.39119 128
18.5135 -19.0241 2.39119 128
18.5744 -19.0485 2.39433 128
18.498 -19.1226 2.39433 128
18.4767 -19.2541 2.39852 128
18.4959 -19.2356 2.39852 128
21.9669 -15.1901 2.39967 569
21.982 -15.1682 2.39967 569
18.5444 -19.286 2.40218 128
18.4671 -19.3601 2.40218 128
18.468 -19.4777 2.40669 128
18.4485 -19.4961 2.40669 128
18.4515 -19.6169 2.4114 128
18.5299 -19.5429 2.4114 128
0.205092 26.9462 2.41223 378
0.178146 26.9464 2.41223 378
0.0973565 26.9608 2.41297 378
-0.0104873 26.961 2.41297 378
0.0164883 26.985 2.41422 378
-0.0104966 26.985 2.41422 378
18.4417 -19.7247 2.41516 128
18.4417 -19.7247 2.41516 128
24.6521 11.044 2.41569 382
24.6078 11.1426 2.41569 382
24.6096 11.1434 2.41579 382
24.6096 11.1434 2.41579 382
24.5582 11.3279 2.41736 382
24.6033 11.2296 2.41736 382
24.7253 10.9879 2.41799 382
24.7253 10.9879 2.41799 382
18.4908 -19.7772 2.41893 128
18.4908 -19.7772 2.41893 128
24.6162 11.3547 2.42071 382
24.6162 11.3547 2.42071 382
18.3861 -19.9833 2.42312 128
18.4061 -19.9649 2.42312 128
24.822 11.0309 2.42354 382
24.822 11.0309 2.42354 382
24.6356 11.5734 2.42647 382
24.6817 11.4748 2.42647 382
18.3908 -20.1091 2.42814 128
18.4711 -20.0354 2.42814 128
3.49764 27.0453 2.42919 386
3.41648 27.0557 2.42919 386
2.27813 27.1833 2.42961 386
2.38685 27.1739 2.42961 386
3.41874 27.0736 2.43013 386
3.41874 27.0736 2.43013 386
2.95845 27.1317 2.43034 386
2.8499 27.1433 2.43034 386
2.85073 27.1513 2.43076 386
3.04072 27.1307 2.43076 386
2.85073 27.1513 2.43076 386
3.23056 27.1087 2.43076 386
3.04072 27.1307 2.43076 386
3.31187 27.0989 2.43076 386
3.04094 27.1327 2.43087 386
3.04094 27.1327 2.43087 386
2.63478 27.1871 2.43149 386
3.23221 27.1226 2.43149 386
3.23221 27.1226 2.43149 386
2.74351 27.1764 2.43149 386
4.5302 26.9382 2.4316 386
4.63792 26.9199 2.4316 386
2.63517 27.1911 2.4317 386
2.66236 27.1885 2.4317 386
2.47233 27.2104 2.43191 386
2.55395 27.2029 2.43191 386
3.885 27.057 2.43254 386
3.77674 27.0723 2.43254 386
18.3895 -20.2292 2.43275 128
18.3895 -20.2292 2.43275 128
1.13742 27.3188 2.43296 386
1.24669 27.314 2.43296 386
3.69821 27.1033 2.43359 386
3.80659 27.0883 2.43359 386
3.7795 27.0921 2.43359 386
3.58976 27.1179 2.43359 386
3.99728 27.0689 2.43401 386
3.97021 27.0729 2.43401 386
0.755685 27.362 2.43453 386
0.755685 27.362 2.43453 386
0.673694 27.3681 2.43474 386
0.755795 27.366 2.43474 386
0.564216 27.3706 2.43474 386
0.755795 27.366 2.43474 386
0.564381 27.3786 2.43516 386
0.564381 27.3786 2.43516 386
5.77889 26.7698 2.43526 386
5.67176 26.7927 2.43526 386
3.97369 27.0966 2.43526 386
4.08204 27.0805 2.43526 386
4.56947 27.0066 2.43547 386
4.54246 27.0111 2.43547 386
2.28881 27.3106 2.43631 386
4.35581 27.058 2.43631 386
4.1663 27.0879 2.43631 386
2.28881 27.3106 2.43631 386
4.46401 27.0404 2.43631 386
4.1663 27.0879 2.43631 386
0.482665 27.4041 2.43641 386
0.373045 27.4058 2.43641 386
18.4459 -20.2913 2.43715 128
18.3646 -20.3649 2.43715 128
0.373262 27.4218 2.43725 386
0.400684 27.4214 2.43725 386
4.16934 27.1076 2.43735 386
4.16934 27.1076 2.43735 386
5.86814 26.7933 2.43746 397
5.86814 26.7933 2.43746 397
5.869 26.7972 2.43767 397
5.97614 26.7735 2.43767 397
8.98946 25.9388 2.43872 399
8.98946 25.9388 2.43872 399
6.14159 26.7586 2.43882 397
6.06128 26.7769 2.43882 397
6.06172 26.7788 2.43892 397
6.06172 26.7788 2.43892 397
6.25084 26.7435 2.43934 397
6.25084 26.7435 2.43934 397
8.99469 25.9539 2.43955 399
9.09843 25.9177 2.43955 399
6.33335 26.7344 2.43987 397
6.25312 26.7532 2.43987 397
18.3487 -20.4704 2.4407 128
18.3487 -20.4704 2.4407 128
6.44445 26.7263 2.44081 397
6.44445 26.7263 2.44081 397
9.18549 25.9166 2.44102 399
9.18549 25.9166 2.44102 399
6.44726 26.7379 2.44144 397
6.44726 26.7379 2.44144 397
17.9878 -20.8095 2.44154 128
18.0709 -20.7374 2.44154 128
6.63571 26.698 2.44175 397
6.60901 26.7046 2.44175 397
6.71772 26.6857 2.44217 397
6.61093 26.7123 2.44217 397
18.084 -20.7524 2.44259 128
18.084 -20.7524 2.44259 128
9.19616 25.9467 2.44269 399
9.27396 25.919 2.44269 399
6.82738 26.6702 2.4428 397
6.80071 26.677 2.4428 397
6.91087 26.6631 2.44353 397
6.80416 26.6906 2.44353 397
6.99691 26.6655 2.44479 397
7.02357 26.6585 2.44479 397
18.3211 -20.6049 2.445 128
18.4034 -20.5314 2.445 128
6.99945 26.6751 2.44531 397
7.10609 26.6469 2.44531 397
7.18756 26.6313 2.44562 397
7.18756 26.6313 2.44562 397
7.19172 26.6467 2.44646 397
7.29825 26.6177 2.44646 397
17.9903 -20.9391 2.44678 128
17.9903 -20.9391 2.44678 128
7.38341 26.6149 2.44751 397
7.38341 26.6149 2.44751 397
7.38768 26.6303 2.44835 397
7.49414 26.6006 2.44835 397
7.57555 26.5837 2.44866 397
7.57555 26.5837 2.44866 397
7.57829 26.5933 2.44918 397
7.57829 26.5933 2.44918 397
18.3254 -20.7346 2.45023 128
18.3254 -20.7346 2.45023 128
7.77491 26.5761 2.45117 397
18.3558 -20.769 2.45264 128
18.2726 -20.8422 2.45264 128
18.1205 -21.0906 2.45724 128
18.1205 -21.0906 2.45724 128
8.95185 26.4267 2.46227 399
9.05748 26.3907 2.46227 399
10.3549 26.2594 2.47933 399
10.3287 26.2697 2.47933 399
18.2551 -21.5507 2.48017 128
18.2551 -21.5507 2.48017 128
18.2279 -21.6938 2.48498 128
18.3145 -21.6208 2.48498 128
18.2165 -21.8128 2.48938 128
18.2165 -21.8128 2.48938 128
18.2959 -21.9079 2.49587 128
18.2081 -21.9809 2.49587 128
26.3302 -11.1322 2.49817 570
26.3745 -11.0268 2.49817 570
18.2132 -22.1217 2.50173 128
18.2132 -22.1217 2.50173 128
18.2251 -22.2721 2.50822 128
18.2919 -22.2173 2.50822 128
18.2439 -22.4321 2.51534 128
18.2215 -22.4503 2.51534 128
26.6655 -11.1798 2.51534 571
26.6767 -11.1531 2.51534 571
12.8438 26.0143 2.52046 572
18.312 -22.5157 2.52099 128
18.2218 -22.5888 2.52099 128
13.2389 25.959 2.52716 408
18.2211 -22.7738 2.52852 128
18.2211 -22.7738 2.52852 128
13.1009 26.0737 2.52926 408
23.9562 -16.7791 2.53282 573
27.0683 -11.0949 2.53313 574
27.0237 -11.2031 2.53313 574
18.3259 -22.9048 2.53732 128
18.2341 -22.9779 2.53732 128
18.2517 -23.1423 2.54464 128
18.2517 -23.1423 2.54464 128
27.3786 -11.2541 2.55134 575
27.3898 -11.2267 2.55134 575
18.3507 -23.2677 2.55302 128
18.3507 -23.2677 2.55302 128
23.9067 -17.7624 2.56087 576
18.3236 -23.5224 2.56265 128
18.3001 -23.5407 2.56265 128
27.8254 -11.1784 2.57154 577
27.7805 -11.2896 2.57154 577
18.3393 -23.7377 2.57207 128
18.4341 -23.6642 2.57207 128
15.9118 25.6289 2.58096 411
15.9118 25.6289 2.58096 411
18.3681 -23.9726 2.58274 128
18.3921 -23.9542 2.58274 128
16.0332 25.5955 2.58285 411
15.9307 25.6594 2.58285 411
15.7757 25.8112 2.58536 411
16.1376 25.5912 2.58557 411
16.1376 25.5912 2.58557 411
16.2699 25.5736 2.5885 411
16.1675 25.6385 2.5885 411
28.185 -11.3228 2.59185 578
16.381 25.5785 2.59185 411
16.381 25.5785 2.59185 411
28.185 -11.3228 2.59185 579
16.4004 25.6088 2.59373 411
16.4004 25.6088 2.59373 411
18.521 -24.1222 2.59384 128
18.4244 -24.196 2.59384 128
16.6054 25.5336 2.59625 411
16.6054 25.5336 2.59625 411
16.749 25.5304 2.60022 411
16.6468 25.5972 2.60022 411
16.8497 25.5167 2.60253 411
16.8497 25.5167 2.60253 411
18.4622 -24.4481 2.60556 128
18.4867 -24.4296 2.60556 128
16.9871 25.5023 2.60588 411
16.885 25.57 2.60588 411
17.0558 25.4948 2.60755 411
17.0813 25.4778 2.60755 411
17.0869 25.5413 2.61048 411
17.189 25.4728 2.61048 411
28.5714 -11.3786 2.61174 418
28.6166 -11.2643 2.61174 418
17.2967 25.4673 2.61341 411
17.3222 25.45 2.61341 411
17.4368 25.454 2.61697 411
17.3349 25.5235 2.61697 411
18.6421 -24.635 2.61907 128
18.5435 -24.7094 2.61907 128
17.5771 25.4399 2.62053 411
17.5517 25.4575 2.62053 411
17.5879 25.5101 2.62388 411
17.6898 25.4395 2.62388 411
17.7798 25.406 2.62514 411
17.7798 25.406 2.62514 411
17.8165 25.4583 2.62849 411
17.8165 25.4583 2.62849 411
18.0636 25.3768 2.63246 411
18.0382 25.3949 2.63246 411
28.9732 -11.4381 2.63246 418
28.9846 -11.4091 2.63246 418
18.6364 -24.9891 2.63372 128
18.6114 -25.0077 2.63372 128
26.2302 -17.0729 2.64021 580
18.7311 -25.3268 2.65089 420
18.8322 -25.2516 2.65089 420
29.376 -11.4615 2.65256 419
29.4216 -11.3439 2.65256 419
25.422 -18.7702 2.65612 581
25.4969 -18.6684 2.65612 581
18.8868 -25.6983 2.6714 420
18.8611 -25.7172 2.6714 420
25.7708 -18.869 2.67391 582
25.7708 -18.869 2.67391 582
29.8089 -11.5275 2.67496 422
29.8204 -11.4977 2.67496 422
26.0179 -18.9302 2.68626 583
26.0934 -18.826 2.68626 583
28.763 -14.4302 2.68647 424
28.8669 -14.2302 2.68668 424
28.8005 -14.449 2.68867 424
28.7425 -14.5641 2.68867 424
28.7231 -14.6989 2.69097 424
28.7378 -14.6702 2.69097 424
19.0145 -26.09 2.69192 427
19.1187 -26.0137 2.69192 427
28.7002 -14.796 2.69223 424
28.7592 -14.6811 2.69223 424
26.2619 -18.9475 2.69715 584
26.2619 -18.9475 2.69715 584
30.3037 -11.441 2.69757 428
30.3037 -11.441 2.69757 428
26.4809 -18.985 2.70762 585
26.5566 -18.879 2.70762 585
25.3748 20.6115 2.71327 430
25.5184 20.4333 2.71327 430
25.5621 20.4683 2.7162 430
25.6437 20.3659 2.7162 430
26.7129 -18.9901 2.71767 586
26.7129 -18.9901 2.71767 586
30.7372 -11.6047 2.72185 431
30.7372 -11.6047 2.72185 431
19.2735 -26.6128 2.72206 433
19.2735 -26.6128 2.72206 433
25.7956 20.3606 2.72227 432
25.7956 20.3606 2.72227 432
25.8834 20.4299 2.72813 432
25.8834 20.4299 2.72813 432
27.0153 -18.9218 2.72855 587
27.0153 -18.9218 2.72855 587
26.0952 20.3022 2.73274 432
26.0952 20.3022 2.73274 432
27.1626 -19.0249 2.73797 588
26.2647 20.266 2.7386 432
26.1834 20.3709 2.7386 432
31.1947 -11.6706 2.74551 435
31.2295 -11.5769 2.74551 435
26.4617 20.2916 2.7476 436
26.4617 20.2916 2.7476 436
28.4663 -17.4137 2.74886 589
28.414 -17.499 2.74886 589
27.4162 -19.0802 2.75053 590
27.4923 -18.9704 2.75053 590
28.3862 -17.6389 2.75148 591
28.3862 -17.6389 2.75148 591
26.5251 20.3402 2.75179 432
26.6062 20.234 2.75179 432
28.4337 -17.6684 2.75441 592
28.3805 -17.7536 2.75441 592
28.3464 -17.8905 2.75671 592
28.3464 -17.8905 2.75671 592
32.906 -6.39675 2.75681 437
32.9313 -6.26508 2.75681 437
32.8945 -6.49699 2.75723 437
32.8945 -6.49699 2.75723 437
26.7561 20.2215 2.75765 440
26.7561 20.2215 2.75765 440
32.9721 -6.30701 2.75933 437
32.9784 -6.27404 2.75933 437
19.6905 -27.1886 2.75933 593
28.3937 -17.9203 2.75964 594
28.3398 -18.0054 2.75964 594
32.9455 -6.50705 2.75995 437
32.9455 -6.50705 2.75995 437
28.3315 -18.1596 2.76362 595
28.3315 -18.1596 2.76362 595
33.1149 -6.19712 2.76561 441
33.1394 -6.06461 2.76561 441
26.9582 20.2053 2.76561 442
26.8772 20.313 2.76561 442
22.6286 25.002 2.76728 445
28.3904 -18.1973 2.76728 596
28.3904 -18.1973 2.76728 596
22.822 24.8636 2.76875 445
22.822 24.8636 2.76875 445
31.664 -11.738 2.76979 443
31.664 -11.738 2.76979 443
28.3309 -18.4 2.77042 597
22.962 24.8161 2.77189 445
28.3544 -18.4152 2.77189 598
22.8625 24.9077 2.77189 445
28.2805 -18.5285 2.77189 598
27.9247 -19.1453 2.7744 600
28.0011 -19.0335 2.7744 600
28.2661 -18.6811 2.77565 600
28.2848 -18.6528 2.77565 600
27.1789 20.2437 2.77607 442
27.1789 20.2437 2.77607 442
27.1789 20.2437 2.77607 442
27.2596 20.1348 2.77607 442
28.2565 -18.7968 2.77859 601
28.3315 -18.6836 2.77859 601
23.2335 24.7596 2.77942 445
23.1343 24.8523 2.77942 445
28.2275 -18.9408 2.78152 602
28.2465 -18.9126 2.78152 602
28.1669 -19.1874 2.78612 602
28.1861 -19.1592 2.78612 602
28.2798 -19.0992 2.78842 602
28.356 -18.9859 2.78842 602
27.5614 20.2302 2.79177 442
27.5412 20.2578 2.79177 442
23.4777 24.8699 2.7924 450
23.6705 24.7251 2.79387 450
23.6953 24.7014 2.79387 450
32.149 -11.8082 2.79491 448
32.196 -11.6795 2.79491 448
27.7833 20.0953 2.79701 442
27.7833 20.0953 2.79701 442
24.731 23.7509 2.79701 449
27.7027 20.2063 2.79701 442
27.6216 20.3169 2.79701 442
23.8331 24.6963 2.79868 450
23.7341 24.7915 2.79868 450
24.7829 23.8007 2.80078 449
24.7829 23.8007 2.80078 449
23.9738 24.6935 2.80371 450
23.9985 24.6695 2.80371 450
29.137 18.4378 2.80706 451
29.2105 18.3211 2.80706 451
29.196 18.4342 2.80957 451
29.1775 18.4634 2.80957 451
24.8493 24.0082 2.81082 452
24.1674 24.6945 2.81082 450
24.753 24.1074 2.81082 452
24.0684 24.791 2.81082 450
29.3739 18.301 2.81375 451
29.3739 18.301 2.81375 451
29.1995 18.6002 2.81438 451
29.1249 18.7169 2.81438 451
24.2946 24.676 2.8148 450
24.2946 24.676 2.8148 450
24.8389 24.191 2.8171 455
24.8389 24.191 2.8171 455
29.1988 18.7644 2.81899 451
29.2175 18.7352 2.81899 451
24.3563 24.7386 2.81941 459
24.3563 24.7386 2.81941 459
29.4891 18.3728 2.82087 451
29.5624 18.2547 2.82087 451
32.6729 -11.8525 2.8215 454
32.6729 -11.8525 2.8215 454
24.5684 24.6071 2.82234 459
24.5684 24.6071 2.82234 459
29.2128 18.8974 2.82338 451
29.137 19.0141 2.82338 451
24.8803 24.3773 2.82548 457
24.7826 24.4766 2.82548 457
29.2597 19.0526 2.82987 451
24.67 24.7088 2.82987 459
24.7686 24.6099 2.82987 459
29.2407 19.0818 2.82987 451
29.8043 18.2808 2.83239 451
29.8043 18.2808 2.83239 451
24.8849 24.5776 2.83301 459
24.8849 24.5776 2.83301 459
29.183 19.3368 2.83469 451
29.183 19.3368 2.83469 451
6.24731 -34.5678 2.84097 127
6.38553 -34.5425 2.84097 127
29.2895 19.4074 2.84139 451
29.2895 19.4074 2.84139 451
6.39279 -34.5818 2.84306 127
6.35821 -34.5882 2.84306 127
6.63998 -34.5637 2.84453 127
6.50167 -34.59 2.84453 127
29.2159 19.6543 2.84537 463
29.2943 19.5373 2.84537 463
6.60991 -34.5938 2.84578 127
6.6445 -34.5872 2.84578 127
6.8589 -34.582 2.84767 127
6.75512 -34.6024 2.84767 127
33.2369 -11.7945 2.8483 462
33.1895 -11.9274 2.8483 462
6.86978 -34.6368 2.8506 127
6.86978 -34.6368 2.8506 127
29.3517 19.703 2.85269 464
29.3319 19.7323 2.85269 464
7.15554 -34.6238 2.8529 127
7.01699 -34.6522 2.8529 127
7.12816 -34.6662 2.85479 127
7.16282 -34.659 2.85479 127
29.2459 19.9732 2.85604 464
29.3255 19.8561 2.85604 464
7.37813 -34.6506 2.85667 126
7.37813 -34.6506 2.85667 126
7.38645 -34.6896 2.85876 126
7.38645 -34.6896 2.85876 126
7.49977 -34.7103 2.86107 126
7.63855 -34.68 2.86107 126
7.648 -34.7229 2.86337 126
7.648 -34.7229 2.86337 126
7.75997 -34.7349 2.86525 126
7.89885 -34.7036 2.86525 126
7.90594 -34.7347 2.86693 126
7.90594 -34.7347 2.86693 126
8.01909 -34.7498 2.86902 126
8.15802 -34.7174 2.86902 126
8.17082 -34.7719 2.87195 126
8.17082 -34.7719 2.87195 126
8.42531 -34.7604 2.87446 126
8.2862 -34.7938 2.87446 126
33.7188 -11.9655 2.87509 466
33.7188 -11.9655 2.87509 466
8.43378 -34.7954 2.87635 126
8.43378 -34.7954 2.87635 126
8.5486 -34.8126 2.87865 126
8.68779 -34.7781 2.87865 126
8.69747 -34.8168 2.88074 126
8.69747 -34.8168 2.88074 126
8.95689 -34.817 2.88409 126
8.95689 -34.817 2.88409 126
8.96585 -34.8518 2.88598 126
8.96585 -34.8518 2.88598 126
9.22186 -34.8346 2.88849 126
9.08245 -34.8712 2.88849 126
9.23208 -34.8732 2.89058 126
9.23208 -34.8732 2.89058 126
9.35113 -34.8993 2.89351 126
9.49065 -34.8616 2.89351 126
9.50744 -34.9233 2.89686 126
9.50744 -34.9233 2.89686 126
9.6249 -34.9408 2.89938 126
9.76459 -34.9021 2.89938 126
9.7775 -34.9482 2.90189 126
9.74255 -34.958 2.90189 126
34.252 -12.0392 2.90273 467
34.2998 -11.9021 2.90273 467
9.89318 -34.9572 2.90398 126
10.0329 -34.9173 2.90398 126
10.0101 -34.9696 2.90628 126
10.0451 -34.9596 2.90628 126
10.302 -34.9305 2.90859 126
10.1622 -34.9715 2.90859 126
10.2862 -35.006 2.91215 126
10.3212 -34.9957 2.91215 126
10.5832 -34.9799 2.91529 126
10.5832 -34.9799 2.91529 126
31.1833 19.1266 2.91717 469
31.2596 19.0017 2.91717 469
10.5948 -35.0181 2.91738 126
10.5948 -35.0181 2.91738 126
10.7162 -35.0397 2.92031 126
10.8562 -34.9965 2.92031 126
31.4019 18.9595 2.9224 603
31.4019 18.9595 2.9224 603
10.8389 -35.0646 2.92345 126
10.874 -35.0538 2.92345 126
10.997 -35.0782 2.92659 126
11.1373 -35.0339 2.92659 126
11.1566 -35.0948 2.92994 126
11.1215 -35.1059 2.92994 126
11.2753 -35.103 2.93224 126
11.4156 -35.0576 2.93224 126
34.8357 -12.088 2.93245 470
34.8357 -12.088 2.93245 470
11.3953 -35.1146 2.93476 126
11.4304 -35.1032 2.93476 126
11.5582 -35.1371 2.93852 126
11.6986 -35.0905 2.93852 126
11.6824 -35.1591 2.94166 126
11.7176 -35.1474 2.94166 126
11.8395 -35.1613 2.94439 126
11.9801 -35.1136 2.94439 126
11.9969 -35.1628 2.94711 126
11.9617 -35.1748 2.94711 126
12.2286 -35.1505 2.95046 126
12.2286 -35.1505 2.95046 126
12.2522 -35.2184 2.95422 126
12.2522 -35.2184 2.95422 126
12.5212 -35.1958 2.95778 126
12.4156 -35.2332 2.95778 126
12.5373 -35.241 2.9603 126
12.5373 -35.241 2.9603 126
35.4831 -12.035 2.96364 604
35.4469 -12.1414 2.96364 604
12.8069 -35.2162 2.96385 605
12.6659 -35.2671 2.96385 605
12.826 -35.2687 2.96679 605
12.826 -35.2687 2.96679 605
12.9565 -35.2976 2.97055 605
13.0976 -35.2455 2.97055 605
13.131 -35.3353 2.97558 605
13.131 -35.3353 2.97558 605
13.2538 -35.3407 2.97809 605
13.395 -35.2874 2.97809 605
13.4177 -35.3471 2.98144 605
13.4177 -35.3471 2.98144 605
13.6865 -35.3082 2.98458 605
13.5451 -35.3627 2.98458 605
13.7327 -35.4274 2.99128 605
13.7327 -35.4274 2.99128 605
36.0354 -12.2224 2.99421 606
36.0354 -12.2224 2.99421 606
14.1376 -35.7278 3.01368 607
14.1376 -35.7278 3.01368 607
36.6926 -12.1596 3.02582 608
36.6926 -12.1596 3.02582 608
14.2875 -36.1067 3.03503 609
14.2875 -36.1067 3.03503 609
37.2917 -12.3581 3.0589 610
37.2917 -12.3581 3.0589 610
14.572 -36.5051 3.05994 611
14.7179 -36.4465 3.05994 611
14.8824 -36.854 3.08297 611
14.8456 -36.8688 3.08297 611
37.9968 -12.2972 3.09302 612
37.9473 -12.4491 3.09302 612
15.1707 -37.2457 3.10767 613
15.3196 -37.1847 3.10767 613
38.6771 -12.5174 3.13049 614
38.6771 -12.5174 3.13049 614
15.4721 -37.6619 3.13384 615
15.5098 -37.6464 3.13384 615
15.9617 -37.9862 3.15938 615
15.8096 -38.0497 3.15938 615
39.3688 -12.6109 3.1665 616
39.4189 -12.4533 3.1665 616
16.1213 -38.4737 3.18618 617
16.1598 -38.4575 3.18618 617
16.4699 -38.8686 3.21235 617
16.6252 -38.8024 3.21235 617
16.7983 -39.3149 3.24061 617
16.8376 -39.2981 3.24061 617
17.1867 -39.7828 3.27117 617
17.3457 -39.7137 3.27117 617
39.52 19.9351 3.31974 618
39.5399 19.8955 3.31974 618
26.4899 -36.5772 3.36684 619
26.3191 -36.882 3.37459 619
26.3191 -36.882 3.37459 619
26.2636 -37.1175 3.38296 619
26.4119 -37.0121 3.38296 619
26.2556 -37.3431 3.39238 619
26.2556 -37.3431 3.39238 619
26.2019 -37.5855 3.40117 619
26.352 -37.4804 3.40117 619
26.1664 -37.7756 3.40829 619
26.1664 -37.7756 3.40829 619
26.1485 -38.0742 3.42064 619
26.3006 -37.9693 3.42064 619
26.1242 -38.2845 3.42902 619
26.1242 -38.2845 3.42902 619
26.0783 -38.5475 3.43906 619
26.2323 -38.4428 3.43906 619
26.0628 -38.7747 3.44849 619
26.0628 -38.7747 3.44849 619
26.0316 -39.0648 3.46021 619
26.1876 -38.9604 3.46021 619
26.0002 -39.2726 3.46837 619
26.0002 -39.2726 3.46837 619
26.1303 -39.4691 3.48072 619
26.1303 -39.4691 3.48072 619
25.9538 -39.805 3.49035 619
25.9538 -39.805 3.49035 619
26.0629 -39.9723 3.50082 619
-0.0329696 -2.70148 1.23637 2
-0.0356711 -2.70144 1.23637 2
-0.0440012 -2.71527 1.23759 2
-0.0331398 -2.71542 1.23759 2
-0.063238 -2.72485 1.23846 2
-0.0523381 -2.72509 1.23846 2
-0.0523764 -2.72708 1.23863 2
-0.0551034 -2.72702 1.23863 2
-0.0749498 -2.75446 1.24107 2
-0.0721953 -2.75453 1.24107 2
-0.0840552 -2.7821 1.24351 2
-0.0729261 -2.78241 1.24351 2
-0.0935916 -2.81768 1.24665 2
-0.0935916 -2.81768 1.24665 2
-0.0944515 -2.84356 1.24892 2
-0.105825 -2.84316 1.24892 2
-2.40719 -2.58807 1.30923 3
-2.40719 -2.58807 1.30923 3
-2.40855 -2.58953 1.3094 3
-2.40855 -2.58953 1.3094 3
-2.417 -2.6143 1.31149 3
-2.40652 -2.62395 1.31149 3
-2.41191 -2.62982 1.31219 3
-2.45108 -2.59335 1.31219 3
-2.44849 -2.5958 1.31219 3
-2.41454 -2.62741 1.31219 3
-3.2884 -7.88299 1.74727 4
-3.28051 -7.88627 1.74727 4
-3.31435 -7.8786 1.7478 4
-3.28281 -7.89179 1.7478 4
-3.34896 -7.87261 1.74849 4
-3.37256 -7.86253 1.74849 4
-3.34108 -7.87596 1.74849 4
-3.34108 -7.87596 1.74849 4
-3.40088 -7.86335 1.74954 4
-3.40874 -7.85994 1.74954 4
-3.23802 -7.94041 1.75024 4
-3.26975 -7.92739 1.75024 4
-3.40641 -7.87615 1.75076 4
-3.43789 -7.86246 1.75076 4
-3.46709 -7.86487 1.75198 4
-3.46709 -7.86487 1.75198 4
-3.46789 -7.8667 1.75215 4
-3.46789 -7.8667 1.75215 4
-3.53317 -7.84415 1.75268 4
-3.52532 -7.84768 1.75268 4
-3.53022 -7.85858 1.75372 4
-3.56163 -7.8444 1.75372 4
-3.60045 -7.84639 1.75529 4
-3.59261 -7.84999 1.75529 4
-3.62732 -7.84279 1.75599 4
-3.59592 -7.85723 1.75599 4
-3.65504 -7.8409 1.75686 4
-3.65504 -7.8409 1.75686 4
-3.66288 -7.83724 1.75686 4
-3.68638 -7.82622 1.75686 4
-3.27187 -8.02343 1.75808 4
-3.27989 -8.02015 1.75808 4
-3.71667 -7.82952 1.75826 4
-3.7245 -7.8258 1.75826 4
-3.72522 -7.84752 1.76 4
-3.75658 -7.83256 1.76 4
-3.78873 -7.83919 1.76174 4
-3.82006 -7.82397 1.76174 4
-3.78873 -7.83919 1.76174 4
-3.79657 -7.8354 1.76174 4
-3.84527 -7.81605 1.76209 4
-3.84527 -7.81605 1.76209 4
-3.85055 -7.82678 1.76314 4
-3.85055 -7.82678 1.76314 4
-3.91594 -7.82101 1.76523 4
-3.92376 -7.81709 1.76523 4
-3.97783 -7.80761 1.76662 4
-3.98564 -7.80363 1.76662 4
-3.92486 -7.83883 1.76697 4
-4.01085 -7.79518 1.76697 4
-3.97964 -7.81116 1.76697 4
-3.95619 -7.82306 1.76697 4
-3.25408 -8.14234 1.76714 4
-3.28662 -8.12926 1.76714 4
-4.04155 -7.79726 1.76837 4
-4.04155 -7.79726 1.76837 4
-4.08103 -7.79692 1.76993 4
-4.04981 -7.81318 1.76993 4
-4.14206 -7.78047 1.77115 4
-4.1109 -7.79698 1.77115 4
-4.11183 -7.79874 1.77133 4
-4.11183 -7.79874 1.77133 4
-4.16821 -7.77328 1.77168 4
-4.16043 -7.77745 1.77168 4
-4.20685 -7.77056 1.77307 4
-4.16795 -7.7915 1.77307 4
-4.23778 -7.7719 1.77447 4
-4.23778 -7.7719 1.77447 4
-4.24827 -7.79114 1.77638 4
-4.24827 -7.79114 1.77638 4
-3.29474 -8.24409 1.77673 4
-3.30299 -8.2408 1.77673 4
-4.3376 -7.7509 1.77708 4
-4.2988 -7.77249 1.77708 4
-4.29976 -7.77423 1.77725 4
-4.30753 -7.76993 1.77725 4
-4.36091 -7.7561 1.77848 4
-4.36866 -7.75173 1.77848 4
-4.41047 -7.75325 1.78039 4
-4.37165 -7.7752 1.78039 4
-4.4446 -7.759 1.78231 4
-4.43684 -7.76344 1.78231 4
-4.4408 -7.77036 1.78301 4
-4.47959 -7.74806 1.78301 4
-3.27836 -8.3727 1.78667 4
-3.27836 -8.3727 1.78667 4
-3.31831 -8.47474 1.79625 4
-3.31831 -8.47474 1.79625 4
-3.29315 -8.58706 1.80462 4
-3.33605 -8.57048 1.80462 4
-3.35038 -8.71021 1.81648 4
-3.34167 -8.71356 1.81648 4
-3.36823 -8.83565 1.82728 4
-3.32401 -8.85238 1.82728 4
-3.36043 -8.94937 1.83635 4
-3.36938 -8.946 1.83635 4
-3.38224 -9.06247 1.84628 4
-10.7578 2.79747 1.97248 124
-10.7689 2.75442 1.97248 124
-4.08261 -11.1083 2.03541 101
-4.09372 -11.1042 2.03541 101
-4.06139 -11.2941 2.05005 101
-4.11781 -11.2737 2.05005 101
-4.12072 -11.4591 2.06539 101
-4.13218 -11.455 2.06539 101
-4.15612 -11.6305 2.08056 101
-4.09792 -11.6512 2.08056 101
-4.15278 -11.8072 2.09502 101
-4.16459 -11.803 2.09502 101
-4.14619 -12.0183 2.11228 101
-4.14619 -12.0183 2.11228 101
-4.21572 -12.2199 2.13093 101
-4.21572 -12.2199 2.13093 101
-4.24345 -12.421 2.14836 101
-4.19374 -12.4379 2.14836 101
-4.27193 -12.6281 2.16632 101
-4.2593 -12.6323 2.16632 101
-4.28511 -12.8359 2.18392 101
-4.22088 -12.8572 2.18392 101
-7.14665 -11.599 2.19194 108
-7.08856 -11.6346 2.19194 108
-4.28551 -13.0541 2.20205 86
-4.29856 -13.0498 2.20205 86
-13.5631 2.86829 2.21286 88
-13.5515 2.92252 2.21286 88
-13.5466 2.96401 2.21321 88
-13.5466 2.96401 2.21321 88
-13.5482 3.02121 2.21443 88
-13.5602 2.96699 2.21443 88
-13.5826 2.87241 2.2146 88
-13.5826 2.87241 2.2146 88
-13.543 3.06272 2.21478 88
-13.543 3.06272 2.21478 88
-13.5546 3.06536 2.21582 88
-13.5546 3.06536 2.21582 88
-13.6355 2.78404 2.21757 88
-13.6243 2.83856 2.21757 88
-13.5775 3.17059 2.21983 88
-13.5806 3.15701 2.21983 88
-13.6765 2.79241 2.22123 88
-13.6737 2.80609 2.22123 88
-4.3298 -13.2786 2.22192 86
-4.27665 -13.2958 2.22192 86
-13.635 3.16964 2.22471 88
-13.6189 3.23777 2.22471 88
-13.7395 2.76237 2.22611 88
-13.7505 2.70739 2.22611 88
-13.8259 2.73661 2.23308 88
-4.36461 -13.5228 2.24319 82
-4.35108 -13.5272 2.24319 82
-9.31894 -10.9034 2.25487 102
-12.3473 -7.46179 2.26219 41
-12.3771 -7.41234 2.26219 41
-4.37938 -13.7566 2.26306 80
-4.32432 -13.774 2.26306 80
-12.4426 -7.38413 2.26585 41
-12.4352 -7.39657 2.26585 41
-12.4953 -7.31437 2.26672 41
-12.4953 -7.31437 2.26672 41
-12.475 -7.35284 2.2669 41
-12.4455 -7.40268 2.2669 41
-12.5022 -7.3184 2.26742 41
-12.5022 -7.3184 2.26742 41
-12.5548 -7.2317 2.26759 41
-12.5621 -7.21914 2.26759 41
-12.5566 -7.23269 2.26777 41
-12.5854 -7.18241 2.26777 41
-12.6209 -7.13593 2.26846 41
-12.6138 -7.14855 2.26846 41
-12.6844 -7.07172 2.27056 41
-12.6844 -7.07172 2.27056 41
-12.6346 -7.16034 2.27056 41
-12.6631 -7.10974 2.27056 41
-12.6915 -7.05903 2.27056 41
-12.7126 -7.02093 2.27056 41
-12.7476 -6.97385 2.27125 41
-12.7406 -6.98659 2.27125 41
-12.7511 -6.99234 2.2723 41
-12.7789 -6.94128 2.2723 41
-12.8395 -6.85823 2.27352 41
-12.812 -6.90953 2.27352 41
-12.8173 -6.91237 2.27404 41
-12.8242 -6.89955 2.27404 41
-12.8759 -6.82808 2.27509 41
-12.8759 -6.82808 2.27509 41
-12.9322 -6.85795 2.28067 41
-12.9322 -6.85795 2.28067 41
-4.40131 -14.0192 2.28555 78
-4.40131 -14.0192 2.28555 78
-13.0559 -6.80686 2.28816 41
-13.0559 -6.80686 2.28816 41
-9.34422 -11.3864 2.28868 102
-9.39477 -11.3551 2.28938 102
-13.1159 -6.83818 2.29409 41
-13.1432 -6.78566 2.29409 41
-13.2291 -6.77982 2.30054 41
-13.2291 -6.77982 2.30054 41
-4.43312 -14.2702 2.30734 70
-4.376 -14.2878 2.30734 70
-13.3177 -6.82526 2.30925 41
-13.3449 -6.77193 2.30925 41
-13.4097 -6.75428 2.31361 41
-13.4097 -6.75428 2.31361 41
-13.488 -6.79371 2.32128 41
-13.515 -6.73971 2.32128 41
-13.6173 -6.73978 2.3293 41
-13.6173 -6.73978 2.3293 41
-4.45768 -14.5545 2.33174 52
-4.47224 -14.5501 2.33174 52
-7.67243 -13.1791 2.33418 108
-7.65925 -13.1868 2.33418 108
-13.6763 -6.76895 2.33505 41
-13.7032 -6.71419 2.33505 41
-14.3681 -5.22187 2.33749 620
-14.3889 -5.16436 2.33749 620
-15.2896 0.00622816 2.33767 621
-15.2896 -0.00906143 2.33767 621
-7.67926 -13.2212 2.33767 108
-7.74527 -13.1827 2.33767 108
-14.3902 -5.21361 2.33906 622
-14.385 -5.22799 2.33906 622
-7.79087 -13.1997 2.34098 623
-7.80406 -13.1919 2.34098 623
-15.3334 -0.00908741 2.3415 624
-15.3333 0.0522462 2.3415 624
-14.3992 -5.2821 2.34185 625
-14.3779 -5.33966 2.34185 625
-13.8004 -6.71052 2.34255 41
-13.8004 -6.71052 2.34255 41
-7.85584 -13.189 2.34307 626
-7.80302 -13.2203 2.34307 626
-7.90152 -13.1756 2.34412 626
-7.90152 -13.1756 2.34412 626
-14.4041 -5.34937 2.34429 41
-14.4094 -5.33496 2.34429 41
-14.3923 -5.45996 2.34673 41
-14.3923 -5.45996 2.34673 41
-7.91791 -13.203 2.3469 627
-7.91791 -13.203 2.3469 627
-14.411 -5.46703 2.34847 41
-14.411 -5.46703 2.34847 41
-15.4147 0.114184 2.34865 628
-15.4148 0.0987693 2.34865 628
-8.0347 -13.1579 2.34882 629
-8.02154 -13.1659 2.34882 629
-13.9025 -6.69155 2.34987 41
-13.8756 -6.74711 2.34987 41
-14.3946 -5.57641 2.35057 41
-14.4168 -5.51878 2.35057 41
-14.4318 -5.5908 2.35405 41
-14.4374 -5.57637 2.35405 41
-8.14811 -13.1654 2.35457 630
-8.16127 -13.1572 2.35457 630
-8.22334 -13.1397 2.35614 630
-8.15754 -13.1806 2.35614 630
-14.4409 -5.64423 2.35649 41
-14.4182 -5.70194 2.35649 41
-9.88036 11.9618 2.35736 58
-9.94005 11.9123 2.35736 58
-4.44007 -14.8679 2.35754 36
-4.44007 -14.8679 2.35754 36
-13.9985 -6.70332 2.35789 41
-13.9985 -6.70332 2.35789 41
-14.4405 -5.71074 2.35858 41
-8.26445 -13.1468 2.35858 631
-14.4462 -5.69629 2.35858 41
-8.2776 -13.1385 2.35858 632
-14.4186 -5.81914 2.36033 41
-14.4418 -5.76141 2.36033 41
-8.27506 -13.1637 2.36033 633
-8.32764 -13.1305 2.36033 633
-14.4559 -5.81736 2.36329 41
-14.45 -5.83181 2.36329 41
-8.39943 -13.1273 2.36346 634
-8.3863 -13.1357 2.36346 634
-14.7118 -5.21391 2.36556 635
-14.0776 -6.74118 2.36556 41
-14.7066 -5.22862 2.36556 636
-14.0776 -6.74118 2.36556 41
-14.4602 -5.8864 2.3659 41
-14.4365 -5.9442 2.3659 41
-8.40131 -13.1592 2.3659 637
-8.45388 -13.1255 2.3659 637
-14.2945 6.28788 2.36625 638
-14.3258 6.21633 2.36625 638
-14.7272 -5.23596 2.36747 639
-14.748 -5.17701 2.36747 639
-8.50947 -13.1251 2.36852 640
-8.5619 -13.091 2.36852 640
-14.4719 -5.94186 2.36869 41
-14.466 -5.95633 2.36869 41
-14.3678 6.23457 2.37026 641
-14.3616 6.24894 2.37026 641
-14.472 -6.00964 2.37096 41
-14.4478 -6.06748 2.37096 41
-8.62086 -13.0952 2.37166 642
-8.62086 -13.0952 2.37166 642
-14.4778 -6.06303 2.37323 41
-14.2104 -6.66557 2.37323 41
-14.2104 -6.66557 2.37323 41
-14.4717 -6.07751 2.37323 41
-14.4606 6.15492 2.37497 638
-8.64167 -13.1268 2.37497 644
-14.4296 6.22714 2.37497 645
-8.64167 -13.1268 2.37497 646
-14.4544 -6.18964 2.37567 41
-14.4544 -6.18964 2.37567 41
-14.4782 -6.19983 2.37793 41
-14.4782 -6.19983 2.37793 41
-8.76637 -13.0871 2.37811 647
-8.75328 -13.0958 2.37811 647
-8.81673 -13.0772 2.37985 647
-8.76435 -13.1124 2.37985 647
-14.3093 -6.64223 2.3802 41
-14.2826 -6.69942 2.3802 41
-8.86711 -13.0672 2.38159 648
-8.88017 -13.0583 2.38159 648
-4.52046 -15.1371 2.38212 36
-4.52046 -15.1371 2.38212 36
-14.5116 -6.24848 2.38229 41
-14.4801 -6.32096 2.38229 41
-8.93506 -13.0546 2.38403 649
-13.5147 -8.22269 2.38403 33
-13.4817 -8.27668 2.38403 33
-8.88277 -13.0903 2.38403 650
-14.5057 -6.33212 2.38473 41
-14.512 -6.31761 2.38473 41
-14.4829 -6.44322 2.38682 41
-14.5149 -6.37072 2.38682 41
-8.99679 -13.0606 2.38752 651
-9.00985 -13.0516 2.38752 651
-14.3985 -6.64868 2.38752 41
-14.4051 -6.63428 2.38752 41
-13.5273 -8.28609 2.38787 27
-13.519 -8.29961 2.38787 27
-14.5084 -6.45456 2.38926 41
-14.5148 -6.44004 2.38926 41
-9.01487 -13.0868 2.39031 652
-9.06715 -13.0507 2.39031 652
-13.528 -8.36108 2.39135 27
-13.4944 -8.41513 2.39135 27
-11.5907 -10.8977 2.39188 76
-11.6233 -10.8629 2.39188 76
-9.11996 -13.043 2.3924 653
-9.11996 -13.043 2.3924 653
-14.53 -6.49902 2.39257 41
-14.4973 -6.57158 2.39257 41
-9.13366 -13.0626 2.39449 654
-9.18584 -13.026 2.39449 654
-13.5383 -8.42373 2.39501 27
-13.5299 -8.43727 2.39501 27
-14.5372 -6.58968 2.39641 41
-14.5438 -6.57514 2.39641 41
-14.4998 -6.69546 2.39728 41
-9.24332 -13.0243 2.39728 655
-9.24332 -13.0243 2.39728 655
-14.5331 -6.62287 2.39728 41
-13.5092 -8.55629 2.39902 27
-13.5434 -8.50218 2.39902 27
-15.1188 -5.23932 2.3999 656
-15.1135 -5.25444 2.3999 656
-9.26869 -13.0601 2.40112 657
-9.32086 -13.0229 2.40112 657
-13.5479 -8.58081 2.40303 27
-13.5565 -8.56726 2.40303 27
-11.5635 -11.1143 2.40321 76
-9.37386 -13.0143 2.40321 658
-9.37386 -13.0143 2.40321 658
-15.1531 -5.26818 2.40356 659
-15.174 -5.20753 2.40356 659
-9.39016 -13.0369 2.40565 660
-9.39016 -13.0369 2.40565 660
-13.5194 -8.69591 2.40635 19
-13.5194 -8.69591 2.40635 19
-4.49456 -15.4438 2.40722 20
-4.5563 -15.4257 2.40722 20
-9.4953 -12.9902 2.40774 661
-9.4953 -12.9902 2.40774 661
-13.5546 -8.71854 2.41001 19
-13.5546 -8.71854 2.41001 19
-9.57201 -12.9858 2.4114 662
-9.51999 -13.024 2.4114 662
-13.5282 -8.83609 2.41367 19
-13.5635 -8.78191 2.41367 19
-9.62873 -12.981 2.41401 663
-9.62873 -12.981 2.41401 663
-9.70563 -12.9759 2.41768 663
-9.65365 -13.0146 2.41768 663
-13.5838 -8.85302 2.41855 19
-13.575 -8.8666 2.41855 19
-16.2095 0.460593 2.41872 628
-9.76129 -12.969 2.42012 665
-9.76129 -12.969 2.42012 665
-9.82995 -12.9521 2.42256 665
-9.77807 -12.9913 2.42256 665
-13.6005 -8.92215 2.42308 19
-13.5647 -8.97648 2.42308 19
-16.2704 0.218156 2.4236 666
-16.2704 0.218156 2.4236 666
-15.4155 -5.22157 2.42395 667
-15.4103 -5.23699 2.42395 667
-9.88811 -12.9479 2.42534 668
-9.88811 -12.9479 2.42534 668
-13.5979 -8.99847 2.42657 19
-13.5979 -8.99847 2.42657 19
-16.308 0.349163 2.42709 669
-16.3083 0.332855 2.42709 669
-9.96778 -12.9445 2.42935 670
-9.91593 -12.9843 2.42935 670
-13.5644 -9.11343 2.4297 19
-13.6007 -9.0591 2.4297 19
-10.0249 -12.9382 2.43197 671
-10.0119 -12.9482 2.43197 671
-13.6041 -9.1401 2.43389 19
-13.6041 -9.1401 2.43389 19
-4.58252 -15.7461 2.43476 18
-4.59827 -15.7415 2.43476 18
-10.0351 -12.9781 2.43528 672
-10.0999 -12.9278 2.43528 672
-16.4198 0.335132 2.43685 673
-16.4184 0.400809 2.43685 673
-10.1478 -12.9358 2.43842 674
-10.1478 -12.9358 2.43842 674
-13.6245 -9.21324 2.43894 19
-13.5782 -9.28124 2.43894 19
-15.6197 -5.30815 2.4433 41
-15.6408 -5.24563 2.4433 41
-13.6243 -9.31272 2.44382 19
-13.6336 -9.2991 2.44382 19
-10.1933 -12.9938 2.44487 676
-10.1933 -12.9938 2.44487 676
-15.33 6.14804 2.44504 677
-15.6754 -5.20496 2.44504 678
-15.2991 6.22461 2.44504 677
-15.6754 -5.20496 2.44504 680
-15.294 6.25822 2.44574 681
-15.3313 6.16634 2.44574 681
-15.3374 6.15101 2.44574 681
-15.294 6.25822 2.44574 681
-13.6058 -9.42039 2.44783 19
-13.6434 -9.36589 2.44783 19
-15.4098 6.05515 2.44853 677
-15.3793 6.13213 2.44853 677
-15.4297 6.08079 2.45097 677
-15.4357 6.06535 2.45097 677
-13.6386 -9.44307 2.45132 19
-13.6386 -9.44307 2.45132 19
-15.4923 5.98052 2.45289 683
-15.4683 6.04245 2.45289 683
-10.3585 -13.0157 2.45533 684
-10.3715 -13.0053 2.45533 684
-13.6129 -9.56695 2.45568 19
-13.6129 -9.56695 2.45568 19
-13.6618 -9.60132 2.4609 19
-13.6618 -9.60132 2.4609 19
-4.62949 -16.0872 2.46457 18
-4.5651 -16.1056 2.46457 18
-13.6834 -9.67792 2.46631 19
-13.6446 -9.73258 2.46631 19
-10.4528 -13.1341 2.46857 685
-10.5183 -13.0817 2.46857 685
-13.6737 -9.75341 2.46945 19
-13.6737 -9.75341 2.46945 19
-13.6406 -9.87459 2.47328 19
-13.68 -9.81994 2.47328 19
-10.6133 -13.1459 2.47816 686
-10.6264 -13.1353 2.47816 686
-13.6874 -9.90847 2.47834 19
-13.6874 -9.90847 2.47834 19
-16.0497 -5.32927 2.47956 41
-16.0497 -5.32927 2.47956 41
-16.0942 -5.21925 2.48025 41
-16.0942 -5.21925 2.48025 41
-13.6675 -10.0406 2.48374 19
-10.7192 -13.1421 2.48374 687
-13.7076 -9.98585 2.48374 19
-10.6533 -13.1955 2.48374 688
-10.7745 -13.1561 2.48775 688
-13.7193 -10.0576 2.48827 19
-13.7093 -10.0713 2.48827 19
-10.806 -13.1946 2.49211 689
-13.68 -10.1979 2.4928 19
-13.7207 -10.1431 2.4928 19
-16.9649 1.88069 2.49333 690
-16.9553 1.9655 2.49333 690
-16.9708 1.88135 2.49385 690
-16.9689 1.89832 2.49385 690
-16.9805 1.84805 2.49437 690
-16.9895 1.76313 2.49437 690
-16.9401 2.18727 2.49437 690
-16.9487 2.11949 2.49437 690
-16.955 2.06864 2.49437 690
-16.9466 2.13644 2.49437 690
-16.9632 2.0008 2.49437 690
-16.9487 2.11949 2.49437 690
-16.9631 2.018 2.49455 690
-16.9651 2.00104 2.49455 690
-4.66181 -16.4468 2.49559 18
-4.66181 -16.4468 2.49559 18
-10.9482 -13.1521 2.49716 691
-10.9351 -13.1631 2.49716 691
-13.7381 -10.2199 2.49803 19
-13.7279 -10.2337 2.49803 19
-10.9529 -13.1845 2.4996 692
-11.0055 -13.1406 2.4996 692
-11.0747 -13.1163 2.50187 692
-11.0616 -13.1274 2.50187 692
-13.6941 -10.3584 2.50222 19
-16.2803 5.45674 2.50222 693
-16.302 5.39158 2.50222 693
-13.7354 -10.3035 2.50222 19
-16.3057 5.39283 2.50256 693
-16.3003 5.40913 2.50256 693
-16.3564 5.28284 2.50379 693
-16.3351 5.34823 2.50379 693
-11.0847 -13.1548 2.50501 695
-11.1372 -13.1103 2.50501 695
-17.0147 2.61343 2.50605 690
-17.0041 2.68147 2.50605 690
-17.0385 2.49513 2.50657 690
-17.036 2.51217 2.50657 690
-17.0259 2.63258 2.50727 690
-13.7401 -10.3932 2.50727 19
-17.007 2.75169 2.50727 697
-17.0464 2.49629 2.50727 697
-17.0363 2.56445 2.50727 697
-13.7505 -10.3795 2.50727 19
-17.0285 2.61555 2.50727 690
-17.0098 2.73468 2.50727 690
-16.9893 2.87101 2.50745 690
-16.3966 5.31394 2.50797 699
-16.4019 5.29754 2.50797 699
-17.0085 2.80432 2.50814 700
-17.0196 2.73627 2.50814 700
-16.6108 4.74787 2.51145 693
-16.6155 4.73126 2.51145 693
-16.4392 -5.33111 2.51198 41
-16.4823 5.19638 2.51198 693
-16.4823 5.19638 2.51198 693
-16.4604 -5.26531 2.51198 41
-12.4769 11.9638 2.51233 209
-12.4769 11.9638 2.51233 209
-12.4783 11.9652 2.5125 209
-12.4783 11.9652 2.5125 209
-13.7176 -10.528 2.51285 19
-13.7176 -10.528 2.51285 19
-16.6507 4.68733 2.51337 693
-16.6694 4.62069 2.51337 693
-11.2425 -13.1541 2.5139 704
-11.2425 -13.1541 2.5139 704
-11.2425 -13.1541 2.5139 704
-12.5748 11.8898 2.51407 209
-12.5271 11.94 2.51407 209
-16.6858 4.64323 2.51529 705
-12.405 12.0869 2.51529 209
-16.6905 4.62655 2.51529 706
-12.4171 12.0744 2.51529 209
-11.3657 -13.0848 2.51634 707
-11.3526 -13.0962 2.51634 707
-13.754 -10.5559 2.51686 19
-13.754 -10.5559 2.51686 19
-12.586 11.9243 2.51686 209
-12.598 11.9117 2.51686 209
-16.7475 4.51634 2.51756 693
-16.7475 4.51634 2.51756 693
-12.4371 12.0939 2.51773 209
-12.3886 12.1435 2.51773 209
-16.5521 -5.23996 2.51895 41
-16.5521 -5.23996 2.51895 41
-12.7073 11.8477 2.52 209
-12.3706 12.1988 2.52 209
-11.4324 -13.0822 2.52 709
-12.3584 12.2112 2.52 209
-11.38 -13.1278 2.52 710
-12.6598 11.8985 2.52 209
-13.7633 -10.6287 2.52139 19
-13.7206 -10.6837 2.52139 19
-16.8032 4.53139 2.52261 711
-16.8032 4.53139 2.52261 711
-11.5123 -13.0677 2.52366 712
-11.4992 -13.0792 2.52366 712
-12.3528 12.2791 2.52383 209
-12.4018 12.2296 2.52383 209
-12.7289 11.8917 2.52401 209
-12.7408 11.879 2.52401 209
-4.70707 -16.7983 2.52627 18
-4.63984 -16.817 2.52627 18
-13.7848 -10.7115 2.52732 19
-13.7741 -10.7253 2.52732 19
-11.5295 -13.1136 2.52767 713
-11.5819 -13.0674 2.52767 713
-11.6606 -13.0507 2.53115 713
-11.6475 -13.0624 2.53115 713
-13.7889 -10.8035 2.53255 19
-13.7456 -10.8585 2.53255 19
-12.8567 11.9152 2.53359 209
-12.9043 11.8637 2.53359 209
-12.4173 12.4176 2.53638 209
-12.4049 12.43 2.53638 209
-13.755 -10.9332 2.53725 19
-13.7112 -10.9881 2.53725 19
-13.7925 -10.8956 2.53778 19
-13.8034 -10.8818 2.53778 19
-16.7895 -5.31513 2.54074 41
-16.8106 -5.24793 2.54074 41
-13.8202 -11.0528 2.54823 19
-13.8091 -11.0666 2.54823 19
-13.8178 -11.1418 2.55294 19
-13.7731 -11.1969 2.55294 19
-17.009 -5.25392 2.55747 41
-17.009 -5.25392 2.55747 41
-4.73946 -17.1781 2.55904 18
-4.75663 -17.1734 2.55904 18
-13.8446 -11.2321 2.55974 19
-13.8334 -11.246 2.55974 19
-13.805 -11.3844 2.56549 19
-13.8505 -11.329 2.56549 19
-17.1175 -5.28744 2.56741 41
-17.1386 -5.21893 2.56741 41
-13.845 -11.4173 2.57002 19
-13.8564 -11.4035 2.57002 19
-12.4074 -12.9707 2.57037 714
-12.4203 -12.9583 2.57037 714
-12.4363 -13.0009 2.57403 714
-12.4882 -12.9511 2.57403 714
-13.8182 -11.5587 2.57612 19
-13.8182 -11.5587 2.57612 19
-12.5547 -12.9422 2.57752 715
-12.5677 -12.9296 2.57752 715
-13.861 -11.5945 2.58101 19
-13.861 -11.5945 2.58101 19
-12.5908 -12.9794 2.58205 716
-12.6426 -12.9289 2.58205 716
-13.8765 -11.6783 2.58676 19
-13.8297 -11.7338 2.58676 19
-12.7303 -12.9406 2.58815 717
-12.7303 -12.9406 2.58815 717
-4.78644 -17.5536 2.59181 16
-4.71619 -17.5726 2.59181 16
-12.7638 -12.9747 2.59234 718
-12.8156 -12.9235 2.59234 718
-13.8874 -11.7827 2.59338 19
-13.8992 -11.7688 2.59338 19
-12.8853 -12.9161 2.59617 719
-12.8982 -12.9032 2.59617 719
-17.4708 -5.26288 2.59634 41
-17.4708 -5.26288 2.59634 41
-13.9065 -11.8709 2.59966 19
-13.8589 -11.9264 2.59966 19
-12.9707 -12.8981 2.60035 720
-12.919 -12.9499 2.60035 720
-13.9147 -11.9502 2.60471 19
-13.9027 -11.9641 2.60471 19
-13.049 -12.8984 2.60523 721
-13.8652 -12.1018 2.61012 19
-13.9255 -12.0323 2.61012 19
-17.6978 -5.33127 2.61709 41
-13.9252 -12.1542 2.61709 19
-13.9374 -12.1402 2.61709 19
-17.719 -5.26044 2.61709 41
-13.901 -12.3055 2.62423 19
-13.9623 -12.2358 2.62423 19
-4.82567 -17.9806 2.62877 16
-4.84365 -17.9757 2.62877 16
-13.9581 -12.3312 2.62946 19
-13.9457 -12.3451 2.62946 19
-17.9374 -5.26675 2.63556 41
-17.9374 -5.26675 2.63556 41
-13.9123 -12.4904 2.63574 19
-13.9746 -12.4206 2.63574 19
-13.9708 -12.5177 2.64114 19
-13.9583 -12.5316 2.64114 19
-13.9277 -12.6813 2.64794 19
-13.9277 -12.6813 2.64794 19
-13.991 -12.739 2.65544 19
-13.991 -12.739 2.65544 19
-13.9498 -12.8812 2.66119 19
-14.0141 -12.8113 2.66119 19
-18.2703 -5.28521 2.66398 41
-18.249 -5.35825 2.66398 41
-4.87895 -18.3994 2.66537 16
-4.80532 -18.4188 2.66537 16
-13.9937 -12.9218 2.66642 722
-14.0067 -12.9078 2.66642 722
-18.3856 -5.25887 2.67304 41
-18.3856 -5.25887 2.67304 41
-14.0292 -13.0066 2.67374 723
-13.9771 -13.0627 2.67374 723
-14.0106 -13.0939 2.67775 723
-14.0429 -13.3096 2.69274 723
-14.0574 -13.3233 2.69448 723
-14.0574 -13.3233 2.69448 723
-14.0164 -13.4989 2.7025 723
-14.0837 -13.4286 2.7025 723
-4.93481 -18.838 2.70372 16
-4.91597 -18.8429 2.70372 16
-18.7745 -5.37009 2.70843 41
-18.7745 -5.37009 2.70843 41
-18.8635 -5.25297 2.71313 41
-18.8582 -5.27183 2.71313 41
-14.1168 -13.5956 2.7147 724
-14.0536 -13.6982 2.71697 724
-14.1082 -13.6418 2.71697 724
-14.1106 -13.7538 2.72394 724
-14.1106 -13.7538 2.72394 724
-14.0678 -13.9054 2.73056 724
-14.0678 -13.9054 2.73056 724
-14.16 -13.9965 2.74189 724
-4.89554 -19.3172 2.74346 11
-4.89554 -19.3172 2.74346 11
-19.2917 -5.28916 2.75009 41
-19.265 -5.38555 2.75009 41
-19.3998 -5.25627 2.75845 41
-19.3998 -5.25627 2.75845 41
-19.544 -5.29535 2.77153 41
-19.565 -5.21713 2.77153 41
-5.0184 -19.802 2.78722 11
-5.0184 -19.802 2.78722 11
-5.01482 -20.3861 2.83672 11
-5.09633 -20.3658 2.83672 11
-5.13952 -20.893 2.88239 11
-5.16041 -20.8878 2.88239 11
-5.16746 -21.659 2.94811 11
-5.25405 -21.6382 2.94811 11
-22.5061 3.94231 2.999 225
-22.5021 3.96481 2.999 225
-22.494 4.033 2.99935 225
-22.51 3.943 2.99935 225
-22.5093 4.10547 3.00179 225
-22.5093 4.10547 3.00179 225
-22.5531 3.88086 3.00214 225
-22.5685 3.79061 3.00214 225
-22.5524 4.11334 3.00563 225
-22.5524 4.11334 3.00563 225
-22.5759 4.28113 3.01033 225
-22.5716 4.3037 3.01033 225
-22.6628 3.80645 3.01051 225
-22.6268 4.29078 3.01487 225
-22.6094 4.38125 3.01487 225
-22.7526 4.47985 3.02881 225
-5.40839 -22.8715 3.05618 9
-5.29397 -22.8982 3.05618 9
-5.4913 -23.644 3.12364 9
-5.46765 -23.6495 3.12364 9
-5.52 -24.0954 3.16268 9
-5.39946 -24.1227 3.16268 9
-4.4593 24.4518 3.17454 499
-4.46431 24.4792 3.17698 499
-4.12909 24.5865 3.18116 499
-6.74194 24.2294 3.20033 232
-6.71771 24.2362 3.20033 232
-5.20889 24.6331 3.20277 232
-5.18425 24.6383 3.20277 232
-6.76437 24.31 3.20765 232
-6.66708 24.3369 3.20765 232
-5.06662 24.8173 3.21602 232
-4.96731 24.8374 3.21602 232
-21.7005 13.0791 3.21672 233
-21.7005 13.0791 3.21672 233
-21.795 12.9289 3.21707 233
-21.795 12.9289 3.21707 233
-21.795 12.9289 3.21707 233
-21.7431 13.0159 3.21707 233
-21.7091 13.0842 3.21759 233
-21.6565 13.1709 3.21759 233
-21.6203 13.2379 3.21794 233
-21.6336 13.2163 3.21794 233
-5.24516 24.8047 3.21811 232
-5.1459 24.8254 3.21811 232
-21.637 13.2184 3.21829 233
-21.5706 13.3264 3.21829 233
-5.0734 24.8505 3.21899 232
-5.04854 24.8556 3.21899 232
-21.5845 13.3947 3.22247 233
-21.5845 13.3947 3.22247 233
-21.9092 12.9079 3.22474 233
-21.9607 12.8202 3.22474 233
-21.6201 13.4168 3.22613 233
-21.6201 13.4168 3.22613 233
-5.44081 24.8685 3.22718 232
-5.34129 24.8901 3.22718 232
-22.0484 12.8714 3.23363 233
-22.0484 12.8714 3.23363 233
-21.6386 13.639 3.23781 233
-21.6249 13.6606 3.23781 233
-5.82014 24.9257 3.23938 232
-5.72039 24.9488 3.23938 232
-6.25224 24.8599 3.24269 232
-6.35163 24.8347 3.24269 232
-22.1938 12.8672 3.24443 234
-22.2451 12.7783 3.24443 234
-6.18676 24.9153 3.246 232
-6.16184 24.9215 3.246 232
-6.19156 24.9346 3.24775 232
-6.09177 24.9592 3.24775 232
-21.7616 13.7165 3.25054 233
-21.6928 13.8252 3.25054 233
-5.47358 25.1387 3.25088 232
-5.49872 25.1332 3.25088 232
-6.37533 24.9274 3.25106 232
-6.3504 24.9337 3.25106 232
-5.85819 25.0887 3.25402 232
-5.8331 25.0946 3.25402 232
-6.03647 25.0587 3.25507 232
-6.0114 25.0647 3.25507 232
-6.46257 24.9563 3.25542 232
-6.56234 24.9303 3.25542 232
-5.65701 -25.1553 3.25576 7
-5.63185 -25.1609 3.25576 7
-22.4334 12.8865 3.26343 234
-22.4334 12.8865 3.26343 234
-6.56368 25.0371 3.26448 232
-6.58872 25.0305 3.26448 232
-5.96188 25.1912 3.26483 232
-6.0626 25.1672 3.26483 232
-5.71495 25.2729 3.26692 232
-5.71495 25.2729 3.26692 232
-6.8023 25.1261 3.27738 232
-6.8023 25.1261 3.27738 232
-7.17855 25.2118 3.29342 232
-7.20375 25.2046 3.29342 232
-7.2147 25.2429 3.2969 232
-7.11368 25.2716 3.2969 232
-6.86269 25.3492 3.2976 232
-6.86269 25.3492 3.2976 232
-4.95698 26.1426 3.32793 232
-4.95698 26.1426 3.32793 232
-5.76267 -25.9891 3.32898 7
-5.63265 -26.0176 3.32898 7
-0.0913634 26.9589 3.35861 242
-0.199198 26.9583 3.35861 242
-5.22684 26.549 3.36732 232
-5.22684 26.549 3.36732 232
-5.80181 -26.67 3.38789 244
-5.77514 -26.6758 3.38789 244
-26.9368 -4.64033 3.39138 252
-26.918 -4.74804 3.39138 252
-27.1045 -4.55765 3.40463 252
-27.0999 -4.58475 3.40463 252
-4.75138 27.1278 3.40951 232
-4.75138 27.1278 3.40951 232
-27.1653 -4.79164 3.41334 252
-27.17 -4.76448 3.41334 252
-4.65492 27.2173 3.41578 232
-4.76375 27.1985 3.41578 232
-27.3978 -3.65419 3.41822 252
-27.4122 -3.54457 3.41822 252
-4.58051 27.2744 3.41962 232
-27.2253 -4.88649 3.41997 252
-27.2055 -4.99535 3.41997 252
-27.482 -3.4698 3.42345 252
-27.482 -3.4698 3.42345 252
-27.3898 -4.24028 3.42485 252
-27.3898 -4.24028 3.42485 252
-26.9045 -6.88683 3.42973 726
-5.06456 27.3062 3.42973 232
-26.9045 -6.88683 3.42973 252
-27.536 -3.67263 3.43042 252
-27.5397 -3.64509 3.43042 252
-27.5215 -3.86695 3.43147 252
-27.5367 -3.75683 3.43147 252
-27.4844 -4.25491 3.43321 252
-27.4844 -4.25491 3.43321 252
-27.6895 -2.90673 3.43583 728
-27.6895 -2.90673 3.43583 728
-27.3987 -5.0025 3.4367 252
-27.7061 -3.10469 3.43914 252
-27.7061 -3.10469 3.43914 252
-27.3249 -5.61283 3.44054 252
-27.3305 -5.5855 3.44054 252
-27.3314 -5.69966 3.44263 252
-27.3084 -5.80894 3.44263 252
-27.6655 -3.85897 3.44385 252
-27.6616 -3.88663 3.44385 252
-27.394 -5.51292 3.44472 252
-27.3718 -5.62245 3.44472 252
-27.6112 -4.47268 3.44716 252
-27.6289 -4.3622 3.44716 252
-27.5043 -5.4493 3.45309 252
-27.5043 -5.4493 3.45309 252
-27.8517 -3.40335 3.45483 252
-27.8378 -3.51472 3.45483 252
-27.4701 -5.81464 3.45657 252
-27.4643 -5.8421 3.45657 252
-27.6044 -5.26859 3.45866 252
-27.6096 -5.24099 3.45866 252
-27.8408 -4.0823 3.4618 252
-27.8367 -4.11014 3.4618 252
-5.76613 -27.5658 3.46389 250
-5.76613 -27.5658 3.46389 250
-27.6645 -5.48105 3.46738 252
-27.6645 -5.48105 3.46738 252
-28.0319 -3.34005 3.46982 252
-28.045 -3.22789 3.46982 252
-27.8886 -4.60352 3.47296 252
-27.87 -4.71503 3.47296 252
-28.0794 -3.34571 3.474 252
-28.0794 -3.34571 3.474 252
-27.5262 -6.66592 3.47784 729
-27.5262 -6.66592 3.47784 729
-27.9698 -4.50206 3.47853 252
-27.9653 -4.53003 3.47853 252
-12.0847 25.7771 3.49074 730
-12.0589 25.7892 3.49074 730
-27.7878 -6.31879 3.49318 252
-27.8128 -6.20759 3.49318 252
-27.6186 -7.06963 3.49422 731
-27.6467 -6.9591 3.49422 731
-27.888 -6.10737 3.49771 252
-27.6359 -7.16245 3.49771 732
-27.5997 -7.30054 3.49771 732
-12.1202 25.8529 3.49806 733
-12.0167 25.9011 3.49806 733
-13.8565 24.9835 3.49945 734
-27.8386 -6.50626 3.5012 252
-27.8386 -6.50626 3.5012 252
-12.2939 25.8193 3.50189 735
-12.1906 25.8682 3.50189 735
-14.0844 24.9222 3.50451 736
-14.0844 24.9222 3.50451 736
-27.7873 -6.90593 3.50503 737
-27.8345 -6.94722 3.50991 737
-27.8621 -6.83583 3.50991 737
-12.5265 25.8401 3.51235 738
-12.423 25.89 3.51235 738
-14.1295 25.002 3.51253 739
-14.1295 25.002 3.51253 739
-12.3522 25.9416 3.51375 740
-12.3522 25.9416 3.51375 740
-14.2468 25.0339 3.52002 741
-14.3468 24.9767 3.52002 741
-12.0531 26.185 3.52194 742
-12.0531 26.185 3.52194 742
-28.018 -6.78503 3.52211 252
-28.018 -6.78503 3.52211 252
-28.1142 -6.39301 3.52246 252
-28.1205 -6.3649 3.52246 252
-14.3796 25.0338 3.52577 741
-14.3545 25.0481 3.52577 741
-14.4865 25.0457 3.53135 741
-14.5866 24.9875 3.53135 741
-28.215 -6.59423 3.53501 252
-11.5602 26.5694 3.53501 744
-28.2411 -6.48132 3.53501 252
-11.5336 26.5809 3.53501 745
-14.5877 25.0469 3.53588 741
-14.6127 25.0323 3.53588 741
-12.1239 26.3389 3.53676 747
-12.1239 26.3389 3.53676 747
-28.3684 -6.2423 3.54129 252
-28.3931 -6.12878 3.54129 252
-5.96928 -28.537 3.5507 254
-5.96928 -28.537 3.5507 254
-11.4182 26.8278 3.55087 748
-11.4451 26.8164 3.55087 748
-11.6389 26.7502 3.55227 748
-11.5318 26.7966 3.55227 748
-11.8266 26.6699 3.55244 748
-11.6931 26.7287 3.55244 748
-15.7091 24.9239 3.57754 253
-15.7091 24.9239 3.57754 253
-29.0393 -5.42216 3.58452 255
-29.0174 -5.53828 3.58452 255
-15.5826 25.1111 3.58556 253
-15.5826 25.1111 3.58556 253
-15.758 25.0015 3.58556 253
-15.6578 25.0643 3.58556 253
-29.4881 -3.30438 3.59602 512
-29.4881 -3.30438 3.59602 512
-12.2206 27.118 3.6023 513
-12.2477 27.1058 3.6023 513
-29.4963 -4.35518 3.60857 512
-29.5135 -4.23716 3.60857 512
-15.2257 25.6679 3.61101 750
-15.1229 25.7286 3.61101 750
-16.0165 25.2434 3.61554 513
-13.8981 26.5408 3.62112 513
-14.0042 26.485 3.62112 513
-16.354 25.1593 3.62531 513
-16.354 25.1593 3.62531 513
-17.753 24.227 3.62775 752
-17.656 24.2978 3.62775 752
-16.4665 25.1668 3.63123 513
-17.5087 24.4532 3.63123 253
-17.6087 24.3862 3.63158 253
-17.5843 24.4038 3.63158 253
-17.7594 24.2865 3.63228 253
-17.7837 24.2688 3.63228 253
-12.4232 27.4943 3.6396 513
-12.2856 27.5561 3.6396 513
-29.6864 -5.45088 3.64064 754
-13.9251 26.7875 3.64134 755
-13.9251 26.7875 3.64134 755
-29.5125 -6.49407 3.64378 255
-29.2447 -7.70437 3.64587 756
-29.2369 -7.73361 3.64587 756
-5.98465 -29.6444 3.64587 261
-13.7877 26.9167 3.64587 757
-6.13279 -29.6141 3.64587 261
-13.7877 26.9167 3.64587 758
-15.409 26.0364 3.64692 759
-15.4351 26.0209 3.64692 759
-13.4254 27.1392 3.64901 757
-13.3983 27.1526 3.64901 757
-13.2904 27.2078 3.64919 757
-13.4263 27.141 3.64919 757
-17.0334 25.0376 3.64936 253
-17.0334 25.0376 3.64936 253
-17.3597 24.8174 3.64971 253
-17.3845 24.8 3.64971 253
-16.837 25.1797 3.65006 513
-13.2322 27.2959 3.65389 513
-12.2983 27.7336 3.65424 513
-12.2706 27.7459 3.65424 513
-17.5653 24.7407 3.65459 253
-17.4234 24.8555 3.65564 253
-17.3238 24.925 3.65564 253
-17.5117 24.8226 3.65773 253
-17.6108 24.7524 3.65773 253
-17.2556 25.04 3.66052 253
-17.2807 25.0227 3.66052 253
-15.6095 26.1954 3.66784 513
-9.78337 28.9025 3.66958 764
-9.78337 28.9025 3.66958 764
-13.9476 27.2288 3.67655 513
-13.634 27.4227 3.67934 513
-13.7436 27.368 3.67934 513
-13.7508 27.3822 3.68074 513
-13.7508 27.3822 3.68074 513
-11.0156 28.6223 3.68318 766
-10.0559 29.0367 3.68841 767
-9.93963 29.0767 3.68841 767
-11.0686 28.6744 3.6891 768
-10.9539 28.7185 3.6891 768
-10.8593 28.8161 3.69416 768
-10.8881 28.8053 3.69416 768
-14.0987 27.3886 3.69503 769
-14.2081 27.332 3.69503 769
-10.9071 28.8556 3.69886 768
-10.7916 28.899 3.69886 768
-15.0045 26.9897 3.70165 513
-29.9648 -7.47891 3.702 772
-14.4531 27.334 3.70514 773
-14.4531 27.334 3.70514 773
-10.3227 29.1459 3.70514 768
-10.3227 29.1459 3.70514 768
-10.2126 29.2057 3.70688 768
-0.507311 30.9516 3.70828 265
-0.631113 30.9493 3.70828 265
-0.631275 30.9573 3.70897 265
-0.631275 30.9573 3.70897 265
-0.724237 30.9592 3.70932 265
-0.848068 30.9561 3.70932 265
-0.848395 30.968 3.71037 265
-0.848395 30.968 3.71037 265
-0.415094 31.0008 3.71246 265
-0.415094 31.0008 3.71246 265
-1.06625 30.9932 3.71316 265
-0.942264 30.9972 3.71316 265
-1.06638 30.9972 3.71351 265
-1.03538 30.9982 3.71351 265
-14.8821 27.2164 3.71386 775
-14.8549 27.2313 3.71386 775
-1.28399 31.0049 3.7149 265
-1.28399 31.0049 3.7149 265
-1.28432 31.0129 3.7156 265
-1.16026 31.0177 3.7156 265
-1.50312 31.0389 3.71874 265
-1.37895 31.0447 3.71874 265
-1.50446 31.0668 3.72118 265
-1.72189 31.0555 3.72118 265
-1.50446 31.0668 3.72118 265
-1.72189 31.0555 3.72118 265
-16.1206 26.6275 3.72327 513
-16.2535 26.5466 3.72327 513
-1.72344 31.0833 3.72362 265
-1.72344 31.0833 3.72362 265
-1.94123 31.0745 3.72397 265
-1.81691 31.082 3.72397 265
-14.8339 27.3878 3.72501 515
-1.94296 31.1023 3.72641 265
-1.94296 31.1023 3.72641 265
-2.03861 31.1322 3.72954 265
-2.16312 31.1237 3.72954 265
-2.16367 31.1317 3.73024 265
-2.16367 31.1317 3.73024 265
-2.25734 31.129 3.73059 265
-2.38184 31.1198 3.73059 265
-16.2993 26.6213 3.73094 777
-16.2727 26.6376 3.73094 777
-2.38427 31.1515 3.73338 265
-2.35312 31.1539 3.73338 265
-2.48088 31.184 3.73686 265
-2.60559 31.1738 3.73686 265
-2.60792 31.2016 3.73931 265
-2.57671 31.2042 3.73931 265
-2.82734 31.1945 3.74035 265
-2.70254 31.2055 3.74035 265
-2.8277 31.1985 3.7407 265
-2.7965 31.2013 3.7407 265
-3.04834 31.2017 3.74279 265
-3.04834 31.2017 3.74279 265
-3.04989 31.2176 3.74419 265
-3.04989 31.2176 3.74419 265
-5.63677 30.9082 3.74872 778
-6.24965 -30.7983 3.74942 289
-6.21885 -30.8045 3.74942 289
-5.85967 30.9032 3.75186 779
-5.64821 30.9709 3.7543 779
-17.9555 25.9998 3.76441 780
-17.8513 26.0714 3.76441 780
-17.7954 26.1578 3.76789 780
-17.7954 26.1578 3.76789 780
-17.5618 26.435 3.77661 780
-17.6674 26.3645 3.77661 780
-16.7865 27.0512 3.78532 513
-17.5548 26.5973 3.78811 513
-17.5282 26.6148 3.78811 513
-17.4235 27.2197 3.82751 783
-14.7524 28.7999 3.83099 515
-17.4622 27.2801 3.83378 784
-17.4622 27.2801 3.83378 784
-14.1326 29.1533 3.83448 785
-17.6734 27.4285 3.8547 783
-17.9741 27.2325 3.8547 783
-18.2064 27.1689 3.86132 783
-6.24816 -32.1067 3.86167 294
-6.40862 -32.0751 3.86167 294
-18.9945 26.6972 3.86655 787
-19.2346 26.6379 3.87457 787
-12.6752 30.3693 3.8791 788
-15.5952 29.001 3.88085 789
-15.4791 29.0631 3.88085 789
-12.1851 31.5666 3.96033 790
-11.6505 31.8781 3.9694 791
-11.7779 31.8313 3.9694 791
-6.52663 -33.3597 3.97393 533
-6.49326 -33.3662 3.97393 533
-12.6774 31.6126 3.97985 792
-12.709 31.6 3.97985 792
-12.9602 31.5839 3.98683 792
-12.637 31.7875 3.99275 792
-12.7641 31.7367 3.99275 792
-12.5869 31.9402 4.00356 792
-12.5549 31.9528 4.00356 792
-11.9267 32.3328 4.01507 793
-11.959 32.3208 4.01507 793
-11.7664 32.4974 4.02378 793
-11.7664 32.4974 4.02378 793
-11.7664 32.4974 4.02378 793
-11.7664 32.4974 4.02378 793
-17.9164 29.7278 4.03668 794
-17.8867 29.7458 4.03668 794
-13.6451 31.9711 4.04121 795
-13.5171 32.0255 4.04121 795
-17.974 29.8234 4.04644 796
-13.4886 32.2276 4.05655 797
-13.3596 32.2813 4.05655 797
-13.4902 32.2313 4.0569 797
-11.7914 33.2926 4.09002 798
-6.51417 -34.7699 4.0949 799
-6.68793 -34.7369 4.0949 799
-12.8393 32.9669 4.09525 800
-13.5214 32.9516 4.11617 330
-13.5214 32.9516 4.11617 330
-13.6349 33.2281 4.14231 330
-2.97285 -36.5292 4.20646 801
-2.97285 -36.5292 4.20646 801
-4.25113 -36.4187 4.20785 802
-3.9961 -36.4475 4.20785 802
-4.39677 -36.4014 4.20785 802
-4.14186 -36.4313 4.20785 802
-4.50694 -36.3959 4.20855 802
-4.50694 -36.3959 4.20855 802
-3.48622 -36.5078 4.20855 803
-3.52273 -36.5043 4.20855 803
-2.71943 -36.5809 4.20925 804
-2.75601 -36.5782 4.20925 804
-5.3088 -36.3037 4.20995 805
-3.23199 -36.5472 4.20995 806
-5.27249 -36.309 4.20995 807
-3.26853 -36.544 4.20995 808
-5.52653 -36.2712 4.20995 809
-5.52653 -36.2712 4.20995 809
-2.5018 -36.6244 4.21169 810
-5.78343 -36.2513 4.21169 811
-5.78343 -36.2513 4.21169 811
-2.5018 -36.6244 4.21169 812
-3.74819 -36.546 4.21413 813
-3.89434 -36.5307 4.21413 813
-3.64564 -36.6284 4.2204 813
-3.4991 -36.6427 4.2204 813
-4.92514 -36.4784 4.2204 814
-6.05342 -36.3082 4.2204 815
-6.05342 -36.3082 4.2204 815
-4.77919 -36.4978 4.2204 816
-5.04 -36.5029 4.22389 816
-5.0765 -36.4979 4.22389 816
-1.88681 -36.8169 4.22529 817
-1.73953 -36.8241 4.22529 817
-5.1899 -36.5101 4.22633 818
-6.31904 -36.3317 4.22633 819
-6.31904 -36.3317 4.22633 819
-5.04382 -36.5306 4.22633 820
-2.25634 -36.82 4.22738 821
-2.25634 -36.82 4.22738 821
-3.39686 -36.7364 4.22773 822
-3.24989 -36.7497 4.22773 822
-3.76405 -36.7006 4.22773 822
-3.80075 -36.6968 4.22773 822
-4.05797 -36.6732 4.22807 822
-4.02129 -36.6773 4.22807 822
-6.79594 -36.2739 4.22877 823
-6.83221 -36.2671 4.22877 823
-1.99962 -36.8548 4.22912 824
-2.14703 -36.8465 4.22912 824
-4.53583 -36.6292 4.22912 825
-4.53583 -36.6292 4.22912 825
-2.99482 -36.7993 4.23017 826
-2.99482 -36.7993 4.23017 826
-2.00049 -36.8707 4.23051 827
-2.00049 -36.8707 4.23051 827
-4.31784 -36.6716 4.23051 828
-4.28117 -36.6759 4.23051 828
-4.79471 -36.6164 4.23086 828
-4.83132 -36.6115 4.23086 828
-6.58244 -36.3376 4.23086 829
-6.72773 -36.3109 4.23086 829
-2.73804 -36.8313 4.23121 830
-5.45358 -36.5281 4.23121 831
-2.92217 -36.8171 4.23121 832
-5.30742 -36.5496 4.23121 833
-2.66466 -36.8407 4.23156 834
-1.4846 -36.9071 4.23156 835
-1.4846 -36.9071 4.23156 835
-2.51728 -36.851 4.23156 836
-2.40698 -36.8624 4.23191 836
-2.25951 -36.8717 4.23191 836
-6.47689 -36.3768 4.23261 837
-6.33133 -36.4024 4.23261 837
-5.967 -36.4639 4.23261 837
-6.07636 -36.4458 4.23261 837
-5.82109 -36.4874 4.23261 837
-6.07636 -36.4458 4.23261 837
-6.58812 -36.3689 4.23365 837
-6.58812 -36.3689 4.23365 837
-5.71345 -36.5165 4.23365 838
-5.56734 -36.5391 4.23365 838
-1.48588 -36.9389 4.23435 839
-1.48588 -36.9389 4.23435 839
-1.74498 -36.9395 4.2354 839
-1.74498 -36.9395 4.2354 839
-17.8511 32.646 4.25527 840
-20.3478 31.3033 4.26642 841
-17.9166 33.3177 4.30965 842
-17.8832 33.3356 4.30965 842
-13.9982 35.5215 4.34033 843
-12.3443 39.9923 4.66176 844
-12.642 39.9619 4.66699 844
-12.642 39.9619 4.66699 844
-32.4535 27.0814 4.69802 845
-32.4805 27.0489 4.69802 845
-32.7212 27.0835 4.71615 845
-32.8292 26.9524 4.71615 845
-32.9986 27.0914 4.73532 845
-32.9715 27.1244 4.73532 845
-33.306 27.0109 4.75171 845
-33.306 27.0109 4.75171 845
-30.6186 33.3056 4.95809 846
-30.6186 33.3056 4.95809 846
-28.0533 35.6 4.96541 847
-27.9106 35.7119 4.96541 847
-27.8596 35.8679 4.97343 847
-27.7159 35.979 4.97343 847
-27.9409 36.0469 4.99016 847
-27.9769 36.0189 4.99016 847
-28.4676 36.1258 5.02398 847
-28.4315 36.1542 5.02398 847
-27.5473 37.0461 5.03897 848
-28.6461 36.2032 5.03897 849
-28.8268 36.0595 5.03897 849
-27.5473 37.0461 5.03897 850
-29.4174 35.7601 5.05117 851
-29.2382 35.9067 5.05117 851
-30.9645 34.4345 5.05152 852
-31.102 34.3104 5.05152 852
-29.1864 35.9899 5.05396 853
-29.1864 35.9899 5.05396 853
-29.204 36.0115 5.0564 853
-29.204 36.0115 5.0564 853
-31.2572 34.4816 5.07174 854
-31.2572 34.4816 5.07174 854
-29.1005 36.4018 5.07732 855
-29.064 36.4309 5.07732 855
-31.5844 35.7661 5.17459 856
-31.5844 35.7661 5.17459 856
-33.1562 34.5795 5.19132 857
-33.1562 34.5795 5.19132 857
-31.7849 35.9931 5.20108 858
-31.7849 35.9931 5.20108 858
-33.9709 33.9715 5.20317 859
-33.8347 34.1071 5.20317 859
-32.1743 35.9241 5.21921 860
-32.1383 35.9563 5.21921 860
-32.211 36.329 5.2478 860
-33.1091 35.5125 5.2478 861
-33.1091 35.5125 5.2478 861
-32.3923 36.1675 5.2478 862
-33.6653 35.8925 5.30532 863
-33.8086 35.7576 5.30532 863
-33.8278 35.7779 5.30776 863
-33.8278 35.7779 5.30776 863
-29.8965 39.1325 5.30846 864
-29.9356 39.1026 5.30846 864
-34.9227 35.9871 5.38725 865
-34.9587 35.9521 5.38725 865
0.202072 -2.5922 1.22748 2
0.204664 -2.592 1.22748 2
0.111325 -2.59968 1.22765 2
0.165889 -2.59677 1.22765 2
0.111325 -2.59968 1.22765 2
0.155501 -2.59741 1.22765 2
0.166016 -2.59876 1.22783 2
0.166016 -2.59876 1.22783 2
0.223315 -2.59646 1.228 2
0.223315 -2.59646 1.228 2
0.173945 -2.60023 1.228 2
0.186944 -2.59933 1.228 2
0.119397 -2.6053 1.22817 2
0.223486 -2.59844 1.22817 2
0.129817 -2.6048 1.22817 2
0.129817 -2.6048 1.22817 2
0.129817 -2.6048 1.22817 2
0.223486 -2.59844 1.22817 2
0.205605 -2.60392 1.22852 2
0.192583 -2.60491 1.22852 2
0.23962 -2.60301 1.2287 2
0.148387 -2.6098 1.2287 2
0.111836 -2.61162 1.2287 2
0.111836 -2.61162 1.2287 2
0.150996 -2.60965 1.2287 2
0.23962 -2.60301 1.2287 2
0.151227 -2.61363 1.22905 2
0.187801 -2.61125 1.22905 2
0.18519 -2.61144 1.22905 2
0.0753784 -2.61691 1.22905 2
0.138157 -2.61435 1.22905 2
0.258228 -2.60523 1.22905 2
0.247805 -2.60625 1.22905 2
0.0779952 -2.61684 1.22905 2
0.266448 -2.60841 1.22939 2
0.256012 -2.60946 1.22939 2
0.276879 -2.60732 1.22939 2
0.258621 -2.6092 1.22939 2
0.240533 -2.61293 1.22957 2
0.23008 -2.61387 1.22957 2
0.0966042 -2.62419 1.22974 2
0.0966042 -2.62419 1.22974 2
0.0861067 -2.62456 1.22974 2
0.09398 -2.62429 1.22974 2
0.0678356 -2.62908 1.23009 2
0.0783514 -2.62879 1.23009 2
0.278141 -2.61921 1.23044 2
0.285998 -2.61837 1.23044 2
0.275522 -2.61949 1.23044 2
0.296469 -2.6172 1.23044 2
0.293852 -2.6175 1.23044 2
0.296469 -2.6172 1.23044 2
0.315258 -2.61902 1.23079 2
0.30478 -2.62026 1.23079 2
0.0602206 -2.64122 1.23114 2
0.0417307 -2.64158 1.23114 2
0.0575793 -2.64128 1.23114 2
0.0390891 -2.64162 1.23114 2
0.313347 -2.62527 1.23131 2
0.0417622 -2.64357 1.23131 2
0.315973 -2.62495 1.23131 2
0.0311876 -2.64372 1.23131 2
0.0604023 -2.64919 1.23183 2
0.049805 -2.64941 1.23183 2
0.335095 -2.6286 1.23183 2
0.335095 -2.6286 1.23183 2
0.0233615 -2.65575 1.23236 2
0.335851 -2.63453 1.23236 2
0.0207057 -2.65577 1.23236 2
0.335851 -2.63453 1.23236 2
0.354816 -2.63607 1.23271 2
0.354816 -2.63607 1.23271 2
0.35218 -2.63642 1.23271 2
0.344269 -2.63747 1.23271 2
0.0234316 -2.66372 1.23305 2
0.0127765 -2.66379 1.23305 2
-0.0138927 -2.66977 1.23358 2
-0.0165625 -2.66975 1.23358 2
0.00480299 -2.67378 1.23393 2
0.00480299 -2.67378 1.23393 2
0.00480299 -2.67378 1.23393 2
0.00480299 -2.67378 1.23393 2
0.365168 -2.65276 1.23427 2
0.375776 -2.65127 1.23427 2
-0.0247183 -2.68563 1.23497 2
-0.0139757 -2.6857 1.23497 2
0.375623 -2.6694 1.23584 2
0.378292 -2.66903 1.23584 2
0.388011 -2.67971 1.23689 2
0.398726 -2.67814 1.23689 2
0.39634 -2.68051 1.23706 2
0.39902 -2.68011 1.23706 2
0.408256 -2.68678 1.23776 2
0.418999 -2.68512 1.23776 2
0.422378 -2.70678 1.23968 2
0.419671 -2.7072 1.23968 2
0.445167 -2.72735 1.24177 2
0.434254 -2.72911 1.24177 2
0.444353 -2.7396 1.24282 2
0.447093 -2.73915 1.24282 2
0.468264 -2.74774 1.24386 2
0.468264 -2.74774 1.24386 2
0.471276 -2.76541 1.24543 2
0.471276 -2.76541 1.24543 2
0.486627 -2.82141 1.25049 2
0.500728 -2.81894 1.25049 2
7.92317 -3.64333 1.76296 6
7.92317 -3.64333 1.76296 6
7.93587 -3.62037 1.76314 6
7.92498 -3.64416 1.76314 6
7.95029 -3.58859 1.76314 6
7.91034 -3.67583 1.76314 6
7.97011 -3.5688 1.76401 6
7.98433 -3.53689 1.76401 6
7.95937 -3.59269 1.76401 6
7.95937 -3.59269 1.76401 6
7.91371 -3.7063 1.76453 6
7.91371 -3.7063 1.76453 6
7.99708 -3.54254 1.76523 6
7.99353 -3.55053 1.76523 6
7.91503 -3.7456 1.7661 6
7.92995 -3.71391 1.7661 6
8.03813 -3.49362 1.7668 6
8.02409 -3.52574 1.7668 6
7.91472 -3.76484 1.7668 6
7.91472 -3.76484 1.7668 6
7.93451 -3.77426 1.76871 6
7.93451 -3.77426 1.76871 6
8.06736 -3.50633 1.76959 6
8.06385 -3.51439 1.76959 6
7.94555 -3.84794 1.77237 6
7.9417 -3.85589 1.77237 6
8.12286 -3.46305 1.77255 6
8.12286 -3.46305 1.77255 6
8.16685 -3.48181 1.77673 6
8.16685 -3.48181 1.77673 6
7.9763 -3.91219 1.77725 6
4.21013 13.2982 2.22035 195
4.19683 13.3024 2.22035 195
4.15928 13.3225 2.22105 195
4.10596 13.339 2.22105 195
4.19983 13.3119 2.22123 195
4.25304 13.295 2.22123 195
4.01478 13.3751 2.22175 195
4.06825 13.3589 2.22175 195
4.12224 13.3445 2.22192 195
4.10889 13.3486 2.22192 195
4.30333 13.3144 2.22419 195
4.31664 13.3101 2.22419 195
4.02337 13.4037 2.22436 195
4.03677 13.3997 2.22436 195
4.36772 13.3311 2.22733 195
4.31436 13.3485 2.22733 195
3.94063 13.4698 2.22785 195
3.99448 13.4539 2.22785 195
4.43023 13.3861 2.2336 195
4.43023 13.3861 2.2336 195
3.96469 13.552 2.23535 195
3.97824 13.5481 2.23535 195
9.44874 12.7275 2.38682 190
9.46147 12.7181 2.38682 190
9.35942 12.7933 2.38682 190
9.41052 12.7558 2.38682 190
9.50913 12.7024 2.38822 190
9.45825 12.7403 2.38822 190
9.37236 12.811 2.38874 190
9.38517 12.8017 2.38874 190
9.56947 12.677 2.38961 190
9.55679 12.6865 2.38961 190
9.57237 12.7072 2.39188 190
9.62312 12.6688 2.39188 190
9.30576 12.9087 2.39223 190
9.37018 12.862 2.39223 190
9.67923 12.6636 2.39449 190
9.67923 12.6636 2.39449 190
9.33139 12.9442 2.39606 190
9.34433 12.9349 2.39606 190
15.3693 -4.38625 2.39833 187
15.3693 -4.38625 2.39833 187
15.3414 -4.51131 2.39902 187
15.3459 -4.49597 2.39902 187
15.3846 -4.39062 2.39972 187
15.3846 -4.39062 2.39972 187
15.3573 -4.49933 2.40007 187
15.3392 -4.56072 2.40007 187
9.71916 12.7159 2.40024 190
9.71916 12.7159 2.40024 190
15.3247 -4.62319 2.40042 187
15.3293 -4.60786 2.40042 187
15.4265 -4.35256 2.40234 187
15.4438 -4.29082 2.40234 187
9.35428 13.0308 2.40338 190
15.3508 -4.68135 2.40408 187
15.3694 -4.61991 2.40408 187
15.5091 -4.30896 2.40826 187
15.5047 -4.32446 2.40826 187
9.90126 12.7416 2.41175 188
15.4223 -4.75379 2.41192 187
15.4176 -4.76921 2.41192 187
15.6465 -4.2294 2.41802 187
15.6252 -4.30758 2.41802 187
13.5473 12.4743 2.61116 183
13.5473 12.4743 2.61116 183
8.25078 17.0104 2.65404 177
8.31875 16.9772 2.65404 177
8.39611 17.0058 2.65927 177
8.39611 17.0058 2.65927 177
9.33001 16.5394 2.66136 177
9.34654 16.53 2.66136 177
8.86703 16.8011 2.66206 177
8.86703 16.8011 2.66206 177
9.23545 16.6038 2.66223 177
9.21884 16.613 2.66223 177
9.29398 16.5916 2.6638 177
9.22754 16.6287 2.6638 177
9.41384 16.5331 2.6645 177
9.34763 16.5706 2.6645 177
8.6642 16.9469 2.6652 177
8.64725 16.9556 2.6652 177
8.62233 16.9906 2.66694 177
8.5543 17.025 2.66694 177
9.03436 16.8317 2.6713 177
9.10161 16.7954 2.6713 177
8.45785 17.1309 2.67147 177
8.52631 17.0969 2.67147 177
8.19693 17.3388 2.67792 177
8.12751 17.3715 2.67792 177
8.61245 17.1407 2.67827 177
8.61245 17.1407 2.67827 177
8.84251 17.1263 2.68629 177
8.75677 17.1703 2.68629 177
9.00652 17.0654 2.68821 177
9.00652 17.0654 2.68821 177
9.187 17.1161 2.69954 177
9.20412 17.1069 2.69954 177
8.50468 17.5338 2.70494 177
8.50468 17.5338 2.70494 177
8.27357 17.6837 2.70808 177
8.27357 17.6837 2.70808 177
10.0338 16.7918 2.71139 177
9.9666 16.8318 2.71139 177
8.24398 17.759 2.71296 177
8.17287 17.7918 2.71296 177
9.75687 16.9772 2.71313 177
9.73989 16.987 2.71313 177
8.43229 17.6991 2.71522 177
8.43229 17.6991 2.71522 177
10.016 16.8767 2.71697 177
8.1945 17.8389 2.71749 177
8.1945 17.8389 2.71749 177
8.44514 17.726 2.71784 177
8.44514 17.726 2.71784 177
9.40968 17.2402 2.71836 177
9.47857 17.2025 2.71836 177
9.46517 17.3007 2.72534 177
9.44786 17.3102 2.72534 177
9.93179 17.0441 2.72586 177
8.13822 18.0484 2.73213 177
8.21035 18.0157 2.73213 177
7.97655 18.1727 2.73632 177
7.9038 18.2044 2.73632 177
8.15869 18.0938 2.73649 177
8.15869 18.0938 2.73649 177
10.3031 16.9715 2.73701 177
8.05807 18.1607 2.73823 177
8.0399 18.1687 2.73823 177
8.04232 18.1742 2.73876 177
8.11495 18.1419 2.73876 177
10.2635 17.0211 2.73893 177
10.2465 17.0314 2.73893 177
7.93949 18.2367 2.74015 177
7.92125 18.2446 2.74015 177
19.4173 -4.97874 2.75375 343
19.4223 -4.95932 2.75375 343
9.31077 17.9451 2.76874 177
9.32871 17.9358 2.76874 177
7.93699 18.6369 2.77222 177
7.93699 18.6369 2.77222 177
7.96197 18.6956 2.7778 177
7.96197 18.6956 2.7778 177
9.375 18.0689 2.78094 177
9.46523 18.0218 2.78094 177
7.98569 18.9084 2.79576 177
7.90999 18.9402 2.79576 177
7.77797 18.997 2.79593 177
7.8539 18.9657 2.79593 177
7.94047 18.9599 2.79837 177
7.92151 18.9678 2.79837 177
16.966 11.9131 2.81371 176
16.9541 11.9301 2.81371 176
16.9573 11.9324 2.81406 176
17.0168 11.8474 2.81406 176
16.8919 12.0385 2.81476 176
16.9399 11.9709 2.81476 176
17.0568 11.8247 2.8158 176
17.0686 11.8077 2.8158 176
16.9065 12.0489 2.81633 176
16.9065 12.0489 2.81633 176
16.8702 12.202 2.82156 176
16.8702 12.202 2.82156 176
17.1647 11.7982 2.82225 176
17.1174 11.8667 2.82225 176
10.5113 18.1636 2.83602 564
17.3465 11.8466 2.83777 176
17.3583 11.8293 2.83777 176
17.0849 12.3573 2.84474 176
17.0849 12.3573 2.84474 176
13.0198 16.6514 2.84927 349
12.9531 16.7033 2.84927 349
13.7639 16.2878 2.86566 349
13.8289 16.2326 2.86566 349
13.6585 16.3944 2.86688 349
13.6585 16.3944 2.86688 349
17.6887 12.0803 2.87402 176
17.7489 11.9917 2.87402 176
17.7914 11.9429 2.87472 176
17.7794 11.9607 2.87472 176
13.7222 16.471 2.87559 349
13.7222 16.471 2.87559 349
17.847 11.9027 2.87681 176
13.9878 16.3196 2.88047 349
13.9878 16.3196 2.88047 349
18.8698 -10.3331 2.88222 150
18.8802 -10.3143 2.88222 150
13.73 16.5811 2.88344 349
13.6635 16.6359 2.88344 349
18.8562 -10.3993 2.88396 150
18.8976 -10.3238 2.88396 150
18.9565 -10.2823 2.88675 150
18.9975 -10.2064 2.88675 150
18.8685 -10.48 2.88832 150
18.858 -10.4989 2.88832 150
18.8542 -10.571 2.89111 150
18.8963 -10.4955 2.89111 150
18.8326 -10.6581 2.8932 150
18.8432 -10.6393 2.8932 150
13.9697 16.5312 2.89355 349
13.9697 16.5312 2.89355 349
18.8247 -10.7284 2.89564 150
18.8675 -10.653 2.89564 150
18.8236 -10.8027 2.89878 150
18.8128 -10.8215 2.89878 150
13.7862 16.7852 2.90034 349
13.7862 16.7852 2.90034 349
18.813 -10.8968 2.90209 150
18.8564 -10.8215 2.90209 150
19.1592 -10.318 2.90383 150
19.1695 -10.2988 2.90383 150
18.8095 -10.9703 2.90505 150
18.8095 -10.9703 2.90505 150
14.2575 16.5002 2.90784 349
14.1914 16.5571 2.90784 349
18.8421 -10.9894 2.90836 150
18.8421 -10.9894 2.90836 150
13.5168 17.1452 2.91011 349
13.4997 17.1587 2.91011 349
18.7853 -11.1332 2.91045 150
18.7853 -11.1332 2.91045 150
18.8196 -11.1535 2.91394 150
18.7748 -11.2287 2.91394 150
18.7735 -11.3045 2.91725 150
18.7735 -11.3045 2.91725 150
19.4032 -10.25 2.91987 150
19.4032 -10.25 2.91987 150
18.8076 -11.3251 2.92074 150
18.7622 -11.4002 2.92074 150
18.7432 -11.4658 2.92231 150
18.7432 -11.4658 2.92231 150
13.7263 17.1977 2.9251 349
13.7435 17.184 2.9251 349
13.9159 17.0472 2.92527 349
13.8476 17.1028 2.92527 349
13.8325 17.1892 2.93033 349
13.7636 17.2444 2.93033 349
13.7254 17.3028 2.93224 349
13.6561 17.3576 2.93224 349
13.9254 17.1988 2.93608 349
13.9254 17.1988 2.93608 349
19.5688 -10.3374 2.93625 150
19.5688 -10.3374 2.93625 150
13.5978 17.5346 2.94131 349
14.852 16.6089 2.94933 349
14.8354 16.6238 2.94933 349
14.7344 16.7452 2.95142 349
14.7512 16.7304 2.95142 349
19.814 -10.2902 2.95333 150
19.7623 -10.3891 2.95333 150
15.2973 16.5325 2.97059 355
19.9875 -10.4057 2.97146 150
19.9979 -10.3857 2.97146 150
15.2827 16.6164 2.97512 355
15.266 16.6317 2.97512 355
14.8036 17.0631 2.97634 349
14.8887 16.9889 2.97634 349
20.2096 -10.4188 2.98924 150
20.2511 -10.3379 2.98924 150
15.3284 16.9361 2.99848 355
15.3284 16.9361 2.99848 355
15.3185 16.9933 3.00162 355
20.4181 -10.4489 3.00667 150
20.4285 -10.4285 3.00667 150
15.1833 17.2552 3.01086 355
15.2693 17.1791 3.01086 355
20.6791 -10.3745 3.02411 150
20.627 -10.4778 3.02411 150
15.2049 17.4904 3.02759 355
15.1874 17.5056 3.02759 355
20.861 -10.4919 3.04293 150
20.8715 -10.471 3.04293 150
21.0991 -10.5325 3.06315 150
21.1515 -10.4269 3.06315 150
21.366 -10.5326 3.08407 150
21.3554 -10.5539 3.08407 150
21.6042 -10.4627 3.1001 150
18.8588 -16.1442 3.17192 128
18.8426 -16.1631 3.17192 128
18.8212 -16.2429 3.17506 128
18.886 -16.1675 3.17506 128
19.0459 -16.0748 3.18046 128
18.9815 -16.1508 3.18046 128
18.8205 -16.3411 3.18064 128
18.8042 -16.3599 3.18064 128
18.8687 -16.3829 3.18621 128
18.803 -16.4583 3.18621 128
18.7924 -16.5488 3.19075 128
18.7759 -16.5676 3.19075 128
19.1525 -16.1647 3.19266 128
19.1363 -16.1839 3.19266 128
18.8313 -16.5831 3.19528 128
18.7648 -16.6583 3.19528 128
18.7426 -16.7731 3.20051 128
18.7593 -16.7543 3.20051 128
18.8069 -16.7968 3.20609 128
18.7395 -16.8719 3.20609 128
19.4 -16.1424 3.208 128
19.4 -16.1424 3.208 128
18.7597 -16.9922 3.21445 128
18.7597 -16.9922 3.21445 128
18.7863 -17.0163 3.21759 128
18.7863 -17.0163 3.21759 128
18.5622 17.3336 3.22195 359
18.5622 17.3336 3.22195 359
18.7108 -17.1878 3.22282 128
18.6936 -17.2065 3.22282 128
19.3907 16.4384 3.22404 359
19.4071 16.419 3.22404 359
18.7636 -17.2363 3.2291 128
18.6945 -17.3112 3.2291 128
18.9903 17.0011 3.22997 359
18.9903 17.0011 3.22997 359
19.3296 16.6205 3.23032 359
19.3296 16.6205 3.23032 359
18.692 -17.4134 3.23502 128
18.692 -17.4134 3.23502 128
19.0527 17.0569 3.23729 359
19.1208 16.9806 3.23729 359
18.7474 -17.465 3.24165 128
18.6774 -17.5399 3.24165 128
19.2104 16.9574 3.24182 359
19.1935 16.9766 3.24182 359
19.4383 16.7141 3.24287 359
19.4383 16.7141 3.24287 359
18.6653 -17.6341 3.24653 128
18.6653 -17.6341 3.24653 128
19.3231 16.9198 3.24705 359
19.2382 17.0162 3.24705 359
19.6683 16.539 3.24827 359
19.602 16.6175 3.24827 359
19.73 16.4901 3.24966 359
19.7465 16.4704 3.24966 359
18.6407 -17.7526 3.2521 128
18.7116 -17.6779 3.2521 128
19.8004 16.5489 3.25768 359
19.8664 16.4696 3.25768 359
18.6334 -17.8526 3.25768 128
18.6334 -17.8526 3.25768 128
19.4515 16.9636 3.25803 359
19.5192 16.8857 3.25803 359
20.1245 16.2136 3.26099 359
19.504 17.0095 3.26413 359
19.521 16.99 3.26413 359
18.6163 -17.9796 3.26431 128
18.6881 -17.905 3.26431 128
19.9983 16.4444 3.26518 359
19.9818 16.4644 3.26518 359
20.1222 16.3115 3.26622 359
20.1059 16.3316 3.26622 359
20.063 16.3969 3.26692 359
19.9972 16.477 3.26692 359
18.6195 -18.0909 3.27128 128
18.6195 -18.0909 3.27128 128
18.6709 -18.1409 3.27755 128
18.5982 -18.2154 3.27755 128
18.5917 -18.3187 3.28348 128
18.5917 -18.3187 3.28348 128
18.64 -18.3662 3.28941 128
18.64 -18.3662 3.28941 128
18.5673 -18.5526 3.29638 128
18.5673 -18.5526 3.29638 128
18.5463 -18.6804 3.303 128
18.6209 -18.6061 3.303 128
18.535 -18.7813 3.30858 128
18.535 -18.7813 3.30858 128
18.5099 -18.9066 3.31486 128
18.5854 -18.8324 3.31486 128
18.5235 -18.9963 3.32131 128
18.5045 -19.0149 3.32131 128
18.4906 -19.1532 3.32915 128
18.5861 -19.0605 3.32915 128
18.513 -19.2534 3.33682 128
18.4937 -19.2719 3.33682 128
18.4604 -19.3919 3.3424 128
18.5572 -19.2993 3.3424 128
18.4737 -19.4837 3.34902 128
18.4542 -19.5022 3.34902 128
18.5244 -19.5372 3.35547 128
18.4265 -19.6296 3.35547 128
19.8844 18.163 3.35617 359
19.8116 18.2424 3.35617 359
0.17808 26.9365 3.35669 378
0.205017 26.9363 3.35669 378
-0.0104834 26.951 3.35791 378
0.0164676 26.951 3.35791 378
0.097335 26.9549 3.35826 378
-0.010485 26.955 3.35826 378
20.0008 18.1595 3.36349 359
20.0008 18.1595 3.36349 359
18.4539 -19.7377 3.36401 128
18.4539 -19.7377 3.36401 128
24.6385 11.1565 3.36628 382
24.6497 11.1318 3.36628 382
24.6975 11.0644 3.36767 382
24.653 11.1631 3.36767 382
24.5761 11.3362 3.36785 382
24.6212 11.2378 3.36785 382
18.5056 -19.793 3.37064 128
18.5056 -19.793 3.37064 128
24.767 11.0064 3.37116 382
24.767 11.0064 3.37116 382
24.6327 11.3324 3.37221 382
24.6213 11.357 3.37221 382
20.1158 18.264 3.37709 866
20.1887 18.1834 3.37709 866
18.4193 -19.9792 3.37743 128
18.3993 -19.9976 3.37743 128
24.858 11.0468 3.37987 382
24.858 11.0468 3.37987 382
24.6602 11.585 3.38371 382
24.7064 11.4863 3.38371 382
3.22504 27.0624 3.38441 386
3.22504 27.0624 3.38441 386
3.41464 27.0411 3.38458 386
3.52278 27.0273 3.38458 386
2.76494 27.1173 3.38476 386
2.65645 27.1281 3.38476 386
2.62932 27.1308 3.38476 386
2.62932 27.1308 3.38476 386
3.22575 27.0683 3.38493 386
3.33399 27.0552 3.38493 386
2.84648 27.1108 3.38493 386
2.84648 27.1108 3.38493 386
2.27674 27.1666 3.3851 386
18.4787 -20.0436 3.3851 128
3.57761 27.0261 3.3851 386
18.3984 -20.1174 3.3851 128
3.57761 27.0261 3.3851 386
2.27674 27.1666 3.3851 386
3.60464 27.0225 3.3851 386
3.7127 27.0079 3.3851 386
3.03641 27.0922 3.3851 386
3.03641 27.0922 3.3851 386
3.95562 26.9734 3.3851 386
2.95512 27.1012 3.3851 386
4.06348 26.9573 3.3851 386
2.84669 27.1128 3.3851 386
3.03685 27.0962 3.38545 386
3.76726 27.0043 3.38545 386
3.03685 27.0962 3.38545 386
3.79426 27.0006 3.38545 386
2.46721 27.154 3.38545 386
2.5758 27.1439 3.38545 386
3.76753 27.0063 3.38563 386
3.87553 26.991 3.38563 386
3.41614 27.053 3.38563 386
3.41614 27.053 3.38563 386
2.19587 27.1813 3.3858 386
2.38608 27.1652 3.3858 386
2.2774 27.1746 3.3858 386
4.14554 26.9529 3.3858 386
4.14554 26.9529 3.3858 386
2.05994 27.1919 3.3858 386
2.46793 27.1619 3.38615 386
2.46793 27.1619 3.38615 386
3.98491 26.9852 3.3865 386
3.95793 26.9891 3.3865 386
2.08804 27.2018 3.38685 386
2.06084 27.2038 3.38685 386
1.89758 27.2157 3.38685 386
1.89758 27.2157 3.38685 386
4.14766 26.9667 3.38702 386
4.14766 26.9667 3.38702 386
4.52511 26.9079 3.3872 386
4.55201 26.9034 3.3872 386
4.63304 26.8916 3.38737 386
4.52544 26.9099 3.38737 386
1.89813 27.2237 3.38754 386
1.89813 27.2237 3.38754 386
1.70752 27.2363 3.38754 386
1.81645 27.2292 3.38754 386
4.44534 26.9273 3.38772 386
4.33759 26.9448 3.38772 386
1.73501 27.2385 3.38789 386
1.70777 27.2403 3.38789 386
4.36517 26.9444 3.38807 386
4.33823 26.9488 3.38807 386
1.24501 27.2773 3.38894 386
1.32684 27.2734 3.38894 386
1.13589 27.2821 3.38894 386
1.62676 27.2572 3.38894 386
1.35411 27.2721 3.38894 386
1.51772 27.2635 3.38894 386
4.93216 26.8586 3.38911 386
4.9053 26.8635 3.38911 386
4.74472 26.8964 3.38946 386
4.71782 26.9011 3.38946 386
1.43634 27.2759 3.38964 386
1.51816 27.2714 3.38964 386
1.54543 27.2699 3.38964 386
1.32722 27.2814 3.38964 386
5.12154 26.8312 3.38981 386
4.90673 26.8713 3.38981 386
5.01418 26.8515 3.38981 386
5.09471 26.8363 3.38981 386
4.7192 26.909 3.39016 386
4.8268 26.8899 3.39016 386
1.16394 27.2988 3.39051 386
1.13664 27.3 3.39051 386
5.20581 26.8353 3.39155 386
5.09842 26.8559 3.39155 386
0.973384 27.3222 3.3919 386
0.946061 27.3232 3.3919 386
0.946061 27.3232 3.3919 386
1.05535 27.3192 3.3919 386
18.3969 -20.2374 3.39277 128
18.3767 -20.2557 3.39277 128
5.28937 26.8352 3.39295 386
5.50388 26.792 3.39295 386
5.28937 26.8352 3.39295 386
5.47709 26.7975 3.39295 386
0.755162 27.3431 3.39312 386
0.755162 27.3431 3.39312 386
0.755162 27.3431 3.39312 386
0.755162 27.3431 3.39312 386
5.47788 26.8014 3.3933 386
5.58505 26.7793 3.3933 386
5.29014 26.8391 3.3933 386
5.29014 26.8391 3.3933 386
0.564072 27.3636 3.39452 386
0.673522 27.3612 3.39452 386
5.6699 26.7839 3.39521 386
5.6699 26.7839 3.39521 386
0.591694 27.375 3.39556 386
0.564319 27.3756 3.39556 386
0.48226 27.3811 3.39591 386
0.372732 27.3829 3.39591 386
5.67196 26.7936 3.39609 386
5.77909 26.7707 3.39609 386
0.372813 27.3888 3.39643 386
0.400202 27.3884 3.39643 386
5.86108 26.761 3.39678 397
5.86108 26.761 3.39678 397
5.96895 26.7413 3.39713 397
5.86193 26.7649 3.39713 397
6.05134 26.733 3.398 397
6.05134 26.733 3.398 397
6.1627 26.728 3.39975 397
6.05574 26.7524 3.39975 397
18.4559 -20.3022 3.40044 128
18.3745 -20.3759 3.40044 128
8.98777 25.9339 3.40131 399
8.98777 25.9339 3.40131 399
6.24739 26.7287 3.40149 397
6.43434 26.6844 3.40149 397
6.43434 26.6844 3.40149 397
6.24739 26.7287 3.40149 397
6.2483 26.7326 3.40184 397
6.35518 26.7074 3.40184 397
8.99298 25.9489 3.40271 399
9.09671 25.9128 3.40271 399
6.43901 26.7037 3.40323 397
6.43901 26.7037 3.40323 397
9.17973 25.9004 3.4041 399
9.17973 25.9004 3.4041 399
6.6301 26.6754 3.4048 397
6.60342 26.682 3.4048 397
6.71399 26.6709 3.4062 397
6.60725 26.6975 3.4062 397
9.29201 25.8878 3.40637 399
9.18838 25.9248 3.40637 399
8.82455 26.0509 3.40637 399
8.92868 26.0154 3.40637 399
6.79496 26.6544 3.40654 397
6.90152 26.6271 3.40654 397
6.82259 26.6515 3.40689 397
6.79594 26.6583 3.40689 397
18.3665 -20.4903 3.40742 128
18.346 -20.5086 3.40742 128
7.01203 26.6147 3.40794 397
6.98541 26.6216 3.40794 397
6.99148 26.6448 3.41003 397
7.098 26.6166 3.41003 397
7.21171 26.6149 3.41247 397
7.18509 26.6221 3.41247 397
7.2931 26.5989 3.41299 397
7.18665 26.6279 3.41299 397
7.40104 26.5753 3.41352 397
7.37446 26.5827 3.41352 397
18.425 -20.5555 3.41509 128
18.3426 -20.6291 3.41509 128
7.37979 26.6019 3.41526 397
7.48614 26.5722 3.41526 397
7.57019 26.5649 3.41665 397
7.57019 26.5649 3.41665 397
7.57674 26.5879 3.41875 397
7.57674 26.5879 3.41875 397
18.3167 -20.7665 3.42258 128
18.3374 -20.7482 3.42258 128
18.3941 -20.8124 3.43008 128
18.3107 -20.8858 3.43008 128
8.75153 26.443 3.43687 399
8.75153 26.443 3.43687 399
18.3095 -21.0112 3.43827 128
18.2885 -21.0295 3.43827 128
8.94408 26.4038 3.43897 399
8.94408 26.4038 3.43897 399
18.3737 -21.0849 3.44681 128
18.2892 -21.1582 3.44681 128
9.53524 26.3169 3.4489 399
9.53524 26.3169 3.4489 399
9.65552 26.3197 3.45274 399
9.55017 26.3581 3.45274 399
9.73997 26.3056 3.45413 399
9.73997 26.3056 3.45413 399
18.2828 -21.2794 3.45448 128
18.2828 -21.2794 3.45448 128
9.74966 26.3317 3.45657 399
9.85491 26.2925 3.45657 399
9.91732 26.2989 3.45901 399
9.91732 26.2989 3.45901 399
9.92856 26.3287 3.4618 399
9.92856 26.3287 3.4618 399
18.3425 -21.349 3.4625 128
18.3425 -21.349 3.4625 128
10.1489 26.2744 3.46424 399
10.1226 26.2846 3.46424 399
10.3108 26.2242 3.46529 399
10.337 26.2139 3.46529 399
10.4506 26.1945 3.46738 399
10.3195 26.2464 3.46738 399
10.1384 26.3255 3.46808 399
10.2699 26.2745 3.46808 399
10.5366 26.1815 3.46912 399
10.5104 26.1921 3.46912 399
18.257 -21.5528 3.47121 128
18.257 -21.5528 3.47121 128
10.5208 26.2179 3.47156 399
10.6256 26.1757 3.47156 399
18.2398 -21.7081 3.48063 128
18.3265 -21.6349 3.48063 128
18.2615 -21.8667 3.49248 128
18.2615 -21.8667 3.49248 128
18.3304 -21.9493 3.50189 128
18.2425 -22.0224 3.50189 128
26.3984 -11.0368 3.50329 570
26.354 -11.1423 3.50329 570
18.2511 -22.1678 3.51218 128
18.2511 -22.1678 3.51218 128
18.3194 -22.2508 3.52159 128
18.2303 -22.3239 3.52159 128
26.595 -11.1503 3.52298 571
26.6061 -11.1237 3.52298 571
18.2698 -22.4639 3.53327 128
18.2474 -22.4822 3.53327 128
14.4126 25.1365 3.53501 867
14.6003 25.0557 3.5371 867
14.6003 25.0557 3.5371 867
14.6364 25.1177 3.54338 867
18.231 -22.6466 3.54355 128
18.344 -22.5551 3.54355 128
14.8403 25.0626 3.54826 868
26.9523 -11.1735 3.55262 574
26.9967 -11.0656 3.55262 574
18.2377 -22.7945 3.55401 128
18.2377 -22.7945 3.55401 128
27.0407 11.1211 3.55802 869
27.0407 11.1211 3.55802 869
15.2603 24.968 3.56011 870
15.2853 24.9527 3.56011 870
26.9953 11.324 3.56116 871
27.0404 11.2159 3.56116 871
15.3852 24.9474 3.5643 872
15.2853 25.0088 3.5643 872
27.0375 11.3417 3.56517 873
27.0375 11.3417 3.56517 873
18.3435 -22.9267 3.56883 128
18.2516 -22.9999 3.56883 128
15.4915 24.952 3.56953 411
15.4915 24.952 3.56953 411
27.0143 11.555 3.57057 869
27.0603 11.4468 3.57057 869
15.6208 24.9371 3.57441 411
15.5209 24.9994 3.57441 411
27.0692 11.5785 3.5758 871
27.0692 11.5785 3.5758 871
15.1797 25.2313 3.57615 411
15.7104 24.9137 3.57685 411
15.7104 24.9137 3.57685 411
15.8292 24.8809 3.57998 411
15.7295 24.944 3.57998 411
27.0214 11.8146 3.58016 871
27.0801 11.6794 3.58016 871
18.2627 -23.1563 3.58016 128
18.2627 -23.1563 3.58016 128
27.3192 -11.2297 3.58417 575
27.3304 -11.2024 3.58417 575
27.0652 11.8338 3.58434 877
27.077 11.8067 3.58434 877
15.9317 24.8769 3.58452 411
15.9317 24.8769 3.58452 411
15.9725 24.9407 3.59114 411
15.9725 24.9407 3.59114 411
18.3787 -23.3033 3.59654 128
18.3787 -23.3033 3.59654 128
16.1815 24.8817 3.59672 411
16.1815 24.8817 3.59672 411
16.3093 24.8601 3.60125 411
16.2097 24.9251 3.60125 411
16.397 24.831 3.60334 411
16.397 24.831 3.60334 411
16.5271 24.8117 3.60822 411
16.4277 24.8776 3.60822 411
18.3227 -23.5698 3.61188 128
18.3463 -23.5515 3.61188 128
16.6099 24.8282 3.61345 411
16.6347 24.8116 3.61345 411
27.698 -11.2561 3.61572 577
27.7428 -11.1452 3.61572 577
16.7629 24.7878 3.61798 411
16.6387 24.8713 3.61798 411
16.8708 24.7868 3.62321 411
16.846 24.8037 3.62321 411
16.9968 24.7585 3.6274 411
16.8728 24.8432 3.6274 411
18.3415 -23.7897 3.62809 128
18.4602 -23.6977 3.62809 128
17.0848 24.7803 3.63332 411
17.1096 24.7632 3.63332 411
17.1187 24.8295 3.63855 411
17.2179 24.7608 3.63855 411
17.3218 24.7515 3.64309 411
17.3218 24.7515 3.64309 411
18.3875 -23.998 3.645 128
18.4115 -23.9796 3.645 128
17.3492 24.7907 3.64727 411
17.3492 24.7907 3.64727 411
28.0772 -11.3122 3.64831 578
28.0885 -11.2841 3.64831 578
17.5546 24.7141 3.65215 411
17.5793 24.6965 3.65215 411
17.6285 24.818 3.66331 411
18.447 -24.2258 3.664 128
18.5438 -24.1518 3.664 128
28.5302 -11.2302 3.68248 418
28.485 -11.3443 3.68248 418
18.4893 -24.4839 3.68422 128
18.5137 -24.4653 3.68422 128
18.5784 -24.7559 3.70793 128
18.6772 -24.6814 3.70793 128
28.8785 -11.4007 3.7163 418
28.8898 -11.3718 3.7163 418
18.6684 -25.032 3.73198 128
18.6434 -25.0506 3.73198 128
29.3554 -11.3184 3.75255 419
29.3099 -11.4357 3.75255 419
18.8637 -25.2939 3.76057 420
18.7624 -25.3691 3.76057 420
29.7235 -11.4603 3.78707 422
29.712 -11.49 3.78707 422
18.9104 -25.7304 3.79369 420
18.8847 -25.7492 3.79369 420
30.1944 -11.3998 3.82367 428
30.1944 -11.3998 3.82367 428
25.9028 -19.4068 3.83169 583
19.0702 -26.1665 3.83274 427
19.1747 -26.09 3.83274 427
21.6196 24.2258 3.84075 878
21.8234 24.1123 3.84529 878
21.8234 24.1123 3.84529 878
25.2959 20.5474 3.85121 430
25.464 20.3897 3.854 430
25.464 20.3897 3.854 430
30.5709 -11.5419 3.85888 431
30.5709 -11.5419 3.85888 431
22.1021 24.0793 3.85958 879
25.6109 20.3398 3.86132 430
25.5293 20.442 3.86132 430
22.3407 23.9999 3.86864 880
22.3647 23.9775 3.86864 880
25.8125 20.3739 3.87701 432
25.8125 20.3739 3.87701 432
22.5424 23.9749 3.8791 881
22.4222 24.0874 3.8791 881
22.6333 23.9275 3.88154 881
22.6094 23.9501 3.88154 881
25.8938 20.4381 3.88608 432
25.8938 20.4381 3.88608 432
22.7921 23.9031 3.88956 882
22.6723 24.0167 3.88956 882
19.3843 -26.7657 3.8913 433
19.3843 -26.7657 3.8913 433
26.1195 20.2792 3.89305 432
26.0992 20.3053 3.89305 432
22.9079 23.8806 3.89514 883
22.884 23.9035 3.89514 883
25.7567 -20.8711 3.90037 884
25.7567 -20.8711 3.90037 884
26.2874 20.2835 3.9049 432
26.2061 20.3885 3.9049 432
23.0597 23.8949 3.90525 885
22.9639 23.987 3.90525 885
23.2328 23.8825 3.91501 885
23.209 23.9057 3.91501 885
26.4823 20.2654 3.91745 432
26.462 20.2919 3.91745 432
28.395 -17.5266 3.91937 589
28.4649 -17.4129 3.91937 589
31.2506 -11.7271 3.92024 435
23.349 23.8582 3.92059 886
23.2534 23.9514 3.92059 886
28.383 -17.6369 3.92355 592
28.383 -17.6369 3.92355 592
26.5411 20.3525 3.92617 432
26.6223 20.2461 3.92617 432
23.4848 23.8534 3.92861 887
23.4848 23.8534 3.92861 887
28.4354 -17.6695 3.92896 592
28.3645 -17.7831 3.92896 592
32.943 -6.2673 3.93384 437
32.9177 -6.39902 3.93384 437
28.3599 -17.899 3.93401 594
28.3599 -17.899 3.93401 594
32.9548 -6.26954 3.93488 437
32.9485 -6.30249 3.93488 437
32.9296 -6.50393 3.93663 437
32.9296 -6.50393 3.93663 437
23.5602 23.9301 3.93802 888
23.5602 23.9301 3.93802 888
28.3284 -18.0379 3.93819 594
28.4003 -17.9245 3.93819 594
26.7973 20.2527 3.93872 442
26.7973 20.2527 3.93872 442
33.0998 -6.05735 3.94395 441
33.0753 -6.1897 3.94395 441
28.3295 -18.1583 3.94395 596
28.3295 -18.1583 3.94395 596
23.8214 23.8112 3.94674 889
23.7976 23.835 3.94674 889
28.3748 -18.1874 3.94865 596
28.3748 -18.1874 3.94865 596
33.0782 -6.53327 3.94987 437
23.9408 23.7874 3.95266 890
23.8454 23.883 3.95266 890
28.3002 -18.4203 3.95423 598
28.3186 -18.392 3.95423 598
24.6811 23.0475 3.95441 891
24.6811 23.0475 3.95441 891
27.127 20.205 3.95929 442
27.1472 20.1779 3.95929 442
24.0772 23.7799 3.96068 892
24.101 23.7558 3.96068 892
28.3082 -18.5466 3.96086 598
28.3821 -18.4332 3.96086 598
24.6031 23.2992 3.96452 449
24.6961 23.2006 3.96452 449
28.2753 -18.6872 3.96521 601
28.294 -18.6589 3.96521 601
28.3273 -18.6808 3.9687 601
28.2523 -18.794 3.9687 601
24.2405 23.7503 3.96905 449
24.1453 23.8471 3.96905 449
29.5251 16.7557 3.97009 893
29.6085 16.6079 3.97009 893
28.2298 -18.9424 3.97428 602
28.2488 -18.9141 3.97428 602
29.5806 16.7872 3.97567 894
29.5974 16.7576 3.97567 894
24.4181 23.7337 3.97916 449
24.3944 23.7581 3.97916 449
24.7362 23.4252 3.98055 449
24.7596 23.4005 3.98055 449
28.2373 -19.0705 3.98108 602
28.3133 -18.9574 3.98108 602
29.5588 17.0101 3.98369 895
29.6266 16.8917 3.98369 895
29.8114 16.6043 3.98543 895
29.7948 16.6341 3.98543 895
28.2294 -19.1887 3.9863 602
28.2102 -19.2169 3.9863 602
24.5637 23.7323 3.98822 449
24.4686 23.8304 3.98822 449
24.7379 23.5681 3.98927 449
24.6434 23.6668 3.98927 449
29.6278 17.0499 3.99066 896
29.6278 17.0499 3.99066 896
28.1968 -19.3319 3.99101 602
28.2739 -19.2189 3.99101 602
27.5687 20.278 3.99415 442
27.589 20.2504 3.99415 442
24.698 23.7193 3.99589 449
24.698 23.7193 3.99589 449
28.1911 -19.4526 3.99659 602
28.1717 -19.4808 3.99659 602
29.58 17.2991 3.99798 897
29.649 17.1806 3.99798 897
29.9235 16.706 3.99833 897
30.0067 16.5562 3.99833 897
28.2305 -19.4797 4.00077 602
28.1523 -19.5925 4.00077 602
28.1391 -19.7089 4.00565 602
28.1391 -19.7089 4.00565 602
29.6557 17.3433 4.00565 898
29.6557 17.3433 4.00565 898
29.6295 17.6075 4.01541 898
30.2109 16.5901 4.01541 899
29.6997 17.4888 4.01541 900
30.2109 16.5901 4.01541 901
28.2338 -19.7752 4.01576 902
28.2338 -19.7752 4.01576 902
29.2288 18.3325 4.01855 451
29.1736 18.4201 4.01855 451
29.1552 18.4493 4.01855 451
29.1552 18.4493 4.01855 451
28.1369 -20.0023 4.0203 903
28.1169 -20.0305 4.0203 903
29.6911 17.6441 4.02169 904
29.6911 17.6441 4.02169 904
29.1501 18.5688 4.02378 451
29.0756 18.6852 4.02378 451
28.0923 -20.1403 4.02413 905
28.1726 -20.0277 4.02413 905
29.6453 17.8989 4.02971 451
29.6453 17.8989 4.02971 451
28.0728 -20.2968 4.03075 906
28.0931 -20.2687 4.03075 906
30.3681 16.6764 4.0311 907
30.3681 16.6764 4.0311 907
29.1494 18.7326 4.03145 451
29.1681 18.7035 4.03145 451
29.4257 18.3332 4.03319 451
29.4257 18.3332 4.03319 451
28.1561 -20.3142 4.03755 908
28.0747 -20.4267 4.03755 908
29.7238 17.9463 4.03773 451
29.7238 17.9463 4.03773 451
29.5564 18.251 4.03912 451
29.4832 18.3691 4.03912 451
32.6373 -11.9876 4.04191 454
32.685 -11.8569 4.04191 454
29.2068 18.8936 4.0433 451
29.131 19.0103 4.0433 451
28.0489 -20.5801 4.04365 909
28.0695 -20.552 4.04365 909
30.6548 16.5161 4.04644 910
29.6824 18.206 4.04644 451
29.755 18.0871 4.04644 451
30.6383 16.5467 4.04644 911
29.2468 19.0442 4.05341 451
29.2278 19.0734 4.05341 451
28.0273 -20.824 4.05481 912
28.0065 -20.852 4.05481 912
29.7673 18.2581 4.05516 451
28.1756 -20.6297 4.05516 913
29.7673 18.2581 4.05516 451
28.0929 -20.7422 4.05516 914
30.7856 16.6263 4.06108 915
30.8518 16.503 4.06108 915
29.1733 19.3304 4.06178 451
29.1733 19.3304 4.06178 451
28.1201 -20.893 4.06492 916
29.243 19.3766 4.0691 451
29.243 19.3766 4.0691 451
28.0145 -21.1205 4.06945 917
27.9934 -21.1485 4.06945 917
34.6429 -5.76852 4.07259 918
31.0584 16.4541 4.07503 919
31.042 16.4851 4.07503 919
27.9901 -21.2782 4.07607 920
28.075 -21.166 4.07607 920
33.0746 -11.9983 4.07817 462
33.0746 -11.9983 4.07817 462
27.9767 -21.4008 4.08165 921
27.9767 -21.4008 4.08165 921
29.2356 19.6675 4.0827 464
34.7845 -5.86362 4.08618 922
34.7786 -5.89841 4.08618 922
28.0369 -21.4468 4.08828 923
28.0369 -21.4468 4.08828 923
34.804 -6.01017 4.09002 924
34.8277 -5.87091 4.09002 924
31.2699 16.4462 4.09107 925
31.2039 16.5711 4.09107 925
34.811 -6.15489 4.09281 926
34.8172 -6.12008 4.09281 926
34.914 -6.28117 4.10362 926
31.4639 16.4279 4.10536 927
31.4803 16.3964 4.10536 927
34.9513 -6.43231 4.10919 928
33.6122 -11.9277 4.12035 466
33.5642 -12.062 4.12035 466
31.75 16.5773 4.1336 929
31.8161 16.4501 4.1336 929
35.0272 -7.57572 4.13534 930
8.55484 -34.838 4.13848 126
8.69413 -34.8035 4.13848 126
31.9348 16.35 4.13883 931
31.9185 16.3819 4.13883 931
8.66028 -34.816 4.13883 126
8.69509 -34.8073 4.13883 126
8.95144 -34.7958 4.14336 126
8.95144 -34.7958 4.14336 126
8.95839 -34.8228 4.1458 126
8.95839 -34.8228 4.1458 126
9.08089 -34.8652 4.15207 126
9.22028 -34.8286 4.15207 126
9.23252 -34.8748 4.15626 126
9.19764 -34.884 4.15626 126
32.1933 16.3606 4.1594 932
32.1276 16.4893 4.1594 932
9.49107 -34.8632 4.16114 126
9.35154 -34.9008 4.16114 126
34.0891 -12.0969 4.16463 467
34.0891 -12.0969 4.16463 467
9.50363 -34.9093 4.16532 126
9.46871 -34.9188 4.16532 126
8.52445 -35.1694 4.16602 126
8.48927 -35.1779 4.16602 126
32.3475 16.2765 4.16811 934
32.3312 16.3088 4.16811 934
9.61889 -34.919 4.16881 126
9.75849 -34.8803 4.16881 126
9.73324 -34.9246 4.17195 126
9.76816 -34.9148 4.17195 126
10.0277 -34.8992 4.17683 126
9.88805 -34.939 4.17683 126
10.0071 -34.959 4.18136 126
10.042 -34.949 4.18136 126
10.1646 -34.9799 4.18694 126
10.3045 -34.939 4.18694 126
10.3191 -34.9887 4.19147 126
10.2841 -34.999 4.19147 126
32.6457 16.304 4.19251 935
32.5803 16.4345 4.19251 935
10.5788 -34.9652 4.196 126
10.5788 -34.9652 4.196 126
10.5926 -35.0109 4.20018 126
10.5926 -35.0109 4.20018 126
8.48894 -35.6451 4.20576 936
8.63145 -35.6109 4.20576 936
32.8373 16.2768 4.20646 937
32.8373 16.2768 4.20646 937
10.8622 -35.0159 4.20751 126
10.687 -35.0697 4.20751 126
10.8366 -35.0572 4.21029 126
10.8717 -35.0463 4.21029 126
34.6214 -12.169 4.21064 470
34.6698 -12.0304 4.21064 470
10.9524 -35.0587 4.21343 126
11.1276 -35.0035 4.21343 126
11.1445 -35.0567 4.21831 126
11.1094 -35.0678 4.21831 126
11.4168 -35.0612 4.22598 126
11.2413 -35.1178 4.22598 126
33.0694 16.3918 4.22912 938
33.0694 16.3918 4.22912 938
11.434 -35.1142 4.23086 126
11.3989 -35.1256 4.23086 126
11.5204 -35.1405 4.2354 126
11.6959 -35.0825 4.2354 126
33.2891 16.1703 4.23784 939
33.2729 16.2035 4.23784 939
11.7123 -35.1316 4.23993 126
11.6772 -35.1433 4.23993 126
8.43706 -36.0668 4.24062 940
8.47312 -36.0584 4.24062 940
11.976 -35.1016 4.24481 126
11.8003 -35.161 4.24481 126
11.9966 -35.1619 4.25039 126
11.9614 -35.1739 4.25039 126
12.2309 -35.157 4.25666 126
12.2309 -35.157 4.25666 126
35.1818 -12.2081 4.25806 941
35.1818 -12.2081 4.25806 941
12.2531 -35.221 4.26259 942
12.2531 -35.221 4.26259 942
8.38885 -36.3521 4.26398 943
33.5416 16.3344 4.26398 944
8.53419 -36.3183 4.26398 945
33.6066 16.2001 4.26398 946
12.3759 -35.233 4.26712 947
12.5167 -35.1832 4.26712 947
12.5354 -35.2358 4.272 947
12.5354 -35.2358 4.272 947
33.797 16.1256 4.27618 948
33.7809 16.1594 4.27618 948
12.8077 -35.2183 4.27862 949
12.6667 -35.2692 4.27862 949
36.792 -7.26678 4.28106 950
36.7519 -7.52654 4.28211 950
36.7215 -7.67349 4.28211 950
36.7483 -7.56409 4.28246 950
36.7558 -7.52734 4.28246 950
12.8254 -35.267 4.28316 951
12.8254 -35.267 4.28316 951
36.7178 -7.82613 4.28455 952
36.7256 -7.7894 4.28455 952
13.0955 -35.2398 4.28908 953
12.9545 -35.2919 4.28908 953
13.1219 -35.3108 4.29571 953
13.1219 -35.3108 4.29571 953
8.362 -36.7385 4.2964 954
8.362 -36.7385 4.2964 954
34.0794 16.135 4.29884 955
34.0145 16.2712 4.29884 955
13.3885 -35.2702 4.30059 956
13.2474 -35.3235 4.30059 956
13.414 -35.3373 4.30686 956
13.3787 -35.3507 4.30686 956
34.2338 16.0408 4.30756 957
34.2178 16.075 4.30756 957
35.7647 -12.2903 4.30861 958
35.8136 -12.1471 4.30861 958
13.6826 -35.2983 4.31209 959
13.5413 -35.3527 4.31209 959
13.6717 -35.3751 4.31802 959
13.7071 -35.3614 4.31802 959
8.43894 -37.0765 4.32673 960
8.29057 -37.1099 4.32673 960
36.3759 -12.3378 4.36055 961
36.3759 -12.3378 4.36055 961
8.26406 -37.5199 4.36125 962
8.22653 -37.5282 4.36125 962
8.35406 -37.9285 4.39785 962
8.20228 -37.9616 4.39785 962
7.14286 -38.2116 4.40099 963
7.33383 -38.1754 4.40099 963
7.41928 -38.2076 4.40517 963
7.57205 -38.1777 4.40517 963
7.07657 -38.2807 4.40587 963
7.03828 -38.2878 4.40587 963
7.31211 -38.2689 4.40866 963
7.35037 -38.2615 4.40866 963
7.89336 -38.1939 4.41215 963
7.70229 -38.2329 4.41215 963
37.0401 -12.2747 4.41389 964
37.0401 -12.2747 4.41389 964
7.60384 -38.3379 4.41947 965
7.60384 -38.3379 4.41947 965
8.14313 -38.2433 4.42086 965
8.14313 -38.2433 4.42086 965
7.91675 -38.3071 4.42226 965
7.87844 -38.315 4.42226 965
8.1813 -38.4226 4.4369 965
8.1813 -38.4226 4.4369 965
38.8818 -5.71742 4.43829 966
38.8527 -5.91176 4.43829 966
38.876 -5.7563 4.43829 966
38.8818 -5.71742 4.43829 966
37.668 -12.4828 4.47176 967
37.668 -12.4828 4.47176 967
39.6059 -5.58134 4.4993 968
39.6059 -5.58134 4.4993 968
39.8902 -5.29631 4.52057 968
39.8632 -5.49569 4.52057 968
38.3035 -12.566 4.52684 969
38.3534 -12.4126 4.52684 969
39.5842 8.98428 4.55125 970
39.7076 -8.42188 4.55125 971
39.5752 9.02386 4.55125 972
39.711 9.18024 4.56589 972
39.674 9.33901 4.56589 972
39.7782 8.90291 4.56624 972
39.6768 9.46539 4.56868 972
39.6386 9.62402 4.56868 972
39.8524 9.38101 4.58193 972
39.8617 9.34115 4.58193 972
39.8128 9.75067 4.58611 972
39.7635 9.94961 4.58611 972
39.032 -12.6323 4.58925 973
39.0194 -12.6713 4.58925 973
39.7528 -12.7339 4.652 974
39.8034 -12.5748 4.652 974
-0.032752 -2.68365 1.32953 2
-0.0354356 -2.68361 1.32953 2
-0.03297 -2.70151 1.33173 2
-0.0437757 -2.70136 1.33173 2
-0.0522226 -2.71907 1.33392 2
-0.0549417 -2.71902 1.33392 2
-0.0527182 -2.74488 1.33709 2
-0.0636972 -2.74464 1.33709 2
-0.0747293 -2.74635 1.33733 2
-0.0719829 -2.74642 1.33733 2
-0.0836874 -2.76992 1.34026 2
-0.072607 -2.77024 1.34026 2
-0.0933147 -2.80934 1.34513 2
-0.096124 -2.80925 1.34513 2
-2.40108 -2.5815 1.43288 3
-2.40108 -2.5815 1.43288 3
-2.40844 -2.62604 1.43751 3
-2.41893 -2.61639 1.43751 3
-2.43217 -2.61493 1.43849 3
-2.43217 -2.61493 1.43849 3
-2.42987 -2.64409 1.44092 3
-2.42723 -2.64652 1.44092 3
-2.49945 -2.64983 1.44726 3
-2.5021 -2.64733 1.44726 3
-2.45674 -2.68948 1.44726 3
-2.44326 -2.70173 1.44726 3
-3.28782 -7.8816 2.04856 4
-3.27993 -7.88488 2.04856 4
-3.28222 -7.89038 2.04929 4
-3.32163 -7.87387 2.04929 4
-3.34202 -7.87818 2.05076 4
-3.3499 -7.87483 2.05076 4
-3.43791 -7.84114 2.05124 4
-3.39866 -7.85823 2.05124 4
-3.23515 -7.93338 2.05198 4
-3.27478 -7.91711 2.05198 4
-3.34978 -7.89645 2.05319 4
-3.38922 -7.8796 2.05319 4
-3.41442 -7.87304 2.05368 4
-3.40654 -7.87645 2.05368 4
-3.4648 -7.85968 2.05466 4
-3.4648 -7.85968 2.05466 4
-3.4672 -7.86513 2.05539 4
-3.4672 -7.86513 2.05539 4
-3.59389 -7.83209 2.05807 4
-3.58606 -7.83568 2.05807 4
-3.53275 -7.86421 2.05856 4
-3.57202 -7.84645 2.05856 4
-3.53437 -7.86783 2.05904 4
-3.54224 -7.86429 2.05904 4
-3.59184 -7.84831 2.05978 4
-3.6232 -7.83388 2.05978 4
-3.66207 -7.83551 2.06197 4
-3.65424 -7.83917 2.06197 4
-3.66179 -7.85536 2.06416 4
-3.27263 -8.02529 2.06416 4
-3.69318 -7.84065 2.06416 4
-3.28066 -8.02201 2.06416 4
-3.74969 -7.81819 2.06465 4
-3.71839 -7.83312 2.06465 4
-3.71924 -7.83492 2.06489 4
-3.72707 -7.83119 2.06489 4
-3.78439 -7.81027 2.06563 4
-3.77658 -7.81405 2.06563 4
-3.78867 -7.83907 2.06904 4
-3.82 -7.82386 2.06904 4
-3.84959 -7.82483 2.07074 4
-3.84959 -7.82483 2.07074 4
-3.85222 -7.83017 2.07148 4
-3.85222 -7.83017 2.07148 4
-3.90871 -7.80657 2.07196 4
-3.91652 -7.80265 2.07196 4
-3.94259 -7.79618 2.07269 4
-3.91138 -7.81189 2.07269 4
-3.97736 -7.78742 2.07367 4
-3.96957 -7.7914 2.07367 4
-3.29387 -8.1238 2.07635 4
-3.25321 -8.14017 2.07635 4
-4.04642 -7.78757 2.07757 4
-4.03863 -7.79162 2.07757 4
-3.98579 -7.82323 2.07806 4
-4.01705 -7.80723 2.07806 4
-4.07436 -7.78419 2.07879 4
-4.04319 -7.80043 2.07879 4
-4.10788 -7.79125 2.08147 4
-4.11567 -7.78714 2.08147 4
-4.10881 -7.79301 2.08171 4
-4.13995 -7.77651 2.08171 4
-4.17452 -7.78505 2.08464 4
-4.16673 -7.78922 2.08464 4
-4.17235 -7.79972 2.0861 4
-4.21129 -7.77876 2.0861 4
-4.23841 -7.77307 2.08707 4
-4.23841 -7.77307 2.08707 4
-4.24221 -7.78004 2.08805 4
-4.24221 -7.78004 2.08805 4
-3.29827 -8.22904 2.08854 4
-3.29004 -8.23233 2.08854 4
-4.30427 -7.76404 2.09 4
-4.2965 -7.76834 2.09 4
-4.30611 -7.78571 2.09244 4
-4.34498 -7.76408 2.09244 4
-4.3741 -7.76139 2.0939 4
-4.36634 -7.76576 2.0939 4
-4.37023 -7.77268 2.09487 4
-4.40904 -7.75073 2.09487 4
-4.44214 -7.7547 2.09731 4
-4.43438 -7.75913 2.09731 4
-4.43734 -7.7643 2.09804 4
-4.4761 -7.74202 2.09804 4
-3.27214 -8.35683 2.10194 4
-3.27214 -8.35683 2.10194 4
-3.31557 -8.46773 2.11657 4
-3.31557 -8.46773 2.11657 4
-3.33967 -8.57979 2.13046 4
-3.29673 -8.59638 2.13046 4
-3.34523 -8.69684 2.14411 4
-3.33654 -8.70018 2.14411 4
-3.31603 -8.83111 2.15825 4
-3.36014 -8.81442 2.15825 4
-3.36418 -8.95934 2.17506 4
-3.37313 -8.95597 2.17506 4
-3.38373 -9.06647 2.18823 4
-6.47561 -8.12007 2.27524 4
-6.52296 -8.11267 2.27817 4
-6.56101 -8.11004 2.28085 4
-7.22656 -7.53956 2.28231 4
-7.21901 -7.54679 2.28231 4
-7.25466 -7.52357 2.28328 4
-6.66247 -8.05267 2.28328 4
-7.2245 -7.55253 2.28328 978
-6.62213 -8.08588 2.28328 979
-6.56786 -8.13513 2.28377 979
-6.60845 -8.10219 2.28377 979
-6.68237 -8.04391 2.28402 979
-6.69041 -8.03723 2.28402 979
-7.2841 -7.50889 2.2845 4
-7.29161 -7.50161 2.2845 4
-7.28549 -7.51032 2.28475 4
-7.31547 -7.48112 2.28475 4
-6.62967 -8.0951 2.28475 4
-6.63776 -8.08846 2.28475 4
-6.78356 -7.96919 2.28499 4
-6.91019 -7.85964 2.28499 4
-6.94941 -7.82499 2.28499 4
-6.96504 -7.81108 2.28499 4
-6.97285 -7.80411 2.28499 4
-6.74363 -8.00301 2.28499 4
-6.80206 -7.95863 2.28548 4
-7.34206 -7.46338 2.28548 982
-6.80206 -7.95863 2.28548 983
-7.34952 -7.45604 2.28548 984
-6.75419 -7.9993 2.28548 985
-6.74619 -8.00605 2.28548 985
-6.80335 -7.96014 2.28572 985
-6.73144 -8.02104 2.28572 985
-6.80335 -7.96014 2.28572 985
-6.69125 -8.0546 2.28572 985
-6.91675 -7.86709 2.28621 985
-6.92461 -7.86017 2.28621 985
-6.87202 -7.91145 2.2867 985
-6.90362 -7.8839 2.2867 985
-6.86411 -7.91832 2.2867 985
-6.86411 -7.91832 2.2867 985
-7.38164 -7.44382 2.28718 4
-7.3518 -7.47329 2.28718 4
-7.41936 -7.4371 2.28987 4
-7.42679 -7.42968 2.28987 4
-7.43898 -7.45678 2.29328 4
-7.46875 -7.42696 2.29328 4
-7.51217 -7.42545 2.29693 4
-7.51217 -7.42545 2.29693 4
-7.515 -7.42824 2.29742 4
-7.515 -7.42824 2.29742 4
-7.60804 -7.41564 2.30449 4
-7.61545 -7.40803 2.30449 4
-7.61941 -7.42672 2.30644 4
-7.64905 -7.39619 2.30644 4
-7.69815 -7.41392 2.31229 4
-7.70556 -7.40622 2.31229 4
-7.75667 -7.39589 2.31595 4
-7.71959 -7.43458 2.31595 4
-7.7934 -7.37162 2.31716 4
-7.78603 -7.37941 2.31716 4
-7.85164 -7.3822 2.32326 4
-7.82205 -7.41355 2.32326 4
-7.89115 -7.37488 2.32618 4
-7.89852 -7.36699 2.32618 4
-7.92161 -7.40334 2.3313 4
-7.95116 -7.3716 2.3313 4
-7.98339 -7.37184 2.33423 4
-7.99076 -7.36386 2.33423 4
-8.00672 -7.39339 2.33813 4
-8.04359 -7.35326 2.33813 4
-8.0847 -7.36122 2.34251 4
-8.0847 -7.36122 2.34251 4
-8.10819 -7.3826 2.34641 4
-8.10819 -7.3826 2.34641 4
-8.19807 -7.36014 2.35275 4
-8.20543 -7.35194 2.35275 4
-8.21432 -7.37473 2.35543 4
-8.25109 -7.33357 2.35543 4
-8.28506 -7.33416 2.3586 4
-8.29239 -7.32587 2.3586 4
-10.7467 2.74875 2.36201 124
-10.7357 2.79172 2.36201 124
-8.31479 -7.36047 2.36347 4
-8.35149 -7.31881 2.36347 4
-8.40649 -7.33733 2.37006 4
-8.41382 -7.32892 2.37006 4
-8.45509 -7.30559 2.372 4
-8.41845 -7.34778 2.372 4
-8.5073 -7.32104 2.3781 4
-8.51462 -7.31253 2.3781 4
-8.51783 -7.3301 2.3798 4
-8.55437 -7.28742 2.3798 4
-8.59921 -7.29598 2.38468 4
-8.6065 -7.28738 2.38468 4
-8.63705 -7.32809 2.39077 4
-8.67358 -7.28481 2.39077 4
-8.72315 -7.29675 2.39638 4
-8.72315 -7.29675 2.39638 4
-8.73533 -7.30693 2.39833 4
-8.73533 -7.30693 2.39833 4
-8.81537 -7.26961 2.40296 4
-8.82263 -7.26079 2.40296 4
-8.89005 -7.25682 2.40905 4
-8.85365 -7.30118 2.40905 4
-8.95032 -7.26138 2.41515 4
-8.94305 -7.27033 2.41515 4
-8.9994 -7.2417 2.41832 4
-8.96308 -7.28661 2.41832 4
-9.05569 -7.25721 2.4249 4
-9.06294 -7.24815 2.4249 4
-9.11208 -7.22788 2.42807 4
-9.07582 -7.27335 2.42807 4
-9.1649 -7.22509 2.43294 4
-9.15767 -7.23425 2.43294 4
-9.2381 -7.23796 2.44098 4
-9.20907 -7.27486 2.44098 4
-9.29519 -7.22287 2.44537 4
-9.28796 -7.23217 2.44537 4
-9.31772 -7.25534 2.45 4
-9.34667 -7.21801 2.45 4
-9.39033 -7.20686 2.45341 4
-9.39033 -7.20686 2.45341 4
-9.42497 -7.23345 2.45878 4
-9.42497 -7.23345 2.45878 4
-9.53165 -7.19489 2.46633 4
-9.52446 -7.20442 2.46633 4
-9.59448 -7.19724 2.47267 4
-9.56562 -7.23556 2.47267 4
-9.63831 -7.18503 2.47608 4
-9.64549 -7.17539 2.47608 4
-9.69571 -7.16766 2.48047 4
-9.66696 -7.20639 2.48047 4
-9.76913 -7.16168 2.48729 4
-9.76196 -7.17145 2.48729 4
-9.83229 -7.16273 2.49363 4
-9.80356 -7.202 2.49363 4
-9.89232 -7.16114 2.49948 4
-9.89948 -7.15124 2.49948 4
-9.92287 -7.18326 2.50411 4
-9.95153 -7.14351 2.50411 4
-10.0101 -7.14013 2.50972 4
-10.0172 -7.13012 2.50972 4
-10.0839 -7.13213 2.51654 4
-10.0553 -7.17241 2.51654 4
-10.1524 -7.13495 2.52361 4
-10.1524 -7.13495 2.52361 4
-10.1849 -7.15778 2.52849 4
-10.1849 -7.15778 2.52849 4
-10.2826 -7.10428 2.53458 4
-10.2755 -7.11456 2.53458 4
-10.3334 -7.09362 2.53897 4
-10.3049 -7.1349 2.53897 4
-10.4005 -7.09391 2.54579 4
-10.3934 -7.10431 2.54579 4
-4.23909 -11.8627 2.54677 101
-4.17973 -11.8838 2.54677 101
-4.27736 -11.8574 2.54774 101
-4.2655 -11.8617 2.54774 101
-4.185 -11.8988 2.54872 101
-4.19689 -11.8946 2.54872 101
-4.32952 -11.8533 2.54945 101
-4.2702 -11.8748 2.54945 101
-4.36918 -11.8514 2.55091 101
-4.35733 -11.8558 2.55091 101
-10.4459 -7.14015 2.55359 4
-10.4814 -7.08784 2.55359 4
-10.5509 -7.07349 2.55968 4
-10.5438 -7.08404 2.55968 4
-4.15432 -12.0419 2.56407 101
-4.15432 -12.0419 2.56407 101
-10.62 -7.07372 2.56675 4
-10.5916 -7.11614 2.56675 4
-10.6813 -7.05306 2.57163 4
-10.6743 -7.06374 2.57163 4
-10.714 -7.09003 2.57748 4
-10.7423 -7.04711 2.57748 4
-4.21258 -12.2108 2.58601 101
-4.21258 -12.2108 2.58601 101
-10.8249 -7.05496 2.5865 4
-10.8179 -7.06578 2.5865 4
-11.5817 5.83083 2.5921 991
-11.5875 5.81925 2.5921 991
-10.8997 -7.04177 2.59332 41
-10.8644 -7.09618 2.59332 41
-11.6457 5.80483 2.59771 991
-11.6689 5.7582 2.59771 991
-10.9539 -7.04573 2.59917 41
-10.9539 -7.04573 2.59917 41
-10.9889 -7.06828 2.60429 41
-10.9889 -7.06828 2.60429 41
-4.18979 -12.4262 2.61014 101
-4.23946 -12.4093 2.61014 101
-11.0985 -7.02942 2.61306 41
-11.1055 -7.01832 2.61306 41
-11.189 -7.00861 2.62111 41
-11.1539 -7.06447 2.62111 41
-13.1937 -0.588732 2.62159 995
-13.1906 -0.654693 2.62159 995
-13.239 -0.550964 2.62696 995
-13.2385 -0.564203 2.62696 995
-11.2521 -7.00123 2.6272 41
-11.2451 -7.01248 2.6272 41
-11.2906 -7.04084 2.63378 41
-11.3257 -6.9843 2.63378 41
-4.2671 -12.6138 2.635 101
-4.25449 -12.618 2.635 101
-13.3178 -0.567584 2.63671 995
-13.3205 -0.500988 2.63671 995
-11.3904 -6.99279 2.64109 41
-11.3974 -6.9814 2.64109 41
-11.4344 -7.0198 2.64743 41
-11.4693 -6.96254 2.64743 41
-11.541 -6.97449 2.65572 41
-11.548 -6.96295 2.65572 41
-4.28764 -12.8435 2.66254 101
-4.22337 -12.8648 2.66254 101
-11.6089 -7.01556 2.66547 41
-11.6439 -6.95743 2.66547 41
-11.7004 -6.9595 2.67156 41
-11.7074 -6.94779 2.67156 41
-11.7796 -6.92707 2.6779 41
-11.7448 -6.98588 2.6779 41
-11.8568 -6.9406 2.68692 41
-11.8568 -6.9406 2.68692 41
-4.31637 -13.0599 2.68887 86
-4.29024 -13.0685 2.68887 86
-11.9202 -6.97771 2.69593 41
-11.9202 -6.97771 2.69593 41
-13.5144 2.95698 2.69861 88
-13.5114 2.97049 2.69861 88
-13.5464 2.86477 2.70008 88
-13.5348 2.91893 2.70008 88
-13.5338 2.96122 2.70105 88
-13.5218 3.01533 2.70105 88
-13.5552 2.88079 2.70154 88
-13.5581 2.86723 2.70154 88
-12.0203 -6.92382 2.70325 41
-12.0272 -6.9118 2.70325 41
-13.5379 3.06158 2.70422 88
-13.5379 3.06158 2.70422 88
-13.5899 2.8314 2.70446 88
-13.6011 2.77702 2.70446 88
-13.5553 3.06552 2.70641 88
-13.5553 3.06552 2.70641 88
-13.6206 2.78099 2.7069 88
-13.6178 2.79461 2.7069 88
-12.084 -6.96048 2.71226 41
-12.1117 -6.91209 2.71226 41
-13.5889 3.15893 2.713 88
-13.5857 3.17252 2.713 88
-13.6814 2.75068 2.71348 88
-13.6923 2.69594 2.71348 88
-7.17833 -11.9697 2.71373 108
-7.17833 -11.9697 2.71373 108
-4.28105 -13.3094 2.71665 86
-4.33425 -13.2922 2.71665 86
-12.1825 -6.90411 2.71933 41
-12.1894 -6.89192 2.71933 41
-13.6367 3.24198 2.72104 88
-13.6527 3.17376 2.72104 88
-13.7644 2.71013 2.7225 88
-13.7617 2.72389 2.7225 88
-12.2377 -6.93543 2.72713 41
-12.2654 -6.88642 2.72713 41
-12.3484 -6.86818 2.73493 41
-12.3415 -6.88053 2.73493 41
-4.3596 -13.5073 2.74273 82
-4.34609 -13.5116 2.74273 82
-12.416 -6.92209 2.74541 41
-12.4505 -6.85993 2.74541 41
-12.5216 -6.86651 2.75346 41
-12.5285 -6.85398 2.75346 41
-12.5791 -6.89801 2.7615 41
-12.6066 -6.84764 2.7615 41
-12.6985 -6.83195 2.77052 41
-12.6917 -6.84465 2.77052 41
-14.3989 -0.844638 2.77101 621
-14.3945 -0.916622 2.77101 621
-4.3778 -13.7516 2.77198 80
-4.32275 -13.769 2.77198 80
-12.7581 -6.88046 2.77978 41
-12.7855 -6.82937 2.77978 41
-14.552 -0.80982 2.78953 621
-14.5512 -0.824372 2.78953 621
-12.8796 -6.83004 2.79002 41
-12.8796 -6.83004 2.79002 41
-14.6287 -0.315922 2.7966 621
-14.6299 -0.257404 2.7966 621
-14.635 -0.301415 2.79733 621
-12.9462 -6.86538 2.79928 41
-12.9462 -6.86538 2.79928 41
-14.6703 -0.214093 2.80147 621
-14.6705 -0.199423 2.80147 621
-4.40005 -14.0152 2.80367 78
-4.41407 -14.0108 2.80367 78
-13.0606 -6.79274 2.80757 41
-13.0538 -6.80579 2.80757 41
-14.7238 -0.214875 2.80805 621
-14.7247 -0.141254 2.80805 621
-13.1172 -6.83883 2.81634 41
-13.1444 -6.78631 2.81634 41
-13.2528 -6.77524 2.82755 41
-13.246 -6.78849 2.82755 41
-4.43455 -14.2748 2.83535 70
-4.37741 -14.2924 2.83535 70
-13.358 -6.77857 2.83925 41
-13.3308 -6.83195 2.83925 41
-13.4244 -6.76169 2.84559 41
-13.4311 -6.74826 2.84559 41
-15.1082 0.096805 2.8551 621
-15.1076 0.172345 2.8551 621
-13.5224 -6.74337 2.85534 41
-13.4953 -6.7974 2.85534 41
-13.5576 6.69023 2.85631 638
-13.5509 6.70378 2.85631 638
-15.1528 0.203171 2.8607 624
-15.1528 0.203171 2.8607 624
-13.6258 6.6731 2.86289 638
-13.6523 6.61854 2.86289 638
-13.6564 6.6374 2.86436 638
-13.6631 6.62374 2.86436 638
-13.6258 -6.72701 2.86582 41
-13.6191 -6.74064 2.86582 41
-13.7079 6.59477 2.86777 638
-13.7342 6.53988 2.86777 638
-4.45589 -14.5487 2.86826 52
-4.47044 -14.5442 2.86826 52
-15.2283 0.204183 2.86996 624
-15.2283 0.204183 2.86996 624
-13.7599 6.56901 2.87216 638
-13.7664 6.55525 2.87216 638
-13.7208 -6.72279 2.87606 41
-13.6938 -6.77762 2.87606 41
-9.35234 -12.0952 2.87728 102
-9.4127 -12.0482 2.87728 102
-13.8226 6.5481 2.87801 638
-13.8551 6.4789 2.87801 638
-15.3432 0.328508 2.88434 628
-15.3436 0.313165 2.88434 628
-9.84386 11.797 2.88654 58
-9.78476 11.8461 2.88654 58
-13.8297 -6.7077 2.88727 41
-13.823 -6.72153 2.88727 41
-14.1422 6.03612 2.888 638
-14.1483 6.02198 2.888 638
-14.1822 6.00295 2.89092 638
-14.2121 5.93197 2.89092 638
-14.2524 5.94879 2.89629 638
-14.2464 5.96304 2.89629 638
-13.8908 -6.75452 2.89653 41
-13.9178 -6.6989 2.89653 41
-4.43063 -14.8363 2.90116 36
-4.43063 -14.8363 2.90116 36
-14.3598 5.87594 2.90506 638
-14.3598 5.87594 2.90506 638
-13.9992 -6.70363 2.90579 41
-13.9992 -6.70363 2.90579 41
-14.4094 5.89624 2.91164 638
-14.4094 5.89624 2.91164 638
-14.0869 -6.74564 2.91774 41
-14.0869 -6.74564 2.91774 41
-14.4681 -6.076 2.92675 41
-14.4742 -6.06153 2.92675 41
-14.2315 -6.65812 2.92919 41
-14.2249 -6.67235 2.92919 41
-14.4471 -6.1865 2.92968 41
-14.4471 -6.1865 2.92968 41
-14.4836 -6.20213 2.93455 41
-14.4836 -6.20213 2.93455 41
-4.50901 -15.0988 2.9348 36
-4.50901 -15.0988 2.9348 36
-14.4489 -6.30734 2.93577 41
-14.4803 -6.23501 2.93577 41
-14.3415 -6.65719 2.94138 41
-14.3147 -6.7145 2.94138 41
-14.4926 -6.3264 2.94162 41
-14.4989 -6.3119 2.94162 41
-14.509 -6.36813 2.94552 41
-14.477 -6.4406 2.94552 41
-14.4214 -6.65928 2.9504 41
-14.4281 -6.64486 2.9504 41
-14.5151 -6.45754 2.95064 41
-14.5215 -6.44303 2.95064 41
-15.8993 0.324507 2.95259 628
-15.8978 0.388101 2.95259 628
-14.4912 -6.56883 2.95357 41
-14.5239 -6.49629 2.95357 41
-14.6914 -6.16977 2.95649 41
-14.7221 -6.09624 2.95649 41
-14.5231 -6.56578 2.95698 41
-14.5165 -6.5803 2.95698 41
-15.9418 0.452986 2.9582 628
-15.9422 0.437044 2.9582 628
-14.5196 -6.61673 2.95917 41
-14.4863 -6.68924 2.95917 41
-15.9741 0.501869 2.96234 628
-15.976 0.437969 2.96234 628
-14.8046 -6.07843 2.96502 41
-14.7985 -6.09324 2.96502 41
-16.038 0.552042 2.97038 628
-16.0374 0.56808 2.97038 628
-4.55479 -15.4206 2.97428 20
-4.49307 -15.4387 2.97428 20
-16.1154 0.554706 2.97989 628
-16.113 0.619163 2.97989 628
-15.0933 6.05311 2.99671 677
-15.0873 6.0682 2.99671 677
-15.1183 6.02806 2.99841 677
-15.1483 5.95239 2.99841 677
-15.1575 5.95602 2.99963 677
-15.1456 5.98632 2.99963 677
-15.2059 5.86997 3.00134 677
-15.1823 5.93075 3.00134 677
-15.2278 5.89593 3.00499 677
-15.2337 5.8807 3.00499 677
-15.1291 6.15543 3.00548 677
-15.1341 -6.14311 3.00548 41
-15.1597 6.07971 3.00548 677
-15.1032 -6.2187 3.00548 41
-15.3013 5.85412 3.01158 683
-15.3246 5.79287 3.01158 683
-4.5846 -15.7532 3.0145 18
-4.60035 -15.7486 3.0145 18
-9.55592 -13.3513 3.01596 662
-15.3689 5.82719 3.01816 683
-15.3748 5.81182 3.01816 683
-15.2733 -6.16409 3.0223 41
-15.2795 -6.14881 3.0223 41
-15.4579 5.7199 3.02376 683
-15.4522 5.73536 3.02376 683
-15.3212 -6.1834 3.02864 41
-15.3519 -6.10672 3.02864 41
-15.5573 5.63318 3.03156 683
-15.5573 5.63318 3.03156 683
-15.5946 5.6467 3.03644 683
-15.5946 5.6467 3.03644 683
-15.6358 5.6086 3.03961 683
-15.6581 5.54602 3.03961 683
-15.7142 5.5659 3.04692 683
-15.7086 5.58161 3.04692 683
-4.56246 -16.0962 3.05423 18
-4.6268 -16.0779 3.05423 18
-16.7212 1.11205 3.05764 690
-16.6298 2.16412 3.0591 690
-16.6404 2.08094 3.0591 690
-16.6274 2.19763 3.05935 690
-16.6252 2.21426 3.05935 690
-16.7435 1.16399 3.06081 690
-16.7424 1.18074 3.06081 690
-16.7388 1.23096 3.06081 690
-16.7435 1.16399 3.06081 690
-16.6561 2.09982 3.0613 690
-16.6582 2.08316 3.0613 690
-16.6372 2.31753 3.06252 690
-16.6418 2.28425 3.06252 690
-16.653 2.20101 3.06252 690
-16.6372 2.31753 3.06252 690
-16.758 1.26608 3.06349 690
-16.68 2.05202 3.06349 690
-16.6901 1.96859 3.06349 690
-16.7568 1.28284 3.06349 690
-16.7118 1.97115 3.06617 690
-16.7098 1.98786 3.06617 690
-15.9938 5.30742 3.0691 693
-15.9991 5.29142 3.0691 693
-16.8049 1.35416 3.07007 690
-16.8115 1.27012 3.07007 690
-16.0225 5.24587 3.07007 693
-16.0433 5.18174 3.07007 693
-15.6915 -6.18734 3.07105 41
-15.9929 5.36042 3.07105 693
-15.6853 -6.20303 3.07105 41
-16.0533 5.20268 3.07202 693
-16.0584 5.18662 3.07202 693
-16.765 1.94344 3.07227 690
-16.7745 1.85959 3.07227 690
-16.8338 1.39038 3.07397 690
-16.8324 1.40721 3.07397 690
-15.742 -6.13462 3.07446 41
-15.7112 -6.21325 3.07446 41
-16.1284 5.08483 3.07641 693
-16.1284 5.08483 3.07641 693
-16.1322 5.08602 3.0769 693
-16.1322 5.08602 3.0769 693
-16.7084 2.68623 3.07787 690
-16.6947 2.76973 3.07787 690
-16.7084 2.68623 3.07787 690
-16.7057 2.70293 3.07787 690
-16.7385 2.57101 3.07933 690
-16.7255 2.65467 3.07933 690
-16.702 2.82245 3.07982 690
-16.7048 2.80575 3.07982 690
-16.7087 2.80641 3.08031 690
-16.6974 2.87322 3.08031 690
-16.3302 4.54427 3.08128 693
-16.3348 4.52794 3.08128 693
-16.1803 5.06561 3.08177 693
-16.2054 4.98465 3.08177 693
-16.7614 2.59169 3.0825 690
-16.764 2.57493 3.0825 690
-16.3756 4.41607 3.0825 693
-16.3756 4.41607 3.0825 693
-16.3253 4.61334 3.08299 693
-16.3481 4.53165 3.08299 693
-16.3152 4.66338 3.08348 693
-16.3198 4.64706 3.08348 693
-16.7829 2.54348 3.08421 690
-16.7954 2.45953 3.08421 690
-16.7209 2.94618 3.0847 690
-16.4005 4.42279 3.08567 693
-16.4005 4.42279 3.08567 693
-16.2364 5.01197 3.0864 693
-16.2414 4.99573 3.0864 693
-16.8224 2.48067 3.08787 690
-16.8249 2.46385 3.08787 690
-16.4753 4.31946 3.09128 693
-16.4535 4.40178 3.09128 693
-16.881 2.35149 3.09274 690
-16.7765 3.00789 3.09274 690
-16.881 2.35149 3.09274 690
-4.65394 -16.419 3.09542 18
-4.67036 -16.4143 3.09542 18
-16.9679 1.89821 3.0964 690
-16.9698 1.88124 3.0964 690
-16.517 4.34806 3.09713 693
-16.5214 4.33154 3.09713 693
-17.0288 1.85331 3.10322 690
-12.3745 12.033 3.11931 209
-12.3624 12.0454 3.11931 209
-16.1196 -6.22612 3.12175 41
-16.1134 -6.24223 3.12175 41
-12.4727 11.9598 3.12175 209
-12.4727 11.9598 3.12175 209
-9.60371 -14.3681 3.12199 997
-9.67543 -14.3199 3.12199 997
-12.3489 12.1046 3.12321 209
-12.3973 12.0551 3.12321 209
-12.314 12.143 3.12345 209
-12.3018 12.1553 3.12345 209
-12.4871 11.9735 3.12418 209
-12.4871 11.9735 3.12418 209
-12.521 11.9581 3.12589 209
-12.5807 11.8954 3.12589 209
-12.6066 11.9199 3.13028 209
-12.5947 11.9325 3.13028 209
-16.2111 -6.18707 3.13052 41
-16.18 -6.26805 3.13052 41
-12.362 12.1904 3.13174 209
-12.3132 12.2397 3.13174 209
-17.0445 3.30289 3.13174 690
-17.0576 3.23468 3.13174 690
-12.7246 11.8639 3.13613 209
-12.6771 11.9147 3.13613 209
-4.7 -16.7731 3.13881 18
-4.63287 -16.7918 3.13881 18
-16.6994 5.10008 3.14393 693
-16.7247 5.01652 3.14393 693
-12.3342 12.3592 3.14393 209
-12.3466 12.3468 3.14393 209
-12.8172 11.9742 3.15368 209
-12.8292 11.9614 3.15368 209
-12.421 12.4212 3.15684 209
-12.3712 12.4708 3.15684 209
-16.4629 -6.24547 3.16196 41
-16.4629 -6.24547 3.16196 41
-16.8692 5.05986 3.16245 693
-16.8642 5.07673 3.16245 693
-16.9022 5.03291 3.16537 693
-16.9271 4.94834 3.16537 693
-16.9393 4.97029 3.16757 693
-16.9443 4.95335 3.16757 693
-13.0105 11.9613 3.17001 209
-12.9625 12.0132 3.17001 209
-12.4634 12.6393 3.17951 209
-12.4507 12.6518 3.17951 209
-16.6244 -6.30672 3.18317 41
-16.6244 -6.30672 3.18317 41
-4.73372 -17.1573 3.18536 18
-4.75087 -17.1526 3.18536 18
-13.0963 12.0644 3.18634 209
-13.1084 12.0513 3.18634 209
-8.98164 -15.428 3.19194 998
-8.96621 -15.4369 3.19194 998
-17.1713 4.88953 3.19219 711
-17.1467 4.97532 3.19219 711
-9.05535 -15.4124 3.19487 999
-8.97817 -15.4575 3.19487 999
-9.09625 -15.4114 3.1973 999
-9.11165 -15.4023 3.1973 999
-9.10634 -15.4285 3.19974 999
-9.18336 -15.3828 3.19974 999
-16.8319 -6.25102 3.20462 41
-16.8381 -6.23418 3.20462 41
-9.25087 -15.4257 3.20852 1000
-9.25087 -15.4257 3.20852 1000
-9.38535 -15.3698 3.2112 1000
-9.36998 -15.3792 3.2112 1000
-9.45925 -15.3524 3.21412 1000
-9.38237 -15.3995 3.21412 1000
-9.52201 -15.351 3.21802 1000
-9.50665 -15.3605 3.21802 1000
-9.6044 -15.3464 3.2229 1000
-9.52755 -15.3942 3.2229 1000
-9.66944 -15.3477 3.22728 1000
-9.65409 -15.3574 3.22728 1000
-9.66677 -15.3776 3.23021 1000
-9.74353 -15.329 3.23021 1000
-4.7995 -17.5324 3.23192 16
-4.71178 -17.5562 3.23192 16
-9.78485 -15.3263 3.23265 1001
-9.80018 -15.3165 3.23265 1001
-17.0813 -6.34362 3.23728 41
-17.1128 -6.25814 3.23728 41
-15.3086 9.90779 3.23898 1002
-17.1476 -6.23204 3.2402 41
-17.1539 -6.21489 3.2402 41
-9.88478 -15.3471 3.24142 1003
-9.82331 -15.3865 3.24142 1003
-17.2932 -6.28493 3.25921 41
-17.3244 -6.19838 3.25921 41
-10.0359 -15.4456 3.26165 1004
-10.0204 -15.4556 3.26165 1004
-17.4826 -6.21559 3.27823 41
-17.4888 -6.1981 3.27823 41
-10.0971 -15.5739 3.27896 1005
-10.1748 -15.5232 3.27896 1005
-4.81418 -17.9377 3.28042 16
-4.83211 -17.9329 3.28042 16
-10.2484 -15.5675 3.28846 1006
-10.2484 -15.5675 3.28846 1006
-10.267 -15.5957 3.29261 1006
-10.267 -15.5957 3.29261 1006
-10.4146 -15.5477 3.29772 1006
-10.3991 -15.5581 3.29772 1006
-10.5489 -15.5457 3.30674 1006
-10.5645 -15.5351 3.30674 1006
-10.64 -15.5124 3.30967 1006
-10.5623 -15.5654 3.30967 1006
-17.7594 -6.31401 3.3143 41
-17.7908 -6.22513 3.3143 41
-10.7091 -15.5131 3.31454 1007
-10.6935 -15.5238 3.31454 1007
-10.7048 -15.5401 3.31698 1007
-10.7669 -15.4972 3.31698 1007
-10.8418 -15.5055 3.32307 1007
-10.8573 -15.4946 3.32307 1007
-10.9277 -15.496 3.32819 1007
-10.8657 -15.5396 3.32819 1007
-11.0046 -15.4732 3.33136 1007
-10.9891 -15.4842 3.33136 1007
-4.79874 -18.3936 3.33404 16
-4.89065 -18.3693 3.33404 16
-17.9782 -6.23023 3.33624 41
-17.9719 -6.24821 3.33624 41
-11.1413 -15.4681 3.34062 1008
-11.1413 -15.4681 3.34062 1008
-11.0615 -15.5862 3.34672 1008
-11.1715 -15.51 3.34696 1008
-11.1715 -15.51 3.34696 1008
-11.3151 -15.4474 3.3511 1008
-11.2997 -15.4587 3.3511 1008
-18.1069 -6.29514 3.35378 41
-18.1382 -6.20453 3.35378 41
-11.3803 -15.4389 3.355 1009
-11.3184 -15.4843 3.355 1009
-11.4538 -15.4092 3.35744 1009
-11.4384 -15.4207 3.35744 1009
-11.5261 -15.4098 3.3628 1009
-11.4644 -15.4557 3.3628 1009
-11.5997 -15.4116 3.36841 1009
-11.6151 -15.4 3.36841 1009
-18.2934 -6.21678 3.37231 41
-18.2996 -6.19849 3.37231 41
-11.6308 -15.4528 3.37475 1010
-11.6925 -15.4062 3.37475 1010
-11.7745 -15.3861 3.37889 1010
-11.7591 -15.3979 3.37889 1010
-11.7808 -15.4262 3.38328 1010
-11.8424 -15.379 3.38328 1010
-4.90297 -18.7931 3.38474 16
-4.92176 -18.7882 3.38474 16
-11.8962 -15.3851 3.38791 1011
-11.9116 -15.3732 3.38791 1011
-18.4523 -6.16803 3.38888 41
-18.4212 -6.26022 3.38888 41
-12.0735 -15.3905 3.4018 1012
-12.0735 -15.3905 3.4018 1012
-18.6002 -6.17616 3.40643 41
-18.6002 -6.17616 3.40643 41
-12.1225 -15.453 3.41155 1013
-12.1225 -15.453 3.41155 1013
-18.7773 -6.23496 3.42934 41
-18.7773 -6.23496 3.42934 41
-12.3589 -15.5293 3.4369 1014
-18.9602 -6.14868 3.44738 41
-18.9664 -6.12972 3.44738 41
-12.4306 -15.6194 3.45104 1015
-19.164 -5.91955 3.46274 41
-19.1875 -5.84285 3.46274 41
-4.92931 -19.4504 3.46371 11
-4.92931 -19.4504 3.46371 11
-19.1038 -6.19522 3.4659 41
-19.1284 -6.11876 3.4659 41
-12.6444 -15.6617 3.47151 1016
-19.289 -6.08519 3.48345 41
-19.2829 -6.10448 3.48345 41
-19.3761 -5.8157 3.48394 41
-19.3703 -5.83507 3.48394 41
-19.4626 -6.07581 3.50344 41
-19.4381 -6.15361 3.50344 41
-19.4943 -6.00024 3.50442 41
-19.4883 -6.01974 3.50442 41
-5.01465 -19.7872 3.50636 11
-5.01465 -19.7872 3.50636 11
-19.9454 -5.53278 3.54146 41
-19.9343 -5.57266 3.54146 41
-5.0031 -20.3384 3.57169 11
-5.10473 -20.3131 3.57169 11
-20.2232 -6.00387 3.59021 41
-20.3614 -5.51683 3.59021 41
-20.3669 -5.49647 3.59021 41
-20.199 -6.08472 3.59021 1017
-21.1709 -0.054889 3.59947 1018
-21.1704 -0.160743 3.59947 1018
-20.4792 -5.46092 3.6024 41
-20.4572 -5.54279 3.6024 41
-20.4316 -5.9991 3.61458 41
-20.4376 -5.97867 3.61458 41
-21.3318 0.00868943 3.61922 1019
-5.12686 -20.8415 3.6353 11
-5.1477 -20.8364 3.6353 11
-5.11536 -21.4407 3.70647 11
-5.2225 -21.4148 3.70647 11
-5.25725 -22.0354 3.78155 11
-5.27928 -22.0301 3.78155 11
-22.3526 4.0769 3.78983 225
-22.3526 4.0769 3.78983 225
-22.3923 3.92239 3.7913 225
-22.4002 3.92376 3.79227 225
-22.38 4.08189 3.79325 225
-22.38 4.08189 3.79325 225
-22.3817 4.26749 3.79763 225
-22.3859 4.2451 3.79763 225
-5.25088 -22.7118 3.86222 9
-5.36437 -22.6853 3.86222 9
-23.4641 -0.671084 3.88221 1020
-23.4641 -0.671084 3.88221 1020
-23.4701 -0.671255 3.88294 1020
-23.4701 -0.671255 3.88294 1020
-23.5099 -0.507721 3.88733 1020
-5.39889 -23.352 3.9429 9
-5.42224 -23.3466 3.9429 9
-22.8189 8.00538 3.96922 1021
-22.8507 7.91404 3.96922 1021
-22.9234 7.9649 3.97971 1021
-22.9314 7.94198 3.97971 1021
-5.39226 -24.0905 4.03113 9
-5.51264 -24.0632 4.03113 9
-0.0590469 24.7163 4.03479 1022
-0.182627 24.7157 4.03479 1022
-0.18273 24.7296 4.0365 1022
-0.158 24.7298 4.0365 1022
-0.331183 24.734 4.03723 1022
-0.331183 24.734 4.03723 1022
-0.33121 24.736 4.03747 1022
-0.33121 24.736 4.03747 1022
-0.405481 24.7389 4.03796 1022
-0.504433 24.737 4.03796 1022
-0.480196 24.7633 4.04113 1022
-0.504959 24.7628 4.04113 1022
-0.67872 24.7746 4.04308 1022
-0.579617 24.7771 4.04308 1022
-0.852466 24.7791 4.0443 1022
-0.753342 24.7824 4.0443 1022
-0.654312 24.7891 4.04478 1022
-0.679101 24.7885 4.04478 1022
-0.853216 24.801 4.04698 1022
-0.828415 24.8018 4.04698 1022
-0.927838 24.8042 4.04771 1022
-1.02705 24.8003 4.04771 1022
-1.02836 24.8321 4.05161 1022
-1.00353 24.8331 4.05161 1022
-1.20235 24.8282 4.0521 1022
-1.20235 24.8282 4.0521 1022
-1.10303 24.8328 4.0521 1022
-1.17752 24.8294 4.0521 1022
-1.37689 24.8331 4.0538 1022
-1.37689 24.8331 4.0538 1022
-1.37843 24.8608 4.05721 1022
-1.37843 24.8608 4.05721 1022
-1.45451 24.8823 4.06038 1022
-1.55403 24.8763 4.06038 1022
-1.55415 24.8783 4.06063 1022
-1.52927 24.8798 4.06063 1022
-1.62956 24.8854 4.06209 1022
-1.72908 24.8787 4.06209 1022
-1.72963 24.8866 4.06306 1022
-1.70475 24.8883 4.06306 1022
-1.80601 24.9051 4.06599 1022
-1.90561 24.8977 4.06599 1022
-1.88281 24.9273 4.0694 1022
-1.90774 24.9254 4.0694 1022
-2.08283 24.9193 4.07038 1022
-1.9582 24.9294 4.07038 1022
-2.08349 24.9272 4.07135 1022
-2.05856 24.9293 4.07135 1022
-2.25936 24.9278 4.0733 1022
-2.15963 24.9367 4.0733 1022
-2.23727 24.9617 4.0772 1022
-2.26223 24.9595 4.0772 1022
-2.43882 24.9628 4.07964 1022
-2.43882 24.9628 4.07964 1022
-2.44017 24.9766 4.08134 1022
-2.44017 24.9766 4.08134 1022
-23.7869 8.07875 4.08451 1023
-23.7949 8.05496 4.08451 1023
-2.79511 24.9893 4.08744 1024
-2.67012 25.003 4.08744 1024
-2.77274 25.0158 4.09036 1024
-2.79775 25.013 4.09036 1024
-2.85002 25.0271 4.0928 1024
-2.97512 25.0125 4.0928 1024
-2.95104 25.0234 4.09378 1024
-2.97606 25.0204 4.09378 1024
-3.15361 25.0187 4.09621 1024
-3.02848 25.0341 4.09621 1024
-3.13278 25.0553 4.10036 1024
-3.15783 25.0521 4.10036 1024
-23.9284 8.10015 4.10182 1025
-23.8959 8.1958 4.10182 1025
-3.33705 25.0589 4.10401 1026
-3.21171 25.0753 4.10401 1026
-3.33993 25.0806 4.10669 1026
-3.31485 25.0839 4.10669 1026
-21.6315 13.1557 4.10864 233
-21.684 13.0691 4.10864 233
-21.6709 13.0907 4.10864 233
-21.684 13.0691 4.10864 233
-3.51872 25.0802 4.10962 499
-3.51872 25.0802 4.10962 499
-21.7316 13.0091 4.10986 233
-21.7834 12.922 4.10986 233
-21.5625 13.3214 4.11206 233
-21.6289 13.2134 4.11206 233
-21.6207 13.2382 4.11279 233
-21.6339 13.2165 4.11279 233
-21.8063 12.9651 4.11498 233
-21.8193 12.9433 4.11498 233
-21.9145 12.7932 4.11571 233
-21.8632 12.8808 4.11571 233
-21.578 13.3907 4.11815 233
-21.578 13.3907 4.11815 233
-21.6067 13.4085 4.12229 233
-21.6067 13.4085 4.12229 233
-21.9745 12.8283 4.12424 233
-21.9617 12.8502 4.12424 233
-5.58577 -24.8385 4.12595 7
-5.56093 -24.8441 4.12595 7
-21.5524 13.6148 4.13009 233
-21.566 13.5933 4.13009 233
-22.1326 12.7137 4.13399 234
-22.0816 12.8021 4.13399 234
-21.6568 13.8023 4.15325 233
-21.7256 13.6938 4.15325 233
-22.3091 12.8448 4.1608 234
-25.0015 -6.24012 4.16397 1027
-25.0077 -6.21512 4.16397 1027
-6.38543 24.9668 4.16422 232
-6.28551 24.9922 4.16422 232
-6.39723 25.013 4.17007 232
-6.37222 25.0194 4.17007 232
-6.4812 25.0283 4.17445 232
-25.0482 -6.41168 4.1747 1028
-25.0737 -6.31144 4.1747 1028
-6.75871 24.9651 4.17567 232
-6.75871 24.9651 4.17567 232
-6.76545 24.99 4.17884 232
-6.76545 24.99 4.17884 232
-4.6677 25.5945 4.19444 232
-4.6677 25.5945 4.19444 232
-4.75894 25.6584 4.20419 232
-4.86154 25.6392 4.20419 232
-25.3251 -6.32088 4.20492 1029
-25.3564 -6.19418 4.20492 1029
-6.29518 25.3519 4.20736 232
-6.26983 25.3582 4.20736 232
-4.40396 25.7499 4.2076 232
-4.50692 25.7321 4.2076 232
-4.68729 25.7019 4.20784 232
-4.68729 25.7019 4.20784 232
-4.95797 25.7258 4.21686 232
-5.06083 25.7058 4.21686 232
-25.4652 -6.16682 4.21711 1030
-25.4652 -6.16682 4.21711 1030
-25.5176 -5.9638 4.21759 1030
-25.5235 -5.93828 4.21759 1030
-25.4883 -6.17242 4.22003 1030
-25.4883 -6.17242 4.22003 1030
-4.8889 25.7835 4.22223 232
-4.86312 25.7884 4.22223 232
-6.33584 25.5157 4.22808 232
-6.20819 25.5471 4.22808 232
-5.69343 -25.6768 4.22929 7
-5.56498 -25.705 4.22929 7
-6.18079 25.6578 4.24051 232
-6.05242 25.6884 4.24051 232
-5.18931 25.9475 4.24904 232
-5.29306 25.9265 4.24904 232
-5.99735 25.8012 4.25245 232
-6.02315 25.7952 4.25245 232
-5.11835 25.998 4.25342 232
-5.09235 26.0031 4.25342 232
-5.84901 25.8658 4.2561 232
-5.84901 25.8658 4.2561 232
-26.5286 1.65773 4.26366 1031
-26.5943 1.68854 4.27195 1031
-26.596 1.66194 4.27195 1031
-5.30427 26.1146 4.27195 232
-5.67653 26.0708 4.27609 232
-5.7026 26.0651 4.27609 232
-5.92125 26.1853 4.29632 232
-5.92125 26.1853 4.29632 232
-5.46187 26.3498 4.30412 232
-5.56723 26.3277 4.30412 232
-6.27782 26.1756 4.3051 1032
-6.30399 26.1693 4.3051 1032
-5.56869 26.4654 4.3207 232
-4.18651 26.7249 4.32143 232
-4.29338 26.708 4.32143 232
-4.27199 26.7456 4.32557 232
-4.29873 26.7413 4.32557 232
-4.65144 26.7144 4.32947 232
-4.67816 26.7098 4.32947 232
-26.4506 -6.07038 4.33215 252
-26.4261 -6.17614 4.33215 252
-5.74475 -26.5354 4.33361 244
-5.77128 -26.5296 4.33361 244
-7.28291 26.1736 4.33581 1033
-7.15196 26.2097 4.33581 1033
-5.71866 26.6486 4.34653 232
-5.82521 26.6255 4.34653 232
-26.639 -6.02957 4.3536 252
-26.633 -6.0562 4.3536 252
-27.1221 -3.97692 4.36579 252
-26.7453 -6.08173 4.36774 252
-26.7753 -5.94793 4.36774 252
-27.2953 2.83264 4.36944 1034
-26.8784 -5.88626 4.37846 252
-26.8725 -5.91314 4.37846 252
-27.3061 -4.98561 4.4082 252
-27.3011 -5.01291 4.4082 252
-27.2911 -5.0675 4.4082 252
-27.2654 -5.20389 4.4082 252
-5.75233 -27.4998 4.44963 250
-5.75233 -27.4998 4.44963 250
-13.7005 24.644 4.46206 734
-13.5771 24.7122 4.46206 734
-13.6787 24.6629 4.4628 734
-13.7034 24.6492 4.4628 734
-13.5324 24.748 4.46328 734
-13.5076 24.7615 4.46328 734
-27.9206 -4.72359 4.47693 252
-27.9393 -4.61187 4.47693 252
-24.7959 13.6883 4.47766 1035
-22.8482 16.7785 4.48059 1036
-22.865 16.7556 4.48059 1036
-27.8595 -5.28843 4.48181 252
-27.8542 -5.31628 4.48181 252
-24.7843 13.8116 4.48376 1035
-24.7981 13.7868 4.48376 1035
-27.9215 -5.53197 4.49497 252
-27.9215 -5.53197 4.49497 252
-28.0111 -5.54971 4.50618 252
-28.0111 -5.54971 4.50618 252
-28.172 -4.73715 4.50764 252
-28.1672 -4.76532 4.50764 252
-14.0738 24.9035 4.51227 739
-14.0738 24.9035 4.51227 739
-28.1662 -5.0263 4.51301 252
-28.1407 -5.16706 4.51301 252
-28.1997 -4.85788 4.51349 252
-28.1801 -4.97064 4.51349 252
-28.0493 -5.76163 4.51593 252
-28.0551 -5.73358 4.51593 252
-28.0895 -5.62365 4.51739 252
-28.061 -5.76403 4.51739 252
-14.1256 24.9951 4.52519 739
-14.1256 24.9951 4.52519 739
-28.0817 -6.03218 4.52666 252
-28.0512 -6.17251 4.52666 252
-14.3328 24.9524 4.53324 741
-14.2079 25.0237 4.53324 741
-14.3615 25.0023 4.5403 741
-14.3365 25.0167 4.5403 741
-28.2395 -5.97751 4.5442 252
-28.2335 -6.00574 4.5442 252
-14.5792 24.9749 4.55079 741
-14.4542 25.0475 4.55079 741
-28.3487 -5.88225 4.55493 252
-28.319 -6.02391 4.55493 252
-28.5202 -5.03064 4.5559 255
-28.5253 -5.00212 4.5559 255
-14.6232 25.0503 4.56151 741
-14.5982 25.0649 4.56151 741
-28.6591 -4.61302 4.56419 252
-23.4752 17.0948 4.56565 1038
-5.95717 -28.4791 4.57248 254
-5.95717 -28.4791 4.57248 254
-13.6578 25.83 4.58759 513
-13.5544 25.8844 4.58759 513
-13.4928 26.0195 4.5988 513
-13.5188 26.006 4.5988 513
-11.7245 26.9472 4.60831 748
-11.6976 26.9589 4.60831 748
-11.5372 27.0322 4.6088 748
-11.5101 27.0437 4.6088 748
-13.9505 26.0047 4.62342 513
-13.9765 25.9908 4.62342 513
-13.7961 26.0915 4.62391 513
-13.77 26.1053 4.62391 513
-13.9887 26.0135 4.62659 513
-13.8846 26.0692 4.62659 513
-12.1644 26.9215 4.62732 513
-12.0296 26.982 4.62732 513
-12.1775 26.9504 4.63122 513
-12.1505 26.9626 4.63122 513
-12.3857 26.9078 4.63707 513
-12.3857 26.9078 4.63707 513
-13.5809 26.3828 4.64341 513
-13.6864 26.3283 4.64341 513
-16.9154 24.3893 4.64438 253
-17.0371 24.3044 4.64438 253
-17.0417 24.3109 4.64536 253
-17.0173 24.3279 4.64536 253
-11.7337 27.3411 4.65316 513
-11.8703 27.2821 4.65316 513
-13.568 26.4877 4.65413 513
-13.568 26.4877 4.65413 513
-16.8872 24.5053 4.65413 253
-11.7242 27.4704 4.66729 513
-11.5867 27.5287 4.66729 513
-13.3842 26.7188 4.66924 757
-13.6259 26.6008 4.66973 757
-13.6259 26.6008 4.66973 757
-13.311 26.773 4.67119 757
-13.418 26.7196 4.67119 757
-13.268 26.8209 4.67412 757
-13.2412 26.8342 4.67412 757
-12.1631 27.4288 4.68411 513
-12.0258 27.4893 4.68411 513
-12.1823 27.5462 4.69825 513
-12.2098 27.534 4.69825 513
-17.6546 24.4498 4.70288 253
-17.5321 24.5377 4.70288 253
-5.96823 -29.5631 4.70312 261
-6.11597 -29.5329 4.70312 261
-17.4803 24.621 4.70751 253
-17.5049 24.6035 4.70751 253
-17.3954 24.7102 4.71043 253
-17.5187 24.6229 4.71043 253
-13.1678 27.2324 4.71409 513
-13.0178 27.3396 4.71799 513
-13.0178 27.3396 4.71799 513
-15.6863 25.9101 4.71897 513
-15.8157 25.8314 4.71897 513
-14.4003 26.6509 4.71945 513
-14.5333 26.5785 4.71945 513
-15.5106 26.0295 4.72043 513
-15.6406 25.9517 4.72043 513
-15.6437 25.9568 4.72116 513
-15.6177 25.9724 4.72116 513
-15.8043 25.8709 4.72238 513
-16.8788 25.1878 4.72286 513
-16.8536 25.2047 4.72286 513
-13.1238 27.3505 4.72481 513
-13.0673 27.4435 4.73213 513
-12.9574 27.4956 4.73213 513
-16.8504 25.3643 4.73895 513
-16.9518 25.2966 4.73895 513
-9.44928 28.9607 4.74041 764
-13.3759 27.3828 4.74188 513
-12.9446 27.6113 4.74431 513
-12.9169 27.6242 4.74431 513
-15.5629 26.2963 4.75187 513
-15.5892 26.2808 4.75187 513
-9.56781 29.0283 4.75284 764
-9.59683 29.0187 4.75284 764
-12.8008 27.8094 4.75894 513
-10.4224 28.7854 4.75894 768
-9.81818 29.0054 4.75991 767
-9.70208 29.0444 4.75991 767
-16.8668 25.6105 4.76528 513
-13.0667 27.8719 4.77966 513
-12.9272 27.9369 4.77966 513
-10.1706 29.0856 4.78331 768
-15.7219 26.5044 4.7838 513
-15.5891 26.5827 4.7838 513
-10.0704 29.173 4.78941 768
-10.0996 29.1629 4.78941 768
-16.9072 25.8404 4.7916 1039
-9.91238 29.2837 4.79599 767
-9.88309 29.2936 4.79599 767
-16.8254 25.9411 4.79647 513
-16.8513 25.9243 4.79647 513
-10.324 29.1495 4.79696 768
-10.2949 29.1598 4.79696 768
-10.1223 29.2286 4.79794 768
-10.0053 29.2688 4.79794 768
-16.6844 26.065 4.79989 513
-16.6583 26.0817 4.79989 513
-11.1618 28.9157 4.80574 768
-11.1329 28.9269 4.80574 768
-11.3887 28.8997 4.81402 768
-11.273 28.945 4.81402 768
-11.8735 28.9357 4.84035 768
-11.8735 28.9357 4.84035 768
-11.6535 29.0593 4.84425 768
-11.4512 29.1438 4.84473 768
-11.4804 29.1324 4.84473 768
-12.108 28.9288 4.85058 1042
-12.079 28.9409 4.85058 1042
-11.5562 29.1536 4.85058 1042
-11.7018 29.0955 4.85058 1042
-6.2386 -30.7438 4.8518 289
-6.20785 -30.75 4.8518 289
-16.7915 26.6413 4.86667 513
-16.6848 26.7083 4.86667 513
-12.1601 29.0534 4.86716 1043
-11.018 29.5054 4.86716 768
-12.0147 29.1138 4.86716 1045
-11.136 29.4611 4.86716 1046
-12.0016 29.2479 4.88178 1043
-12.0016 29.2479 4.88178 1043
-16.6706 26.8645 4.88203 513
-16.6706 26.8645 4.88203 513
-16.5101 26.9657 4.88227 513
-16.7009 26.9134 4.88909 513
-16.7009 26.9134 4.88909 513
-17.0932 26.7037 4.89299 513
-16.9863 26.7718 4.89299 513
-11.432 29.6157 4.89787 768
-11.3134 29.6612 4.89787 768
-11.237 29.7285 4.90226 768
-11.2073 29.7397 4.90226 768
-16.9673 26.9201 4.90713 513
-16.9403 26.937 4.90713 513
-11.0604 29.892 4.91347 768
-11.0305 29.9031 4.91347 768
-17.4012 27.006 4.94467 783
-17.5091 26.9362 4.94467 783
-13.4698 29.2628 4.95539 1050
-6.3867 -31.9654 5.00243 294
-6.2268 -31.9969 5.00243 294
-11.3855 30.7708 5.02851 1051
-11.2623 30.8161 5.02851 1051
-18.1193 27.4525 5.03875 783
-10.9974 31.0506 5.0446 1052
-11.232 31.0214 5.05094 1052
-18.3927 27.8667 5.09968 1053
-12.5388 31.1766 5.12601 792
-11.4456 31.6113 5.12796 791
-6.50501 -33.2492 5.15989 533
-6.47176 -33.2557 5.15989 533
-15.0412 31.0275 5.23374 1054
-6.51078 -34.7518 5.34123 799
-6.68446 -34.7189 5.34123 799
-15.7512 32.4922 5.43361 1055
-16.0107 32.3652 5.43361 1055
-16.2883 32.4353 5.45652 1055
-6.85588 -36.1938 5.52306 823
-6.78348 -36.2074 5.52306 823
-13.0824 36.1319 5.71829 1056
-4.00736 -39.8582 5.91865 1057
-3.80802 -39.8778 5.91865 1057
-4.80462 -39.778 5.91962 1058
-4.08788 -39.858 5.91962 1059
-4.12774 -39.8539 5.91962 1059
-4.64547 -39.7969 5.91962 1059
-4.64547 -39.7969 5.91962 1059
-4.68527 -39.7922 5.91962 1059
-4.28754 -39.841 5.92011 1059
-4.08828 -39.862 5.92011 1059
-4.92442 -39.7673 5.92011 1060
-4.92442 -39.7673 5.92011 1060
-3.25034 -39.939 5.92011 1061
-4.56632 -39.81 5.92011 1062
-3.25034 -39.939 5.92011 1063
-4.36722 -39.8324 5.92011 1064
-3.84942 -39.8897 5.9206 1064
-3.80953 -39.8936 5.9206 1064
-5.5209 -39.6929 5.9206 1065
-4.92491 -39.7713 5.9206 1066
-4.92491 -39.7713 5.9206 1066
-3.72974 -39.9011 5.9206 1067
-3.25067 -39.943 5.9206 1067
-5.48121 -39.6984 5.9206 1068
-4.36765 -39.8363 5.9206 1069
-3.25067 -39.943 5.9206 1070
-3.53018 -39.9193 5.9206 1070
-4.40748 -39.8319 5.9206 1071
-2.61145 -39.9938 5.92108 1072
-5.36262 -39.7186 5.92108 1073
-5.2037 -39.7398 5.92108 1073
-5.24344 -39.7345 5.92108 1073
-5.2037 -39.7398 5.92108 1073
-7.30198 -39.4102 5.92133 1074
-7.14428 -39.4391 5.92133 1074
-2.73196 -39.9938 5.92206 1075
-3.53123 -39.9311 5.92206 1076
-2.97187 -39.9766 5.92206 1076
-3.57116 -39.9276 5.92206 1077
-3.17172 -39.9613 5.92206 1077
-2.77195 -39.991 5.92206 1077
-6.03852 -39.6315 5.9223 1078
-6.07815 -39.6255 5.9223 1078
-5.9199 -39.6514 5.92255 1078
-2.8922 -39.9865 5.92255 1079
-5.76124 -39.6748 5.92255 1080
-5.48338 -39.7142 5.92255 1080
-2.73223 -39.9977 5.92255 1081
-5.64219 -39.6919 5.92255 1082
-5.76238 -39.6827 5.92352 1082
-5.80206 -39.6769 5.92352 1082
-2.97305 -39.9925 5.92401 1083
-3.01304 -39.9895 5.92401 1083
-6.04151 -39.6512 5.92474 1084
-6.20007 -39.6267 5.92474 1084
-6.32017 -39.6157 5.92571 1084
-6.35979 -39.6094 5.92571 1084
-6.59928 -39.5823 5.92718 1084
-6.59928 -39.5823 5.92718 1084
-6.32205 -39.6275 5.92718 1084
-6.48051 -39.6019 5.92718 1084
-6.59994 -39.5862 5.92767 1084
-6.59994 -39.5862 5.92767 1084
-6.87892 -39.5508 5.92913 1084
-6.91847 -39.5439 5.92913 1084
-7.03846 -39.5308 5.9301 1084
-6.88028 -39.5586 5.9301 1084
-7.16056 -39.529 5.93254 1084
-7.20008 -39.5218 5.93254 1084
-12.552 39.6774 6.10974 1085
-12.552 39.6774 6.10974 1085
-12.5615 39.7077 6.11364 1085
-12.5615 39.7077 6.11364 1085
-12.025 39.9481 6.12241 1085
-11.9851 39.9601 6.12241 1085
-12.8313 39.7298 6.12631 1086
-12.6723 39.7808 6.12631 1086
-12.3465 39.9995 6.13996 1086
-29.2882 33.7055 6.48266 1087
-29.2545 33.7348 6.48266 1087
-29.8169 33.292 6.48753 1088
-29.5832 33.4999 6.48753 1088
-29.6501 33.4407 6.48753 1088
-29.5832 33.4999 6.48753 1088
-30.4982 32.7776 6.49728 1089
-30.5309 32.7471 6.49728 1089
-30.7594 32.5326 6.49728 1089
-30.629 32.6554 6.49728 1089
-29.6699 33.5981 6.50362 1090
-29.6699 33.5981 6.50362 1090
-31.1073 32.4426 6.51873 1091
-31.1073 32.4426 6.51873 1091
-26.4052 36.5684 6.53823 1092
-26.3686 36.5948 6.53823 1092
-26.7098 36.45 6.54847 1092
-26.5272 36.5831 6.54847 1092
-27.7466 35.7224 6.55383 1093
-27.7109 35.7501 6.55383 1093
-27.749 35.7255 6.55432 1093
-27.5701 35.8638 6.55432 1093
-31.2258 33.0259 6.58064 1094
-31.1928 33.0571 6.58064 1094
-31.4974 32.8495 6.58795 1094
-31.4974 32.8495 6.58795 1094
-30.7994 33.5696 6.5938 1095
-30.833 33.5388 6.5938 1095
-30.7041 33.8714 6.6133 1095
-30.5684 33.994 6.6133 1095
-28.9132 35.653 6.63621 1096
-28.9132 35.653 6.63621 1096
-30.942 33.9288 6.63816 1097
-31.0775 33.8047 6.63816 1097
-30.8859 34.1406 6.65279 1097
-30.9201 34.1097 6.65279 1097
-29.0257 35.7918 6.65815 1098
-29.0973 35.7337 6.65815 1098
-29.2756 35.5877 6.65815 1098
-29.0257 35.7918 6.65815 1098
-28.6447 36.3505 6.68252 1099
-28.6083 36.3792 6.68252 1099
-32.6711 33.3985 6.73663 1100
-32.8045 33.2676 6.73663 1100
-26.7889 38.7907 6.78831 1101
-26.6335 38.8976 6.78831 1101
-26.834 38.8561 6.79806 1101
-28.8914 38.2909 6.8897 1102
-28.8531 38.3198 6.8897 1102
-31.2729 36.5026 6.90189 1103
-31.3094 36.4713 6.90189 1103
-29.8368 39.2982 7.05837 1104
-29.9937 39.1785 7.05837 1104
-30.001 39.188 7.05983 1104
-29.9618 39.2179 7.05983 1104
-32.0562 37.8745 7.09249 1105
-31.8665 38.0343 7.09249 1105
0.129045 -2.58932 1.31832 2
0.126456 -2.58944 1.31832 2
0.183669 -2.59 1.31881 2
0.186259 -2.58981 1.31881 2
0.191585 -2.59141 1.31905 2
0.204539 -2.59042 1.31905 2
0.228193 -2.59243 1.31954 2
0.173705 -2.59665 1.31954 2
0.202257 -2.59458 1.31954 2
0.223007 -2.59288 1.31954 2
0.137336 -2.59883 1.31954 2
0.223007 -2.59288 1.31954 2
0.186686 -2.59575 1.31954 2
0.150329 -2.59811 1.31954 2
0.238561 -2.5915 1.31954 2
0.204852 -2.59438 1.31954 2
0.150443 -2.60009 1.31979 2
0.147843 -2.60024 1.31979 2
0.238924 -2.59545 1.32003 2
0.236329 -2.59569 1.32003 2
0.0959583 -2.60665 1.32027 2
0.111596 -2.60602 1.32027 2
0.111596 -2.60602 1.32027 2
0.0933516 -2.60674 1.32027 2
0.166421 -2.60509 1.32052 2
0.155999 -2.60573 1.32052 2
0.0961044 -2.61061 1.32076 2
0.111766 -2.60999 1.32076 2
0.16394 -2.60723 1.32076 2
0.111766 -2.60999 1.32076 2
0.166547 -2.60707 1.32076 2
0.0830501 -2.61106 1.32076 2
0.0569791 -2.61375 1.321 2
0.0595928 -2.61369 1.321 2
0.276284 -2.60172 1.32125 2
0.247649 -2.6046 1.32125 2
0.258066 -2.60359 1.32125 2
0.273682 -2.602 1.32125 2
0.224368 -2.60871 1.32149 2
0.224368 -2.60871 1.32149 2
0.266279 -2.60676 1.32174 2
0.276704 -2.60567 1.32174 2
0.12005 -2.61956 1.32198 2
0.258653 -2.60952 1.32198 2
0.256043 -2.60978 1.32198 2
0.130527 -2.61906 1.32198 2
0.0781827 -2.62313 1.32222 2
0.295383 -2.60762 1.32222 2
0.059819 -2.62361 1.32222 2
0.0467003 -2.62388 1.32222 2
0.28495 -2.60878 1.32222 2
0.0650661 -2.62349 1.32222 2
0.0756738 -2.62717 1.32271 2
0.078301 -2.6271 1.32271 2
0.293661 -2.6158 1.3232 2
0.296277 -2.61551 1.3232 2
0.313141 -2.62354 1.32442 2
0.315764 -2.62322 1.32442 2
0.0391515 -2.64584 1.3249 2
0.0417974 -2.6458 1.3249 2
0.305957 -2.63038 1.32515 2
0.316476 -2.62913 1.32515 2
0.0233108 -2.65 1.32539 2
0.0233108 -2.65 1.32539 2
0.0100606 -2.65008 1.32539 2
0.0206608 -2.65002 1.32539 2
0.0286751 -2.6559 1.32612 2
0.335876 -2.63473 1.32612 2
0.335876 -2.63473 1.32612 2
0.0419541 -2.65572 1.32612 2
0.3414 -2.63602 1.32637 2
0.336127 -2.6367 1.32637 2
0.336127 -2.6367 1.32637 2
0.354576 -2.63428 1.32637 2
0.00478184 -2.662 1.32685 2
0.00478184 -2.662 1.32685 2
0.00479966 -2.67193 1.32807 2
0.00479966 -2.67193 1.32807 2
-0.0166496 -2.68379 1.32953 2
-0.0139658 -2.68381 1.32953 2
-0.0139761 -2.68579 1.32978 2
-0.0247192 -2.68572 1.32978 2
0.355884 -2.66415 1.33002 2
0.358548 -2.66379 1.33002 2
0.377464 -2.66318 1.33027 2
0.364143 -2.66504 1.33027 2
0.396681 -2.6644 1.33075 2
0.383355 -2.66635 1.33075 2
0.375907 -2.67142 1.33124 2
0.378578 -2.67105 1.33124 2
0.399897 -2.686 1.33343 2
0.397211 -2.6864 1.33343 2
0.406749 -2.69501 1.33465 2
0.420219 -2.69294 1.33465 2
0.419655 -2.70709 1.33636 2
0.422362 -2.70667 1.33636 2
0.429944 -2.71955 1.33807 2
0.443536 -2.71736 1.33807 2
0.448013 -2.74479 1.34148 2
0.445268 -2.74524 1.34148 2
0.472218 -2.77094 1.34513 2
0.472218 -2.77094 1.34513 2
0.480222 -2.81791 1.35098 2
0.480222 -2.81791 1.35098 2
7.95374 -3.59015 2.07148 6
7.93932 -3.62194 2.07148 6
7.95374 -3.59015 2.07148 6
7.95015 -3.5981 2.07148 6
7.96991 -3.56871 2.07221 6
7.98412 -3.5368 2.07221 6
7.93743 -3.64989 2.07269 6
7.93378 -3.65782 2.07269 6
7.94285 -3.65237 2.07343 6
7.92817 -3.68412 2.07343 6
7.91876 -3.71833 2.07416 6
7.92248 -3.71041 2.07416 6
8.00054 -3.55365 2.07489 6
8.00409 -3.54564 2.07489 6
7.93506 -3.7163 2.07586 6
7.92013 -3.74801 2.07586 6
8.06148 -3.50377 2.07927 6
8.0474 -3.53599 2.07927 6
7.94668 -3.78005 2.08049 6
7.94668 -3.78005 2.08049 6
8.08697 -3.51485 2.08269 6
8.08345 -3.52293 2.08269 6
7.98253 -3.7971 2.08537 6
7.98253 -3.7971 2.08537 6
8.13329 -3.4675 2.08561 6
8.13329 -3.4675 2.08561 6
8.00012 -3.88425 2.09195 6
8.004 -3.87625 2.09195 6
8.1899 -3.49163 2.09317 6
8.1899 -3.49163 2.09317 6
4.10435 13.3338 2.713 195
4.15766 13.3173 2.713 195
4.21209 13.3044 2.71348 195
4.19878 13.3086 2.71348 195
4.11886 13.3335 2.71348 195
4.10552 13.3376 2.71348 195
4.2544 13.2992 2.71446 195
4.20117 13.3161 2.71446 195
4.0678 13.3575 2.71446 195
4.01434 13.3736 2.71446 195
4.03458 13.3924 2.71738 195
4.02119 13.3965 2.71738 195
4.31736 13.3123 2.71836 195
4.30405 13.3166 2.71836 195
3.99398 13.4522 2.72299 195
3.94014 13.4681 2.72299 195
4.37088 13.3408 2.72372 195
4.31748 13.3582 2.72372 195
3.97709 13.5441 2.73323 195
3.96355 13.5481 2.73323 195
9.44017 12.716 2.94455 190
9.50363 12.6686 2.94455 190
9.46236 12.7193 2.9465 190
9.44964 12.7287 2.9465 190
9.55714 12.6606 2.94772 190
9.54448 12.6702 2.94772 190
9.36734 12.8042 2.94796 190
9.43124 12.7572 2.94796 190
9.37437 12.8138 2.94942 190
9.38718 12.8044 2.94942 190
9.62574 12.646 2.95137 190
9.56239 12.694 2.95137 190
9.37561 12.8694 2.95503 190
9.31114 12.9161 2.95503 190
9.67754 12.6614 2.95673 190
9.67754 12.6614 2.95673 190
15.3646 -4.38489 2.96185 187
15.3646 -4.38489 2.96185 187
9.35893 12.9551 2.96234 190
9.34597 12.9644 2.96234 190
15.3347 -4.50935 2.96258 187
15.3392 -4.49401 2.96258 187
15.3468 -4.49624 2.96356 187
15.3241 -4.57292 2.96356 187
15.3951 -4.39361 2.96575 187
15.3951 -4.39361 2.96575 187
15.3313 -4.62518 2.96624 187
15.3359 -4.60985 2.96624 187
9.72696 12.7261 2.96673 190
9.72696 12.7261 2.96673 190
15.3449 -4.69634 2.97038 187
15.3682 -4.61956 2.97038 187
15.4733 -4.29902 2.97185 187
15.4516 -4.37633 2.97185 187
15.5053 -4.32463 2.97648 187
15.5096 -4.30912 2.97648 187
15.3952 -4.7623 2.97867 187
15.4 -4.7469 2.97867 187
9.53948 16.7149 3.36305 177
9.45579 16.7623 3.36305 177
9.48213 16.809 3.36963 177
9.49893 16.7995 3.36963 177
9.29723 17.0342 3.38279 177
9.31426 17.0249 3.38279 177
9.18715 17.1164 3.38523 177
9.27262 17.0702 3.38523 177
9.09213 17.2277 3.39181 177
9.09213 17.2277 3.39181 177
8.50991 17.5446 3.39425 177
8.58002 17.5105 3.39425 177
9.11066 17.2628 3.39668 177
9.11066 17.2628 3.39668 177
7.84601 17.8753 3.39693 177
7.77445 17.9065 3.39693 177
8.54976 17.6268 3.40546 177
8.56739 17.6182 3.40546 177
8.69138 17.5596 3.4057 177
8.67382 17.5683 3.4057 177
8.37816 17.7222 3.40692 177
8.30721 17.7556 3.40692 177
9.04445 17.4318 3.41131 177
9.1315 17.3864 3.41131 177
8.44922 17.7346 3.41204 177
8.44922 17.7346 3.41204 177
9.30961 17.303 3.41253 177
9.2923 17.3123 3.41253 177
8.35699 17.8155 3.41618 177
8.33917 17.8239 3.41618 177
8.08965 17.9407 3.41643 177
8.16134 17.9082 3.41643 177
8.46971 17.7776 3.41789 177
8.46971 17.7776 3.41789 177
7.60696 18.1635 3.41789 177
9.55591 17.2204 3.41813 177
9.64189 17.1724 3.41813 177
9.9164 17.0177 3.41838 177
9.9164 17.0177 3.41838 177
8.22415 17.9035 3.41911 177
8.22415 17.9035 3.41911 177
8.29569 17.8704 3.41911 177
8.24205 17.8952 3.41911 177
9.56265 17.2326 3.41984 177
9.57988 17.223 3.41984 177
7.67995 18.1845 3.42374 177
9.47793 17.3653 3.4291 177
9.56464 17.3177 3.4291 177
9.96138 17.0948 3.42934 177
9.96138 17.0948 3.42934 177
10.1211 17.0539 3.43495 177
10.1041 17.064 3.43495 177
8.9071 17.7271 3.43592 177
8.92482 17.7182 3.43592 177
8.18364 18.1008 3.43909 177
8.16553 18.109 3.43909 177
8.045 18.1802 3.44104 177
8.11765 18.1479 3.44104 177
9.91105 17.2455 3.44226 177
9.8938 17.2554 3.44226 177
9.98991 17.2229 3.4447 177
9.01028 17.7551 3.4447 177
8.93918 17.791 3.4447 177
9.90368 17.2726 3.4447 177
9.06802 17.7368 3.44592 177
9.05028 17.7458 3.44592 177
8.10343 18.2629 3.45323 177
8.08516 18.271 3.45323 177
8.9345 17.9154 3.4581 177
8.86276 17.951 3.4581 177
19.359 -5.33693 3.46566 343
19.3802 -5.25945 3.46566 343
19.3855 -5.24007 3.46566 343
19.3855 -5.24007 3.46566 343
19.4036 -5.20334 3.46664 343
19.4293 -5.10626 3.46664 343
7.93748 18.6381 3.48735 177
7.93748 18.6381 3.48735 177
7.97714 18.7312 3.49978 177
7.97714 18.7312 3.49978 177
7.73523 18.8388 3.50052 177
10.4502 17.4886 3.50149 177
10.3802 17.5303 3.50149 177
7.81662 18.8224 3.50247 177
10.5528 17.5406 3.51343 564
10.5703 17.53 3.51343 564
8.18141 18.7924 3.5166 177
8.16262 18.8006 3.5166 177
9.41666 18.2383 3.52026 177
16.9439 11.9229 3.5439 176
16.9558 11.906 3.5439 176
16.8785 12.029 3.54488 176
16.9265 11.9614 3.54488 176
16.9585 11.9332 3.54609 176
17.018 11.8483 3.54609 176
9.57209 18.4037 3.54707 177
16.9181 12.0317 3.54902 176
16.906 12.0486 3.54902 176
17.0726 11.8357 3.55073 176
17.0845 11.8186 3.55073 176
16.8695 12.2015 3.55633 176
16.8695 12.2015 3.55633 176
17.1167 11.8662 3.55731 176
17.1758 11.7805 3.55731 176
17.3697 11.7356 3.57388 176
17.3226 11.8049 3.57388 176
17.3108 11.8223 3.57388 176
17.3108 11.8223 3.57388 176
16.995 12.2923 3.57534 176
17.7493 11.7608 3.61434 176
17.7907 11.7882 3.62043 176
17.7907 11.7882 3.62043 176
17.8315 11.8666 3.62994 176
17.772 11.9556 3.62994 176
17.7769 11.959 3.63067 176
17.7888 11.9412 3.63067 176
18.8721 -10.3344 3.64188 150
18.8824 -10.3155 3.64188 150
13.5626 16.7165 3.6431 349
13.5458 16.73 3.6431 349
18.8497 -10.4204 3.64456 150
18.9016 -10.326 3.64456 150
18.8462 -10.4677 3.647 150
18.8357 -10.4865 3.647 150
18.9484 -10.3024 3.64822 150
18.9996 -10.2075 3.64822 150
18.8317 -10.5832 3.65236 150
18.8844 -10.4889 3.65236 150
14.0696 16.4151 3.65456 349
14.1352 16.3587 3.65456 349
13.612 16.8118 3.65602 349
13.6792 16.7572 3.65602 349
18.8292 -10.6562 3.65651 150
18.8399 -10.6374 3.65651 150
13.8613 16.6379 3.65895 349
13.8613 16.6379 3.65895 349
18.871 -10.655 3.6609 150
18.8282 -10.7304 3.6609 150
18.8201 -10.8006 3.66431 150
18.8092 -10.8195 3.66431 150
14.0069 16.5753 3.66455 349
14.0731 16.5192 3.66455 349
13.7735 16.7698 3.66455 349
13.7903 16.756 3.66455 349
14.1252 16.4799 3.66504 349
14.1416 16.4657 3.66504 349
14.5676 16.0955 3.66553 349
14.5676 16.0955 3.66553 349
18.7904 -10.8838 3.66626 150
18.8338 -10.8086 3.66626 150
13.8506 16.7268 3.6665 349
13.7836 16.7821 3.6665 349
14.2342 16.4068 3.66699 349
14.2506 16.3926 3.66699 349
19.1537 -10.315 3.67113 150
19.164 -10.2958 3.67113 150
18.7937 -10.9611 3.67138 150
18.7937 -10.9611 3.67138 150
13.9299 16.7202 3.67211 349
13.9299 16.7202 3.67211 349
13.6014 17.0063 3.67381 349
13.5844 17.0199 3.67381 349
18.8332 -10.9841 3.67698 150
18.8332 -10.9841 3.67698 150
14.5193 16.2696 3.67747 349
14.6005 16.1968 3.67747 349
13.676 16.9948 3.67844 349
14.6395 16.175 3.67869 349
14.6395 16.175 3.67869 349
14.3828 16.4116 3.67942 349
14.3006 16.4833 3.67942 349
14.4346 16.3713 3.67991 349
14.4182 16.3858 3.67991 349
18.7771 -11.1537 3.68161 150
18.7883 -11.1349 3.68161 150
14.5634 16.2862 3.68259 349
14.5471 16.3007 3.68259 349
14.121 16.6764 3.68308 349
14.1043 16.6906 3.68308 349
18.819 -11.1531 3.686 150
18.7742 -11.2283 3.686 150
18.7541 -11.2928 3.68795 150
18.7428 -11.3115 3.68795 150
19.3848 -10.2402 3.69185 150
19.3848 -10.2402 3.69185 150
18.7881 -11.3133 3.69283 150
18.7427 -11.3883 3.69283 150
18.7491 -11.4694 3.69867 150
18.7376 -11.4881 3.69867 150
13.6813 17.2118 3.69965 349
13.5951 17.28 3.69965 349
13.6209 17.2773 3.70136 349
13.6037 17.2909 3.70136 349
19.5761 -10.3413 3.71842 150
19.5761 -10.3413 3.71842 150
14.7663 16.6132 3.72914 349
14.6831 16.6868 3.72914 349
19.7742 -10.3954 3.74304 150
19.826 -10.2964 3.74304 150
13.8274 17.6478 3.75278 349
13.739 17.7167 3.75278 349
20.0021 -10.3879 3.76741 150
19.9917 -10.4079 3.76741 150
17.7119 14.0666 3.77716 1106
13.891 17.9128 3.78325 349
13.9089 17.8989 3.78325 349
19.296 -11.9102 3.78423 150
19.3434 -11.833 3.78423 150
17.7193 14.1593 3.78496 1106
17.8133 14.0601 3.78642 1106
17.8133 14.0601 3.78642 1106
19.2785 -12.0062 3.78861 150
19.2905 -11.9869 3.78861 150
17.832 14.0748 3.78935 1108
17.832 14.0748 3.78935 1108
20.2388 -10.3316 3.79008 150
20.1869 -10.4327 3.79008 150
19.3057 -11.9964 3.79081 150
19.2575 -12.0735 3.79081 150
19.2615 -12.1566 3.79666 150
19.2493 -12.1759 3.79666 150
19.2968 -12.1789 3.80178 150
19.2479 -12.256 3.80178 150
19.2595 -12.3447 3.80884 150
19.2595 -12.3447 3.80884 150
19.2762 -12.3554 3.81128 150
19.2762 -12.3554 3.81128 150
18.0945 14.0486 3.81274 1106
19.225 -12.486 3.81469 1110
19.2125 -12.5052 3.81469 1110
20.4244 -10.4264 3.81567 150
20.414 -10.4468 3.81567 150
19.2022 -12.6081 3.82054 1111
19.265 -12.512 3.82054 1111
19.1974 -12.6876 3.82542 1111
19.2101 -12.6684 3.82542 1111
19.2581 -12.7001 3.83249 1111
19.1944 -12.7962 3.83249 1111
19.1872 -12.8747 3.83712 1111
19.2001 -12.8555 3.83712 1111
19.2232 -12.871 3.84053 1111
19.1586 -12.967 3.84053 1111
20.6921 -10.3811 3.84248 150
20.6399 -10.4844 3.84248 150
19.1688 -13.0298 3.84589 1111
19.1557 -13.049 3.84589 1111
19.2164 -13.0622 3.85296 1111
19.1508 -13.1581 3.85296 1111
19.1504 -13.2426 3.85881 1111
19.1637 -13.2234 3.85881 1111
19.1947 -13.2448 3.86344 1111
19.1283 -13.3406 3.86344 1111
19.1308 -13.3994 3.86783 1111
19.1308 -13.3994 3.86783 1111
20.882 -10.4763 3.86856 150
20.8715 -10.4972 3.86856 150
19.1714 -13.4278 3.87392 1111
19.1714 -13.4278 3.87392 1111
15.8758 17.2613 3.87953 355
15.8585 17.2771 3.87953 355
19.119 -13.5916 3.88026 1114
19.1054 -13.6107 3.88026 1114
15.8692 17.2888 3.88148 355
15.9555 17.2093 3.88148 355
19.1049 -13.6969 3.88635 128
19.1595 -13.6204 3.88635 128
19.0959 -13.7774 3.89123 128
19.0821 -13.7965 3.89123 128
19.0695 -13.8747 3.89562 128
19.1249 -13.7983 3.89562 128
19.0694 -13.9623 3.90195 128
19.0555 -13.9814 3.90195 128
19.063 -14.075 3.90951 128
19.1191 -13.9987 3.90951 128
19.0525 -14.1558 3.91438 128
19.0383 -14.1749 3.91438 128
19.0876 -14.1819 3.91975 128
19.0307 -14.2581 3.91975 128
19.0036 -14.3569 3.92438 128
19.0179 -14.3379 3.92438 128
19.0671 -14.3749 3.93193 128
19.0094 -14.451 3.93193 128
19.0101 -14.5418 3.93876 128
19.0101 -14.5418 3.93876 128
19.0496 -14.5719 3.94485 128
19.0496 -14.5719 3.94485 128
18.9606 -14.7458 3.94924 128
18.9753 -14.7268 3.94924 128
18.9522 -14.8308 3.95484 128
19.0114 -14.7548 3.95484 128
18.9591 -14.9281 3.96289 128
18.9442 -14.947 3.96289 128
18.9965 -14.9575 3.96874 128
18.9365 -15.0334 3.96874 128
15.0878 18.9034 3.96971 1116
18.9274 -15.15 3.97678 128
18.9425 -15.131 3.97678 128
18.9798 -15.1608 3.98263 128
18.919 -15.2366 3.98263 128
18.9071 -15.3207 3.98799 128
18.9071 -15.3207 3.98799 128
18.9518 -15.357 3.99506 128
18.8903 -15.4327 3.99506 128
18.9069 -15.5095 4.00262 128
18.8914 -15.5284 4.00262 128
18.8765 -15.6431 4.01017 128
18.9545 -15.5485 4.01017 128
3.39032 24.3024 4.01285 1117
3.41462 24.299 4.01285 1117
2.90386 24.3673 4.0131 1117
3.00131 24.3555 4.0131 1117
2.56265 24.4075 4.01334 1117
2.58706 24.405 4.01334 1117
2.73388 24.3929 4.01383 1117
2.92894 24.3703 4.01383 1117
2.73388 24.3929 4.01383 1117
2.90456 24.3732 4.01383 1117
3.0751 24.3523 4.01383 1117
2.24551 24.4427 4.01383 1118
3.09946 24.3492 4.01383 1119
3.34279 24.317 4.01383 1119
2.22107 24.445 4.01383 1120
2.14772 24.4515 4.01383 1120
2.0499 24.4599 4.01383 1120
3.22116 24.3334 4.01383 1121
2.66069 24.401 4.01383 1121
2.56307 24.4115 4.01383 1121
2.49002 24.421 4.01407 1121
2.36789 24.4332 4.01407 1121
2.3192 24.4398 4.01432 1121
3.51349 24.2969 4.01432 1122
3.0756 24.3562 4.01432 1122
2.22142 24.4489 4.01432 1123
3.39196 24.3142 4.01432 1122
3.173 24.3437 4.01432 1122
2.73477 24.4008 4.0148 1122
2.73477 24.4008 4.0148 1122
18.8757 -15.7062 4.01505 128
3.73292 24.2702 4.01505 1125
3.73292 24.2702 4.01505 1125
2.05073 24.4698 4.01505 1126
18.8757 -15.7062 4.01505 128
2.0752 24.4677 4.01505 1126
3.24707 24.342 4.01529 1128
2.39329 24.4407 4.01529 1129
3.22273 24.3452 4.01529 1130
2.36884 24.4431 4.01529 1131
3.73353 24.2741 4.01553 1132
3.73353 24.2741 4.01553 1132
1.70824 24.5001 4.01553 1133
1.70824 24.5001 4.01553 1133
1.70837 24.5021 4.01578 1133
1.70837 24.5021 4.01578 1133
3.56381 24.3016 4.01578 1134
3.58811 24.298 4.01578 1134
1.90464 24.4916 4.01627 1135
1.85565 24.4953 4.01627 1135
1.8558 24.4973 4.01651 1135
1.97827 24.4877 4.01651 1135
3.90493 24.2572 4.01675 1136
3.92919 24.2533 4.01675 1136
3.68646 24.2914 4.01675 1136
3.56496 24.3095 4.01675 1136
1.63565 24.519 4.01724 1137
1.53756 24.5253 4.01724 1137
4.24585 24.2099 4.01797 1138
1.36618 24.5414 4.01797 1139
1.46434 24.5358 4.01797 1139
4.07628 24.239 4.01797 1140
4.27006 24.2057 4.01797 1140
1.39072 24.54 4.01797 1141
4.19742 24.2184 4.01797 1142
1.36618 24.5414 4.01797 1143
3.90682 24.2689 4.01822 1144
4.02812 24.2491 4.01822 1144
4.10118 24.2389 4.01846 1144
4.07694 24.243 4.01846 1144
1.56285 24.5356 4.0187 1145
1.53831 24.5372 4.0187 1145
1.19475 24.5583 4.01895 1145
1.29297 24.5533 4.01895 1145
4.36896 24.2001 4.01943 1146
4.24791 24.2217 4.01943 1146
1.2197 24.565 4.01992 1147
1.19513 24.5662 4.01992 1147
4.68546 24.153 4.0209 1148
4.4437 24.1986 4.0209 1148
4.4195 24.203 4.0209 1148
4.58881 24.1715 4.0209 1148
4.58955 24.1754 4.02138 1148
4.61372 24.1708 4.02138 1148
1.0238 24.5899 4.02187 1149
1.04839 24.5888 4.02187 1149
4.54229 24.1904 4.02212 1146
4.42128 24.2128 4.02212 1146
0.851785 24.6004 4.02236 1151
0.876385 24.5995 4.02236 1151
1.12242 24.5915 4.0226 1151
1.02405 24.5958 4.0226 1151
0.851854 24.6024 4.0226 1151
0.974855 24.5978 4.0226 1151
4.76097 24.1544 4.02285 1152
4.76097 24.1544 4.02285 1152
18.9246 -15.7468 4.02285 128
18.9246 -15.7468 4.02285 128
0.680056 24.6236 4.02455 1153
0.680056 24.6236 4.02455 1153
4.76404 24.17 4.0248 1154
4.76404 24.17 4.0248 1154
0.680275 24.6316 4.02553 1155
0.680275 24.6316 4.02553 1155
5.1281 24.1055 4.02602 1156
5.10399 24.1106 4.02602 1156
0.507921 24.6397 4.02602 1157
0.53256 24.6392 4.02602 1157
0.606475 24.6375 4.02602 1157
0.507921 24.6397 4.02602 1157
5.03245 24.1297 4.0265 1158
4.93589 24.1496 4.0265 1158
4.96044 24.1466 4.02675 1158
4.93629 24.1516 4.02675 1158
5.20291 24.1016 4.02748 1158
5.10646 24.1223 4.02748 1158
0.458936 24.6565 4.02797 1159
0.335648 24.6585 4.02797 1159
0.335756 24.6665 4.02894 1159
0.360423 24.6661 4.02894 1159
5.30269 24.0961 4.02943 1160
5.27859 24.1014 4.02943 1160
18.8465 -15.9387 4.03065 128
18.8624 -15.9199 4.03065 128
0.286607 24.683 4.03089 1161
0.163189 24.6841 4.03089 1161
5.45023 24.0774 4.03113 1162
5.5465 24.0555 4.03113 1162
0.163216 24.6881 4.03138 1163
0.187904 24.6879 4.03138 1163
5.28283 24.1208 4.03187 1164
5.37927 24.0995 4.03187 1164
0.113857 24.6923 4.03187 1165
5.45155 24.0833 4.03187 1166
5.47563 24.0778 4.03187 1166
-0.00960492 24.6926 4.03187 1167
0.0150913 24.6985 4.0326 1167
-0.00960724 24.6985 4.0326 1167
5.64721 24.0524 4.03357 1168
5.62316 24.058 4.03357 1168
5.7244 24.0566 4.03625 1168
5.62813 24.0793 4.03625 1168
18.9034 -15.9544 4.03723 128
18.8234 -16.0487 4.03723 128
5.79841 24.047 4.03723 1169
5.79841 24.047 4.03723 1169
5.79887 24.049 4.03747 1169
5.79887 24.049 4.03747 1169
5.94449 24.0195 4.0382 1169
5.96851 24.0136 4.0382 1169
5.94688 24.0292 4.03942 1169
6.06695 23.9991 4.03942 1169
6.11935 24.0042 4.04162 1169
6.14335 23.9981 4.04162 1169
6.12474 24.0254 4.0443 1169
6.24479 23.9945 4.0443 1169
6.29277 23.9819 4.0443 1169
6.4126 23.9502 4.0443 1169
6.31725 23.9776 4.04454 1169
6.29327 23.9839 4.04454 1169
18.847 -16.1341 4.04625 128
18.8309 -16.153 4.04625 128
6.49065 23.9538 4.04722 1170
6.46669 23.9603 4.04722 1170
6.47186 23.9795 4.04966 1170
6.56773 23.9534 4.04966 1170
18.8772 -16.1599 4.05112 128
18.7961 -16.2541 4.05112 128
6.66775 23.9422 4.05161 1170
6.64381 23.9489 4.05161 1170
6.76563 23.923 4.05258 1170
6.64593 23.9565 4.05258 1170
6.81672 23.9209 4.05405 1170
6.81672 23.9209 4.05405 1170
6.8189 23.9285 4.05502 1170
6.8189 23.9285 4.05502 1170
18.8056 -16.3281 4.05795 128
18.7892 -16.3469 4.05795 128
22.8797 9.86774 4.05941 1172
18.7685 -16.4612 4.06526 128
18.8505 -16.3672 4.06526 128
22.9664 9.79639 4.06575 1172
23.0432 9.74756 4.07208 1172
18.7981 -16.5538 4.07549 128
18.7815 -16.5726 4.07549 128
23.1384 9.59743 4.07574 1174
7.8731 23.7888 4.07671 1175
23.1931 9.51157 4.07793 1172
23.1406 9.67982 4.07988 1172
7.88246 23.8171 4.08037 1177
7.88246 23.8171 4.08037 1177
23.2625 9.40442 4.08086 1172
23.2719 9.38115 4.08086 1172
18.8353 -16.5866 4.08159 128
18.7522 -16.6806 4.08159 128
8.07849 23.7702 4.08256 1179
8.05471 23.7783 4.08256 1179
8.15234 23.7534 4.08354 1179
8.05726 23.7858 4.08354 1179
23.2841 9.46737 4.08622 1172
8.23136 23.7513 4.08646 1181
8.25511 23.7431 4.08646 1181
18.7587 -16.7538 4.08817 128
18.742 -16.7725 4.08817 128
8.24046 23.7776 4.08988 1182
8.33551 23.7444 4.08988 1182
8.41466 23.7418 4.0928 1182
8.4384 23.7333 4.0928 1182
8.5109 23.7116 4.09329 1182
8.41599 23.7455 4.09329 1182
18.7131 -16.8819 4.09451 128
18.7972 -16.7881 4.09451 128
8.58876 23.7047 4.09573 1182
8.61246 23.6961 4.09573 1182
8.69171 23.6925 4.09865 1182
8.59687 23.7271 4.09865 1182
8.79333 23.6761 4.10109 1182
8.76964 23.6849 4.10109 1182
18.7469 -16.9806 4.10572 128
18.7469 -16.9806 4.10572 128
8.87825 23.6868 4.10596 1182
8.78343 23.7222 4.10596 1182
8.93121 23.6839 4.10791 1182
8.93121 23.6839 4.10791 1182
8.93331 23.6895 4.10864 1182
8.93331 23.6895 4.10864 1182
18.7793 -17.0099 4.11108 128
18.7793 -17.0099 4.11108 128
9.13255 23.6432 4.11206 1182
9.1089 23.6523 4.11206 1182
18.7212 -17.1974 4.12132 128
18.704 -17.2161 4.12132 128
18.6901 -17.3072 4.12766 128
18.7592 -17.2323 4.12766 128
18.6643 -17.4224 4.13497 128
18.6817 -17.4038 4.13497 128
18.6582 -17.5218 4.14277 128
18.7281 -17.4471 4.14277 128
18.6575 -17.6268 4.15154 128
18.6399 -17.6455 4.15154 128
18.7181 -17.6841 4.16178 128
18.6472 -17.7588 4.16178 128
22.6095 12.4159 4.16714 1186
18.6369 -17.8559 4.16909 128
18.619 -17.8745 4.16909 128
18.6081 -17.9716 4.1764 128
18.6799 -17.8971 4.1764 128
19.6366 16.8845 4.17981 359
18.5873 -18.0958 4.18518 128
22.7383 12.4866 4.18518 1172
18.6054 -18.0772 4.18518 128
19.8347 16.7807 4.19005 359
18.5897 -18.207 4.19493 128
18.6623 -18.1325 4.19493 128
18.5844 -18.3115 4.20346 128
18.5844 -18.3115 4.20346 128
24.5917 8.81496 4.2076 1172
24.5473 8.9378 4.2076 1172
18.6382 -18.3644 4.21272 128
18.6382 -18.3644 4.21272 128
18.5356 -18.5579 4.22052 128
18.5541 -18.5393 4.22052 128
24.7289 8.80838 4.2232 1189
24.7377 8.78365 4.2232 1189
18.5385 -18.6726 4.23076 128
18.6131 -18.5983 4.23076 128
18.5298 -18.7761 4.23904 128
18.5111 -18.7947 4.23904 128
24.9159 8.87499 4.24757 1172
24.96 8.7503 4.24757 1172
18.5157 -18.9125 4.24977 128
18.5912 -18.8383 4.24977 128
18.5305 -19.0035 4.25903 128
18.5115 -19.022 4.25903 128
18.5776 -19.0518 4.26732 128
18.4821 -19.1445 4.26732 128
25.1649 8.76566 4.27195 1191
18.4878 -19.2657 4.27853 128
18.5071 -19.2472 4.27853 128
18.4544 -19.3855 4.28633 128
18.5511 -19.293 4.28633 128
18.4757 -19.4858 4.29705 128
18.4562 -19.5043 4.29705 128
18.4338 -19.6373 4.30705 128
18.5317 -19.5449 4.30705 128
24.5131 11.3071 4.3146 382
24.5582 11.209 4.3146 382
18.4392 -19.722 4.31509 128
18.4392 -19.722 4.31509 128
24.6559 11.0457 4.31728 382
24.6116 11.1443 4.31728 382
24.6281 11.1221 4.31801 382
24.617 11.1467 4.31801 382
24.7325 10.9911 4.32313 382
24.7325 10.9911 4.32313 382
18.4961 -19.7829 4.32533 128
18.4961 -19.7829 4.32533 128
25.2708 9.77793 4.32703 1172
25.261 9.8032 4.32703 1172
24.6164 11.3249 4.32703 382
24.6051 11.3495 4.32703 382
24.7833 11.0136 4.32996 382
24.7833 11.0136 4.32996 382
25.3735 9.64306 4.33288 1172
25.3832 9.61768 4.33288 1172
25.3165 9.82474 4.33435 1172
25.3653 9.69804 4.33435 1172
24.5861 11.5502 4.33532 382
24.6321 11.4518 4.33532 382
18.4191 -19.979 4.33654 128
18.3991 -19.9974 4.33654 128
24.9417 10.9053 4.34239 382
24.9635 10.8554 4.34239 382
9.79164 25.4251 4.34531 399
9.91864 25.3758 4.34531 399
18.3859 -20.1441 4.34873 128
18.4864 -20.052 4.34873 128
10.0064 25.3755 4.34921 399
9.981 25.3855 4.34921 399
25.3864 10.0275 4.35141 1194
25.3864 10.0275 4.35141 1194
9.98899 25.4058 4.35189 399
10.1159 25.3555 4.35189 399
24.7226 11.6143 4.35384 382
24.7342 11.5896 4.35384 382
10.1762 25.3592 4.35506 399
10.2015 25.349 4.35506 399
10.1814 25.3721 4.35677 399
10.3081 25.3209 4.35677 399
18.372 -20.2507 4.35726 128
18.3923 -20.2323 4.35726 128
25.0927 10.9713 4.36262 382
25.6934 9.55935 4.36603 1195
25.703 9.53365 4.36603 1195
25.6333 9.74179 4.36701 1195
18.344 -20.383 4.36701 128
18.4457 -20.291 4.36701 128
25.6817 9.6135 4.36701 1196
10.3933 25.3847 4.36798 399
25.767 9.44032 4.36944 1197
25.7195 9.56904 4.36944 1197
10.3978 25.3957 4.36944 399
10.583 25.3407 4.37188 399
10.5937 25.3663 4.37529 399
18.3384 -20.5001 4.37724 128
18.3589 -20.4817 4.37724 128
18.4238 -20.5542 4.38919 128
18.3208 -20.646 4.38919 128
18.3152 -20.7649 4.39967 128
18.336 -20.7466 4.39967 128
18.3899 -20.8076 4.40966 128
18.2856 -20.8993 4.40966 128
25.8295 10.2025 4.4099 1198
25.8295 10.2025 4.4099 1198
18.2972 -20.9972 4.41965 128
18.2762 -21.0154 4.41965 128
24.4062 13.4661 4.42258 1199
24.3385 13.588 4.42258 1199
18.2832 -21.1513 4.43282 128
18.3677 -21.078 4.43282 128
24.5583 13.486 4.44013 1200
18.2792 -21.2753 4.44403 128
18.2792 -21.2753 4.44403 128
18.3426 -21.3491 4.45597 128
18.3426 -21.3491 4.45597 128
24.7744 13.3798 4.45719 1201
24.7878 13.3551 4.45719 1201
12.993 25.0421 4.46401 1202
12.8264 25.1501 4.46645 1202
18.2353 -21.5709 4.46816 128
18.2568 -21.5527 4.46816 128
24.7811 13.6084 4.47133 1203
18.2216 -21.6863 4.47791 128
18.3082 -21.6133 4.47791 128
18.2328 -21.8323 4.49253 128
18.2109 -21.8505 4.49253 128
18.2187 -21.9937 4.50667 128
18.3066 -21.9207 4.50667 128
18.2334 -22.1464 4.52227 128
18.2113 -22.1646 4.52227 128
18.2965 -22.223 4.53445 128
18.2075 -22.296 4.53445 128
18.2206 -22.4492 4.55005 128
18.243 -22.4309 4.55005 128
18.214 -22.6255 4.56638 128
18.3269 -22.5341 4.56638 128
18.2354 -22.7916 4.58393 128
18.2126 -22.8098 4.58393 128
27.0555 11.1272 4.59198 869
27.041 11.3432 4.60051 869
27.0557 11.3493 4.60246 869
18.2428 -22.9888 4.60343 128
18.3346 -22.9156 4.60343 128
15.838 24.7307 4.60587 411
15.838 24.7307 4.60587 411
27.0303 11.5618 4.60977 871
27.1895 11.1823 4.60977 871
27.0924 11.5884 4.61806 871
18.2635 -23.1572 4.62123 128
18.2635 -23.1572 4.62123 128
18.3618 -23.2819 4.64072 128
18.3618 -23.2819 4.64072 128
18.3291 -23.5294 4.66217 128
18.282 -23.566 4.66217 128
16.9647 24.6062 4.66973 411
16.9893 24.5892 4.66973 411
18.4414 -23.6735 4.6846 128
18.3228 -23.7654 4.6846 128
18.4033 -23.9689 4.71043 128
18.3794 -23.9873 4.71043 128
18.4274 -24.2503 4.73968 128
18.5484 -24.1579 4.73968 128
18.4826 -24.475 4.76576 128
18.507 -24.4565 4.76576 128
18.544 -24.7616 4.79842 128
18.6675 -24.6686 4.79842 128
18.6343 -25.0385 4.8323 128
18.6594 -25.0198 4.8323 128
29.1054 -11.4567 4.84059 419
29.094 -11.4858 4.84059 419
29.0662 -11.6094 4.84303 419
29.1239 -11.4639 4.84303 419
29.0534 -11.7055 4.84595 419
29.0651 -11.6764 4.84595 419
29.0835 -11.6838 4.84839 419
29.0247 -11.8291 4.84839 419
29.0258 -11.9312 4.85326 419
29.0377 -11.9022 4.85326 419
29.0072 -12.0594 4.85716 419
29.0671 -11.9142 4.85716 419
29.3368 -11.3112 4.86058 419
29.2799 -11.4578 4.86058 419
29.0141 -12.1304 4.86131 1204
29.002 -12.1594 4.86131 1204
29.0343 -12.1388 4.86399 1204
28.9732 -12.2838 4.86399 1204
30.9409 -7.04905 4.89641 1205
30.9479 -7.01811 4.89641 1205
30.9746 -6.92653 4.89714 1205
29.6995 -11.4852 4.90981 422
29.7109 -11.4555 4.90981 422
24.2999 20.6002 4.91152 430
24.4026 20.4784 4.91152 430
24.5014 20.478 4.92078 430
24.5219 20.4535 4.92078 430
24.3786 20.6669 4.92419 430
28.7746 -14.1132 4.93516 1207
28.8448 -13.9692 4.93516 1207
28.7606 -14.2136 4.93906 1207
28.7748 -14.1848 4.93906 1207
24.6232 20.5798 4.94028 430
24.7054 20.4812 4.94028 430
31.5042 -6.22239 4.94296 1208
31.5042 -6.22239 4.94296 1208
31.6318 -5.56017 4.94345 1209
31.6037 -5.71826 4.94345 1209
28.821 -14.2076 4.9454 1210
28.7497 -14.3516 4.9454 1210
31.6497 -5.59595 4.94637 1211
31.6553 -5.56429 4.94637 1211
31.5393 -6.22932 4.94735 1212
31.5393 -6.22932 4.94735 1212
31.5517 -6.16623 4.94735 1212
24.3809 20.9639 4.94808 1213
31.5878 -6.04221 4.94881 1214
31.5938 -6.01062 4.94881 1214
24.8249 20.4549 4.94954 430
24.8454 20.4301 4.94954 430
31.6449 -5.82382 4.95076 1215
31.6507 -5.79217 4.95076 1215
24.411 20.9898 4.95295 1216
24.411 20.9898 4.95295 1216
31.6448 -5.95476 4.95369 1217
31.6742 -5.79646 4.95369 1217
24.8923 20.5105 4.96027 430
24.9742 20.4107 4.96027 430
31.609 -6.50624 4.96246 1212
30.199 -11.4015 4.96343 428
30.199 -11.4015 4.96343 428
24.3383 21.2254 4.96514 1219
24.4441 21.1035 4.96514 1219
25.1605 20.3957 4.97684 430
25.1401 20.4208 4.97684 430
24.4609 21.3324 4.98513 1220
24.4823 21.3079 4.98513 1220
25.3205 20.3998 4.99244 430
25.2387 20.5009 4.99244 430
24.3645 21.5504 4.9939 1221
24.472 21.4284 4.9939 1221
30.4961 -11.5137 5.00243 431
30.4961 -11.5137 5.00243 431
25.4621 20.3883 5.00511 430
24.4657 21.6399 5.01048 1222
24.4873 21.6154 5.01048 1222
25.6295 20.5223 5.03144 430
24.4714 21.9081 5.0329 1223
24.5589 21.81 5.0329 1223
24.5703 21.9524 5.04557 1223
24.5484 21.9769 5.04557 1223
22.6479 23.9909 5.05094 882
32.015 -7.97046 5.05094 1224
22.6719 23.9682 5.05094 882
32.0229 -7.93845 5.05094 1224
32.7473 -4.28129 5.05508 1226
32.7642 -4.15027 5.05508 1226
24.4762 22.223 5.05922 1227
24.5649 22.1249 5.05922 1227
26.1054 20.3102 5.06117 432
32.2041 -7.98334 5.07385 1224
32.1637 -8.14426 5.07385 1224
24.5955 22.2865 5.07531 891
24.5732 22.311 5.07531 891
26.2339 20.4101 5.08116 432
26.3153 20.305 5.08116 432
32.9866 -4.3797 5.08579 1230
32.9778 -4.44567 5.08579 1230
26.4531 20.243 5.08994 432
26.4328 20.2695 5.08994 432
24.6146 22.4837 5.09335 891
24.5245 22.582 5.09335 891
33.1499 -4.23282 5.10334 1231
33.1541 -4.19966 5.10334 1231
26.6022 20.2309 5.10358 432
26.521 20.3371 5.10358 432
32.8809 -6.25548 5.10968 437
33.2572 -4.11139 5.11455 1232
33.2734 -3.97833 5.11455 1232
26.7609 20.2252 5.1187 442
26.7812 20.1984 5.1187 442
26.8813 20.3161 5.13722 442
26.9623 20.2085 5.13722 442
33.383 -4.70439 5.13941 1233
33.3639 -4.83789 5.13941 1233
23.8479 23.8377 5.14015 890
23.824 23.8615 5.14015 890
33.0429 -6.76696 5.14136 437
24.656 23.0241 5.1421 891
24.656 23.0241 5.1421 891
24.6618 23.0295 5.14307 891
24.6618 23.0295 5.14307 891
32.8966 -7.70251 5.14843 1234
32.8888 -7.7354 5.14843 1234
27.1152 20.1963 5.15136 442
27.1354 20.1691 5.15136 442
24.5778 23.2753 5.15623 449
24.6707 23.1768 5.15623 449
32.9932 -7.72514 5.16062 1235
32.962 -7.85705 5.16062 1235
27.1916 20.2532 5.16306 442
27.2724 20.1442 5.16306 442
33.2526 -6.94861 5.1711 437
33.2802 -6.81555 5.1711 437
33.0348 -7.9792 5.17281 1236
33.0348 -7.9792 5.17281 1236
24.7104 23.4009 5.17866 449
24.7338 23.3761 5.17866 449
27.447 20.1885 5.18353 442
27.4671 20.161 5.18353 442
24.735 23.5653 5.19474 449
24.6405 23.664 5.19474 449
27.6246 20.107 5.19523 442
27.5237 20.2449 5.19523 442
24.7186 23.6916 5.204 449
24.6949 23.7163 5.204 449
27.7781 20.0916 5.20937 442
29.2008 18.3149 5.23228 451
29.1273 18.4316 5.23228 451
29.149 18.4046 5.23277 451
29.1306 18.4337 5.23277 451
33.4745 -8.54745 5.24203 1237
33.4314 -8.71471 5.24203 1237
33.4089 -8.81598 5.24252 1237
33.4177 -8.78257 5.24252 1237
29.0844 18.6908 5.24495 451
29.1775 18.5452 5.24495 451
29.4019 18.2776 5.2508 451
29.3836 18.307 5.2508 451
29.1632 18.7003 5.25373 451
29.1445 18.7295 5.25373 451
29.5049 18.3826 5.26835 451
29.5782 18.2645 5.26835 451
29.2104 18.8545 5.26884 451
29.1157 19.0003 5.26884 451
34.4854 -5.07095 5.27981 1238
34.4803 -5.10543 5.27981 1238
29.2155 19.0654 5.28346 451
29.2345 19.0362 5.28346 451
29.1574 19.3199 5.29468 451
34.6099 -5.33703 5.29979 1239
34.6099 -5.33703 5.29979 1239
34.6688 -5.34611 5.30711 1239
34.6688 -5.34611 5.30711 1239
34.805 -5.29587 5.32271 1239
34.8311 -5.12178 5.32271 1239
34.5777 -7.6234 5.34757 930
34.5853 -7.58881 5.34757 930
34.5931 -7.59052 5.34854 930
34.6686 -7.35312 5.35147 930
34.6613 -7.38779 5.35147 930
34.6764 -7.35477 5.35244 930
34.6467 -7.49342 5.35244 930
8.65779 -34.806 5.40387 126
8.6926 -34.7973 5.40387 126
8.69596 -34.8108 5.40558 126
8.55665 -34.8453 5.40558 126
8.94882 -34.7856 5.41021 126
8.94882 -34.7856 5.41021 126
35.4145 -6.00625 5.41045 1240
35.4205 -5.97084 5.41045 1240
8.96465 -34.8471 5.41801 126
8.96465 -34.8471 5.41801 126
9.22512 -34.8469 5.42605 126
9.08566 -34.8835 5.42605 126
9.2014 -34.8983 5.43141 126
9.2363 -34.8891 5.43141 126
9.48498 -34.8408 5.43361 126
9.34555 -34.8785 5.43361 126
9.46209 -34.8944 5.43921 126
9.49698 -34.8849 5.43921 126
9.58144 -34.9194 5.44604 126
9.75591 -34.8711 5.44604 126
8.49497 -35.2015 5.44628 126
8.53017 -35.193 5.44628 126
9.76661 -34.9093 5.45091 126
9.7317 -34.919 5.45091 126
10.0239 -34.8859 5.45676 126
9.84934 -34.9356 5.45676 126
10.0076 -34.9608 5.46505 126
10.0425 -34.9507 5.46505 126
10.1257 -34.9763 5.4709 126
10.3004 -34.9253 5.4709 126
10.3161 -34.9786 5.47772 126
10.2812 -34.9889 5.47772 126
31.1913 18.9602 5.48187 1241
31.1152 19.0848 5.48187 1241
10.5803 -34.9701 5.48601 126
10.5803 -34.9701 5.48601 126
8.47027 -35.5667 5.48918 936
8.61247 -35.5326 5.48918 936
10.5929 -35.0119 5.49137 126
10.5929 -35.0119 5.49137 126
10.8483 -34.971 5.49576 126
10.6733 -35.0248 5.49576 126
10.8636 -35.0203 5.5021 126
10.8286 -35.0312 5.5021 126
11.1259 -34.9983 5.50917 126
10.9508 -35.0535 5.50917 126
11.1161 -35.0889 5.5194 126
11.1512 -35.0778 5.5194 126
11.2359 -35.1008 5.52525 126
11.4112 -35.0441 5.52525 126
11.3939 -35.1103 5.53232 126
11.429 -35.0989 5.53232 126
11.5141 -35.1212 5.53817 126
11.6895 -35.0632 5.53817 126
8.42289 -36.0062 5.54036 1242
8.45889 -35.9978 5.54036 1242
11.6757 -35.1389 5.54646 1243
11.7109 -35.1272 5.54646 1243
11.977 -35.1045 5.55426 1243
11.8013 -35.164 5.55426 1243
11.9271 -35.1886 5.56206 1243
11.9975 -35.1646 5.56206 1243
12.2278 -35.1483 5.56937 1243
12.2278 -35.1483 5.56937 1243
12.2474 -35.2045 5.57668 1243
12.2474 -35.2045 5.57668 1243
12.5122 -35.1703 5.58351 1243
12.3714 -35.2201 5.58351 1243
12.4956 -35.2352 5.59033 1243
12.5308 -35.2227 5.59033 1243
12.7906 -35.1714 5.59521 1243
12.6498 -35.2223 5.59521 1243
12.8191 -35.2497 5.60544 1243
12.7838 -35.2626 5.60544 1243
8.43713 -36.5613 5.60715 1244
8.58331 -36.5273 5.60715 1244
13.0911 -35.228 5.61446 1245
12.9501 -35.2801 5.61446 1245
13.1188 -35.3024 5.62421 1245
13.0835 -35.3155 5.62421 1245
13.2455 -35.3187 5.63152 1245
13.3867 -35.2654 5.63152 1245
13.3739 -35.3382 5.63932 1245
13.4092 -35.3248 5.63932 1245
13.6748 -35.2782 5.64566 1245
13.5336 -35.3326 5.64566 1245
8.40055 -36.9078 5.64761 1246
8.36363 -36.9162 5.64761 1246
13.661 -35.3474 5.65297 1247
13.6964 -35.3337 5.65297 1247
8.32816 -37.2782 5.69002 1248
8.4772 -37.2446 5.69002 1248
8.32645 -37.8032 5.7529 1248
8.28864 -37.8115 5.7529 1248
8.22464 -38.0651 5.78167 1248
8.37684 -38.0319 5.78167 1248
8.25511 -38.7692 5.86697 1249
8.25511 -38.7692 5.86697 1249
8.27578 -38.8663 5.87916 1249
8.27578 -38.8663 5.87916 1249
8.10782 -39.6314 5.96691 1250
8.18706 -39.6151 5.96691 1250
8.23447 -39.8445 5.99567 1250
8.03515 -39.8851 5.99567 1250
39.6394 9.41458 6.00249 1251
39.5918 9.61266 6.00249 1251
39.6284 9.57959 6.00591 1251
39.6188 9.61922 6.00591 1251
39.7718 9.32008 6.01565 1251
39.7625 9.35984 6.01565 1251
39.6721 9.88459 6.02004 1251
39.6622 9.92426 6.02004 1251
39.7007 9.93389 6.02492 1251
39.7499 9.73527 6.02492 1251
39.6302 10.2116 6.02492 1251
39.6302 10.2116 6.02492 1251
39.9364 9.40078 6.03759 1252
39.9736 9.24096 6.03759 1252
-0.027694 -2.71403 1.42988 2
-0.0359924 -2.72578 1.43176 2
-0.0332666 -2.72582 1.43176 2
-0.0334595 -2.74162 1.43426 2
-0.0471671 -2.74142 1.43426 2
-0.0527257 -2.74527 1.43489 2
-0.0554709 -2.74521 1.43489 2
-0.0531429 -2.76699 1.43833 2
-0.0669772 -2.76669 1.43833 2
-0.0760829 -2.7961 1.44302 2
-0.0732868 -2.79617 1.44302 2
-0.088376 -2.83131 1.44865 2
-0.0742184 -2.83172 1.44865 2
-2.41085 -2.59201 1.56066 3
-2.41085 -2.59201 1.56066 3
-2.427 -2.60936 1.56442 3
-2.427 -2.60936 1.56442 3
-2.4352 -2.62871 1.56754 3
-2.42202 -2.64085 1.56754 3
-2.42736 -2.64667 1.5688 3
-2.43001 -2.64424 1.5688 3
-2.48868 -2.72444 1.58444 3
-2.47503 -2.73685 1.58444 3
-3.28512 -7.89736 2.35472 4
-3.32457 -7.88084 2.35472 4
-3.34897 -7.87264 2.35504 4
-3.3411 -7.87599 2.35504 4
-3.3859 -7.87189 2.35723 4
-3.3465 -7.88872 2.35723 4
-3.29195 -7.91377 2.35754 4
-3.30777 -7.90718 2.35754 4
-3.24095 -7.9476 2.35942 4
-3.28065 -7.93129 2.35942 4
-3.40948 -7.88323 2.36035 4
-3.41736 -7.87982 2.36035 4
-3.4134 -7.8923 2.36192 4
-3.45281 -7.87513 2.36192 4
-3.47015 -7.87182 2.36254 4
-3.47015 -7.87182 2.36254 4
-3.47175 -7.87544 2.36317 4
-3.47175 -7.87544 2.36317 4
-3.5395 -7.85822 2.36505 4
-3.53164 -7.86176 2.36505 4
-3.53974 -7.87978 2.36818 4
-3.57909 -7.86198 2.36818 4
-3.60678 -7.86018 2.36974 4
-3.59892 -7.86379 2.36974 4
-3.60221 -7.87097 2.37099 4
-3.64152 -7.85286 2.37099 4
-3.6659 -7.84369 2.3713 4
-3.65805 -7.84735 2.3713 4
-3.65972 -7.85093 2.37193 4
-3.69893 -7.83254 2.37193 4
-3.27377 -8.02808 2.37318 4
-3.2818 -8.0248 2.37318 4
-3.7326 -7.84281 2.37568 4
-3.72475 -7.84654 2.37568 4
-3.72899 -7.85546 2.37725 4
-3.76822 -7.83672 2.37725 4
-3.82646 -7.81724 2.3785 4
-3.78732 -7.83628 2.3785 4
-3.79688 -7.83604 2.37913 4
-3.78904 -7.83984 2.37913 4
-3.84906 -7.82376 2.381 4
-3.84906 -7.82376 2.381 4
-3.85604 -7.83794 2.38351 4
-3.85604 -7.83794 2.38351 4
-3.9257 -7.82096 2.38601 4
-3.91788 -7.82488 2.38601 4
-3.95964 -7.81048 2.38695 4
-3.92053 -7.83018 2.38695 4
-3.98305 -7.79857 2.38695 4
-3.97525 -7.80255 2.38695 4
-3.98153 -7.81487 2.38914 4
-4.02055 -7.79486 2.38914 4
-3.25708 -8.14985 2.39008 4
-3.29779 -8.13347 2.39008 4
-4.05394 -7.80205 2.39258 4
-4.04613 -7.8061 2.39258 4
-4.14196 -7.7803 2.39602 4
-4.11081 -7.7968 2.39602 4
-4.11953 -7.79444 2.39633 4
-4.11173 -7.79855 2.39633 4
-4.08923 -7.8126 2.39665 4
-4.05795 -7.8289 2.39665 4
-4.1824 -7.78107 2.39915 4
-4.16683 -7.78942 2.39915 4
-4.17801 -7.81032 2.4029 4
-4.21701 -7.78933 2.4029 4
-4.24509 -7.78532 2.40447 4
-4.24509 -7.78532 2.40447 4
-4.29842 -7.77181 2.40666 4
-4.31395 -7.76319 2.40666 4
-4.25266 -7.79919 2.40697 4
-4.25266 -7.79919 2.40697 4
-3.31463 -8.24596 2.4076 4
-3.29813 -8.25257 2.4076 4
-4.34398 -7.76228 2.40885 4
-4.30511 -7.78391 2.40885 4
-4.36724 -7.76735 2.41135 4
-4.38276 -7.75861 2.41135 4
-4.37692 -7.78457 2.41448 4
-4.41579 -7.76259 2.41448 4
-4.44975 -7.75001 2.41542 4
-4.43424 -7.75889 2.41542 4
-4.48089 -7.7503 2.41792 4
-4.44209 -7.77261 2.41792 4
-4.55004 -7.74429 2.42262 4
-4.51127 -7.76695 2.42262 4
-4.53376 -7.76985 2.42481 4
-4.51821 -7.7789 2.42481 4
-3.28134 -8.38031 2.42543 4
-3.28134 -8.38031 2.42543 4
-4.59408 -7.74812 2.42668 4
-4.57858 -7.75729 2.42668 4
-4.61933 -7.7377 2.42731 4
-4.58059 -7.7607 2.42731 4
-4.63988 -7.73691 2.42887 4
-4.63988 -7.73691 2.42887 4
-4.648 -7.75047 2.43138 4
-4.648 -7.75047 2.43138 4
-4.72891 -7.72685 2.43482 4
-4.71345 -7.7363 2.43482 4
-4.72578 -7.75654 2.43857 4
-4.76451 -7.73281 2.43857 4
-4.78412 -7.72999 2.43982 4
-4.79957 -7.7204 2.43982 4
-4.82481 -7.70932 2.44045 4
-4.7862 -7.73335 2.44045 4
-3.31807 -8.47411 2.44139 4
-3.31807 -8.47411 2.44139 4
-4.8651 -7.70499 2.44326 4
-4.84968 -7.71471 2.44326 4
-4.89879 -7.70703 2.44639 4
-4.86019 -7.73143 2.44639 4
-4.93679 -7.7156 2.45077 4
-4.92907 -7.72053 2.45077 4
-4.93226 -7.72552 2.45171 4
-4.97083 -7.70077 2.45171 4
-4.99267 -7.70075 2.45359 4
-5.00036 -7.69576 2.45359 4
-5.00019 -7.71236 2.45578 4
-5.03869 -7.68726 2.45578 4
-3.29686 -8.59673 2.45828 4
-3.33981 -8.58014 2.45828 4
-5.06817 -7.69862 2.45985 4
-5.06817 -7.69862 2.45985 4
-5.08338 -7.72172 2.46423 4
-5.08338 -7.72172 2.46423 4
-5.1417 -7.69251 2.46548 4
-5.14939 -7.68737 2.46548 4
-5.18563 -7.67489 2.46704 4
-5.14719 -7.70072 2.46704 4
-5.21427 -7.68412 2.4708 4
-5.22196 -7.6789 2.4708 4
-5.21982 -7.69229 2.47236 4
-5.25822 -7.6661 2.47236 4
-3.35174 -8.6878 2.47486 4
-3.33435 -8.69448 2.47486 4
-5.29354 -7.66817 2.4758 4
-5.28587 -7.67346 2.4758 4
-5.33094 -7.65666 2.47768 4
-5.29259 -7.68322 2.47768 4
-5.3553 -7.65894 2.48018 4
-5.36295 -7.65358 2.48018 4
-5.36548 -7.67351 2.483 4
-5.39614 -7.65198 2.483 4
-5.43507 -7.65831 2.48738 4
-5.44273 -7.65287 2.48738 4
-5.48826 -7.65191 2.49145 4
-5.44994 -7.67925 2.49145 4
-5.51164 -7.65214 2.49364 4
-5.51164 -7.65214 2.49364 4
-5.51626 -7.65855 2.49489 4
-5.51626 -7.65855 2.49489 4
-3.36692 -8.83219 2.49708 4
-3.32271 -8.84891 2.49708 4
-5.58488 -7.64048 2.49896 4
-5.59252 -7.63489 2.49896 4
-5.59654 -7.65643 2.50208 4
-5.63475 -7.62835 2.50208 4
-5.66294 -7.63452 2.50553 4
-5.67058 -7.62885 2.50553 4
-5.71171 -7.62033 2.50834 4
-5.67354 -7.6488 2.50834 4
-5.73644 -7.62152 2.51084 4
-5.74406 -7.61578 2.51084 4
-5.74476 -7.63257 2.51303 4
-5.77524 -7.60953 2.51303 4
-3.38718 -8.96606 2.51804 4
-5.82484 -7.61147 2.51804 4
-3.36924 -8.97281 2.51804 4
-5.81723 -7.61729 2.51804 4
-5.82922 -7.63299 2.52117 4
-5.8597 -7.60961 2.52117 4
-5.88699 -7.6135 2.5243 4
-5.90221 -7.60171 2.5243 4
-5.9335 -7.59487 2.52649 4
-5.89545 -7.62444 2.52649 4
-5.95843 -7.59542 2.52899 4
-5.95843 -7.59542 2.52899 4
-3.38237 -9.06282 2.53212 4
-3.33701 -9.07961 2.53212 4
-5.97794 -7.62029 2.534 4
-5.97794 -7.62029 2.534 4
-6.06231 -7.58624 2.53806 4
-6.04712 -7.59835 2.53806 4
-6.09123 -7.57571 2.53963 4
-6.05327 -7.60608 2.53963 4
-6.12002 -7.58042 2.54307 4
-6.13517 -7.56817 2.54307 4
-6.13491 -7.59887 2.54682 4
-6.17283 -7.5681 2.54682 4
-6.22312 -7.56776 2.55183 4
-6.20798 -7.58019 2.55183 4
-6.2255 -7.60158 2.55621 4
-6.26343 -7.57036 2.55621 4
-6.28865 -7.56998 2.55871 4
-6.30378 -7.55738 2.55871 4
-6.29623 -7.57909 2.56059 4
-6.33404 -7.54752 2.56059 4
-6.36313 -7.55145 2.56403 4
-6.37822 -7.53871 2.56403 4
-6.42129 -7.54361 2.56904 4
-6.38349 -7.57562 2.56904 4
-6.45177 -7.54877 2.57279 4
-6.45177 -7.54877 2.57279 4
-6.46717 -7.56679 2.57655 4
-6.46717 -7.56679 2.57655 4
-6.53162 -7.53477 2.57936 4
-6.53915 -7.52823 2.57936 4
-6.58743 -7.52282 2.58374 4
-6.54974 -7.55567 2.58374 4
-6.63217 -7.52822 2.58906 4
-6.62464 -7.53485 2.58906 4
-6.64029 -7.55265 2.59282 4
-6.67797 -7.51936 2.59282 4
-6.71235 -7.51255 2.59563 4
-6.70483 -7.51926 2.59563 4
-7.16658 -7.47699 2.64037 4
-7.1591 -7.48416 2.64037 4
-7.16183 -7.48701 2.641 4
-7.19918 -7.45111 2.641 4
-7.23883 -7.46222 2.64663 4
-7.24628 -7.45498 2.64663 4
-7.25946 -7.48349 2.65132 4
-7.29678 -7.44709 2.65132 4
-7.3366 -7.45783 2.65695 4
-7.34405 -7.45049 2.65695 4
-7.35184 -7.47332 2.6604 4
-7.38911 -7.43647 2.6604 4
-7.41513 -7.43287 2.6629 4
-7.42256 -7.42545 2.6629 4
-7.47604 -7.41935 2.66822 4
-7.43885 -7.45664 2.66822 4
-7.51615 -7.42938 2.67385 4
-7.51615 -7.42938 2.67385 4
-7.54425 -7.45716 2.68011 4
-7.54425 -7.45716 2.68011 4
-7.60758 -7.41519 2.68261 4
-7.61499 -7.40758 2.68261 4
-7.63021 -7.43725 2.68761 4
-7.6599 -7.40667 2.68761 4
-7.71227 -7.39785 2.69262 4
-7.69746 -7.41326 2.69262 4
-7.75588 -7.39513 2.69731 4
-7.71881 -7.43382 2.69731 4
-7.811 -7.40309 2.70451 4
-7.8184 -7.39527 2.70451 4
-7.86377 -7.37881 2.70795 4
-7.82678 -7.41803 2.70795 4
-7.90304 -7.38599 2.71327 4
-7.91043 -7.37809 2.71327 4
-7.95281 -7.37312 2.71765 4
-7.92325 -7.40488 2.71765 4
-8.01422 -7.37067 2.72453 4
-7.99946 -7.38669 2.72453 4
-8.02268 -7.40813 2.72954 4
-8.05962 -7.36792 2.72954 4
-8.09333 -7.36908 2.73361 4
-8.09333 -7.36908 2.73361 4
-8.11962 -7.39302 2.73924 4
-8.11962 -7.39302 2.73924 4
-8.19322 -7.35579 2.74393 4
-8.20792 -7.33939 2.74393 4
-8.26238 -7.34361 2.75081 4
-8.22556 -7.38483 2.75081 4
-8.31836 -7.33401 2.75645 4
-8.30368 -7.35063 2.75645 4
-10.349 4.00695 2.7577 124
-10.3665 3.97801 2.75864 124
-10.3879 3.93862 2.75957 124
-11.0458 1.22452 2.7602 124
-11.0395 1.27973 2.7602 124
-10.4302 3.8595 2.76145 124
-10.4263 3.86993 2.76145 124
-8.32882 -7.37289 2.76177 4
-8.36558 -7.33116 2.76177 4
-10.7783 2.75684 2.76208 124
-10.7672 2.79993 2.76208 124
-10.4432 3.8643 2.76364 124
-10.4237 3.91647 2.76364 124
-8.41124 -7.31189 2.76521 4
-8.3966 -7.3287 2.76521 4
-11.0811 1.22844 2.76583 1254
-11.0787 1.25059 2.76583 1254
-11.0954 1.15145 2.76677 1254
-11.0895 1.20691 2.76677 1254
-11.1072 1.15267 2.76865 1254
-11.1048 1.17488 2.76865 1254
-11.1366 1.07699 2.77209 1254
-8.42934 -7.35728 2.77209 4
-8.46602 -7.31504 2.77209 4
-11.1366 1.07699 2.77209 1255
-10.4253 4.07248 2.77272 124
-10.8406 2.78432 2.77272 124
-10.8434 2.77348 2.77272 124
-11.1503 1.07832 2.77428 1254
-11.1503 1.07832 2.77428 1254
-11.1584 1.05657 2.77522 1254
-11.1635 1.00077 2.77522 1254
-11.1694 1.0013 2.77616 1254
-11.1674 1.02363 2.77616 1254
-11.2029 0.62136 2.7771 1254
-8.50908 -7.32257 2.77803 4
-8.52371 -7.30554 2.77803 4
-11.2345 0.62311 2.7821 1254
-8.58017 -7.3094 2.78523 4
-8.54352 -7.35221 2.78523 4
-8.61586 -7.31012 2.78961 4
-8.62317 -7.3015 2.78961 4
-8.63846 -7.32929 2.7943 4
-8.675 -7.286 2.7943 4
-8.71985 -7.29399 2.80056 4
-8.71985 -7.29399 2.80056 4
-8.75319 -7.32187 2.80744 4
-8.75319 -7.32187 2.80744 4
-8.84385 -7.29309 2.81558 4
-8.85114 -7.28425 2.81558 4
-8.90622 -7.27002 2.8209 4
-8.86976 -7.31446 2.8209 4
-8.94373 -7.27088 2.82559 4
-8.951 -7.26194 2.82559 4
-10.6383 4.52803 2.83122 1259
-10.6292 4.5493 2.83122 1259
-8.97899 -7.29954 2.83279 4
-9.01537 -7.25456 2.83279 4
-9.07412 -7.25709 2.8403 4
-9.06686 -7.26616 2.8403 4
-10.6947 4.55201 2.84092 1260
-10.6718 4.60543 2.84092 1260
-10.6807 4.63463 2.84405 1260
-10.6714 4.65598 2.84405 1260
-9.10385 -7.29581 2.8478 4
-9.14022 -7.2502 2.8478 4
-9.18365 -7.23987 2.85218 4
-9.1764 -7.24905 2.85218 4
-9.23432 -7.22011 2.85656 4
-9.1981 -7.26619 2.85656 4
-9.28615 -7.23075 2.86407 4
-9.29337 -7.22146 2.86407 4
-9.33446 -7.26837 2.87377 4
-9.37069 -7.22161 2.87377 4
-9.41959 -7.22931 2.88066 4
-9.41959 -7.22931 2.88066 4
-11.8937 -0.00704887 2.88378 1261
-11.8937 0.00484487 2.88378 1261
-9.44153 -7.24615 2.88504 4
-9.44153 -7.24615 2.88504 4
-9.52757 -7.19181 2.89067 4
-9.52038 -7.20133 2.89067 4
-9.55976 -7.23113 2.89849 4
-9.5958 -7.18324 2.89849 4
-11.9981 -0.0910991 2.90037 1262
-11.9984 -0.0311078 2.90037 1262
-12.0318 -0.0793224 2.90568 1262
-9.65851 -7.18507 2.90662 4
-9.65132 -7.19473 2.90662 4
-9.69092 -7.22424 2.91444 4
-9.72692 -7.1757 2.91444 4
-9.7715 -7.17845 2.92039 4
-9.77867 -7.16868 2.92039 4
-9.79697 -7.19716 2.9254 4
-9.83283 -7.14809 2.9254 4
-9.90547 -7.15557 2.93541 4
-9.89831 -7.16548 2.93541 4
-10.844 5.69255 2.93979 991
-9.93831 -7.19443 2.94323 4
-9.96701 -7.15462 2.94323 4
-10.9031 5.6819 2.9473 991
-10.9087 5.67099 2.9473 991
-10.0358 -7.14334 2.95105 4
-10.0286 -7.15337 2.95105 4
-10.0704 -7.18319 2.95919 4
-10.0991 -7.14285 2.95919 4
-11.0168 5.62955 2.9595 991
-11.0168 5.62955 2.9595 991
-10.148 -7.13183 2.9645 4
-10.148 -7.13183 2.9645 4
-10.19 -7.16136 2.97264 4
-10.19 -7.16136 2.97264 4
-11.0906 5.6673 2.97264 991
-10.2941 -7.11218 2.98171 4
-10.287 -7.12247 2.98171 4
-10.3357 -7.1562 2.9911 4
-10.3642 -7.1148 2.9911 4
-10.4302 -7.09885 2.99829 4
-10.4159 -7.1197 2.99829 4
-10.4534 -7.14534 3.00549 4
-10.489 -7.09298 3.00549 4
-12.6861 -0.629651 3.01175 995
-12.6873 -0.604278 3.01175 995
-10.5496 -7.08792 3.013 4
-10.5567 -7.07737 3.013 4
-12.7502 -0.568943 3.02145 995
-12.7472 -0.632687 3.02145 995
-10.5988 -7.12097 3.02238 4
-10.6272 -7.07852 3.02238 4
-12.775 -0.544451 3.0252 995
-12.7756 -0.531676 3.0252 995
-12.8111 -0.481832 3.03052 995
-12.8086 -0.545881 3.03052 995
-10.7082 -7.07079 3.0324 4
-10.7011 -7.08149 3.0324 4
-10.7357 -7.10438 3.03897 4
-10.764 -7.06138 3.03897 4
-11.6006 5.59525 3.03991 991
-12.8935 -0.446197 3.04335 995
-12.893 -0.45909 3.04335 995
-10.8199 -7.05171 3.04554 41
-10.8129 -7.06253 3.04554 41
-11.6694 5.55671 3.0471 991
-11.6639 5.56837 3.0471 991
-10.8658 -7.09709 3.05555 41
-10.9011 -7.04268 3.05555 41
-11.768 5.57479 3.06243 991
-11.7957 5.51588 3.06243 991
-10.9684 -7.05506 3.06556 41
-10.9684 -7.05506 3.06556 41
-11.0149 -7.08498 3.07432 41
-11.0149 -7.08498 3.07432 41
-11.118 -7.02618 3.08308 41
-11.1109 -7.03729 3.08308 41
-11.1527 -7.06372 3.0909 41
-11.1878 -7.00787 3.0909 41
-13.2079 -0.377752 3.09278 995
-11.978 5.61573 3.09528 991
-13.2359 -0.285842 3.09685 995
-13.2362 -0.272606 3.09685 995
-11.2642 -7.00871 3.10123 41
-11.2572 -7.01997 3.10123 41
-11.3192 -7.05865 3.1128 41
-11.3543 -7.00196 3.1128 41
-13.3616 -0.221724 3.11656 995
-13.3603 -0.288529 3.11656 995
-11.4121 -7.00611 3.12094 41
-11.4191 -6.99469 3.12094 41
-11.4959 -6.97869 3.13001 41
-11.4609 -7.03608 3.13001 41
-13.4906 -0.183384 3.13689 995
-11.5538 -6.98225 3.13815 41
-11.5678 -6.95913 3.13815 41
-11.6462 -6.95884 3.14878 41
-11.6113 -7.01699 3.14878 41
-11.7265 -6.95916 3.15973 41
-11.7196 -6.97088 3.15973 41
-11.8071 -6.94324 3.16943 41
-11.7722 -7.00218 3.16943 41
-11.8789 -6.95354 3.18007 41
-11.8789 -6.95354 3.18007 41
-4.31114 -13.1322 3.18914 86
-4.37675 -13.1104 3.18914 86
-11.9317 -6.98447 3.18977 41
-11.9317 -6.98447 3.18977 41
-4.41795 -13.1029 3.19008 86
-4.50957 -13.0716 3.19008 86
-4.48341 -13.0806 3.19008 86
-4.50957 -13.0716 3.19008 86
-4.43295 -13.1041 3.19102 86
-4.31484 -13.1434 3.19102 86
-4.41985 -13.1085 3.19102 86
-4.34112 -13.1348 3.19102 86
-4.51408 -13.0847 3.19227 86
-4.51408 -13.0847 3.19227 86
-13.5458 2.86464 3.1929 88
-13.5343 2.9188 3.1929 88
-13.5478 2.86505 3.19321 88
-13.5449 2.8786 3.19321 88
-13.5554 2.83836 3.19352 88
-13.5694 2.77054 3.19352 88
-13.5312 2.96066 3.19384 88
-13.5283 2.97419 3.19384 88
-4.59709 -13.0704 3.19446 86
-4.62322 -13.0612 3.19446 86
-13.5428 2.96319 3.19571 88
-13.5308 3.01734 3.19571 88
-13.5294 3.05966 3.19697 88
-13.5294 3.05966 3.19697 88
-13.5984 2.77647 3.19822 88
-13.5957 2.79007 3.19822 88
-4.72462 -13.0564 3.19916 86
-4.6985 -13.0658 3.19916 86
-4.60758 -13.1002 3.19947 86
-4.67302 -13.077 3.19947 86
-12.0472 -6.92325 3.20072 41
-12.0402 -6.93529 3.20072 41
-4.76783 -13.0533 3.20103 86
-4.70251 -13.077 3.20103 86
-13.6563 2.68885 3.20447 88
-13.6427 2.7571 3.20447 88
-13.5834 3.07186 3.20573 88
-13.5834 3.07186 3.20573 88
-4.83234 -13.0675 3.20666 86
-4.8062 -13.0771 3.20666 86
-12.1366 -6.91019 3.21198 41
-12.1019 -6.97078 3.21198 41
-13.7059 2.71286 3.21292 88
-13.7086 2.69915 3.21292 88
-4.28187 -13.312 3.2148 86
-4.33509 -13.2948 3.2148 86
-13.6282 3.16807 3.21605 88
-13.6218 3.19532 3.21605 88
-13.7796 2.61306 3.22137 88
-13.7664 2.68193 3.22137 88
-12.2088 -6.91902 3.22262 41
-12.2157 -6.9068 3.22262 41
-12.4387 6.57735 3.22857 638
-12.4056 6.63946 3.22857 638
-13.6948 3.25582 3.2295 88
-12.4443 6.59626 3.23076 638
-12.4509 6.58381 3.23076 638
-12.4967 6.49649 3.23076 638
-12.2984 -6.88878 3.23263 41
-12.2638 -6.95018 3.23263 41
-13.8662 2.64386 3.23576 88
-12.3673 -6.89495 3.24264 41
-12.3742 -6.88258 3.24264 41
-4.36496 -13.5239 3.25078 82
-4.35143 -13.5283 3.25078 82
-12.4312 -6.93054 3.25422 41
-12.4657 -6.8683 3.25422 41
-12.7413 6.47867 3.26392 638
-12.5538 -6.86784 3.26642 41
-12.5469 -6.88039 3.26642 41
-12.7494 6.51492 3.26767 638
-12.6489 -6.85428 3.27862 41
-12.6145 -6.91744 3.27862 41
-12.7251 -6.84625 3.28864 41
-12.7182 -6.85897 3.28864 41
-4.32941 -13.7902 3.28926 80
-4.3983 -13.7684 3.28926 80
-12.7756 -6.88991 3.29896 41
-12.8099 -6.82595 3.29896 41
-14.5743 -0.00863753 3.30835 621
-14.5742 0.0642339 3.30835 621
-12.8951 -6.83826 3.31179 41
-12.8951 -6.83826 3.31179 41
-14.5957 0.108117 3.31179 621
-14.5958 0.0935214 3.31179 621
-14.6366 0.166972 3.31836 621
-14.6372 0.0937872 3.31836 621
-12.9614 -6.87343 3.32368 41
-12.9614 -6.87343 3.32368 41
-4.4162 -14.0176 3.32774 78
-4.40218 -14.022 3.32774 78
-14.7547 0.197834 3.33713 621
-13.0845 -6.8218 3.33713 41
-14.7547 0.197834 3.33713 621
-13.0913 -6.80871 3.33713 41
-13.1511 -6.8565 3.34902 41
-13.1852 -6.79066 3.34902 41
-13.2497 -6.7904 3.35809 41
-13.2565 -6.77715 3.35809 41
-4.37392 -14.281 3.3656 70
-4.44527 -14.259 3.3656 70
-14.9404 0.200323 3.36654 621
-14.9386 0.3049 3.36654 621
-14.9383 0.319839 3.36654 621
-13.5458 6.33423 3.36842 638
-13.6113 6.24915 3.37217 638
-13.6113 6.24915 3.37217 638
-13.6185 6.25244 3.37342 638
-13.6185 6.25244 3.37342 638
-13.3666 -6.78294 3.37405 41
-13.3394 -6.83635 3.37405 41
-14.988 0.305908 3.37436 624
-14.9863 0.380844 3.37436 624
-14.9954 0.411086 3.37593 624
-14.995 0.426082 3.37593 624
-15.0092 0.411465 3.37812 624
-15.007 0.486506 3.37812 624
-13.7052 6.17644 3.38093 638
-13.6741 6.24489 3.38093 638
-15.0375 0.517606 3.38312 628
-15.037 0.532643 3.38312 628
-13.4504 -6.7748 3.38531 41
-13.4572 -6.76135 3.38531 41
-13.7556 6.19917 3.38969 638
-13.7432 6.22666 3.38969 638
-15.0869 0.519305 3.39094 628
-15.0841 0.594733 3.39094 628
-13.5245 -6.81212 3.39845 41
-13.5517 -6.75797 3.39845 41
-13.8581 6.21204 3.40534 638
-13.889 6.14268 3.40534 638
-14.0628 5.75442 3.40659 638
-14.0646 5.75517 3.4069 638
-14.0646 5.75517 3.4069 638
-4.46597 -14.5297 3.40753 52
-4.45144 -14.5341 3.40753 52
-14.1229 5.66393 3.41003 638
-14.0944 5.73447 3.41003 638
-13.6391 -6.75058 3.41034 41
-13.6459 -6.73694 3.41034 41
-14.1299 5.69955 3.41316 638
-14.1412 5.67128 3.41316 638
-14.1654 5.64811 3.41535 638
-14.1935 5.57721 3.41535 638
-13.9488 6.20255 3.41785 638
-15.2718 -0.543795 3.42035 621
-15.2744 -0.467429 3.42035 621
-13.71 -6.78563 3.42286 41
-13.737 -6.73074 3.42286 41
-14.2394 5.59527 3.42317 638
-14.2282 5.62374 3.42317 638
-15.3257 0.634957 3.42943 628
-15.325 0.650283 3.42943 628
-14.3151 5.5261 3.43037 638
-15.3523 -0.439082 3.43256 621
-15.3523 -0.439082 3.43256 621
-13.8402 -6.7128 3.43631 41
-13.8335 -6.72664 3.43631 41
-9.86656 11.8242 3.43913 58
-9.80731 11.8734 3.43913 58
-15.4174 -0.440946 3.44288 621
-13.9386 -6.70895 3.45008 41
-13.9117 -6.76465 3.45008 41
-14.4331 5.57163 3.45039 638
-4.42986 -14.8337 3.45195 36
-4.42986 -14.8337 3.45195 36
-14.0411 -6.72372 3.46572 41
-14.0411 -6.72372 3.46572 41
-14.107 -6.75528 3.4773 41
-14.107 -6.75528 3.4773 41
-14.2357 -6.67744 3.49044 41
-14.2424 -6.6632 3.49044 41
-15.7801 0.732838 3.50201 628
-15.7835 0.653929 3.50201 628
-14.3412 -6.65704 3.5042 41
-14.3144 -6.71435 3.5042 41
-15.7916 0.780858 3.5042 628
-15.7924 0.765066 3.5042 628
-15.8101 0.845178 3.50764 628
-15.8141 0.766117 3.50764 628
-4.53273 -15.1782 3.5089 36
-4.53273 -15.1782 3.5089 36
-14.4556 -6.64003 3.51953 41
-14.4423 -6.66893 3.51953 41
-15.901 0.881938 3.52235 628
-15.9366 0.883907 3.52798 628
-14.5618 -6.63595 3.53455 41
-14.5284 -6.70868 3.53455 41
-14.3486 7.09842 3.53549 638
-14.4067 6.98427 3.5358 638
-14.3997 6.99867 3.5358 638
-14.3716 7.05621 3.5358 638
-14.4067 6.98427 3.5358 638
-13.3638 8.82077 3.53612 1263
-13.3195 8.88748 3.53612 1263
-14.9854 5.66464 3.53737 677
-14.9872 5.66533 3.53768 677
-14.4856 6.89769 3.54112 638
-15.1078 5.47043 3.54488 683
-15.1078 5.47043 3.54488 683
-4.49261 -15.4371 3.54644 20
-4.56974 -15.4145 3.54644 20
-14.6632 -6.64678 3.54988 41
-14.6764 -6.61744 3.54988 41
-13.4324 8.88535 3.55082 1264
-13.4413 8.87191 3.55082 1264
-14.7405 -6.68184 3.56334 41
-14.7738 -6.60806 3.56334 41
-15.2962 5.38343 3.56834 683
-15.3229 5.30688 3.56834 683
-15.2984 5.41863 3.57053 683
-15.2711 5.49505 3.57053 683
-15.3344 5.32804 3.57116 683
-15.3397 5.3127 3.57116 683
-15.3004 5.43657 3.57178 683
-15.3059 5.42126 3.57178 683
-15.2713 5.52962 3.57241 683
-15.2713 5.52962 3.57241 683
-15.3634 5.28651 3.57335 683
-15.3896 5.20962 3.57335 683
-15.3956 5.22882 3.57522 683
-15.4008 5.21343 3.57522 683
-14.8754 -6.61784 3.57867 41
-14.8886 -6.58808 3.57867 41
-9.06744 13.5604 3.58367 1265
-9.19341 13.5136 3.58868 1265
-9.19341 13.5136 3.58868 1265
-4.57707 -15.7273 3.59431 18
-4.59279 -15.7228 3.59431 18
-9.21453 13.5446 3.59462 1266
-9.21453 13.5446 3.59462 1266
-15.0041 -6.58546 3.59525 41
-14.971 -6.6604 3.59525 41
-15.5607 5.14643 3.59587 683
-15.5348 5.22417 3.59587 683
-16.2758 2.15116 3.60025 690
-16.2737 2.16743 3.60025 690
-16.2817 2.15193 3.60119 690
-16.2707 2.23332 3.60119 690
-16.2956 2.26994 3.60589 690
-16.2956 2.26994 3.60589 690
-16.4128 1.35561 3.60839 690
-16.4058 1.43765 3.60839 690
-16.4325 1.35723 3.61152 690
-16.4298 1.3901 3.61152 690
-15.1223 -6.60127 3.61339 41
-15.1355 -6.57102 3.61339 41
-16.3767 2.04796 3.61402 690
-16.3663 2.12982 3.61402 690
-16.3484 2.2773 3.61433 690
-16.3484 2.2773 3.61433 690
-16.4608 1.32643 3.61558 690
-16.4672 1.24411 3.61558 690
-16.4948 1.24619 3.61996 690
-16.4923 1.27918 3.61996 690
-16.3226 2.70801 3.62059 690
-16.336 2.62636 3.62059 690
-15.852 4.75474 3.62122 693
-15.828 4.83394 3.62122 693
-15.8391 4.87197 3.62466 693
-15.8342 4.88781 3.62466 693
-16.3456 2.76223 3.6256 690
-16.3484 2.74588 3.6256 690
-15.8466 4.8743 3.62591 693
-15.8221 4.95347 3.62591 693
-16.3704 2.64869 3.62653 690
-16.373 2.63232 3.62653 690
-15.8813 4.78084 3.62685 693
-15.886 4.76495 3.62685 693
-15.2386 -6.56152 3.62779 41
-15.2056 -6.63763 3.62779 41
-16.0422 4.24024 3.6281 693
-16.0507 4.20814 3.6281 693
-16.4028 2.51944 3.62841 690
-16.0314 4.28885 3.62841 693
-16.39 2.60142 3.62841 690
-16.0526 4.20864 3.62841 693
-16.0266 4.32194 3.62904 693
-16.0266 4.32194 3.62904 693
-15.8328 4.99164 3.62935 693
-15.8328 4.99164 3.62935 693
-15.8366 4.99282 3.62998 693
-15.8366 4.99282 3.62998 693
-16.3912 2.75308 3.63248 690
-16.3773 2.835 3.63248 690
-16.0533 4.32914 3.63342 693
-16.0533 4.32914 3.63342 693
-16.496 2.0964 3.63373 690
-16.5002 2.0634 3.63373 690
-15.8257 5.11145 3.63404 693
-15.8206 5.12727 3.63404 693
-16.4547 2.42646 3.63436 690
-16.0154 4.52576 3.63592 693
-16.0378 4.44562 3.63592 693
-16.4588 2.5449 3.6378 690
-16.4066 2.87388 3.63811 690
-16.4037 2.89029 3.63811 690
-16.4761 2.49699 3.63936 690
-15.9788 4.75798 3.64061 693
-16.0024 4.67802 3.64061 693
-16.0721 4.45512 3.64155 693
-16.0676 4.47119 3.64155 693
-15.3425 -6.56991 3.64343 41
-15.3425 -6.56991 3.64343 41
-16.4464 2.9657 3.64687 690
-16.4611 2.88343 3.64687 690
-4.5579 -16.0802 3.64718 18
-4.63825 -16.0572 3.64718 18
-16.6706 1.22595 3.6475 690
-16.6004 2.04222 3.64906 690
-16.6104 1.95919 3.64906 690
-16.4832 3.00638 3.65375 690
-16.4832 3.00638 3.65375 690
-15.4405 -6.6119 3.66032 41
-15.4405 -6.6119 3.66032 41
-14.0885 9.1782 3.66314 1267
-16.7379 1.97423 3.6694 690
-14.1872 9.18205 3.67659 1268
-14.233 9.111 3.67659 1268
-15.5921 -6.54802 3.67847 41
-15.6051 -6.51682 3.67847 41
-14.2978 9.19286 3.69224 1269
-14.3162 9.16425 3.69224 1269
-12.2862 11.781 3.69599 209
-15.694 -6.59085 3.69599 41
-12.2862 11.781 3.69599 209
-15.7268 -6.5123 3.69599 41
-12.2976 11.7919 3.69849 209
-12.2976 11.7919 3.69849 209
-12.2233 11.886 3.70037 209
-12.2114 11.8982 3.70037 209
-12.1292 11.9847 3.70068 209
-12.1412 11.9726 3.70068 209
-14.4268 9.0933 3.701 1002
-12.0826 12.0346 3.701 209
-14.3811 9.16532 3.701 1002
-12.1426 11.974 3.701 209
-4.6511 -16.409 3.70131 18
-4.6675 -16.4043 3.70131 18
-12.229 11.8915 3.70162 209
-12.1693 11.9525 3.70162 209
-12.0492 12.0736 3.70162 209
-12.0613 12.0615 3.70162 209
-12.3712 11.815 3.70944 209
-12.4301 11.753 3.70944 209
-14.4569 9.15278 3.71007 1002
-12.0411 12.1624 3.7107 209
-12.1018 12.102 3.7107 209
-15.8413 -6.5041 3.71226 41
-15.8348 -6.51994 3.71226 41
-12.0279 12.1977 3.7132 209
-12.0157 12.2097 3.7132 209
-12.4617 11.7829 3.71633 209
-12.4499 11.7953 3.71633 209
-16.4613 4.81216 3.71633 693
-16.4516 4.84507 3.71633 693
-12.5525 11.7034 3.71821 209
-12.4939 11.7661 3.71821 209
-12.5933 11.6945 3.72196 209
-12.6516 11.6313 3.72196 209
-12.0123 12.3043 3.72352 209
-12.0736 12.2441 3.72352 209
-12.574 11.747 3.7254 209
-12.5858 11.7344 3.7254 209
-15.955 -6.47634 3.72728 41
-15.9225 -6.55604 3.72728 41
-16.5524 4.8029 3.72978 693
-16.5762 4.72007 3.72978 693
-12.717 11.6915 3.73604 209
-12.7053 11.7042 3.73604 209
-16.6598 4.74388 3.74355 693
-16.6551 4.76053 3.74355 693
-12.0716 12.4395 3.74542 209
-12.084 12.4274 3.74542 209
-16.0917 -6.47565 3.7473 41
-16.0852 -6.49174 3.7473 41
-12.8966 11.6911 3.757 209
-12.838 11.7554 3.757 209
-12.0765 12.5446 3.75794 209
-12.1391 12.4841 3.75794 209
-4.63174 -16.7877 3.75825 18
-4.71562 -16.7643 3.75825 18
-16.2276 -6.45504 3.76607 41
-16.1951 -6.53609 3.76607 41
-12.1157 12.6358 3.77264 209
-12.9961 11.7813 3.77828 209
-12.9844 11.7943 3.77828 209
-16.3507 -6.46616 3.78485 41
-16.3571 -6.4498 3.78485 41
-16.4535 -6.50684 3.80237 41
-16.4859 -6.42449 3.80237 41
-4.73051 -17.1457 3.81707 18
-4.74765 -17.1409 3.81707 18
-17.5035 3.19246 3.81801 690
-17.5035 3.19246 3.81801 690
-16.6046 -6.41344 3.81926 41
-16.5982 -6.43004 3.81926 41
-16.7538 -6.39416 3.84022 41
-16.7216 -6.47785 3.84022 41
-17.4625 4.20693 3.84492 711
-17.4583 4.22439 3.84492 711
-17.4644 4.20739 3.84523 711
-17.4474 4.27722 3.84523 711
-17.5091 4.07023 3.84711 711
-17.4474 4.35127 3.84805 711
-17.7019 3.35686 3.85368 690
-16.8792 -6.40338 3.85931 41
-16.8792 -6.40338 3.85931 41
-4.79844 -17.5285 3.87839 16
-16.9918 -6.44612 3.87839 41
-16.9918 -6.44612 3.87839 41
-4.71074 -17.5523 3.87839 16
-17.1439 -6.36691 3.89654 41
-17.1503 -6.34976 3.89654 41
-17.3054 -6.3286 3.91844 41
-17.2736 -6.41505 3.91844 41
-17.5512 -5.82783 3.92908 41
-17.5512 -5.82783 3.92908 41
-17.4257 -6.33311 3.93659 41
-17.4321 -6.31568 3.93659 41
-4.8393 -17.9596 3.94597 16
-4.82134 -17.9644 3.94597 16
-17.5799 -6.28982 3.95724 41
-17.5483 -6.37764 3.95724 41
-17.7795 -5.76577 3.96037 41
-17.7852 -5.74799 3.96037 41
-17.7387 -5.89008 3.96037 41
-17.7387 -5.89008 3.96037 41
-17.7402 -6.28721 3.98102 41
-17.7339 -6.30494 3.98102 41
-15.5745 10.5959 3.98352 1002
-15.5745 10.5959 3.98352 1002
-17.8547 -6.24751 3.99603 41
-17.8233 -6.33671 3.99603 41
-15.5721 10.7775 3.99947 1002
-15.5829 10.7619 3.99947 1002
-18.0583 -5.77645 4.00292 41
-18.035 -5.84864 4.00292 41
-18.7672 2.88262 4.0073 1270
-4.80617 -18.4221 4.01543 16
-4.89822 -18.3978 4.01543 16
-15.6309 10.911 4.01919 1271
-18.1961 -5.76041 4.02294 41
-18.2018 -5.74221 4.02294 41
-18.3844 -5.82003 4.05423 41
-18.4075 -5.74645 4.05423 41
-16.0122 10.8937 4.06737 1272
-16.0122 10.8937 4.06737 1272
-4.93422 -18.8357 4.08395 16
-4.91538 -18.8407 4.08395 16
-18.6134 -5.7495 4.08551 41
-18.6363 -5.675 4.08551 41
-18.6192 -5.73088 4.08551 41
-18.6134 -5.7495 4.08551 41
-15.7801 11.4912 4.09177 1273
-15.7451 11.5624 4.09396 1273
-15.7567 11.5466 4.09396 1273
-15.7421 11.633 4.10022 1273
-15.7885 11.57 4.10022 1273
-15.7341 11.7002 4.10554 1273
-19.0505 -5.65572 4.14746 41
-19.0277 -5.73188 4.14746 41
-4.89451 -19.3131 4.1556 11
-4.89451 -19.3131 4.1556 11
-12.5543 15.4808 4.15685 1274
-12.5693 15.4992 4.1606 1274
-12.5693 15.4992 4.1606 1274
-12.6115 15.4878 4.16342 1274
-12.6887 15.4246 4.16342 1274
-15.786 12.2619 4.16592 1275
-15.7738 12.2777 4.16592 1275
-12.7013 15.4398 4.16655 1276
-12.6704 15.4652 4.16655 1276
-15.7711 12.3518 4.1728 1277
-15.8204 12.2886 4.1728 1277
-15.7355 12.4258 4.17562 1277
-15.7603 12.3943 4.17562 1277
-15.8007 12.426 4.18375 1277
-15.7384 12.5049 4.18375 1277
-15.8177 12.6715 4.21004 1277
-19.4747 -5.61254 4.21004 41
-19.4464 -5.70985 4.21004 41
-16.2762 12.1034 4.21254 1275
-16.2762 12.1034 4.21254 1275
-16.2088 12.2558 4.21848 1275
-16.2211 12.2396 4.21848 1275
-16.216 12.3379 4.22724 1275
-16.2652 12.2729 4.22724 1275
-5.01194 -19.7765 4.23131 11
-5.01194 -19.7765 4.23131 11
-13.5868 15.3857 4.25102 1279
-13.5868 15.3857 4.25102 1279
-13.5908 15.3902 4.25196 1279
-13.5908 15.3902 4.25196 1279
-15.97 12.9515 4.25665 1280
-15.97 12.9515 4.25665 1280
-13.4724 15.5357 4.25697 1281
-15.8981 13.0521 4.2579 1277
-15.8327 13.1315 4.2579 1277
-15.8796 13.0902 4.25947 1277
-15.9057 13.0584 4.25947 1277
-13.6608 15.4073 4.26135 1279
-13.7377 15.3388 4.26135 1279
-15.8179 13.2264 4.26573 1277
-15.8443 13.1947 4.26573 1277
-12.8151 16.1958 4.27104 1276
-19.8658 -5.68223 4.27261 41
-19.8658 -5.68223 4.27261 41
-15.8777 13.2225 4.27261 1286
-15.8114 13.3017 4.27261 1286
-12.9341 16.1793 4.28074 1287
-12.9017 16.2051 4.28074 1287
-14.2445 15.0657 4.28387 1279
-14.2445 15.0657 4.28387 1279
-14.2294 15.0799 4.28387 1279
-14.1841 15.1225 4.28387 1279
-14.3523 14.9684 4.2845 1279
-14.3523 14.9684 4.2845 1279
-14.3605 14.977 4.28638 1279
-19.8612 6.56872 4.31328 1289
-19.8546 6.58858 4.31328 1289
-4.99937 -20.3232 4.31485 11
-5.10093 -20.298 4.31485 11
-15.9037 13.8199 4.33706 1290
-15.8344 13.8993 4.33706 1290
-14.1559 15.6161 4.33831 1291
-14.1402 15.6303 4.33831 1291
-15.8244 13.9466 4.34081 1292
-15.8244 13.9466 4.34081 1292
-14.1758 15.6381 4.343 1293
-14.1131 15.6947 4.343 1293
-14.0778 15.7819 4.34957 1293
-14.1093 15.7537 4.34957 1293
-15.8807 13.9962 4.3527 1294
-15.8807 13.9962 4.3527 1294
-21.2531 0.284965 4.36647 1019
-15.8859 14.2282 4.37773 1295
-15.9001 14.2124 4.37773 1295
-5.12489 -20.8335 4.39807 11
-5.14572 -20.8283 4.39807 11
-5.10958 -21.4165 4.48724 11
-5.2166 -21.3906 4.48724 11
-22.507 -0.32846 4.56514 1020
-22.5104 -0.215941 4.56545 1020
-22.509 -0.328489 4.56545 1020
-5.29339 -21.992 4.58266 11
-5.2494 -22.0025 4.58266 11
-22.6372 -0.171879 4.58548 1020
-19.5912 11.437 4.59299 1296
-19.5798 11.4565 4.59299 1296
-19.6665 11.4019 4.6005 1296
-19.7119 11.3231 4.6005 1296
-22.7507 3.33164 4.64179 225
-22.8172 3.34137 4.65243 225
-5.3613 -22.6723 4.68998 9
-5.24787 -22.6988 4.68998 9
-18.9641 14.5489 4.78571 1297
-19.0147 14.5576 4.79291 1297
-18.9563 14.6335 4.79291 1297
-5.44855 -23.3539 4.79823 9
-5.40183 -23.3648 4.79823 9
-19.0057 15.1942 4.85392 1298
-19.1091 15.2768 4.87488 1298
-19.0478 15.3531 4.87488 1298
-19.0324 15.4351 4.88114 1298
-19.0324 15.4351 4.88114 1298
-5.51124 -24.0571 4.90898 9
-5.39089 -24.0844 4.90898 9
-0.331228 24.7374 4.91837 1022
-0.331228 24.7374 4.91837 1022
-1.38097 24.9068 4.95091 1022
-1.38097 24.9068 4.95091 1022
-21.459 13.1096 4.98282 233
-21.4327 13.1525 4.98282 233
-23.2735 9.52337 4.98282 1299
-21.4167 13.2313 4.9872 233
-21.4826 13.124 4.9872 233
-21.5609 12.9949 4.9872 233
-21.5479 13.0165 4.9872 233
-21.6564 12.8467 4.98814 233
-21.6049 12.9332 4.98814 233
-21.5711 13.001 4.98908 233
-21.5189 13.0872 4.98908 233
-21.6741 12.8865 4.99377 233
-21.687 12.8648 4.99377 233
-21.4405 13.3053 4.99659 233
-21.4405 13.3053 4.99659 233
-21.78 12.8318 5.00378 233
-21.8311 12.7446 5.00378 233
-23.3107 9.78443 5.0041 1300
-23.3302 9.73779 5.0041 1300
-21.4993 13.3418 5.00754 233
-21.4993 13.3418 5.00754 233
-21.5173 13.5625 5.0285 233
-5.55917 -24.8362 5.031 7
-5.60883 -24.825 5.031 7
-22.1075 12.7287 5.04039 234
-22.1202 12.7066 5.04039 234
-22.231 12.564 5.04446 234
-22.231 12.564 5.04446 234
-22.3944 12.6564 5.07418 234
-22.3944 12.6564 5.07418 234
-25.4468 6.29224 5.15177 1301
-25.4151 6.41939 5.15177 1301
-5.5507 -25.639 5.1549 7
-5.67882 -25.611 5.1549 7
-25.489 6.30267 5.15865 1302
-26.2526 1.82506 5.16804 1031
-4.72283 25.8967 5.16929 232
-4.72283 25.8967 5.16929 232
-5.13886 25.8295 5.17117 232
-5.26795 25.8035 5.17117 232
-26.2822 1.82711 5.17273 1031
-26.2803 1.85339 5.17273 1031
-26.3272 1.77734 5.1793 1031
-26.3357 1.64568 5.1793 1031
-4.44834 26.0094 5.1793 232
-4.55234 25.9914 5.1793 232
-4.52702 25.9999 5.17993 232
-4.55302 25.9953 5.17993 232
-5.28849 25.9041 5.18744 232
-5.26259 25.9094 5.18744 232
-5.0902 25.9921 5.19495 232
-5.11619 25.987 5.19495 232
-4.28596 26.1608 5.1987 232
-4.39057 26.1434 5.1987 232
-4.75756 26.0872 5.19995 232
-4.75756 26.0872 5.19995 232
-24.2587 10.7289 5.2012 1303
-4.40039 26.2019 5.20809 232
-4.37418 26.2063 5.20809 232
-5.60805 26.2611 5.25314 232
-5.5596 26.2916 5.25627 232
-5.5333 26.2972 5.25627 232
-5.74129 -26.5194 5.29757 244
-5.79432 -26.5079 5.29757 244
-22.1054 15.996 5.32166 1304
-22.1213 15.9739 5.32166 1304
-22.1325 15.982 5.32385 1304
-21.6796 16.5978 5.32447 1305
-22.1917 15.9573 5.32917 1306
-22.2712 15.8462 5.32917 1306
-26.5638 -6.63006 5.33636 252
-26.5966 -6.49716 5.33636 252
-26.6288 -6.4486 5.33949 252
-26.6288 -6.4486 5.33949 252
-26.8029 -5.75747 5.342 252
-26.82 -5.67704 5.342 252
-26.8143 -5.70386 5.342 252
-26.7738 -5.89141 5.342 252
-26.7358 -6.22032 5.34763 252
-26.7295 -6.24706 5.34763 252
-26.8221 -5.87393 5.34888 252
-26.8162 -5.90075 5.34888 252
-26.7171 -6.46999 5.35388 252
-26.7171 -6.46999 5.35388 252
-24.6655 12.1716 5.35639 1307
-24.6997 12.3424 5.37328 1307
-24.7611 12.2188 5.37328 1307
-27.0624 -6.21079 5.39769 252
-27.0373 -6.31899 5.39769 252
-23.0918 15.4749 5.40269 1308
-23.0763 15.4979 5.40269 1308
-27.1969 -5.78523 5.40394 252
-27.2255 -5.64918 5.40394 252
-27.1364 -6.17067 5.4077 252
-27.1425 -6.14353 5.4077 252
-22.3346 16.6085 5.40832 1036
-27.3527 -5.41928 5.41646 252
-27.3527 -5.41928 5.41646 252
-23.0926 15.6433 5.41771 1309
-23.1705 15.5276 5.41771 1309
-27.4767 -5.44385 5.43648 252
-27.4767 -5.44385 5.43648 252
-27.352 -6.07603 5.43773 252
-27.3213 -6.21272 5.43773 252
-5.73752 -27.429 5.43836 250
-5.73752 -27.429 5.43836 250
-24.6607 13.6137 5.46151 1035
-24.715 13.5149 5.46151 1035
-24.6716 13.7164 5.4709 1035
-24.6579 13.7411 5.4709 1035
-24.8069 13.5652 5.47809 1035
-24.7933 13.59 5.47809 1035
-24.7924 13.7836 5.4928 1035
-24.7371 13.8827 5.4928 1035
-25.1517 13.5259 5.52315 1035
-25.0873 13.6534 5.52377 1035
-25.1552 13.5278 5.52377 1035
-13.1912 25.438 5.53848 513
-23.3561 16.618 5.54004 1038
-23.3394 16.6414 5.54004 1038
-24.0687 15.8175 5.56163 1310
-24.1475 15.697 5.56163 1310
-13.3461 25.5488 5.56538 513
-23.5461 16.6471 5.56726 1038
-23.6125 16.5528 5.56726 1038
-12.7879 25.8504 5.56789 513
-12.6585 25.914 5.56789 513
-13.677 25.4338 5.57383 513
-13.5497 25.5019 5.57383 513
-12.8054 25.8858 5.57414 513
-12.7536 25.9114 5.57414 513
-12.3163 26.1352 5.57602 513
-12.4208 26.0857 5.57602 513
-13.2234 25.6882 5.57602 513
-13.326 25.6351 5.57602 513
-12.9835 25.8544 5.58228 513
-12.88 25.9062 5.58228 513
-13.5017 25.5966 5.58353 513
-12.6029 26.0641 5.58541 513
-24.2734 15.7788 5.58541 1311
-12.6289 26.0514 5.58541 513
-12.5289 26.1106 5.58697 513
-12.6332 26.0603 5.58697 513
-5.93489 -28.3726 5.59104 254
-5.93489 -28.3726 5.59104 254
-12.4472 26.2087 5.59542 513
-13.2278 25.8236 5.59542 513
-12.4734 26.1963 5.59542 513
-13.2278 25.8236 5.59542 513
-12.4201 26.841 5.68427 513
-12.3945 26.9268 5.69491 513
-12.3945 26.9268 5.69491 513
-10.2853 27.883 5.70711 768
-10.3132 27.8727 5.70711 768
-10.2177 28.0446 5.72745 768
-10.3578 27.9932 5.72745 768
-14.4485 26.2983 5.75248 513
-14.5798 26.2257 5.75248 513
-12.4091 27.463 5.77313 513
-14.6168 26.3543 5.77313 513
-12.2716 27.5247 5.77313 513
-14.6432 26.3397 5.77313 513
-12.4253 27.499 5.77939 513
-12.3703 27.5238 5.77939 513
-15.1298 26.2183 5.7944 513
-15.2607 26.1424 5.7944 513
-15.0872 26.2657 5.79753 513
-15.0609 26.2808 5.79753 513
-15.2223 26.1968 5.79878 513
-15.2747 26.1663 5.79878 513
-12.677 27.5405 5.80191 513
-12.677 27.5405 5.80191 513
-14.9752 26.3751 5.80379 513
-15.1069 26.2999 5.80379 513
-11.9754 27.9043 5.80942 513
-10.8171 28.4453 5.82006 768
-10.9592 28.3909 5.82006 768
-10.6287 28.55 5.82506 768
-14.6176 26.7327 5.82569 513
-14.5909 26.7473 5.82569 513
-10.7484 28.522 5.82757 768
-15.0002 26.5426 5.82882 513
-15.0002 26.5426 5.82882 513
-14.2623 26.9731 5.83257 513
-13.9194 27.1738 5.8357 513
-15.0216 26.5805 5.8357 513
-13.9194 27.1738 5.8357 513
-14.2826 27.0115 5.83946 513
-14.4751 26.9179 5.84071 513
-14.4481 26.9323 5.84071 513
-16.3725 25.8616 5.8479 513
-16.5016 25.7794 5.8479 513
-17.0447 25.4354 5.84947 513
-16.9174 25.5203 5.84947 513
-16.5463 25.8493 5.86104 513
-16.5204 25.8658 5.86104 513
-14.1733 27.2651 5.86699 1312
-16.7537 25.7742 5.86887 513
-16.6247 25.8577 5.86887 513
-16.4115 26.0962 5.88263 513
-16.4376 26.0798 5.88263 513
-16.2567 26.1975 5.88326 513
-16.2567 26.1975 5.88326 513
-16.4492 26.0981 5.88607 513
-16.3447 26.1637 5.88607 513
-15.8008 26.5164 5.88889 513
-15.9332 26.4371 5.88889 513
-15.7247 26.6305 5.89828 513
-12.3953 28.3338 5.89828 1042
-15.7779 26.599 5.89828 513
-14.8375 27.1348 5.89828 1313
-14.7016 27.2086 5.89828 1313
-12.5368 28.2715 5.89828 513
-16.3192 26.2982 5.90203 513
-16.3192 26.2982 5.90203 513
-16.1145 26.4381 5.90391 513
-16.1673 26.4058 5.90391 513
-15.6887 26.7525 5.91204 513
-15.8223 26.6737 5.91204 513
-11.4326 28.842 5.91392 768
-11.5767 28.7845 5.91392 768
-16.0801 26.5607 5.91767 513
-16.2127 26.4799 5.91767 513
-11.6003 28.8431 5.92393 768
-11.5714 28.8547 5.92393 768
-6.30836 -30.4619 5.92706 289
-6.15597 -30.493 5.92706 289
-16.054 26.7586 5.94239 513
-16.1075 26.7264 5.94239 513
-12.5982 28.564 5.94458 1042
-12.6553 28.5387 5.94458 1042
-10.6498 29.4134 5.95459 768
-10.6498 29.4134 5.95459 768
-9.08812 29.9741 5.96085 1314
-12.2949 28.8076 5.96085 1043
-12.1507 28.8687 5.96085 1043
-9.23787 29.9283 5.96085 1315
-12.1051 28.9221 5.96586 1043
-12.0762 28.9342 5.96586 1043
-17.4758 26.0787 5.97211 1316
-11.9204 29.05 5.97336 1045
-11.9204 29.05 5.97336 1045
-13.3373 28.4491 5.97649 513
-10.0741 29.7615 5.97649 768
-13.2804 28.4757 5.97649 768
-10.0444 29.7716 5.97649 768
-10.1685 29.7461 5.979 768
-10.3468 29.6846 5.979 768
-10.4951 29.6325 5.979 768
-10.2874 29.7052 5.979 768
-11.9369 29.0902 5.98025 1043
-11.9369 29.0902 5.98025 1043
-12.3171 28.9398 5.9815 1043
-12.3461 28.9275 5.9815 1043
-14.1218 28.1211 5.984 1319
-14.0937 28.1352 5.984 1319
-13.3793 28.5386 5.99214 1050
-9.50672 30.0512 5.99214 1320
-9.50672 30.0512 5.99214 1320
-9.5704 30.0435 5.99401 1320
-9.6905 30.0049 5.99401 1320
-9.66412 30.0259 5.99589 1320
-9.69414 30.0162 5.99589 1320
-12.0433 29.1831 6.00027 1043
-12.189 29.1225 6.00027 1043
-10.3092 29.8649 6.00403 768
-10.3391 29.8546 6.00403 768
-10.5557 29.8038 6.00778 768
-10.5259 29.8143 6.00778 768
-11.3874 29.5003 6.00841 768
-11.3579 29.5117 6.00841 768
-11.5965 29.4272 6.00966 768
-11.4493 29.4848 6.00966 768
-9.08353 30.3963 6.02467 1321
-9.1443 30.3781 6.02467 1321
-9.93733 30.4565 6.07411 1322
-10.0591 30.4165 6.07411 1322
-9.12444 30.8705 6.09851 1323
-9.27868 30.8245 6.09851 1323
-9.01414 30.9523 6.10602 1323
-9.07603 30.9342 6.10602 1323
-6.39286 -31.6665 6.11666 294
-6.45618 -31.6536 6.11666 294
-17.7016 27.1135 6.12855 783
-17.8369 27.0247 6.12855 783
-9.7796 30.9138 6.13543 1324
-15.9565 28.2349 6.13668 1325
-11.0452 30.5056 6.13856 1051
-11.0452 30.5056 6.13856 1051
-8.94178 31.2857 6.15358 1326
-8.91049 31.2946 6.15358 1326
-9.60142 31.1061 6.15608 1327
-9.53919 31.1252 6.15608 1327
-9.17057 31.2564 6.15921 1327
-9.01417 31.3019 6.15921 1327
-11.6318 30.7729 6.21052 1051
-11.6318 30.7729 6.21052 1051
-13.133 30.1844 6.21365 1328
-13.0789 30.2251 6.21615 1328
-13.1393 30.1989 6.21615 1328
-10.5808 31.2584 6.22679 1052
-10.4557 31.3005 6.22679 1052
-6.38952 -32.8331 6.29781 533
-6.55361 -32.8008 6.29781 533
-6.4382 -33.0832 6.33817 533
-6.50435 -33.0703 6.33817 533
-4.36866 -39.8456 7.34874 1329
-4.40851 -39.8412 7.34874 1329
-3.85069 -39.9029 7.34936 1329
-4.92654 -39.7844 7.34936 1330
-4.92654 -39.7844 7.34936 1330
-3.81079 -39.9068 7.34936 1331
-3.73134 -39.9182 7.34999 1331
-3.57163 -39.9328 7.34999 1331
-3.5317 -39.9364 7.34999 1331
-4.13033 -39.8789 7.34999 1332
-4.64839 -39.8219 7.34999 1332
-4.92703 -39.7883 7.34999 1332
-4.92703 -39.7883 7.34999 1332
-4.84744 -39.7981 7.34999 1332
-4.09045 -39.883 7.34999 1333
-3.5317 -39.9364 7.34999 1333
-4.68867 -39.8211 7.35061 1334
-4.64885 -39.8258 7.35061 1334
-3.81154 -39.9146 7.35061 1335
-4.56919 -39.835 7.35061 1336
-5.20593 -39.7568 7.35061 1337
-4.01107 -39.8951 7.35061 1338
-4.36995 -39.8573 7.35061 1338
-5.24569 -39.7516 7.35061 1339
-5.48464 -39.7233 7.35124 1339
-4.09125 -39.8909 7.35124 1340
-4.29065 -39.8699 7.35124 1340
-5.68319 -39.6954 7.35124 1341
-3.17338 -39.9823 7.35249 1342
-3.25334 -39.9759 7.35249 1342
-5.7637 -39.6918 7.35249 1343
-3.05342 -39.9916 7.35249 1344
-5.52545 -39.7256 7.35249 1345
-3.25334 -39.9759 7.35249 1346
-3.25334 -39.9759 7.35249 1346
-3.25334 -39.9759 7.35249 1346
-5.20747 -39.7686 7.35249 1347
-5.80339 -39.686 7.35249 1348
-2.97343 -39.9977 7.35249 1349
-2.97343 -39.9977 7.35249 1349
-5.48572 -39.7311 7.35249 1350
-5.40625 -39.742 7.35249 1350
-5.76597 -39.7074 7.35499 1350
-5.96444 -39.6781 7.35499 1350
-6.32316 -39.6345 7.35687 1350
-6.36279 -39.6281 7.35687 1350
-6.32441 -39.6423 7.35812 1350
-6.52254 -39.6102 7.35812 1350
-6.04735 -39.6895 7.35875 1350
-6.08704 -39.6834 7.35875 1350
-6.04854 -39.6973 7.36 1350
-6.24695 -39.6666 7.36 1350
-6.60629 -39.6243 7.3625 1350
-6.60629 -39.6243 7.3625 1350
-6.92512 -39.5819 7.36438 1350
-6.88553 -39.5888 7.36438 1350
-6.61084 -39.6516 7.36688 1350
-7.0466 -39.5765 7.36688 1350
-6.61084 -39.6516 7.36688 1350
-6.88824 -39.6044 7.36688 1350
-7.16671 -39.5629 7.36813 1350
-7.20627 -39.5558 7.36813 1350
-7.32922 -39.5573 7.37189 1350
-7.17093 -39.5863 7.37189 1350
-7.4105 -39.5542 7.37377 1350
-7.48959 -39.5393 7.37377 1350
-7.61042 -39.5283 7.37564 1350
-7.41268 -39.5658 7.37564 1350
-25.6994 34.0604 7.75797 1351
-25.5287 34.1885 7.75797 1351
-26.3711 33.6033 7.76548 1352
-25.5074 34.3029 7.77048 1353
-25.5074 34.3029 7.77048 1353
-25.5192 34.3188 7.77361 1353
-26.9377 33.217 7.77361 1354
-25.5192 34.3188 7.77361 1355
-26.7045 33.4047 7.77361 1356
-26.2536 33.8003 7.77862 1356
-26.0843 33.9311 7.77862 1356
-26.2368 33.8484 7.783 1356
-26.2706 33.8221 7.783 1356
-25.9369 35.3952 7.95007 1357
-25.7596 35.5244 7.95007 1357
-25.7232 35.6239 7.95946 1357
-25.6876 35.6496 7.95946 1357
-28.3924 33.5457 7.96071 1358
-28.3253 33.6024 7.96071 1358
-28.4154 33.5728 7.96634 1358
-28.2472 33.7145 7.96634 1358
-26.144 35.7528 8.01515 1359
-26.1798 35.7266 8.01515 1359
-25.6455 36.1217 8.0164 1360
-25.6816 36.0961 8.0164 1360
-25.6728 36.7018 8.09399 1361
-25.7095 36.6761 8.09399 1361
-25.5416 36.8269 8.09837 1361
-25.7254 36.6988 8.09837 1361
-27.6159 36.0725 8.19536 1362
-27.4351 36.2101 8.19536 1362
-24.996 37.9539 8.19786 1363
-25.0339 37.9289 8.19786 1363
-30.0829 34.6201 8.26419 1364
-28.4238 36.0702 8.27358 1365
-30.1634 34.9945 8.31738 1366
-30.3032 34.8736 8.31738 1366
-26.8245 37.7024 8.32864 1367
-26.6357 37.8361 8.32864 1367
-30.1002 35.205 8.33615 1368
-30.1706 35.1447 8.33615 1368
-31.1849 34.2639 8.33803 1369
-31.3559 34.1075 8.33803 1369
-27.0271 39.2196 8.5439 1370
-27.0664 39.1926 8.5439 1370
-26.9659 39.4677 8.5708 1370
-27.1629 39.3323 8.5708 1370
-30.015 39.2063 8.82047 1371
-29.9758 39.2363 8.82047 1371
0.127475 -2.61031 1.41393 2
0.130085 -2.61018 1.41393 2
0.224116 -2.60578 1.41424 2
0.224116 -2.60578 1.41424 2
0.164253 -2.61222 1.41455 2
0.166866 -2.61205 1.41455 2
0.187756 -2.61063 1.41455 2
0.174701 -2.61154 1.41455 2
0.18804 -2.61457 1.41518 2
0.18281 -2.61494 1.41518 2
0.151533 -2.61892 1.41549 2
0.130577 -2.62005 1.41549 2
0.120096 -2.62055 1.41549 2
0.224794 -2.61365 1.41549 2
0.138436 -2.61964 1.41549 2
0.224794 -2.61365 1.41549 2
0.0965787 -2.6235 1.4158 2
0.0834601 -2.62395 1.4158 2
0.112402 -2.62485 1.41612 2
0.112402 -2.62485 1.41612 2
0.201565 -2.61951 1.41612 2
0.206804 -2.6191 1.41612 2
0.0940965 -2.62754 1.41643 2
0.241014 -2.61816 1.41643 2
0.151875 -2.62484 1.41643 2
0.206959 -2.62107 1.41643 2
0.146625 -2.62513 1.41643 2
0.193851 -2.62207 1.41643 2
0.23054 -2.6191 1.41643 2
0.256719 -2.61666 1.41643 2
0.259336 -2.61641 1.41643 2
0.096724 -2.62745 1.41643 2
0.167747 -2.62585 1.41674 2
0.157242 -2.6265 1.41674 2
0.259725 -2.62034 1.41705 2
0.0731832 -2.63216 1.41705 2
0.0784474 -2.63201 1.41705 2
0.24662 -2.6216 1.41705 2
0.0415928 -2.63285 1.41705 2
0.036327 -2.63293 1.41705 2
0.112825 -2.63471 1.41768 2
0.265363 -2.62374 1.41768 2
0.275856 -2.62266 1.41768 2
0.278478 -2.62238 1.41768 2
0.278478 -2.62238 1.41768 2
0.112825 -2.63471 1.41768 2
0.24192 -2.62799 1.41799 2
0.078624 -2.63793 1.41799 2
0.0654334 -2.63829 1.41799 2
0.239292 -2.62823 1.41799 2
0.0603818 -2.64829 1.41956 2
0.0471396 -2.64856 1.41956 2
0.0577765 -2.65033 1.41987 2
0.0604268 -2.65027 1.41987 2
0.041936 -2.65458 1.4205 2
0.304105 -2.63743 1.4205 2
0.0286627 -2.65475 1.4205 2
0.317288 -2.63588 1.4205 2
0.296632 -2.64226 1.42112 2
0.299274 -2.64196 1.42112 2
0.299718 -2.64589 1.42175 2
0.315588 -2.64404 1.42175 2
0.286485 -2.64735 1.42175 2
0.318232 -2.64372 1.42175 2
0.0101314 -2.66871 1.42269 2
0.0234748 -2.66863 1.42269 2
0.0235269 -2.67456 1.42362 2
0.0208523 -2.67458 1.42362 2
0.00480456 -2.67466 1.42362 2
0.00480456 -2.67466 1.42362 2
0.338479 -2.65515 1.42394 2
0.338479 -2.65515 1.42394 2
0.00482585 -2.68651 1.4255 2
0.00482585 -2.68651 1.4255 2
0.339728 -2.66495 1.4255 2
0.339728 -2.66495 1.4255 2
0.358901 -2.66642 1.42613 2
0.356234 -2.66677 1.42613 2
0.359165 -2.66838 1.42644 2
0.345818 -2.67014 1.42644 2
0.36557 -2.67548 1.42769 2
-0.0167519 -2.70029 1.42769 2
-0.0140516 -2.7003 1.42769 2
0.378943 -2.67362 1.42769 2
-0.0141236 -2.71413 1.42988 2
0.381992 -2.69513 1.43113 2
0.379297 -2.69551 1.43113 2
0.404049 -2.71389 1.43457 2
0.390474 -2.71587 1.43457 2
0.40463 -2.71779 1.4352 2
0.401912 -2.7182 1.4352 2
0.411539 -2.72674 1.43677 2
0.425168 -2.72465 1.43677 2
0.426995 -2.73636 1.43864 2
0.424258 -2.73679 1.43864 2
0.45123 -2.7645 1.44365 2
0.437402 -2.76672 1.44365 2
0.456322 -2.79569 1.44865 2
0.45073 -2.7966 1.44865 2
0.487827 -2.86253 1.45992 2
0.487827 -2.86253 1.45992 2
7.95236 -3.66638 2.38695 6
7.95602 -3.65843 2.38695 6
7.98143 -3.60265 2.38695 6
7.96332 -3.64251 2.38695 6
7.95961 -3.66008 2.38757 6
7.94121 -3.69983 2.38757 6
7.98863 -3.6059 2.3882 6
7.98502 -3.61389 2.3882 6
8.00484 -3.59396 2.38976 6
8.02271 -3.55389 2.38976 6
8.02813 -3.55629 2.3907 6
8.02457 -3.56432 2.3907 6
7.94974 -3.73288 2.39102 6
7.95347 -3.72492 2.39102 6
7.94565 -3.76009 2.39227 6
8.04426 -3.54421 2.39227 6
7.96063 -3.72828 2.39227 6
8.06188 -3.50395 2.39227 6
7.95773 -3.78531 2.39571 6
7.95773 -3.78531 2.39571 6
8.08725 -3.51497 2.39665 6
8.08373 -3.52306 2.39665 6
7.99876 -3.80482 2.4029 6
7.99876 -3.80482 2.4029 6
8.15345 -3.47609 2.40384 6
8.15345 -3.47609 2.40384 6
8.01393 -3.90086 2.41166 6
8.02171 -3.88483 2.41166 6
8.21886 -3.50398 2.41511 6
8.21886 -3.50398 2.41511 6
4.10809 13.346 3.21167 195
4.17477 13.3253 3.21167 195
4.21532 13.3146 3.21198 195
4.20201 13.3188 3.21198 195
4.12319 13.3475 3.21261 195
4.10984 13.3516 3.21261 195
4.02195 13.399 3.21574 195
4.0889 13.3787 3.21574 195
4.2764 13.3221 3.21605 195
4.20973 13.3433 3.21605 195
4.04048 13.412 3.21855 195
4.02706 13.416 3.21855 195
4.32609 13.3392 3.22106 195
4.31275 13.3435 3.22106 195
4.00699 13.4468 3.22231 195
3.93971 13.4666 3.22231 195
4.32855 13.3924 3.22919 195
4.39546 13.3706 3.22919 195
3.95524 13.5197 3.23107 195
3.96876 13.5158 3.23107 195
9.46203 12.7188 3.51077 190
9.44931 12.7283 3.51077 190
9.53818 12.6618 3.51077 190
9.55083 12.6523 3.51077 190
9.51402 12.6825 3.51109 190
9.45049 12.7299 3.51109 190
9.36231 12.7973 3.5114 190
9.42618 12.7503 3.5114 190
9.61094 12.6265 3.51328 190
9.54768 12.6744 3.51328 190
9.38097 12.8228 3.5164 190
9.4066 12.804 3.5164 190
9.65536 12.6324 3.51828 190
9.65536 12.6324 3.51828 190
9.32449 12.9346 3.52548 190
9.38904 12.8878 3.52548 190
9.69135 12.6795 3.52767 190
9.69135 12.6795 3.52767 190
15.3392 -4.51068 3.53236 187
15.3437 -4.49534 3.53236 187
15.3249 -4.57313 3.53299 187
15.3475 -4.49645 3.53299 187
15.3862 -4.39108 3.53424 187
15.3862 -4.39108 3.53424 187
15.3308 -4.60832 3.53549 187
15.3262 -4.62365 3.53549 187
15.4052 -4.3965 3.53737 187
15.4052 -4.3965 3.53737 187
9.39551 12.9784 3.53768 190
9.36954 12.9971 3.53768 190
15.3668 -4.61913 3.54143 187
15.3435 -4.6959 3.54143 187
9.84161 12.691 3.54362 190
9.85429 12.6811 3.54362 190
15.452 -4.37645 3.54362 187
15.4737 -4.29913 3.54362 187
15.5194 -4.31182 3.55113 187
15.5107 -4.34285 3.55113 187
15.4067 -4.76585 3.55426 187
15.4114 -4.75044 3.55426 187
15.489 -5.61883 3.60964 187
15.4833 -5.63432 3.60964 187
15.5057 -5.62489 3.61246 187
15.483 -5.68687 3.61246 187
10.2217 12.9655 3.61496 190
15.4824 -5.75702 3.61621 187
15.4881 -5.74153 3.61621 187
10.212 13.0334 3.62247 190
9.02117 14.9609 3.76701 1372
9.09942 14.955 3.77264 1372
9.17314 14.9748 3.7814 1372
9.15816 14.984 3.7814 1372
9.39045 15.0914 3.81519 1372
9.37535 15.1008 3.81519 1372
13.5541 12.657 3.93721 1373
13.5541 12.657 3.93721 1373
13.5619 12.7151 3.94441 1373
13.4981 12.7828 3.94441 1373
13.5454 12.8276 3.95473 1373
13.5583 12.814 3.95473 1373
13.5023 12.9672 3.96506 1373
13.567 12.8996 3.96506 1373
13.5422 13.0056 3.97382 1373
13.5552 12.992 3.97382 1373
13.5542 13.2006 3.99666 1373
13.62 13.1327 3.99666 1373
13.6155 13.2339 4.0073 1373
13.6023 13.2475 4.0073 1373
13.5303 13.3632 4.01199 1373
13.5969 13.2954 4.01199 1373
15.372 11.2595 4.01793 1374
15.4153 11.2203 4.01981 1374
15.359 11.2972 4.01981 1374
13.5711 13.4035 4.02106 1373
13.5845 13.3899 4.02106 1373
15.4697 11.189 4.02388 1376
15.4697 11.189 4.02388 1376
15.5561 11.2515 4.04077 1376
15.5561 11.2515 4.04077 1376
15.7037 11.1917 4.05423 1376
15.7148 11.176 4.05423 1376
15.8933 11.0181 4.06299 1376
15.9482 10.9385 4.06299 1376
15.9945 10.9233 4.06768 1376
16.0163 10.8913 4.06768 1376
15.8513 11.1541 4.06987 1376
15.8736 11.1224 4.06987 1376
15.942 11.0519 4.07237 1376
15.964 11.02 4.07237 1376
16.1168 10.7954 4.07237 1376
15.8642 11.1632 4.07237 1376
15.9198 11.0837 4.07237 1376
16.08 10.8642 4.07362 1376
15.8098 11.2673 4.07488 1376
15.8548 11.204 4.07488 1376
8.88662 17.4249 4.09803 177
8.92145 17.4071 4.09803 177
9.13799 17.3145 4.10084 177
9.13799 17.3145 4.10084 177
9.2972 17.2386 4.1021 177
9.2627 17.2571 4.1021 177
9.01079 17.4523 4.11086 177
8.92342 17.4971 4.11086 177
8.45715 17.7512 4.1143 177
8.45715 17.7512 4.1143 177
10.1671 16.8995 4.12368 177
9.48508 17.296 4.12431 177
9.45047 17.315 4.12431 177
9.45047 17.315 4.12431 177
9.53692 17.2675 4.12431 177
8.25377 17.9207 4.12493 177
8.75225 17.6826 4.12493 177
8.23584 17.9289 4.12493 177
8.73456 17.6913 4.12493 177
9.41959 17.3408 4.12556 177
9.33277 17.3877 4.12556 177
8.61568 17.7627 4.12681 177
8.63344 17.7541 4.12681 177
10.0647 16.9975 4.12869 177
10.1495 16.9469 4.12869 177
8.50812 17.8582 4.13307 177
8.50812 17.8582 4.13307 177
8.33411 17.9532 4.13495 177
8.26223 17.9864 4.13495 177
10.017 17.1904 4.15122 177
10.017 17.1904 4.15122 177
10.273 17.0755 4.15622 177
8.96816 17.8486 4.16373 177
9.03948 17.8126 4.16373 177
15.3162 12.8532 4.16686 1376
10.0698 17.2808 4.1678 177
10.0698 17.2808 4.1678 177
9.01888 17.9049 4.17531 177
9.00097 17.9139 4.17531 177
10.2339 17.2439 4.17593 177
10.2166 17.2541 4.17593 177
8.94895 17.9444 4.17593 177
8.8771 17.98 4.17593 177
19.4116 -5.20551 4.18313 343
19.4374 -5.10838 4.18313 343
19.4031 -5.24483 4.18344 343
19.3766 -5.34178 4.18344 343
19.3964 -5.28467 4.18407 343
19.4069 -5.24586 4.18407 343
7.89011 18.5269 4.18939 177
7.89011 18.5269 4.18939 177
9.36512 17.8312 4.19001 177
9.27584 17.8778 4.19001 177
15.4064 13.0343 4.19627 1378
15.3046 13.1597 4.19689 1378
8.8857 18.1343 4.19846 177
8.8131 18.1697 4.19846 177
9.43211 17.8718 4.20065 177
9.43211 17.8718 4.20065 177
15.3256 13.1777 4.20127 1378
10.0303 17.5749 4.20503 177
9.94235 17.6249 4.20503 177
8.65376 18.3051 4.20691 177
8.58047 18.3396 4.20691 177
10.0871 17.5925 4.21191 177
10.1047 17.5824 4.21191 177
9.89828 17.8374 4.231 177
9.98735 17.7877 4.231 177
9.92033 17.8771 4.23819 177
9.95606 17.8572 4.23819 177
8.14705 18.7647 4.24007 177
8.24077 18.7237 4.24007 177
10.274 17.7128 4.2432 177
10.1853 17.7639 4.2432 177
8.29259 18.7397 4.2457 177
8.31133 18.7314 4.2457 177
10.1064 17.9156 4.2579 177
10.1243 17.9055 4.2579 177
9.50237 18.3144 4.26792 177
9.53898 18.2954 4.26792 177
18.0516 10.078 4.27449 1380
18.0717 10.0419 4.27449 1380
18.1318 10.2899 4.30202 1380
18.183 10.1991 4.30202 1380
18.2452 10.3061 4.31891 1380
18.2246 10.3426 4.31891 1380
18.1896 10.4675 4.32392 1380
18.2313 10.3947 4.32392 1380
17.7837 11.8348 4.38336 176
17.7243 11.9236 4.38336 176
18.6043 10.6814 4.39776 1381
17.8831 11.8494 4.39776 176
18.5936 10.7 4.39776 1382
17.803 11.9765 4.39838 176
17.7383 12.1142 4.40214 176
18.4658 10.9734 4.40214 1383
18.5095 10.8995 4.40214 1383
18.8698 -10.3332 4.40746 150
18.8802 -10.3143 4.40746 150
18.9079 -10.3294 4.41246 150
18.856 -10.4238 4.41246 150
19.0093 -10.2127 4.41778 150
18.958 -10.3076 4.41778 150
18.8592 -10.4996 4.41872 150
18.8697 -10.4807 4.41872 150
18.8394 -10.5875 4.42279 150
18.8921 -10.4932 4.42279 150
18.8316 -10.6576 4.42717 150
18.8423 -10.6388 4.42717 150
18.8214 -10.7515 4.43311 150
18.875 -10.6572 4.43311 150
18.8342 -10.8087 4.43937 150
18.8234 -10.8276 4.43937 150
18.8633 -10.8255 4.44469 150
18.8089 -10.9196 4.44469 150
19.1661 -10.3216 4.44782 150
19.1764 -10.3025 4.44782 150
18.8161 -10.9742 4.45001 150
18.8161 -10.9742 4.45001 150
18.8365 -10.9861 4.45376 150
18.8365 -10.9861 4.45376 150
18.7932 -11.1378 4.46002 150
18.782 -11.1566 4.46002 150
18.8238 -11.156 4.46565 150
18.779 -11.2312 4.46565 150
18.766 -11.3256 4.47159 150
18.7774 -11.3068 4.47159 150
18.7539 -11.3952 4.47566 150
18.7994 -11.3201 4.47566 150
19.4122 -10.2547 4.47723 150
19.4122 -10.2547 4.47723 150
14.4229 16.5573 4.47785 349
14.3898 16.5862 4.47785 349
18.7284 -11.4825 4.47942 150
18.7399 -11.4637 4.47942 150
14.5995 16.5918 4.50038 349
14.6326 16.5626 4.50038 349
19.5869 -10.347 4.50851 150
19.5869 -10.347 4.50851 150
14.0379 17.1616 4.51164 349
13.9519 17.2315 4.51164 349
14.0872 17.1518 4.5154 349
14.1557 17.0953 4.5154 349
17.4222 13.7514 4.5154 1106
17.4222 13.7514 4.5154 1106
14.5322 16.8182 4.5204 349
14.4648 16.8762 4.5204 349
17.4875 13.8598 4.53417 1106
17.418 13.9471 4.53417 1106
17.5276 13.8346 4.53667 1106
17.5276 13.8346 4.53667 1106
19.8201 -10.2934 4.5373 150
19.7684 -10.3924 4.5373 150
17.6661 13.7443 4.54512 1106
17.6798 13.7267 4.54512 1106
14.4757 17.0953 4.54793 349
17.7959 13.6182 4.54919 1106
17.7823 13.636 4.54919 1106
17.7644 13.6787 4.55106 1106
17.6957 13.7674 4.55106 1106
14.2653 17.3685 4.55982 349
14.2826 17.3543 4.55982 349
19.9727 -10.398 4.56639 150
19.9831 -10.3781 4.56639 150
14.015 17.6317 4.56733 349
13.9267 17.7015 4.56733 349
18.1564 13.3549 4.56983 1106
18.1488 13.4052 4.57359 1106
18.095 13.4777 4.57359 1106
18.0092 13.6675 4.58078 1106
17.9406 13.7574 4.58078 1106
14.7314 17.1524 4.5811 349
14.7142 17.1671 4.5811 349
18.1497 13.4903 4.58172 1106
18.1362 13.5084 4.58172 1106
19.3398 -11.8307 4.5908 150
19.2923 -11.908 4.5908 150
18.0916 13.6731 4.59174 1106
18.1597 13.5825 4.59174 1106
19.2764 -12.0049 4.59674 150
19.2884 -11.9856 4.59674 150
18.12 13.6946 4.59737 1106
18.1337 13.6765 4.59737 1106
14.7523 17.3165 4.603 349
14.683 17.3753 4.603 349
19.3219 -12.0065 4.603 150
19.2737 -12.0837 4.603 150
19.2503 -12.1765 4.60769 150
19.2624 -12.1572 4.60769 150
19.2453 -12.2543 4.61364 150
19.2942 -12.1773 4.61364 150
19.2484 -12.3376 4.62114 150
19.2484 -12.3376 4.62114 150
14.2912 17.8688 4.62396 349
14.2733 17.883 4.62396 349
19.285 -12.3611 4.62803 150
19.285 -12.3611 4.62803 150
15.1027 17.233 4.62928 355
15.0163 17.3083 4.62928 355
19.2186 -12.5365 4.63429 1111
19.2436 -12.4981 4.63429 1111
19.1412 12.683 4.63679 1384
19.1412 12.683 4.63679 1384
19.4289 12.2673 4.63929 1384
19.4166 12.2867 4.63929 1384
19.2767 -12.5196 4.64054 1111
19.2139 -12.6158 4.64054 1111
19.2851 12.5575 4.64492 1385
19.2725 12.5768 4.64492 1385
19.2056 -12.693 4.64617 1111
19.2183 -12.6738 4.64617 1111
14.3682 18.0019 4.64805 349
14.458 17.9298 4.64805 349
19.1892 -12.7927 4.65274 1111
19.3138 12.6038 4.65274 1386
19.2529 -12.6966 4.65274 1111
19.3766 12.5071 4.65274 1387
19.2367 12.7463 4.65493 1387
19.1948 -12.852 4.65869 1111
19.1819 -12.8712 4.65869 1111
19.1695 -12.9744 4.6662 1111
19.2342 -12.8783 4.6662 1111
19.4797 12.5185 4.66745 1388
19.4922 12.499 4.66745 1388
19.1746 -13.0338 4.67214 1111
19.1485 -13.0721 4.67214 1111
19.1385 -13.1496 4.67777 1111
19.204 -13.0538 4.67777 1111
19.1526 -13.244 4.6881 1111
19.1658 -13.2249 4.6881 1111
19.1951 -13.2451 4.69373 1111
19.1286 -13.3409 4.69373 1111
15.6334 17.3427 4.69811 355
15.5465 17.4207 4.69811 355
14.9529 17.9482 4.69999 1116
14.9529 17.9482 4.69999 1116
19.1472 -13.4109 4.70249 1111
19.1472 -13.4109 4.70249 1111
14.9858 17.9876 4.70812 1116
14.9858 17.9876 4.70812 1116
19.1795 -13.4335 4.70875 1111
19.1795 -13.4335 4.70875 1111
14.3569 18.5135 4.71063 1116
19.1172 -13.5903 4.71501 128
19.1036 -13.6094 4.71501 128
14.8005 18.2423 4.72064 1116
14.7822 18.2571 4.72064 1116
19.1527 -13.6155 4.72189 128
19.0843 -13.7111 4.72189 128
19.0815 -13.7961 4.7294 128
19.0953 -13.777 4.7294 128
19.1354 -13.8059 4.73722 128
19.0661 -13.9014 4.73722 128
19.0673 -13.9901 4.74567 128
19.0813 -13.971 4.74567 128
19.1164 -13.9967 4.75255 128
19.0462 -14.0921 4.75255 128
19.0496 -14.1537 4.75881 128
19.0355 -14.1727 4.75881 128
19.0972 -14.189 4.76819 128
19.026 -14.2844 4.76819 128
14.728 18.7199 4.77257 1116
19.0321 -14.3485 4.77508 128
19.0178 -14.3676 4.77508 128
19.0668 -14.3747 4.78196 128
18.9947 -14.4699 4.78196 128
19.0034 -14.5366 4.78947 128
19.0034 -14.5366 4.78947 128
15.4684 18.3048 4.79573 1116
19.0442 -14.5678 4.7976 128
19.0442 -14.5678 4.7976 128
18.9917 -14.7395 4.80761 128
18.9769 -14.7585 4.80761 128
18.9644 -14.8709 4.817 128
19.0385 -14.7759 4.817 128
18.9687 -14.9357 4.82388 128
18.9538 -14.9546 4.82388 128
19.006 -14.965 4.83139 128
18.946 -15.0409 4.83139 128
18.9288 -15.1511 4.84015 128
18.944 -15.1322 4.84015 128
18.9295 -15.245 4.84954 128
18.9903 -15.1692 4.84954 128
18.9205 -15.3316 4.85705 128
18.9051 -15.3505 4.85705 128
18.9049 -15.4446 4.86643 128
18.9665 -15.3689 4.86643 128
18.8826 -15.5528 4.87457 128
18.9137 -15.515 4.87457 128
18.9549 -15.5488 4.88302 128
18.8769 -15.6434 4.88302 128
3.17509 24.3597 4.89084 1122
3.07763 24.3722 4.89084 1122
18.8942 -15.7215 4.89303 128
18.8942 -15.7215 4.89303 128
22.2488 10.4521 4.89334 1172
22.2592 10.4299 4.89334 1172
2.05521 24.5233 4.89772 1126
2.66758 24.4642 4.89772 1121
2.56971 24.4747 4.89772 1121
4.25101 24.2393 4.89772 1146
4.37215 24.2177 4.89772 1146
2.07973 24.5212 4.89772 1126
18.9352 -15.7557 4.90148 128
18.9352 -15.7557 4.90148 128
22.2641 10.6503 4.90898 1172
22.2748 10.628 4.90898 1172
18.8409 -15.9663 4.91149 128
18.8727 -15.9286 4.91149 128
22.5716 10.0308 4.91211 1172
22.5804 10.0888 4.91712 1172
22.6077 10.0468 4.91837 1172
5.46194 24.1292 4.91837 1166
5.48606 24.1237 4.91837 1166
22.6077 10.0468 4.91837 1172
22.5507 10.1839 4.919 1172
22.4132 10.5294 4.92212 1172
22.4656 10.4172 4.92212 1172
22.5761 10.4136 4.93777 1172
22.6279 10.3006 4.93777 1172
6.60765 24.0048 4.9434 1170
6.48754 24.0376 4.9434 1170
22.6227 10.4352 4.9459 1172
22.6331 10.4125 4.9459 1172
23.4436 8.6956 4.96029 1172
23.4433 8.77559 4.96467 1172
23.3991 8.8927 4.96467 1172
23.5153 8.61535 4.96655 1172
23.6201 8.54676 4.97844 1172
23.7238 8.50386 4.99158 1172
23.681 8.62237 4.99158 1172
8.52197 23.7425 4.99534 1182
8.42693 23.7764 4.99534 1182
8.61822 23.7119 4.99596 1182
8.5945 23.7205 4.99596 1182
8.69544 23.7026 4.99878 1182
8.60056 23.7372 4.99878 1182
8.77336 23.695 5.00191 1182
8.79706 23.6862 5.00191 1182
8.87154 23.6689 5.00347 1182
8.77679 23.7042 5.00347 1182
8.93001 23.6807 5.00848 1182
8.93001 23.6807 5.00848 1182
23.1961 10.1421 5.00973 1172
23.2164 10.0957 5.00973 1172
8.93838 23.7029 5.01223 1182
8.93838 23.7029 5.01223 1182
9.15562 23.6325 5.01411 1182
9.10834 23.6508 5.01411 1182
23.388 10.087 5.03413 1172
23.3373 10.2038 5.03413 1172
23.4981 10.051 5.0479 1172
23.5081 10.0275 5.0479 1172
23.549 9.96151 5.04978 1172
23.509 10.0556 5.04978 1172
23.6033 9.87333 5.05228 1172
23.5934 9.89693 5.05228 1172
23.7865 9.97793 5.08544 1172
23.8262 9.8827 5.08544 1172
22.9075 11.9604 5.09295 1172
22.967 11.8457 5.09295 1172
22.865 12.1427 5.10046 1172
22.9255 12.0282 5.10046 1172
23.1558 11.8845 5.12236 1172
23.0841 12.0233 5.12236 1172
23.0721 12.0463 5.12236 1172
23.1677 11.8614 5.12236 1172
23.3207 11.8222 5.14113 1172
23.2613 11.9387 5.14113 1172
23.146 12.2326 5.14645 1172
23.1215 12.2789 5.14645 1172
23.0506 12.4489 5.14927 1172
23.1126 12.3335 5.14927 1172
23.3936 11.8005 5.14989 1389
23.4054 11.7771 5.14989 1389
24.5665 9.53367 5.17367 1172
24.6138 9.41072 5.17367 1172
23.642 11.7189 5.1793 382
24.5996 9.54653 5.1793 1172
24.6092 9.52193 5.1793 1172
24.5713 9.70557 5.18431 1172
24.5713 9.70557 5.18431 1172
24.7951 9.42323 5.2012 1172
24.8045 9.39843 5.2012 1172
23.7494 11.8313 5.20246 382
24.6962 9.84066 5.21059 1172
24.6467 9.96402 5.21059 1172
24.7403 9.77234 5.21309 1172
24.7403 9.77234 5.21309 1172
24.9308 9.27561 5.21309 1172
25.0382 9.31556 5.23124 1172
24.6135 11.1451 5.27942 382
24.7017 10.9774 5.2813 382
24.707 11.1875 5.29569 382
9.80832 25.4684 5.3226 399
9.93554 25.419 5.3226 399
10.2271 25.3394 5.32792 399
10.1764 25.3598 5.32792 399
23.6304 13.8196 5.33574 1199
10.0167 25.4763 5.33574 399
23.6855 13.725 5.33574 1199
25.9137 8.82359 5.33574 1197
10.0676 25.4562 5.33574 399
25.9749 8.64198 5.33574 1197
25.9835 8.616 5.33574 1197
25.9575 8.69391 5.33574 1197
26.1007 8.88726 5.36702 1197
26.1096 8.86116 5.36702 1197
11.1911 25.2898 5.38017 399
11.3174 25.2335 5.38017 399
11.4133 25.3117 5.39769 399
11.4386 25.3003 5.39769 399
25.6182 12.3177 5.50218 1390
25.5563 12.4457 5.50218 1390
25.5854 12.6821 5.52283 1390
26.8327 9.76995 5.52283 1391
26.0201 12.6393 5.58165 1392
26.0074 12.6653 5.58165 1392
26.2048 12.9892 5.63234 1392
26.2048 12.9892 5.63234 1392
26.2014 13.2168 5.64798 1392
15.8308 24.7194 5.64923 411
15.8308 24.7194 5.64923 411
26.8934 12.6999 5.71055 1393
26.8296 12.8342 5.71055 1393
16.9602 24.5996 5.73246 411
17.0094 24.5656 5.73246 411
30.7265 -5.65481 5.94834 1208
30.7786 -5.41018 5.94959 1208
30.7511 -5.56401 5.94959 1208
30.7114 -5.77913 5.94959 1208
24.3527 20.645 6.05659 430
31.3597 -6.19385 6.06285 1208
31.3597 -6.19385 6.06285 1208
24.5596 20.4849 6.06535 430
24.5391 20.5095 6.06535 430
24.401 20.6859 6.0666 430
24.6058 20.5652 6.07911 430
24.7083 20.4419 6.07911 430
31.4993 -6.22141 6.08537 1212
31.4485 -6.4732 6.08537 1212
24.3454 20.9334 6.08537 1216
24.8306 20.4179 6.09163 430
24.8101 20.4427 6.09163 430
24.3934 20.9747 6.09538 1219
31.2793 -7.82052 6.10665 1224
31.2948 -7.75795 6.10665 1224
24.9016 20.5181 6.1104 430
25.0039 20.3933 6.1104 430
21.5792 24.0835 6.12166 1395
21.531 24.1266 6.12166 1395
25.1877 20.4177 6.13543 430
25.1673 20.4429 6.13543 430
31.5213 -7.61364 6.13606 1224
31.5213 -7.61364 6.13606 1224
31.5328 -7.61642 6.13793 1224
31.5328 -7.61642 6.13793 1224
32.2599 -3.6283 6.14169 1396
32.2599 -3.6283 6.14169 1396
25.2225 20.4878 6.14669 430
25.3246 20.3614 6.14669 430
31.8994 -6.23418 6.14795 1212
31.842 -6.52102 6.14795 1212
31.809 -6.68014 6.14795 1212
32.0107 -5.85806 6.1542 1217
32.2055 -4.66992 6.1542 1226
32.224 -4.54106 6.1542 1226
31.8699 -6.79284 6.16109 1212
31.8767 -6.76096 6.16109 1212
25.4393 20.37 6.16171 430
25.4596 20.3445 6.16171 430
32.229 -5.36657 6.17485 1397
32.4378 -3.91132 6.17485 1226
32.2554 -5.20536 6.17485 1397
32.3106 -4.98246 6.17798 1397
32.3106 -4.98246 6.17798 1397
32.2866 -5.2104 6.17986 1397
32.2761 -5.27496 6.17986 1397
32.5937 -3.66583 6.19488 1226
32.5937 -3.66583 6.19488 1226
31.9544 -7.92146 6.21427 1224
31.9144 -8.08113 6.21427 1224
22.6663 23.9143 6.21865 882
22.6184 23.9596 6.21865 882
24.5915 22.1488 6.24181 891
24.5027 22.247 6.24181 891
24.6157 22.3047 6.2612 891
24.5933 22.3293 6.2612 891
24.6108 22.4803 6.27935 891
24.5207 22.5785 6.27935 891
33.0017 -4.68433 6.27935 1233
33.0064 -4.65132 6.27935 1233
33.0634 -6.29021 6.33066 437
23.8023 23.8398 6.33567 890
33.1378 -6.0643 6.33567 437
23.8261 23.816 6.33567 890
33.0984 -6.29685 6.33629 437
33.0921 -6.32995 6.33629 437
5.13625 33.3942 6.35131 1399
4.90237 33.4293 6.35131 1399
5.06945 33.4044 6.35131 1399
5.13625 33.3942 6.35131 1399
33.2628 -6.56973 6.37008 437
11.2125 32.3533 6.42327 1400
11.3418 32.3082 6.42327 1400
33.8644 -5.8828 6.44392 1401
33.8934 -5.71341 6.44392 1401
29.1349 18.4365 6.46081 451
34.1013 -5.08417 6.46081 1238
34.1114 -5.01596 6.46081 1238
29.2268 18.2906 6.46081 451
29.2047 18.5625 6.48084 451
29.1115 18.7083 6.48084 451
29.4309 18.3365 6.4921 451
29.4493 18.3071 6.4921 451
34.5263 -4.37348 6.51213 1402
34.5219 -4.40801 6.51213 1402
34.5381 -4.37497 6.514 1402
34.5203 -4.51309 6.514 1402
29.5651 18.4201 6.51713 451
29.6568 18.272 6.51713 451
34.5977 -4.31224 6.52214 1239
34.6188 -4.1392 6.52214 1239
34.6267 -4.14014 6.52339 1239
34.8832 -4.63152 6.57345 1239
34.8596 -4.80588 6.57345 1239
34.4334 -7.55548 6.58346 930
34.4258 -7.58991 6.58346 930
9.01946 34.0956 6.58596 1403
8.95125 34.1135 6.58596 1403
34.5009 -7.31754 6.58596 930
34.4639 -7.48996 6.58596 930
6.8219 34.6104 6.58721 1404
6.8219 34.6104 6.58721 1404
8.11696 34.7275 6.64854 1405
8.15168 34.7193 6.64854 1405
8.52748 -34.8771 6.68671 126
8.70176 -34.834 6.68671 126
8.67169 -34.8619 6.68983 126
8.70654 -34.8532 6.68983 126
8.96014 -34.8296 6.69609 126
8.96014 -34.8296 6.69609 126
8.97196 -34.8756 6.7036 126
8.97196 -34.8756 6.7036 126
9.0526 -34.8996 6.71048 126
9.22698 -34.8539 6.71048 126
11.8404 34.0549 6.71048 1406
11.8063 34.0667 6.71048 1406
9.19918 -34.8899 6.71486 126
9.23406 -34.8806 6.71486 126
9.4946 -34.8761 6.72488 126
9.3201 -34.9232 6.72488 126
9.46903 -34.9199 6.73051 126
9.50394 -34.9105 6.73051 126
8.49695 -35.2098 6.73676 126
8.53216 -35.2012 6.73676 126
9.76192 -34.8925 6.73864 126
9.58733 -34.9409 6.73864 126
9.77256 -34.9306 6.7449 126
9.73763 -34.9403 6.7449 126
10.0332 -34.9183 6.75429 126
9.85848 -34.968 6.75429 126
10.0452 -34.96 6.76117 126
9.97526 -34.9801 6.76117 126
35.8603 -6.11875 6.76179 1407
35.8724 -6.04702 6.76179 1407
10.1316 -34.9968 6.77055 126
10.3064 -34.9457 6.77055 126
31.1656 18.9019 6.77306 1241
31.0707 19.0575 6.77306 1241
35.9007 -6.34756 6.77431 1408
35.907 -6.31165 6.77431 1408
10.3243 -35.0063 6.78057 126
10.2543 -35.0269 6.78057 126
10.5817 -34.9748 6.78745 126
10.5817 -34.9748 6.78745 126
10.5943 -35.0164 6.79433 126
10.5943 -35.0164 6.79433 126
8.62243 -35.5737 6.79746 1409
8.44446 -35.6163 6.79746 1409
10.6862 -35.067 6.80622 1410
10.8614 -35.0131 6.80622 1410
10.8111 -35.0989 6.81686 1410
10.8813 -35.0772 6.81686 1410
10.9608 -35.0856 6.82187 1410
11.1361 -35.0303 6.82187 1410
11.0767 -35.0864 6.8275 1410
11.1469 -35.0642 6.8275 1410
11.2375 -35.1058 6.83813 1410
11.4129 -35.0492 6.83813 1410
11.4312 -35.1055 6.84752 1410
11.361 -35.1283 6.84752 1410
11.5248 -35.1539 6.85941 1410
11.7004 -35.0959 6.85941 1410
11.6488 -35.1755 6.8688 1410
11.7191 -35.1521 6.8688 1410
11.8158 -35.2072 6.88194 1410
11.9917 -35.1477 6.88194 1410
11.9994 -35.1701 6.88569 1410
11.929 -35.1941 6.88569 1410
12.2335 -35.1647 6.89695 1410
12.2335 -35.1647 6.89695 1410
8.51871 -36.2524 6.89821 1411
8.48245 -36.2609 6.89821 1411
12.2491 -35.2095 6.90446 1412
12.2491 -35.2095 6.90446 1412
12.5112 -35.1675 6.91197 1412
12.3704 -35.2173 6.91197 1412
8.55215 -36.3947 6.92136 1413
8.4065 -36.4286 6.92136 1413
12.5024 -35.2545 6.92449 1414
12.5377 -35.242 6.92449 1414
12.811 -35.2276 6.937 1414
12.67 -35.2786 6.937 1414
12.8326 -35.287 6.94701 1414
12.7974 -35.2998 6.94701 1414
12.9249 -35.3206 6.95702 1414
13.1014 -35.2556 6.95702 1414
13.0908 -35.3353 6.96829 1414
13.1261 -35.3222 6.96829 1414
13.2092 -35.3292 6.97392 1414
13.3857 -35.2627 6.97392 1414
13.3784 -35.35 6.98643 1414
13.4137 -35.3366 6.98643 1414
13.521 -35.4057 7.0027 1414
13.6979 -35.3376 7.0027 1414
13.6825 -35.4029 7.01146 1414
13.7179 -35.3892 7.01146 1414
8.4401 -37.0816 7.02335 1415
8.40301 -37.09 7.02335 1415
8.3189 -37.4125 7.07028 1415
8.50586 -37.3705 7.07028 1415
8.29714 -37.8503 7.13724 1415
8.33499 -37.8419 7.13724 1415
8.2147 -38.5794 7.24737 1416
8.2147 -38.5794 7.24737 1416
8.33072 -39.1243 7.3356 1416
8.33072 -39.1243 7.3356 1416
8.09664 -39.5767 7.39817 1416
8.17578 -39.5605 7.39817 1416
39.6989 -8.13007 7.41819 1417
8.25574 -39.9474 7.46074 1418
8.0559 -39.9881 7.46074 1418
-0.0276643 -2.71111 1.52701 2
-0.0332302 -2.72283 1.5293 2
-0.0386758 -2.72276 1.5293 2
-0.0335177 -2.74639 1.53388 2
-0.0472492 -2.74619 1.53388 2
-0.0559634 -2.76959 1.53846 2
-0.0531938 -2.76964 1.53846 2
-0.0673264 -2.78112 1.54075 2
-0.05342 -2.78142 1.54075 2
-0.0734029 -2.8006 1.54457 2
-0.0790039 -2.80045 1.54457 2
-0.0743802 -2.83789 1.55182 2
-0.0885687 -2.83748 1.55182 2
-2.36371 -2.61376 1.685 3
-2.37675 -2.60191 1.685 3
-2.40542 -2.58616 1.68653 3
-2.40542 -2.58616 1.68653 3
-2.38991 -2.60583 1.68729 3
-2.40291 -2.59385 1.68729 3
-2.40318 -2.6203 1.69111 3
-2.40842 -2.61549 1.69111 3
-2.42414 -2.60629 1.69187 3
-2.42414 -2.60629 1.69187 3
-2.45579 -2.60354 1.69569 3
-2.45839 -2.60108 1.69569 3
-3.2996 -7.88763 2.66195 4
-3.28381 -7.89421 2.66195 4
-3.3263 -7.88493 2.66347 4
-3.28683 -7.90146 2.66347 4
-3.27327 -7.91346 2.66462 4
-3.23366 -7.92973 2.66462 4
-3.38761 -7.87588 2.66653 4
-3.34819 -7.89272 2.66653 4
-3.36397 -7.88601 2.66653 4
-3.34819 -7.89272 2.66653 4
-3.42066 -7.86587 2.66729 4
-3.40492 -7.87269 2.66729 4
-3.44818 -7.86456 2.6692 4
-3.40882 -7.8817 2.6692 4
-3.46945 -7.87022 2.67187 4
-3.46945 -7.87022 2.67187 4
-3.47578 -7.8846 2.67492 4
-3.47578 -7.8846 2.67492 4
-3.5325 -7.86365 2.67568 4
-3.57177 -7.84589 2.67568 4
-3.53411 -7.86724 2.67645 4
-3.54983 -7.86015 2.67645 4
-3.61051 -7.8476 2.67912 4
-3.59481 -7.8548 2.67912 4
-3.60053 -7.8673 2.68179 4
-3.63982 -7.8492 2.68179 4
-3.289 -8.01952 2.68484 4
-3.27295 -8.02608 2.68484 4
-3.66546 -7.86325 2.68637 4
-3.70473 -7.84483 2.68637 4
-3.66712 -7.86681 2.68713 4
-3.68285 -7.85946 2.68713 4
-3.73078 -7.839 2.68751 4
-3.72294 -7.84272 2.68751 4
-3.76806 -7.8364 2.69019 4
-3.72884 -7.85514 2.69019 4
-3.79669 -7.83566 2.69248 4
-3.78886 -7.83945 2.69248 4
-3.83664 -7.83804 2.69629 4
-3.7974 -7.85713 2.69629 4
-3.85231 -7.83035 2.69629 4
-3.85231 -7.83035 2.69629 4
-3.85577 -7.8374 2.69782 4
-3.85577 -7.8374 2.69782 4
-3.91405 -7.81724 2.69934 4
-3.92187 -7.81332 2.69934 4
-3.96019 -7.81158 2.7024 4
-3.92109 -7.83128 2.7024 4
-3.98294 -7.81764 2.70545 4
-4.02198 -7.79763 2.70545 4
-3.99075 -7.81365 2.70545 4
-3.98294 -7.81764 2.70545 4
-3.25749 -8.15089 2.70621 4
-3.29821 -8.1345 2.70621 4
-4.04118 -7.79654 2.70698 4
-4.04897 -7.79249 2.70698 4
-4.0865 -7.78841 2.70965 4
-4.0475 -7.80874 2.70965 4
-4.11397 -7.80279 2.71461 4
-4.12177 -7.79868 2.71461 4
-4.16904 -7.79355 2.71804 4
-4.18462 -7.7852 2.71804 4
-4.12221 -7.81842 2.71804 4
-4.16125 -7.79771 2.71804 4
-4.22041 -7.77702 2.71995 4
-4.17367 -7.80221 2.71995 4
-4.2416 -7.77891 2.72224 4
-4.2416 -7.77891 2.72224 4
-4.24912 -7.7927 2.72529 4
-4.24912 -7.7927 2.72529 4
-3.29392 -8.24204 2.72529 4
-3.3104 -8.23543 2.72529 4
-4.3091 -7.79111 2.73064 4
-4.32467 -7.78248 2.73064 4
-4.38291 -7.75886 2.73216 4
-4.36738 -7.76761 2.73216 4
-4.3129 -7.79799 2.73216 4
-4.35183 -7.77632 2.73216 4
-4.41393 -7.75932 2.73522 4
-4.37508 -7.7813 2.73522 4
-4.43723 -7.76412 2.73827 4
-4.45275 -7.75523 2.73827 4
-4.45282 -7.79139 2.74438 4
-4.54599 -7.7374 2.74438 4
-4.49172 -7.76903 2.74438 4
-4.50725 -7.76003 2.74438 4
-3.27337 -8.35996 2.74514 4
-3.27337 -8.35996 2.74514 4
-4.56944 -7.74181 2.74743 4
-4.58491 -7.73266 2.74743 4
-4.52007 -7.7821 2.74934 4
-4.53562 -7.77304 2.74934 4
-4.58141 -7.7621 2.75201 4
-4.62017 -7.7391 2.75201 4
-4.64573 -7.74668 2.75582 4
-4.64573 -7.74668 2.75582 4
-4.65179 -7.75678 2.75811 4
-4.65179 -7.75678 2.75811 4
-4.72551 -7.7213 2.75964 4
-4.71006 -7.73074 2.75964 4
-4.72028 -7.7475 2.76346 4
-4.75895 -7.7238 2.76346 4
-3.30844 -8.44953 2.76384 4
-3.30844 -8.44953 2.76384 4
-4.80432 -7.72805 2.7688 4
-4.78886 -7.73764 2.7688 4
-4.8379 -7.73024 2.77262 4
-4.79919 -7.75434 2.77262 4
-4.87298 -7.71747 2.77414 4
-4.85753 -7.7272 2.77414 4
-4.90032 -7.70944 2.77567 4
-4.86171 -7.73385 2.77567 4
-4.92629 -7.71617 2.77948 4
-4.94171 -7.70631 2.77948 4
-4.93263 -7.7261 2.78177 4
-4.9712 -7.70134 2.78177 4
-5.01482 -7.70114 2.78635 4
-4.99941 -7.71115 2.78635 4
-5.00154 -7.71445 2.78712 4
-5.04005 -7.68934 2.78712 4
-3.29421 -8.5898 2.78826 4
-3.34569 -8.56988 2.78826 4
-5.0619 -7.68909 2.78941 4
-5.0619 -7.68909 2.78941 4
-5.07054 -7.70221 2.79246 4
-5.07054 -7.70221 2.79246 4
-5.15935 -7.6856 2.79933 4
-5.14396 -7.6959 2.79933 4
-5.15269 -7.70896 2.80238 4
-5.19117 -7.6831 2.80238 4
-5.21535 -7.6857 2.80543 4
-5.25371 -7.65953 2.80543 4
-5.21645 -7.68733 2.80582 4
-5.23181 -7.67688 2.80582 4
-5.28461 -7.67164 2.81078 4
-5.29994 -7.66106 2.81078 4
-3.3399 -8.70895 2.81307 4
-3.35731 -8.70226 2.81307 4
-5.29575 -7.68781 2.81459 4
-5.33412 -7.66123 2.81459 4
-5.36518 -7.67308 2.81994 4
-5.37285 -7.66771 2.81994 4
-5.40575 -7.64936 2.8207 4
-5.36743 -7.67629 2.8207 4
-5.4355 -7.64271 2.82299 4
-5.42785 -7.64814 2.82299 4
-5.47747 -7.63686 2.82681 4
-5.43922 -7.66415 2.82681 4
-5.51109 -7.65138 2.83291 4
-5.51109 -7.65138 2.83291 4
-3.36024 -8.81468 2.83367 4
-3.31613 -8.83137 2.83367 4
-5.52486 -7.67049 2.83749 4
-5.52486 -7.67049 2.83749 4
-5.59765 -7.64189 2.84131 4
-5.59 -7.64748 2.84131 4
-5.59695 -7.65699 2.8436 4
-5.63517 -7.62891 2.8436 4
-5.65977 -7.63024 2.84665 4
-5.6674 -7.62458 2.84665 4
-5.71434 -7.62384 2.85199 4
-5.67615 -7.65232 2.85199 4
-5.74374 -7.63122 2.85657 4
-3.35753 -8.94164 2.85657 4
-3.37541 -8.93491 2.85657 4
-5.75137 -7.62547 2.85657 4
-5.75082 -7.64063 2.85886 4
-5.78896 -7.61178 2.85886 4
-5.81654 -7.60062 2.86039 4
-5.80893 -7.60643 2.86039 4
-5.85889 -7.59283 2.8642 4
-5.82085 -7.62203 2.8642 4
-5.88809 -7.61492 2.87107 4
-5.90331 -7.60313 2.87107 4
-5.90731 -7.63977 2.87718 4
-5.94543 -7.61014 2.87718 4
-3.3355 -9.07549 2.87947 4
-3.38083 -9.0587 2.87947 4
-5.96791 -7.6075 2.87947 4
-5.96791 -7.6075 2.87947 4
-5.97155 -7.61214 2.88061 4
-5.97155 -7.61214 2.88061 4
-6.04547 -7.59627 2.8871 4
-6.06065 -7.58416 2.8871 4
-6.06014 -7.6147 2.89168 4
-6.10572 -7.5782 2.89168 4
-6.12563 -7.58737 2.8955 4
-6.14079 -7.5751 2.8955 4
-6.18346 -7.56568 2.89931 4
-6.13796 -7.60264 2.89931 4
-6.19849 -7.56861 2.9016 4
-6.21361 -7.55619 2.9016 4
-6.21093 -7.58379 2.90542 4
-6.24877 -7.55265 2.90542 4
-6.28519 -7.56581 2.91191 4
-6.30031 -7.55322 2.91191 4
-6.31404 -7.60054 2.92068 4
-6.35197 -7.56887 2.92068 4
-6.39234 -7.5554 2.92374 4
-6.37721 -7.56816 2.92374 4
-6.41625 -7.53768 2.92412 4
-6.37848 -7.56967 2.92412 4
-6.45172 -7.54871 2.93022 4
-6.45172 -7.54871 2.93022 4
-6.46702 -7.56662 2.9348 4
-6.46702 -7.56662 2.9348 4
-6.54169 -7.54638 2.94129 4
-6.55677 -7.53329 2.94129 4
-6.58969 -7.5254 2.94434 4
-6.55198 -7.55825 2.94434 4
-6.61121 -7.51958 2.94625 4
-6.62624 -7.50634 2.94625 4
-6.67089 -7.51138 2.95274 4
-6.63325 -7.54464 2.95274 4
-6.72445 -7.51097 2.95961 4
-6.70941 -7.5244 2.95961 4
-7.20684 -7.45904 3.01609 4
-7.16945 -7.49498 3.01609 4
-10.1961 1.9335 3.01723 124
-10.1863 1.98446 3.01723 124
-10.2113 1.86244 3.01761 124
-10.2113 1.86244 3.01761 124
-10.2113 1.86244 3.01761 124
-10.2113 1.86244 3.01761 124
-10.2494 1.70043 3.01952 124
-10.2115 1.93643 3.02029 124
-7.23678 -7.46011 3.02029 4
-10.2095 1.94664 3.02029 124
-7.24424 -7.45287 3.02029 4
-10.2603 1.67062 3.02067 124
-10.2362 1.84584 3.02181 124
-10.2453 1.79464 3.02181 124
-10.2634 1.72385 3.02296 124
-10.26 1.74438 3.02296 124
-10.2589 1.79701 3.02448 124
-10.2553 1.81753 3.02448 124
-7.29048 -7.44066 3.02487 4
-7.25318 -7.47702 3.02487 4
-10.2682 1.77749 3.02563 124
-10.277 1.72613 3.02563 124
-7.168 -7.59925 3.03059 4
-7.20591 -7.56331 3.03059 4
-7.33757 -7.44392 3.03173 4
-7.33013 -7.45126 3.03173 4
-7.35353 -7.47505 3.03822 4
-7.39082 -7.43819 3.03822 4
-7.42925 -7.44702 3.04471 4
-7.43669 -7.43959 3.04471 4
-7.44173 -7.45953 3.04814 4
-7.47893 -7.42223 3.04814 4
-7.51052 -7.42381 3.05272 4
-7.51052 -7.42381 3.05272 4
-7.53844 -7.45142 3.06036 4
-7.53844 -7.45142 3.06036 4
-7.62314 -7.41551 3.06722 4
-7.61572 -7.42313 3.06722 4
-7.681 -7.41223 3.07486 4
-7.64384 -7.45054 3.07486 4
-7.71245 -7.42769 3.08134 4
-7.72729 -7.41225 3.08134 4
-7.7711 -7.39482 3.08516 4
-7.72659 -7.44131 3.08516 4
-7.80154 -7.39412 3.08936 4
-7.80893 -7.38631 3.08936 4
-7.83289 -7.42383 3.09775 4
-7.86991 -7.38457 3.09775 4
-7.91644 -7.38369 3.10424 4
-7.90905 -7.39161 3.10424 4
-7.97041 -7.37464 3.11073 4
-7.93344 -7.4144 3.11073 4
-7.99797 -7.38531 3.11607 4
-8.01273 -7.3693 3.11607 4
-8.06389 -7.35704 3.1218 4
-8.01961 -7.40529 3.1218 4
-8.10173 -7.37673 3.12981 4
-8.10173 -7.37673 3.12981 4
-8.12351 -7.39655 3.13553 4
-8.12351 -7.39655 3.13553 4
-8.20138 -7.36311 3.1424 4
-8.21609 -7.3467 3.1424 4
-8.21891 -7.37885 3.14698 4
-8.26303 -7.32941 3.14698 4
-8.31886 -7.33445 3.15576 4
-8.30417 -7.35107 3.15576 4
-10.7449 2.79411 3.15805 124
-10.7559 2.75111 3.15805 124
-8.32475 -7.36929 3.1611 4
-8.36882 -7.31921 3.1611 4
-11.1275 0.305051 3.16377 1254
-11.1272 0.316178 3.16377 1254
-8.42185 -7.32112 3.16912 4
-8.40719 -7.33795 3.16912 4
-10.5151 3.73623 3.16912 124
-11.1706 0.227993 3.17179 1254
-11.1693 0.283843 3.17179 1254
-10.5336 3.73096 3.17217 124
-10.5148 3.78358 3.17217 124
-8.43382 -7.36118 3.17599 4
-8.47052 -7.31892 3.17599 4
-10.5312 3.81329 3.17713 124
-10.5312 3.81329 3.17713 124
-8.52059 -7.30287 3.18133 4
-8.50597 -7.3199 3.18133 4
-11.2211 0.251477 3.18171 1254
-11.2216 0.229035 3.18171 1254
-11.1391 1.39298 3.18209 1254
-11.1363 1.41526 3.18209 1254
-10.5608 3.82398 3.18324 124
-10.8589 2.87018 3.18324 124
-10.5608 3.82398 3.18324 124
-10.4836 4.04702 3.18438 124
-10.4796 4.0575 3.18438 124
-10.5448 3.9019 3.18553 124
-10.5409 3.91245 3.18553 124
-10.5209 3.97701 3.18629 124
-10.5169 3.98753 3.18629 124
-10.5522 3.90463 3.18705 124
-11.2504 0.150847 3.18705 1254
-11.2504 0.150847 3.18705 1254
-10.5325 3.95734 3.18705 124
-11.2543 0.1509 3.18782 1254
-11.2543 0.1509 3.18782 1254
-11.2353 0.792356 3.18934 1254
-11.2361 0.781121 3.18934 1254
-10.5155 4.03519 3.18934 124
-10.5356 3.98256 3.18934 124
-11.263 0.0721667 3.18934 1254
-11.2625 0.12848 3.18934 1254
-8.53871 -7.34807 3.18972 4
-8.57534 -7.30528 3.18972 4
-11.2844 0.094874 3.19354 1254
-11.209 1.3221 3.19392 1254
-11.2023 1.37813 3.19392 1254
-8.63899 -7.30007 3.1985 4
-8.62437 -7.31733 3.1985 4
-11.2695 1.32923 3.20575 1254
-11.2668 1.35177 3.20575 1254
-8.65281 -7.34146 3.20575 4
-8.68941 -7.29811 3.20575 4
-11.3314 0.708082 3.2069 1254
-11.3277 0.76473 3.2069 1254
-11.3353 0.708327 3.20766 1254
-11.3346 0.719662 3.20766 1254
-8.72808 -7.30087 3.21186 4
-8.72808 -7.30087 3.21186 4
-11.3111 1.31121 3.21338 1254
-11.3175 1.25464 3.21338 1254
-11.3189 1.27772 3.21415 1254
-11.3214 1.25507 3.21415 1254
-8.74766 -7.31725 3.21682 4
-11.3436 1.17721 3.21682 1254
-11.3376 1.23392 3.21682 1254
-8.74766 -7.31725 3.21682 4
-11.391 0.63179 3.21758 1254
-11.3788 1.18086 3.22369 1254
-11.3764 1.20362 3.22369 1254
-8.83199 -7.28331 3.22521 4
-8.84654 -7.26563 3.22521 4
-11.4293 1.04764 3.23094 1254
-11.4395 1.10628 3.23399 1254
-11.4395 1.10628 3.23399 1254
-8.9124 -7.27506 3.23628 4
-8.87591 -7.31954 3.23628 4
-8.95283 -7.27828 3.24277 4
-8.96737 -7.26036 3.24277 4
-8.98025 -7.30057 3.24964 4
-9.01664 -7.25558 3.24964 4
-9.07014 -7.23905 3.25574 4
-9.05565 -7.25717 3.25574 4
-9.12873 -7.24109 3.2649 4
-9.09241 -7.28664 3.2649 4
-9.17709 -7.24959 3.2733 4
-9.19157 -7.23122 3.2733 4
-9.21098 -7.27636 3.28169 4
-9.24725 -7.23022 3.28169 4
-10.8738 4.43683 3.28284 1260
-10.9003 4.3715 3.28284 1260
-9.29112 -7.23463 3.28894 4
-9.29835 -7.22533 3.28894 4
-9.35517 -7.20965 3.29581 4
-9.319 -7.25634 3.29581 4
-9.41162 -7.2232 3.30612 4
-9.41162 -7.2232 3.30612 4
-11.0039 4.50272 3.31108 1260
-11.0039 4.50272 3.31108 1260
-9.449 -7.25189 3.31528 4
-9.449 -7.25189 3.31528 4
-11.0172 4.62436 3.32253 1260
-9.55152 -7.1949 3.32444 4
-9.53711 -7.21399 3.32444 4
-9.59821 -7.18504 3.33054 4
-9.56216 -7.23294 3.33054 4
-9.65033 -7.19399 3.3397 4
-9.65752 -7.18434 3.3397 4
-9.68496 -7.2198 3.3481 4
-9.72094 -7.17129 3.3481 4
-9.77007 -7.1774 3.35649 4
-9.77724 -7.16763 3.35649 4
-9.8503 -7.16079 3.36718 4
-9.81437 -7.20995 3.36718 4
-10.8878 5.48153 3.36947 991
-10.9288 5.46113 3.37481 991
-9.9163 -7.1634 3.37786 4
-9.90913 -7.17331 3.37786 4
-12.2124 -0.863538 3.37977 995
-12.2124 -0.863538 3.37977 995
-9.97041 -7.14197 3.38397 4
-9.93458 -7.19173 3.38397 4
-11.005 5.45798 3.38778 991
-11.0159 5.43596 3.38778 991
-10.0246 -7.15051 3.39351 4
-10.0318 -7.14048 3.39351 4
-12.3122 -0.78402 3.39809 995
-12.3137 -0.759394 3.39809 995
-11.0778 5.43901 3.39885 991
-11.1049 5.38355 3.39885 991
-10.1036 -7.13087 3.40381 4
-10.0678 -7.18129 3.40381 4
-11.1523 5.43413 3.41144 991
-11.1632 5.41181 3.41144 991
-10.166 -7.14451 3.41526 4
-10.166 -7.14451 3.41526 4
-10.2013 -7.16934 3.42366 4
-10.2013 -7.16934 3.42366 4
-12.4728 -0.881955 3.43053 995
-12.4728 -0.881955 3.43053 995
-10.2803 -7.11788 3.43053 4
-10.2874 -7.10759 3.43053 4
-10.3492 -7.10448 3.44007 4
-10.3207 -7.14582 3.44007 4
-10.4311 -7.09948 3.45266 4
-10.4169 -7.12032 3.45266 4
-10.5098 -7.09174 3.46449 4
-10.4671 -7.15467 3.46449 4
-12.706 -0.452431 3.47136 995
-12.7081 -0.388895 3.47136 995
-10.5686 -7.08532 3.47327 4
-10.5615 -7.09588 3.47327 4
-12.7324 -0.364152 3.47594 995
-12.7324 -0.364152 3.47594 995
-10.5941 -7.11778 3.4809 4
-10.6295 -7.06472 3.4809 4
-12.7657 -0.365106 3.48242 995
-12.7657 -0.365106 3.48242 995
-10.6846 -7.07054 3.49044 4
-10.6916 -7.05985 3.49044 4
-12.8151 -0.276755 3.49158 995
-12.8156 -0.251124 3.49158 995
-12.8504 -0.277518 3.49845 995
-12.8517 -0.213263 3.49845 995
-10.7451 -7.11062 3.50456 41
-10.7735 -7.06759 3.50456 41
-12.9051 -0.188332 3.50876 995
-12.9054 -0.162522 3.50876 995
-10.8379 -7.04798 3.51295 41
-10.8238 -7.06964 3.51295 41
-11.7936 5.34339 3.51677 991
-11.8043 5.3198 3.51677 991
-12.9777 -0.189392 3.52288 995
-12.9785 -0.124502 3.52288 995
-10.8698 -7.0997 3.52364 41
-10.9052 -7.04527 3.52364 41
-11.9221 5.27277 3.53394 991
-11.8955 5.33232 3.53394 991
-10.9655 -7.05318 3.53433 41
-10.9655 -7.05318 3.53433 41
-11.942 5.31017 3.54043 991
-11.9526 5.28627 3.54043 991
-13.0867 -0.0993645 3.54387 995
-13.0868 -0.073191 3.54387 995
-11.0084 -7.08079 3.54425 41
-11.0084 -7.08079 3.54425 41
-11.1248 -7.01494 3.55646 41
-11.1108 -7.03718 3.55646 41
-12.053 5.30188 3.55951 991
-12.0793 5.24155 3.55951 991
-12.1136 5.2564 3.56676 991
-12.103 5.28061 3.56676 991
-11.1672 -7.07289 3.56943 41
-11.2024 -7.01697 3.56943 41
-11.2737 -6.99903 3.57936 41
-11.2597 -7.02156 3.57936 41
-13.2814 -0.00787128 3.58165 995
-13.2814 0.0186915 3.58165 995
-13.303 -0.00788408 3.58584 995
-13.3029 0.0586308 3.58584 995
-11.3281 -6.98579 3.58699 41
-11.293 -7.04234 3.58699 41
-13.3793 0.085727 3.60073 995
-11.4162 -6.97727 3.60073 41
-11.4023 -7.00009 3.60073 41
-11.4625 -7.03707 3.61446 41
-11.4975 -6.97967 3.61446 41
-11.5691 -6.95994 3.62439 41
-11.5552 -6.98306 3.62439 41
-11.6371 -6.9534 3.63507 41
-11.6022 -7.0115 3.63507 41
-11.7223 -6.9408 3.64805 41
-11.7084 -6.96423 3.64805 41
-13.6344 -0.103523 3.65034 995
-13.6348 -0.0353503 3.65034 995
-11.7624 -6.99635 3.66026 41
-11.7972 -6.93745 3.66026 41
-13.3955 2.83285 3.6614 88
-13.3926 2.84624 3.6614 88
-13.3682 2.9951 3.66293 88
-13.383 2.92822 3.66293 88
-13.4146 2.80887 3.66408 88
-13.4284 2.74176 3.66408 88
-13.3756 3.02486 3.6656 88
-13.3756 3.02486 3.6656 88
-13.4438 2.7449 3.66713 88
-13.4411 2.75834 3.66713 88
-13.405 2.94709 3.66789 88
-13.4079 2.93368 3.66789 88
-13.4176 2.90769 3.66865 88
-13.432 2.84056 3.66865 88
-13.3947 3.02919 3.66942 88
-13.3947 3.02919 3.66942 88
-11.8721 -6.94955 3.674 41
-11.8721 -6.94955 3.674 41
-13.414 3.14657 3.67819 88
-13.4203 3.11973 3.67819 88
-13.4185 3.2043 3.68163 88
-13.4375 3.12373 3.68163 88
-13.5513 2.66817 3.68468 88
-13.5486 2.68172 3.68468 88
-13.5552 2.66893 3.68545 88
-13.5417 2.73668 3.68545 88
-11.9432 -6.9912 3.69003 41
-11.9432 -6.9912 3.69003 41
-12.043 -6.92087 3.69995 41
-12.0361 -6.93291 3.69995 41
-13.51 3.26901 3.70186 88
-13.5132 3.2555 3.70186 88
-12.446 6.2504 3.7072 638
-12.4146 6.31255 3.7072 638
-12.4635 6.25921 3.71101 638
-12.0871 -6.9623 3.7114 41
-12.1218 -6.90178 3.7114 41
-13.5858 3.27297 3.71636 88
-13.5692 3.34086 3.71636 88
-1.77962 13.8943 3.72284 1419
-1.84907 13.8852 3.72284 1419
-1.3632 13.9532 3.72513 1419
-1.3632 13.9532 3.72513 1419
-1.39149 13.9543 3.7259 1419
-1.46124 13.9472 3.7259 1419
-12.2039 -6.91624 3.72666 41
-12.2108 -6.90404 3.72666 41
-1.72644 13.9208 3.72666 1419
-1.75428 13.9173 3.72666 1419
-1.43495 13.9657 3.72895 1419
-1.46288 13.9628 3.72895 1419
-1.49122 13.9638 3.72971 1419
-1.75625 13.9329 3.72971 1419
-1.68656 13.9415 3.72971 1419
-1.56102 13.9561 3.72971 1419
-1.6596 13.9527 3.73124 1419
-1.63169 13.9559 3.73124 1419
-13.644 3.37375 3.732 88
-1.56233 13.9678 3.732 1421
-13.6372 3.40103 3.732 88
-1.53439 13.9709 3.732 1422
-1.59115 13.9725 3.73353 1422
-1.66099 13.9644 3.73353 1422
-1.36969 14.0196 3.73811 1422
-12.2897 -6.88392 3.73811 41
-12.2551 -6.94528 3.73811 41
-1.36969 14.0196 3.73811 1423
-9.68901 10.2681 3.74422 1424
-13.7282 3.4821 3.75299 88
-12.3858 -6.87281 3.75337 41
-12.372 -6.89757 3.75337 41
-12.7654 6.15709 3.7549 638
-9.74514 10.3069 3.75719 1425
-9.69348 10.3555 3.75719 1425
-12.4406 -6.93581 3.76864 41
-12.4752 -6.87352 3.76864 41
-9.74371 10.451 3.77742 1426
-9.69133 10.4996 3.77742 1426
-12.5508 -6.8499 3.77932 41
-12.5371 -6.87499 3.77932 41
-9.68899 10.5604 3.78581 1426
-12.5973 -6.90802 3.79268 41
-12.6317 -6.84495 3.79268 41
-4.43526 -13.7417 3.8068 80
-4.42151 -13.7461 3.8068 80
-4.4963 -13.7425 3.81062 80
-4.42753 -13.7648 3.81062 80
-4.53873 -13.7327 3.81138 80
-4.59363 -13.7144 3.81138 80
-4.51126 -13.7417 3.81138 80
-4.51126 -13.7417 3.81138 80
-11.3824 8.93298 3.81252 1428
-11.3602 8.97074 3.81367 1428
-4.33695 -13.8142 3.81443 80
-4.40596 -13.7924 3.81443 80
-4.63978 -13.7155 3.81443 80
-4.62607 -13.7201 3.81443 80
-11.2487 9.1226 3.8152 1425
-11.2487 9.1226 3.8152 1425
-11.2502 9.12384 3.81558 1425
-11.2502 9.12384 3.81558 1425
-14.4778 0.512834 3.81596 621
-14.4783 0.498356 3.81596 621
-11.3411 9.02956 3.81787 1430
-11.3951 8.96135 3.81787 1430
-14.4912 0.397266 3.81787 621
-4.63234 -13.7387 3.81825 80
-4.70097 -13.7154 3.81825 80
-4.73096 -13.7134 3.81978 80
-11.3307 9.05835 3.81978 1431
-4.73096 -13.7134 3.81978 80
-11.2853 9.11489 3.81978 1425
-4.84313 -13.6825 3.8213 80
-4.73352 -13.7208 3.8213 80
-4.81576 -13.6921 3.8213 80
-4.73352 -13.7208 3.8213 80
-11.3308 9.07704 3.82207 1425
-11.3399 9.06571 3.82207 1425
-14.5227 0.572597 3.82512 621
-14.5254 0.499977 3.82512 621
-4.82357 -13.7144 3.82588 80
-4.89209 -13.6901 3.82588 80
-4.95349 -13.6889 3.8297 80
-4.9261 -13.6987 3.8297 80
-14.5568 0.603104 3.83199 624
-14.5562 0.617661 3.83199 624
-4.93141 -13.7135 3.83275 80
-4.99992 -13.6887 3.83275 80
-5.06144 -13.687 3.83657 80
-5.03406 -13.6971 3.83657 80
-9.35334 11.2549 3.84458 58
-9.37583 11.2361 3.84458 58
-4.40516 -14.0315 3.8587 78
-4.41919 -14.0271 3.8587 78
-9.45256 11.3281 3.86786 58
-9.3958 11.3752 3.86786 58
-14.7535 -0.599212 3.87015 621
-14.7522 -0.628717 3.87015 621
-9.37387 11.4415 3.87511 58
-9.39673 11.4228 3.87511 58
-14.7948 0.687083 3.87893 628
-14.7981 0.6131 3.87893 628
-13.6287 5.83307 3.8816 638
-13.6404 5.8058 3.8816 638
-13.6071 5.88832 3.88198 638
-13.6422 5.80657 3.88198 638
-14.8214 0.822055 3.88541 628
-14.8214 0.822055 3.88541 628
-14.8398 0.733791 3.88808 628
-14.8405 0.718951 3.88808 628
-14.8671 -0.737904 3.89343 621
-14.8706 -0.663559 3.89343 621
-13.7441 5.73664 3.89495 638
-14.8822 0.825426 3.89724 628
-4.45539 -14.2914 3.90984 70
-4.38387 -14.3135 3.90984 70
-14.9577 -0.772395 3.91136 621
-14.9537 -0.847174 3.91136 621
-13.3379 -6.83559 3.91327 41
-13.3719 -6.76881 3.91327 41
-11.9654 9.02848 3.91365 1434
-11.9201 9.08819 3.91365 1434
-12.003 9.05686 3.92281 1434
-13.3884 -6.84459 3.92281 41
-11.9939 9.06886 3.92281 1434
-13.3816 -6.85797 3.92281 41
-13.3437 -6.95692 3.9251 41
-13.3783 -6.89012 3.9251 41
-13.4433 -6.7712 3.92587 41
-13.45 -6.75775 3.92587 41
-13.3872 -6.9626 3.93312 41
-13.3802 -6.97598 3.93312 41
-14.0534 5.52216 3.93502 638
-14.0423 5.55026 3.93502 638
-12.4276 8.58283 3.93579 1263
-12.3845 8.64486 3.93579 1263
-12.1244 9.01596 3.93693 1263
-13.4994 -6.79946 3.93808 41
-13.5332 -6.73188 3.93808 41
-13.3571 -7.08327 3.93884 41
-13.3571 -7.08327 3.93884 41
-13.3987 -7.10534 3.948 41
-13.3987 -7.10534 3.948 41
-12.4987 8.63192 3.95258 1263
-12.4814 8.6569 3.95258 1263
-13.6258 -6.74399 3.95525 41
-13.6326 -6.73036 3.95525 41
-12.5831 8.56078 3.9583 1263
-12.5831 8.56078 3.9583 1263
-4.47836 -14.57 3.96288 52
-12.6026 8.57403 3.96288 1263
-12.6026 8.57403 3.96288 1263
-4.46379 -14.5745 3.96288 52
-12.6998 8.51074 3.97166 1263
-12.6571 8.57414 3.97166 1263
-13.7388 -6.71457 3.97242 41
-13.705 -6.78318 3.97242 41
-9.88423 11.6782 3.97395 58
-9.81398 11.7373 3.97395 58
-13.8383 -6.71188 3.9896 41
-13.8316 -6.72571 3.9896 41
-15.4209 0.747071 4.00104 628
-15.417 0.824166 4.00104 628
-8.92632 12.5994 4.00143 1265
-8.9515 12.5815 4.00143 1265
-13.9288 -6.68706 4.00333 41
-13.8952 -6.75662 4.00333 41
-9.01203 12.6131 4.01326 1265
-9.07498 12.5679 4.01326 1265
-4.4375 -14.8593 4.0144 36
-4.4375 -14.8593 4.0144 36
-14.0116 -6.70959 4.01974 41
-14.0116 -6.70959 4.01974 41
-9.79263 12.0753 4.02203 58
-15.5102 1.20301 4.02394 628
-15.5126 1.17199 4.02394 628
-15.5233 1.07916 4.0247 628
-14.0931 -6.74859 4.0373 41
-14.0931 -6.74859 4.0373 41
-9.16808 12.6968 4.04417 1265
-9.14267 12.7151 4.04417 1265
-14.8171 5.21482 4.05333 683
-14.843 5.14067 4.05333 683
-14.2309 6.65462 4.05371 638
-14.1975 6.72569 4.05371 638
-14.8823 5.03791 4.05409 683
-14.857 5.11225 4.05409 683
-14.8512 5.17681 4.05714 683
-14.2336 6.69058 4.05714 638
-14.2469 6.6621 4.05714 638
-14.8616 5.1471 4.05714 683
-14.2475 -6.66558 4.05752 41
-14.2408 -6.67982 4.05752 41
-14.8511 5.26018 4.06248 683
-14.3218 6.57532 4.06325 638
-14.3218 6.57532 4.06325 638
-14.3253 6.57696 4.06401 638
-14.3253 6.57696 4.06401 638
-4.51615 -15.1227 4.06783 36
-4.51615 -15.1227 4.06783 36
-14.405 6.49185 4.07126 638
-14.3471 -6.64235 4.07317 41
-14.3137 -6.714 4.07317 41
-15.1103 4.76384 4.07966 683
-15.1103 4.76384 4.07966 683
-15.0533 4.97861 4.08195 683
-15.0483 4.99366 4.08195 683
-15.0915 4.87432 4.08271 683
-15.0817 4.90449 4.08271 683
-15.067 4.94972 4.08271 683
-15.0915 4.87432 4.08271 683
-15.1272 4.76915 4.08309 683
-15.1272 4.76915 4.08309 683
-15.0357 5.05632 4.08347 683
-14.4383 -6.63206 4.08843 41
-14.425 -6.66092 4.08843 41
-15.8321 1.33952 4.08843 628
-15.2127 4.67931 4.09378 683
-15.1891 4.75531 4.09378 683
-15.7959 2.34545 4.10408 690
-15.8006 2.31385 4.10408 690
-13.2707 8.89327 4.10523 1263
-13.2528 8.9198 4.10523 1263
-14.5576 -6.61649 4.10828 41
-14.5177 -6.70372 4.10828 41
-15.8417 2.20671 4.10904 690
-15.8417 2.20671 4.10904 690
-15.8297 2.31812 4.10981 690
-15.8179 2.39724 4.10981 690
-15.8533 2.20834 4.11133 690
-15.8533 2.20834 4.11133 690
-15.8393 2.46532 4.11591 690
-15.8442 2.43364 4.11591 690
-14.6429 -6.6376 4.12507 41
-14.6562 -6.6083 4.12507 41
-15.6509 3.86999 4.13385 693
-15.493 4.4955 4.13576 693
-15.5153 4.41798 4.13576 693
-15.993 2.11378 4.13576 690
-15.9822 2.19371 4.13576 690
-15.9346 2.52914 4.13614 690
-15.6199 4.09519 4.13881 693
-15.5123 4.53474 4.14148 693
-15.5032 4.56575 4.14148 693
-15.6117 4.21005 4.14301 693
-15.6117 4.21005 4.14301 693
-15.4509 4.78641 4.14415 693
-14.7811 -6.59361 4.14606 41
-14.7413 -6.68218 4.14606 41
-15.5065 4.65111 4.14682 693
-15.483 4.72858 4.14682 693
-15.5424 4.54355 4.14759 693
-15.5195 4.62121 4.14759 693
-15.9896 2.57066 4.14797 690
-15.6673 4.10763 4.14835 693
-15.6424 4.20156 4.14835 693
-15.5725 4.46795 4.14911 693
-15.5814 4.43679 4.14911 693
-15.529 4.65788 4.1514 693
-15.5197 4.68892 4.1514 693
-9.21516 13.401 4.16132 1265
-14.8684 -6.61474 4.16323 41
-14.8816 -6.58499 4.16323 41
-15.6677 4.42751 4.16476 693
-15.6896 4.34912 4.16476 693
-9.28771 13.3914 4.16781 1266
-9.35455 13.3448 4.16781 1266
-9.39512 13.4027 4.18155 1266
-9.3683 13.4214 4.18155 1266
-15.0031 -6.56713 4.18346 41
-14.9635 -6.65703 4.18346 41
-16.2849 2.15236 4.193 690
-15.102 -6.55649 4.20025 41
-15.0889 -6.58668 4.20025 41
-9.48632 13.4754 4.2033 1266
-9.55358 13.4278 4.2033 1266
-16.4028 2.05123 4.21322 690
-15.2004 -6.63538 4.22391 41
-15.2334 -6.5593 4.22391 41
-4.71524 -15.9053 4.22467 18
-4.63566 -15.9287 4.22467 18
-13.9025 9.07684 4.22734 1267
-4.64279 -15.9532 4.22963 18
-4.67468 -15.9438 4.22963 18
-15.3367 -6.56746 4.24299 41
-15.3367 -6.56746 4.24299 41
-13.9523 9.16919 4.24528 1267
-13.998 9.09931 4.24528 1267
-14.0376 9.08516 4.25024 1267
-16.1418 4.47446 4.25596 693
-16.1328 4.50673 4.25596 693
-4.5749 -16.1402 4.26093 18
-4.65555 -16.1171 4.26093 18
-15.4306 -6.60765 4.26283 41
-15.4306 -6.60765 4.26283 41
-12.015 11.8481 4.28001 209
-11.9556 11.9081 4.28001 209
-15.5818 -6.50709 4.2823 41
-15.5688 -6.53824 4.2823 41
-11.9609 11.9611 4.28802 209
-11.9489 11.9731 4.28802 209
-12.0471 11.8798 4.28878 209
-12.0352 11.8919 4.28878 209
-16.3376 4.40583 4.28917 693
-16.3376 4.40583 4.28917 693
-11.9692 11.9694 4.29031 209
-11.9092 12.0291 4.29031 209
-12.2513 11.7005 4.29298 209
-12.3096 11.6391 4.29298 209
-12.2906 11.6677 4.29413 209
-12.3139 11.6431 4.29413 209
-11.9003 12.0683 4.29451 209
-11.8882 12.0802 4.29451 209
-12.4023 11.5633 4.29603 209
-12.3791 11.5881 4.29603 209
-12.1638 11.8281 4.29794 209
-12.1045 11.8887 4.29794 209
-12.2477 11.744 4.29832 209
-12.2477 11.744 4.29832 209
-12.3543 11.6346 4.29871 209
-12.4123 11.5727 4.29871 209
-15.6629 -6.57777 4.30214 41
-15.6956 -6.49937 4.30214 41
-12.4628 11.5733 4.30596 209
-12.5205 11.5108 4.30596 209
-11.8864 12.1754 4.30748 209
-11.9472 12.1158 4.30748 209
-9.31593 14.2692 4.31244 1266
-9.38716 14.2225 4.31244 1266
-11.8595 12.2454 4.31359 209
-11.884 12.2217 4.31359 209
-12.5364 11.5718 4.31626 209
-12.5595 11.5467 4.31626 209
-12.2208 11.9074 4.31664 209
-12.2327 11.8951 4.31664 209
-9.29124 14.3251 4.31893 1266
-15.8214 -6.47745 4.32313 41
-15.8084 -6.50908 4.32313 41
-9.40748 14.2843 4.32466 1266
-9.42176 14.2749 4.32466 1266
-11.9264 12.2653 4.32542 209
-11.8649 12.3248 4.32542 209
-12.6231 11.5587 4.32695 209
-12.6808 11.4954 4.32695 209
-4.68507 -16.466 4.32771 18
-4.6686 -16.4707 4.32771 18
-12.3695 11.8608 4.33114 209
-12.3695 11.8608 4.33114 209
-12.7084 11.5204 4.3342 209
-12.6853 11.5458 4.3342 209
-9.67037 14.2146 4.34183 1266
-15.9535 -6.47574 4.34679 41
-15.921 -6.55542 4.34679 41
-12.8751 11.5084 4.35671 209
-12.8174 11.5726 4.35671 209
-11.9883 12.503 4.36702 209
-11.9883 12.503 4.36702 209
-16.0759 -6.45062 4.36702 41
-16.063 -6.48276 4.36702 41
-12.0169 12.5327 4.37503 209
-16.1649 -6.5239 4.38839 41
-16.1973 -6.443 4.38839 41
-4.72868 -16.8107 4.39449 18
-4.64457 -16.8342 4.39449 18
-14.9339 9.08238 4.39754 1002
-14.9701 9.02257 4.39754 1002
-13.0098 11.6757 4.39793 209
-16.3326 -6.42126 4.41128 41
-16.3197 -6.45391 4.41128 41
-16.4256 -6.49579 4.43342 41
-16.4579 -6.41358 4.43342 41
-16.6043 -6.39426 4.4586 41
-16.5915 -6.42746 4.4586 41
-4.7443 -17.1957 4.46738 18
-4.77868 -17.1861 4.46738 18
-16.728 -6.38432 4.48036 41
-16.6958 -6.46788 4.48036 41
-16.8472 -6.39124 4.50249 41
-16.8472 -6.39124 4.50249 41
-14.7561 10.3443 4.50287 1002
-16.9702 -6.4379 4.52806 41
-16.9702 -6.4379 4.52806 41
-13.7001 11.9533 4.53416 209
-13.7478 11.8984 4.53416 209
-10.1324 15.1203 4.53798 1436
-10.0567 15.1708 4.53798 1436
-10.1597 15.1611 4.54752 1436
-10.1294 15.1813 4.54752 1436
-4.82186 -17.6141 4.54981 16
-4.73373 -17.638 4.54981 16
-17.14 -6.36543 4.55401 41
-17.1527 -6.33114 4.55401 41
-10.8709 14.8351 4.575 1437
-10.8412 14.8568 4.575 1437
-17.2614 -6.41054 4.5792 41
-17.2933 -6.32415 4.5792 41
-11.0038 14.7981 4.58454 1438
-11.0038 14.7981 4.58454 1438
-17.5124 -5.81496 4.58683 41
-17.5124 -5.81496 4.58683 41
-15.5792 9.97276 4.5956 1002
-11.0635 14.8784 4.604 1439
-11.0635 14.8784 4.604 1439
-17.4477 -6.30161 4.60591 41
-17.435 -6.33649 4.60591 41
-15.6286 10.0485 4.61163 1002
-15.1556 10.8062 4.61812 1002
-17.6801 -5.87064 4.62117 41
-17.6801 -5.87064 4.62117 41
-15.1984 10.8138 4.62575 1002
-15.1442 10.8896 4.62575 1002
-4.84366 -18.0476 4.63224 16
-4.87974 -18.0379 4.63224 16
-17.8142 -5.77702 4.64025 41
-17.8199 -5.7592 4.64025 41
-15.1814 10.9857 4.64254 1271
-15.1924 10.9705 4.64254 1271
-17.9887 -5.73438 4.67002 41
-17.9598 -5.82426 4.67002 41
-15.4539 10.9491 4.68147 1271
-18.1536 -5.74698 4.70131 41
-18.1594 -5.72883 4.70131 41
-10.8306 15.6829 4.70475 1440
-10.7521 15.7369 4.70475 1440
-4.82376 -18.4895 4.71429 16
-4.91615 -18.4651 4.71429 16
-15.3681 11.4281 4.72268 1273
-15.4154 11.4633 4.73413 1273
-11.7982 15.4111 4.77268 1274
-11.7674 15.4346 4.77268 1274
-11.9299 15.3591 4.78031 1274
-11.8529 15.4186 4.78031 1274
-11.9412 15.4373 4.79366 1274
-11.972 15.4134 4.79366 1274
-4.9711 -18.8994 4.79863 16
-4.93329 -18.9093 4.79863 16
-12.062 15.4653 4.81236 1274
-12.1392 15.4048 4.81236 1274
-11.9498 15.6091 4.82114 1274
-11.8716 15.6686 4.82114 1274
-11.8639 15.7237 4.82877 1274
-11.8324 15.7474 4.82877 1274
-12.8341 14.95 4.82992 1274
-12.7442 15.0268 4.82992 1274
-15.654 11.9847 4.83221 1275
-15.6421 12.0003 4.83221 1275
-12.8514 15.0309 4.84404 1274
-15.6421 12.1 4.84404 1275
-12.8814 15.0051 4.84404 1274
-15.6522 12.1831 4.85549 1275
-15.6644 12.1674 4.85549 1275
-15.7047 12.1987 4.86541 1275
-16.0828 11.7856 4.87571 1275
-16.071 11.8017 4.87571 1275
-19.1613 -5.60532 4.88067 41
-19.1557 -5.62448 4.88067 41
-4.91463 -19.3925 4.88869 11
-4.91463 -19.3925 4.88869 11
-13.3641 14.9818 4.90243 1279
-13.3941 14.9551 4.90243 1279
-13.3067 15.0381 4.90319 1279
-13.3967 14.958 4.90319 1279
-13.3072 15.0691 4.90777 1279
-13.3072 15.0691 4.90777 1279
-15.3959 12.9522 4.91082 1277
-13.3176 15.0809 4.91082 1279
-15.4604 12.875 4.91082 1277
-13.3176 15.0809 4.91082 1279
-13.4418 14.9782 4.91197 1279
-13.5165 14.9108 4.91197 1279
-19.9017 3.05688 4.91387 1441
-15.3879 12.9981 4.9154 1277
-15.3619 13.0289 4.9154 1277
-15.4588 12.9261 4.91693 1277
-15.4846 12.8951 4.91693 1277
-15.576 12.7877 4.91731 1277
-15.5118 12.8654 4.91731 1277
-15.5805 12.7914 4.91845 1277
-15.5549 12.8225 4.91845 1277
-13.5451 14.9724 4.92456 1279
-13.56 14.9588 4.92456 1279
-15.4344 13.0374 4.92723 1277
-15.3559 13.1298 4.92723 1277
-12.7283 15.6954 4.92799 1276
-12.7283 15.6954 4.92799 1276
-12.623 15.7902 4.92952 1276
-12.5914 15.8154 4.92952 1276
-12.7357 15.7045 4.93028 1276
-19.4363 -5.60148 4.93181 41
-19.4081 -5.69859 4.93181 41
-15.3833 13.2065 4.94097 1286
-15.37 13.2219 4.94097 1286
-19.5381 -5.58851 4.95013 41
-19.5381 -5.58851 4.95013 41
-15.5143 13.319 4.97455 1286
-15.4653 13.4389 4.98257 1286
-15.3979 13.5161 4.98257 1286
-19.708 -5.6371 4.98447 41
-19.708 -5.6371 4.98447 41
-15.3914 13.565 4.98791 1290
-15.3914 13.565 4.98791 1290
-5.04051 -19.8892 4.98829 11
-5.04051 -19.8892 4.98829 11
-13.9115 15.1324 4.99554 1279
-13.8357 15.2017 4.99554 1279
-15.4312 13.6001 4.99821 1290
-15.3781 13.7457 5.00928 1290
-19.9152 -5.52439 5.01729 41
-19.9041 -5.56421 5.01729 41
-15.8728 13.7931 5.08751 1290
-5.12991 -20.4133 5.09133 11
-5.02778 -20.4387 5.09133 11
-20.7273 -5.43837 5.16536 41
-20.7164 -5.47981 5.16536 41
-5.19488 -20.9374 5.19322 11
-5.153 -20.9477 5.19322 11
-20.6245 6.34393 5.19436 1289
-21.8414 1.80398 5.26 1442
-22.0414 1.97593 5.3016 1442
-5.2525 -21.5378 5.30923 11
-5.14474 -21.5638 5.30923 11
-21.0795 6.97165 5.31572 1443
-21.045 7.12407 5.31877 1443
-21.0379 7.14512 5.31877 1443
-22.1744 1.94316 5.32678 1444
-22.1838 1.83226 5.32678 1444
-18.8895 12.0918 5.3596 1296
-18.917 12.0561 5.36037 1296
-18.977 11.9614 5.36037 1296
-20.0437 10.6244 5.4096 1296
-20.0543 10.6044 5.4096 1296
-20.1577 10.4791 5.41608 1296
-20.105 10.5798 5.41608 1296
-20.1594 10.5056 5.41875 1296
-20.1698 10.4855 5.41875 1296
-20.2532 10.3494 5.42104 1296
-20.2532 10.3494 5.42104 1296
-5.33625 -22.17 5.43249 11
-5.2919 -22.1807 5.43249 11
-18.8072 13.1842 5.46455 1445
-19.7456 11.7399 5.46531 1296
-19.8864 11.6093 5.476 1296
-19.8281 11.7086 5.476 1296
-18.8169 13.3883 5.48897 1446
-20.0017 11.6766 5.50195 1296
-19.99 11.6966 5.50195 1296
-20.1085 11.5509 5.50767 1296
-20.0505 11.6513 5.50767 1296
-20.2213 11.4283 5.51492 1296
-20.2589 11.4495 5.52332 1296
-5.27847 -22.8312 5.55499 9
-5.39256 -22.8045 5.55499 9
-19.0372 14.0974 5.6046 1297
-19.1074 14.0021 5.6046 1297
-19.0987 14.2023 5.62635 1297
-5.46596 -23.4286 5.67635 9
-5.4191 -23.4394 5.67635 9
-22.18 10.5616 5.77519 1447
-19.5091 14.9361 5.77595 1298
-5.49364 -23.9803 5.78205 9
-5.37367 -24.0075 5.78205 9
-0.332061 24.7996 5.82098 1022
-0.332061 24.7996 5.82098 1022
-1.37935 24.8775 5.84311 1022
-1.37935 24.8775 5.84311 1022
-20.2395 14.615 5.85265 1448
-21.4896 12.9812 5.88013 233
-21.5026 12.9597 5.88013 233
-21.4311 13.0926 5.88166 233
-21.5995 12.8129 5.88166 233
-21.5352 12.9208 5.88166 233
-21.4049 13.1355 5.88166 233
-21.4088 13.2264 5.89158 233
-21.4747 13.1192 5.89158 233
-21.6502 12.843 5.89311 233
-21.4591 13.3169 5.90913 233
-21.4591 13.3169 5.90913 233
-21.5275 13.3593 5.92478 233
-21.5275 13.3593 5.92478 233
-3.2962 25.1363 5.92783 1449
-3.34646 25.1297 5.92783 1449
-21.46 13.5264 5.93089 233
-21.4329 13.5693 5.93089 233
-21.994 12.6633 5.93318 234
-22.0066 12.6413 5.93318 234
-22.1458 12.5159 5.94462 234
-22.3065 12.6067 5.9805 234
-22.4514 12.6295 6.00721 234
-5.80036 -25.9138 6.16177 244
-5.85218 -25.9021 6.16177 244
-5.89569 -26.4638 6.27014 244
-5.7368 -26.4987 6.27014 244
-23.988 13.1174 6.31441 1035
-23.9749 13.1414 6.31441 1035
-5.78623 -26.727 6.31556 244
-5.83968 -26.7154 6.31556 244
-24.1104 12.9659 6.32128 1035
-24.0452 13.0863 6.32128 1035
-24.1431 13.0458 6.33426 1035
-24.1692 12.9975 6.33426 1035
-24.0338 13.299 6.33922 1035
-24.1 13.1786 6.33922 1035
-24.3213 13.5535 6.41211 1035
-24.3349 13.5292 6.41211 1035
-24.4155 13.574 6.43004 1035
-24.7299 13.0767 6.43767 1035
-24.6642 13.2002 6.43767 1035
-5.80079 -27.7315 6.50713 250
-5.80079 -27.7315 6.50713 250
-14.0447 25.685 6.69031 513
-13.9161 25.7549 6.69031 513
-14.5227 25.6978 6.73763 513
-14.5227 25.6978 6.73763 513
-14.5227 25.6978 6.73763 513
-14.5227 25.6978 6.73763 513
-13.9649 26.0942 6.75289 513
-14.0171 26.0662 6.75289 513
-13.7978 26.4135 6.79258 513
-13.9297 26.3442 6.79258 513
-8.60775 28.5956 6.80479 1450
-8.46466 28.6383 6.80479 1450
-13.8011 26.5491 6.81624 513
-13.7746 26.5629 6.81624 513
-14.0417 26.5559 6.83914 513
-14.0151 26.57 6.83914 513
-8.61237 28.8197 6.84677 1451
-13.3397 26.9658 6.84791 513
-13.2857 26.9924 6.84791 513
-8.731 28.7963 6.84906 768
-14.9995 26.113 6.85364 513
-13.3527 26.9922 6.85364 513
-14.8688 26.1877 6.85364 513
-13.1905 27.0718 6.85364 513
-12.2399 27.5276 6.85593 513
-13.4094 27.0386 6.86661 513
-13.7696 26.8813 6.87081 513
-13.7696 26.8813 6.87081 513
-13.8242 26.9879 6.89409 513
-13.8242 26.9879 6.89409 513
-13.9949 26.9218 6.89791 513
-13.8601 26.9915 6.89791 513
-10.1483 28.7446 6.92538 768
-10.177 28.7345 6.92538 768
-10.3792 28.6662 6.92615 768
-10.3792 28.6662 6.92615 768
-10.402 28.729 6.93912 768
-10.402 28.729 6.93912 768
-10.0591 28.8591 6.94065 768
-10.2032 28.8085 6.94065 768
-13.1179 27.6209 6.9437 513
-10.6137 28.6849 6.94523 768
-10.4702 28.7376 6.94523 768
-10.0283 28.9571 6.95668 768
-9.8834 29.0069 6.95668 768
-13.2363 27.6558 6.95973 513
-13.3744 27.5893 6.95973 513
-13.7636 27.4763 6.97347 513
-13.7911 27.4625 6.97347 513
-14.9816 26.9485 6.99331 1313
-14.9277 26.9784 6.99331 1313
-14.9873 26.9588 6.9956 1313
-14.8524 27.0334 6.9956 1313
-9.91223 29.2832 7.00934 768
-9.88294 29.2931 7.00934 768
-14.7873 27.1719 7.01315 1313
-14.8416 27.1422 7.01315 1313
-13.0852 28.0572 7.01773 768
-10.9199 28.9771 7.01926 768
-10.9489 28.9662 7.01926 768
-10.1375 29.2725 7.02155 768
-10.1083 29.2826 7.02155 768
-11.766 28.6737 7.0246 768
-11.025 28.9919 7.02918 768
-11.1119 28.9587 7.02918 768
-11.1698 28.9365 7.02918 768
-11.1698 28.9365 7.02918 768
-14.707 27.3492 7.03605 1313
-14.5701 27.4224 7.03605 1313
-15.7444 26.8474 7.04979 513
-15.8784 26.7684 7.04979 513
-16.4479 26.5055 7.06353 513
-13.3045 28.232 7.06658 513
-13.4173 28.1786 7.06658 513
-10.8903 29.2524 7.06734 768
-11.0364 29.1976 7.06734 768
-11.4527 29.0621 7.07192 768
-11.3072 29.119 7.07192 768
-13.1511 28.4206 7.08719 768
-8.63927 30.2272 7.11085 1321
-8.48803 30.27 7.11085 1321
-9.95546 29.9024 7.12611 768
-10.1048 29.8523 7.12611 768
-11.5234 29.414 7.14061 768
-11.5822 29.3909 7.14061 768
-16.2133 27.2088 7.15664 1453
-9.7969 30.1282 7.15817 1322
-9.94742 30.0788 7.15817 1322
-15.7639 27.5712 7.17343 1325
-15.819 27.5396 7.17343 1325
-16.0252 27.4519 7.17878 1325
-15.8877 27.5317 7.17878 1325
-9.19514 30.547 7.20091 1323
-9.41222 30.4931 7.2032 1323
-16.0354 27.596 7.20396 1325
-10.0263 30.3174 7.20702 1322
-9.996 30.3274 7.20702 1322
-11.0769 30.0291 7.22152 1051
-11.107 30.018 7.22152 1051
-12.8488 29.3704 7.23144 1328
-12.7979 29.4141 7.23526 1328
-12.6506 29.4777 7.23526 1328
-12.604 29.5318 7.24136 1328
-12.4562 29.5945 7.24136 1328
-12.6132 29.5535 7.24594 1328
-12.5541 29.5787 7.24594 1328
-12.7624 29.4937 7.24671 1328
-12.8214 29.4681 7.24671 1328
-16.5176 27.9733 7.31463 1454
-16.5735 27.9402 7.31463 1454
-11.9767 30.2145 7.31769 1051
-12.0833 30.2186 7.32608 1051
-12.1437 30.1943 7.32608 1051
-14.6069 29.0871 7.32684 1455
-12.401 30.2212 7.34974 1456
-12.401 30.2212 7.34974 1456
-12.4368 30.3084 7.36806 1456
-12.5513 30.4141 7.39554 1456
-13.9997 29.8619 7.4108 1457
-13.8314 30.0484 7.42988 1457
-13.8314 30.0484 7.42988 1457
-14.0564 29.9828 7.43675 1457
-14.186 30.8188 7.59474 1458
-14.186 30.8188 7.59474 1458
-14.5972 30.6566 7.60008 1458
-14.0168 31.0211 7.61687 1459
-13.9628 31.067 7.62069 1459
-14.0249 31.039 7.62069 1459
-17.1773 29.4255 7.62298 1460
-14.9279 30.8725 7.66572 1461
-14.9588 30.8575 7.66572 1461
-12.8265 31.8919 7.68175 1462
-13.9999 31.5707 7.71304 1463
-14.1094 31.9903 7.79623 1463
-14.1734 31.962 7.79623 1463
-18.3942 30.5206 7.92675 1464
-18.8104 30.7226 8.00231 1464
-18.7489 30.7602 8.00231 1464
-18.5392 30.9008 8.0046 1464
-18.601 30.8636 8.0046 1464
-18.8268 30.7494 8.00841 1464
-18.6728 30.8432 8.00841 1464
-19.0503 30.6993 8.02292 1464
-19.0503 30.6993 8.02292 1464
-19.0648 30.7227 8.02826 1464
-14.204 33.9368 8.15114 1465
-15.1017 36.2852 8.63961 1466
-15.1743 36.2549 8.63961 1466
-38.8394 -9.40561 8.76783 1467
-39.6981 -9.61355 8.93956 1468
-39.6981 -9.61355 8.93956 1468
-12.2796 39.7827 9.09297 1469
-12.2 39.8072 9.09297 1469
-12.572 39.7407 9.10213 1469
-12.572 39.7407 9.10213 1469
-12.5945 39.8118 9.11663 1469
-25.8727 38.0307 9.94093 1470
-25.8882 38.0534 9.94627 1470
-25.8882 38.0534 9.94627 1470
-24.9921 38.8721 9.98291 1471
-25.1861 38.7467 9.98291 1471
-24.8817 38.9569 9.9852 1471
-24.9206 38.932 9.9852 1471
-24.6559 39.1187 9.98825 1471
-24.46 39.2415 9.98825 1471
-24.6705 39.142 9.99359 1471
-24.6314 39.1666 9.99359 1471
-24.7571 39.1058 9.99664 1471
-24.9524 38.9816 9.99664 1471
-25.2546 38.852 10.0073 1471
-32.5765 37.5657 10.6652 1472
0.164724 -2.6197 1.51022 2
0.167344 -2.61953 1.51022 2
0.201684 -2.62105 1.51099 2
0.191198 -2.62184 1.51099 2
0.206925 -2.62064 1.51099 2
0.112469 -2.62639 1.51099 2
0.112469 -2.62639 1.51099 2
0.206925 -2.62064 1.51099 2
0.183605 -2.62631 1.51175 2
0.152077 -2.62833 1.51175 2
0.14682 -2.62863 1.51175 2
0.188858 -2.62594 1.51175 2
0.118073 -2.63401 1.51251 2
0.260068 -2.62379 1.51251 2
0.246946 -2.62506 1.51251 2
0.154936 -2.63209 1.51251 2
0.131241 -2.63338 1.51251 2
0.168095 -2.63129 1.51251 2
0.136711 -2.63704 1.51328 2
0.189421 -2.63377 1.51328 2
0.0971416 -2.63879 1.51328 2
0.173615 -2.63486 1.51328 2
0.242055 -2.62946 1.51328 2
0.226274 -2.63086 1.51328 2
0.131437 -2.6373 1.51328 2
0.152531 -2.63617 1.51328 2
0.239425 -2.6297 1.51328 2
0.0918638 -2.63898 1.51328 2
0.128799 -2.63743 1.51328 2
0.226274 -2.63086 1.51328 2
0.0787848 -2.64333 1.51404 2
0.0655673 -2.64369 1.51404 2
0.229245 -2.63455 1.51404 2
0.0787848 -2.64333 1.51404 2
0.113141 -2.64208 1.51404 2
0.113141 -2.64208 1.51404 2
0.242415 -2.63337 1.51404 2
0.073498 -2.64348 1.51404 2
0.084321 -2.65102 1.51557 2
0.097575 -2.65056 1.51557 2
0.055237 -2.65571 1.51633 2
0.0605483 -2.65559 1.51633 2
0.22762 -2.64651 1.51633 2
0.22762 -2.64651 1.51633 2
0.0606378 -2.65952 1.51709 2
0.267686 -2.64671 1.51709 2
0.280916 -2.64534 1.51709 2
0.0473395 -2.65979 1.51709 2
0.280916 -2.64534 1.51709 2
0.27827 -2.64562 1.51709 2
0.262779 -2.65114 1.51786 2
0.297221 -2.6475 1.51786 2
0.299868 -2.64721 1.51786 2
0.260128 -2.65141 1.51786 2
0.30031 -2.65111 1.51862 2
0.287051 -2.65258 1.51862 2
0.0235379 -2.67581 1.52015 2
0.0181863 -2.67585 1.52015 2
0.0423299 -2.67951 1.52091 2
0.0369708 -2.67959 1.52091 2
0.320268 -2.66064 1.52091 2
0.0423299 -2.67951 1.52091 2
0.306961 -2.6622 1.52091 2
0.0289319 -2.67969 1.52091 2
0.023607 -2.68366 1.52167 2
0.0101884 -2.68375 1.52167 2
0.00483503 -2.69162 1.5232 2
0.340374 -2.67001 1.5232 2
0.340374 -2.67001 1.5232 2
0.00483503 -2.69162 1.5232 2
0.319003 -2.67265 1.5232 2
0.321676 -2.67233 1.5232 2
0.359579 -2.67146 1.52396 2
0.346218 -2.67322 1.52396 2
0.340871 -2.67391 1.52396 2
0.340871 -2.67391 1.52396 2
0.00486324 -2.70732 1.52625 2
0.00486324 -2.70732 1.52625 2
-0.0141084 -2.71122 1.52701 2
-0.0141084 -2.71122 1.52701 2
-0.0168196 -2.7112 1.52701 2
0.362198 -2.69091 1.52778 2
0.356816 -2.69163 1.52778 2
0.38323 -2.70386 1.53083 2
0.369706 -2.70575 1.53083 2
0.378364 -2.70851 1.53159 2
0.383781 -2.70775 1.53159 2
0.405038 -2.72053 1.53465 2
0.391431 -2.72252 1.53465 2
0.400737 -2.72911 1.53617 2
0.406195 -2.7283 1.53617 2
0.416338 -2.75854 1.54228 2
0.430126 -2.75643 1.54228 2
0.433153 -2.77582 1.5461 2
0.4276 -2.77669 1.5461 2
0.443609 -2.80598 1.5522 2
0.457633 -2.80373 1.5522 2
0.458897 -2.84728 1.5606 2
0.464591 -2.84635 1.5606 2
7.9915 -3.6072 2.70431 6
7.98789 -3.61519 2.70431 6
7.96962 -3.66469 2.70507 6
7.9512 -3.70449 2.70507 6
8.02015 -3.55276 2.70507 6
8.00228 -3.59281 2.70507 6
8.02194 -3.55355 2.70545 6
8.01482 -3.56959 2.70545 6
7.97319 -3.66633 2.70583 6
7.96952 -3.6743 2.70583 6
7.98229 -3.65119 2.70621 6
8.00045 -3.61123 2.70621 6
7.95427 -3.735 2.70812 6
7.958 -3.72705 2.70812 6
8.07543 -3.50983 2.71156 6
8.05778 -3.55017 2.71156 6
7.96055 -3.77689 2.7127 6
7.97933 -3.73704 2.7127 6
8.08998 -3.53541 2.71614 6
8.09704 -3.51922 2.71614 6
7.99223 -3.80171 2.72033 6
7.99223 -3.80171 2.72033 6
8.14495 -3.47247 2.7211 6
8.14495 -3.47247 2.7211 6
8.03832 -3.82364 2.73026 6
8.03832 -3.82364 2.73026 6
4.17263 13.3184 3.71292 195
4.10599 13.3391 3.71292 195
4.12048 13.3388 3.71369 195
4.20044 13.3138 3.71369 195
4.10714 13.3429 3.71369 195
4.22706 13.3054 3.71369 195
4.08159 13.3548 3.71445 195
4.01477 13.3751 3.71445 195
4.27056 13.3039 3.71598 195
4.20398 13.325 3.71598 195
4.0238 13.4052 3.72055 195
4.0372 13.4011 3.72055 195
4.30923 13.3327 3.72361 195
4.32256 13.3283 3.72361 195
3.93979 13.4669 3.72742 195
4.00707 13.447 3.72742 195
4.39485 13.3688 3.73544 195
4.32795 13.3906 3.73544 195
3.96019 13.5366 3.74154 195
3.97372 13.5327 3.74154 195
2.94209 14.0366 3.78772 195
2.87187 14.0511 3.78772 195
2.98032 14.0787 3.79726 195
3.05068 14.0636 3.79726 195
3.07964 14.0613 3.79802 195
3.0937 14.0582 3.79802 195
3.16108 14.0955 3.80795 195
3.09056 14.1111 3.80795 195
3.29272 14.0875 3.81214 195
3.36312 14.0709 3.81214 195
3.2286 14.197 3.83008 195
3.2144 14.2002 3.83008 195
3.24388 14.3304 3.85603 195
3.31549 14.314 3.85603 195
7.16931 12.8589 3.86175 1473
7.14358 12.8732 3.86175 1473
7.08856 12.926 3.86557 1473
7.14534 12.9373 3.87282 1473
7.08057 12.9729 3.87282 1473
3.38522 14.4833 3.89114 195
3.3997 14.4799 3.89114 195
7.13583 13.231 3.92205 1474
7.10936 13.2453 3.92205 1474
10.8533 11.1345 4.02241 1475
10.831 11.1562 4.02241 1475
10.7649 11.2445 4.02585 1475
10.7873 11.2229 4.02585 1475
10.8223 11.1919 4.02623 1475
10.7662 11.2459 4.02623 1475
10.6899 11.3238 4.02699 1475
10.7464 11.2702 4.02699 1475
9.49012 12.4678 4.04569 190
9.42767 12.5151 4.04569 190
10.997 11.1696 4.04684 1475
10.997 11.1696 4.04684 1475
9.46215 12.5088 4.04875 190
9.43712 12.5277 4.04875 190
9.54365 12.4863 4.05485 190
9.54365 12.4863 4.05485 190
9.39666 12.6046 4.056 190
9.37143 12.6234 4.056 190
9.4521 12.5999 4.06172 190
9.38898 12.647 4.06172 190
9.70782 12.5184 4.07928 190
9.77029 12.4697 4.07928 190
9.37789 12.8186 4.08729 190
9.44186 12.7715 4.08729 190
9.6593 12.6376 4.09187 190
11.0799 11.4125 4.09187 190
9.6593 12.6376 4.09187 190
11.1368 11.357 4.09187 1478
9.42094 12.8235 4.09301 190
9.39528 12.8424 4.09301 190
9.75595 12.5805 4.09454 190
9.78109 12.561 4.09454 190
9.29878 12.9535 4.0995 190
9.2339 12.9998 4.0995 190
9.87169 12.5474 4.10332 190
9.89676 12.5276 4.10332 190
15.3325 -4.49204 4.10561 187
15.3235 -4.5227 4.10561 187
15.3654 -4.38514 4.10599 187
15.3654 -4.38514 4.10599 187
15.3192 -4.57146 4.10752 187
15.3419 -4.4948 4.10752 187
9.35567 12.9779 4.10981 190
15.3213 -4.60548 4.10981 187
9.42044 12.9309 4.10981 190
15.3121 -4.63611 4.10981 187
15.3956 -4.39377 4.11209 187
15.3956 -4.39377 4.11209 187
15.3364 -4.61 4.11286 187
15.3131 -4.68662 4.11286 187
9.27937 13.0639 4.11477 190
9.30548 13.0453 4.11477 190
9.97828 12.5532 4.11706 190
9.91539 12.6029 4.11706 190
15.4733 -4.29903 4.12163 187
15.4516 -4.37634 4.12163 187
15.3636 -4.76937 4.12698 187
15.3732 -4.73864 4.12698 187
15.5838 -4.36331 4.14568 187
15.5925 -4.33214 4.14568 187
9.29013 13.2749 4.14949 190
9.29013 13.2749 4.14949 190
15.3397 -5.68651 4.18002 187
15.334 -5.70185 4.18002 187
15.371 -5.69811 4.18651 187
15.3423 -5.77489 4.18651 187
15.5858 -5.65398 4.22276 187
15.5802 -5.66956 4.22276 187
8.45117 14.5032 4.26283 1372
8.45117 14.5032 4.26283 1372
8.67252 14.6464 4.30863 1372
8.70179 14.629 4.30863 1372
16.6957 -3.57603 4.31893 1479
8.50471 14.8328 4.32351 1372
8.57877 14.7901 4.32351 1372
9.42277 14.2695 4.32389 1372
9.43703 14.2601 4.32389 1372
16.6898 -3.74969 4.32504 1480
8.64095 14.8288 4.3361 1372
8.64095 14.8288 4.3361 1372
8.74954 14.7764 4.33801 1372
8.82331 14.7325 4.33801 1372
16.8252 -3.53343 4.34183 1480
8.90959 14.7425 4.34832 1372
8.88009 14.7603 4.34832 1372
9.48804 14.4311 4.35709 1372
9.41577 14.4783 4.35709 1372
9.44525 14.4919 4.36244 1372
9.43076 14.5014 4.36244 1372
8.92867 14.841 4.36663 1372
9.00276 14.7962 4.36663 1372
9.13502 14.7796 4.37732 1372
9.061 14.825 4.37732 1372
9.61642 14.5628 4.3922 1372
9.68911 14.5145 4.3922 1372
9.4296 14.7241 4.39869 1372
9.4296 14.7241 4.39869 1372
9.22772 14.863 4.4006 1372
9.24258 14.8538 4.4006 1372
9.24222 14.8863 4.40594 1372
9.31654 14.84 4.40594 1372
9.47301 14.7919 4.41434 1372
9.47301 14.7919 4.41434 1372
9.39668 14.8684 4.41892 1372
9.3818 14.8778 4.41892 1372
9.38913 14.8894 4.42159 1372
9.46346 14.8422 4.42159 1372
16.6978 -5.94422 4.44525 1480
16.7037 -5.92752 4.44525 1480
16.7192 -5.89541 4.44601 1480
16.7485 -5.81174 4.44601 1480
16.8748 -5.59213 4.45555 1480
16.8748 -5.59213 4.45555 1480
16.8399 -5.80574 4.46242 1480
16.8687 -5.72147 4.46242 1480
16.828 -5.85817 4.46356 1480
16.8338 -5.84134 4.46356 1480
16.8741 -5.74213 4.46471 1480
16.8799 -5.72525 4.46471 1480
11.5189 14.2849 4.56698 1483
11.4473 14.3423 4.56698 1483
13.5543 12.4807 4.58148 1373
13.5667 12.4671 4.58148 1373
13.5627 12.665 4.60705 1373
13.5627 12.665 4.60705 1373
13.5818 12.7338 4.61888 1373
13.5179 12.8015 4.61888 1373
13.5735 12.8284 4.63033 1373
13.5607 12.842 4.63033 1373
13.6047 12.9354 4.64903 1373
13.5398 13.0033 4.64903 1373
13.6021 13.0631 4.66582 1373
13.6152 13.0495 4.66582 1373
13.6255 13.138 4.67918 1373
13.5596 13.2059 4.67918 1373
13.6201 13.2648 4.69559 1373
13.6333 13.2512 4.69559 1373
13.5758 13.4081 4.70895 1373
13.6426 13.3401 4.70895 1373
15.747 11.3896 4.77764 1376
15.747 11.3896 4.77764 1376
15.8106 11.4356 4.7929 1376
15.8106 11.4356 4.7929 1376
15.9884 11.2745 4.80282 1376
15.9318 11.3543 4.80282 1376
15.9448 11.3395 4.80321 1376
15.9334 11.3554 4.80321 1376
16.0655 11.3048 4.81847 1376
16.0881 11.2727 4.81847 1376
16.1701 11.21 4.82458 1376
16.1924 11.1776 4.82458 1376
8.58851 17.7067 4.82534 177
8.60621 17.6981 4.82534 177
16.1249 11.3466 4.83259 1376
16.1814 11.2659 4.83259 1376
16.268 11.1579 4.8345 1376
16.212 11.2391 4.8345 1376
16.3287 11.1037 4.83831 1376
16.3065 11.1364 4.83831 1376
15.9863 11.6114 4.8406 1376
15.5077 12.2907 4.84633 1376
15.5785 12.2962 4.85778 1376
15.5785 12.2962 4.85778 1376
15.7043 12.1928 4.86465 1376
15.6921 12.2085 4.86465 1376
15.5196 12.427 4.86465 1376
15.532 12.4115 4.86465 1376
15.6309 12.3375 4.87075 1376
15.6309 12.3375 4.87075 1376
15.5345 12.49 4.87457 1376
15.4719 12.5675 4.87457 1376
15.4104 12.646 4.87495 1376
15.385 12.6768 4.87495 1376
15.4787 12.6245 4.88258 1376
15.4153 12.7017 4.88258 1376
15.5683 12.62 4.89556 1376
15.5557 12.6356 4.89556 1376
15.8882 12.2341 4.89785 1376
19.4326 -5.00339 4.90052 343
19.4426 -4.96451 4.90052 343
16.1198 12.3355 4.94555 1376
16.1074 12.3516 4.94555 1376
15.6192 13.1075 4.96348 1378
15.5535 13.1854 4.96348 1378
15.6544 13.0838 4.96577 1378
15.6544 13.0838 4.96577 1378
15.6806 13.0525 4.96577 1378
15.7197 13.0054 4.96577 1378
16.3129 12.3801 4.98066 1484
16.4095 12.3761 4.99516 1484
17.6106 10.8016 5.01577 1380
17.6644 10.7134 5.01577 1380
17.8745 10.4294 5.02264 1380
17.864 10.4473 5.02264 1380
17.6725 10.8396 5.02989 1380
17.6833 10.8219 5.02989 1380
17.8 10.7471 5.04172 1380
17.8 10.7471 5.04172 1380
17.8034 10.7491 5.04248 1380
17.8034 10.7491 5.04248 1380
17.8833 10.6272 5.04362 1380
17.8939 10.6094 5.04362 1380
17.9362 10.5377 5.04362 1380
17.8833 10.6272 5.04362 1380
17.9911 10.5216 5.05126 1380
18.0435 10.4315 5.05126 1380
17.7689 11.1201 5.07454 1383
17.3706 11.7362 5.07492 176
17.3117 11.8229 5.07492 176
17.8956 11.1248 5.09591 1383
17.8845 11.1427 5.09591 1383
17.8978 11.151 5.09896 1383
17.9533 11.0613 5.09896 1383
17.7915 11.9688 5.16803 176
17.8154 11.9332 5.16803 176
18.8746 -10.3112 5.18062 150
18.8539 -10.349 5.18062 150
18.8434 -10.4169 5.1852 150
18.8952 -10.3225 5.1852 150
18.8534 -10.4717 5.19207 150
18.8324 -10.5094 5.19207 150
18.8877 -10.4908 5.19971 150
18.835 -10.5851 5.19971 150
18.8199 -10.6758 5.20581 150
18.8412 -10.6382 5.20581 150
19.0708 -10.2457 5.2081 150
19.0193 -10.341 5.2081 150
18.8754 -10.6575 5.21344 150
18.8219 -10.7517 5.21344 150
18.8122 -10.7962 5.21612 150
18.8014 -10.815 5.21612 150
18.8497 -10.8177 5.22451 150
18.7954 -10.9118 5.22451 150
18.8023 -10.9662 5.231 150
18.8023 -10.9662 5.231 150
18.8363 -10.9859 5.23863 150
18.8363 -10.9859 5.23863 150
19.2299 -10.3312 5.24321 150
19.2092 -10.3697 5.24321 150
18.7731 -11.1513 5.24436 150
18.7842 -11.1325 5.24436 150
18.8079 -11.1466 5.2497 150
18.7519 -11.2405 5.2497 150
18.745 -11.3129 5.2558 150
18.7563 -11.2941 5.2558 150
18.4827 11.7476 5.25695 176
16.6007 14.332 5.26305 1106
16.5289 14.4148 5.26305 1106
18.7967 -11.3184 5.26496 150
18.7398 -11.4123 5.26496 150
16.5695 14.3921 5.26611 1106
18.739 -11.489 5.27259 150
18.7505 -11.4702 5.27259 150
16.5384 14.4815 5.27298 1106
19.4649 -10.2826 5.27908 150
19.4649 -10.2826 5.27908 150
17.378 13.5202 5.27985 1106
16.6964 14.3564 5.28023 1106
16.6964 14.3564 5.28023 1106
17.6864 13.1734 5.28672 1106
17.6995 13.1557 5.28672 1106
18.6061 11.9045 5.29358 1384
19.3648 10.6341 5.29435 1381
19.413 10.6605 5.30503 1381
19.413 10.6605 5.30503 1381
16.7931 14.4396 5.30503 1106
16.7931 14.4396 5.30503 1106
19.4264 10.6932 5.31038 1381
19.6351 -10.3724 5.31648 150
19.6351 -10.3724 5.31648 150
19.3927 10.8268 5.31724 1381
19.4144 10.788 5.31724 1381
16.6687 14.6842 5.31801 1106
16.9492 14.3687 5.31915 1106
16.9779 14.3347 5.31915 1106
17.9322 13.2176 5.33022 1106
17.8659 13.3071 5.33022 1106
19.4053 11.0126 5.33709 1381
19.471 10.896 5.33709 1381
18.5701 12.4926 5.35045 1384
18.6323 12.3996 5.35045 1384
19.8988 -10.3343 5.35846 150
19.8469 -10.4336 5.35846 150
17.5456 14.0493 5.36914 1106
18.009 13.4698 5.37143 1106
17.9414 13.5596 5.37143 1106
19.5845 11.0626 5.3722 1485
19.5624 11.1018 5.3722 1485
20.0296 -10.4531 5.39166 150
20.0504 -10.413 5.39166 150
19.6179 11.2895 5.39967 1384
19.6292 11.2698 5.39967 1384
18.5195 13.6219 5.46875 1106
18.5467 13.5848 5.46875 1106
18.4381 14.1389 5.51645 1106
18.6619 14.1042 5.54698 1106
22.7037 9.31084 5.76984 1172
22.6633 9.48015 5.77519 1172
22.6538 9.5028 5.77519 1172
2.07808 24.5018 5.77977 1126
2.05358 24.5039 5.77977 1126
3.17971 24.3952 5.78205 1122
3.0821 24.4077 5.78205 1122
22.8172 9.25093 5.78587 1172
22.7706 9.3649 5.78587 1172
4.25374 24.2549 5.78663 1146
4.37497 24.2333 5.78663 1146
0.852537 24.6221 5.78892 1486
22.8594 9.1883 5.78892 1172
0.975637 24.6176 5.78892 1487
4.96315 24.1598 5.79427 1166
4.93899 24.1648 5.79427 1166
22.978 9.07622 5.80228 1172
22.978 9.07622 5.80228 1172
22.9647 9.28404 5.81487 1172
23.02 9.14608 5.81487 1172
22.2006 11.0044 5.8164 1172
22.2006 11.0044 5.8164 1172
22.1615 11.1789 5.8248 1172
22.2172 11.068 5.8248 1172
23.1259 9.13464 5.83319 1172
23.1259 9.13464 5.83319 1172
6.48201 24.017 5.83548 1170
6.60201 23.9843 5.83548 1170
22.3237 11.0654 5.84311 1172
22.3237 11.0654 5.84311 1172
22.0668 11.5777 5.84388 1172
22.9333 9.80939 5.84846 1172
22.9431 9.78645 5.84846 1172
23.2681 9.02982 5.85151 1172
23.2862 8.98326 5.85151 1172
22.4818 10.9484 5.86067 1172
22.5036 10.9034 5.86067 1172
22.1965 11.5328 5.8622 1172
22.3909 11.2385 5.86983 1172
22.3684 11.2833 5.86983 1172
22.2938 11.4985 5.87593 1172
22.63 10.8809 5.88089 1172
22.5753 10.994 5.88089 1172
22.4271 11.4539 5.89501 1172
22.4041 11.4988 5.89501 1172
23.1243 10.0556 5.9015 1172
23.1041 10.1019 5.9015 1172
8.59058 23.7097 5.90188 1182
8.61429 23.7011 5.90188 1182
8.5966 23.7263 5.90532 1182
8.71512 23.683 5.90532 1182
22.4618 11.5283 5.90761 1172
22.5191 11.4159 5.90761 1172
8.79434 23.6789 5.9099 1182
8.77065 23.6876 5.9099 1182
8.89451 23.6582 5.91295 1182
8.7761 23.7024 5.91295 1182
8.44408 23.8248 5.91333 1182
8.5631 23.7822 5.91333 1182
8.9237 23.664 5.916 1182
8.9237 23.664 5.916 1182
8.93202 23.686 5.92058 1182
8.93202 23.686 5.92058 1182
9.111 23.6577 5.92783 1182
9.1583 23.6395 5.92783 1182
23.3032 10.3559 5.95684 1172
23.3032 10.3559 5.95684 1172
23.5809 10.1422 5.98966 1172
23.5197 10.2835 5.98966 1172
24.2146 8.62519 5.99652 1172
24.2318 8.57674 5.99652 1172
24.0575 9.19802 6.00645 1172
24.0112 9.31819 6.00645 1172
23.6405 10.5058 6.02858 1172
23.6405 10.5058 6.02858 1172
24.4033 8.69238 6.03545 1172
24.4464 8.57026 6.03545 1172
23.9263 10.0929 6.04766 1172
23.6666 10.7164 6.04995 1172
23.7199 10.5979 6.04995 1172
23.4729 11.1708 6.053 382
23.4788 11.2313 6.05911 382
23.5347 11.1138 6.05911 382
24.5896 8.56526 6.0614 1172
24.5896 8.56526 6.0614 1172
24.7121 8.41444 6.07437 1172
24.7205 8.38972 6.07437 1172
24.1869 9.94736 6.08353 1172
23.812 10.9837 6.09727 382
23.8667 10.8645 6.09727 382
24.247 10.1711 6.11101 1172
24.2975 10.0497 6.11101 1172
23.827 11.1936 6.11712 382
23.8826 11.0743 6.11712 382
23.4533 12.6664 6.18123 1172
23.5163 12.5489 6.18123 1172
24.2796 11.17 6.19497 382
24.2684 11.1943 6.19497 382
25.1111 9.28555 6.20412 1172
25.1216 9.40381 6.21405 1172
24.7557 11.2096 6.28236 382
24.7669 11.1848 6.28236 382
10.1739 25.3535 6.31021 399
10.2246 25.3331 6.31021 399
11.3731 25.2226 6.37814 399
11.3983 25.2112 6.37814 399
11.3371 25.2775 6.38501 399
11.2106 25.3339 6.38501 399
24.6447 12.8674 6.40409 1390
24.5818 12.9914 6.40447 1390
24.5557 13.0406 6.40447 1390
24.5609 13.0433 6.40562 1390
24.6551 12.8729 6.40638 1390
24.5715 13.2069 6.42241 1390
24.545 13.256 6.42241 1390
25.3054 11.8881 6.43462 1390
25.3173 11.8628 6.43462 1390
24.517 13.4634 6.43691 1488
12.4017 25.119 6.44531 1489
12.5272 25.0567 6.44531 1489
24.5319 13.6959 6.46134 1490
13.6222 24.9583 6.52697 1491
25.6749 12.2818 6.53232 1390
26.1932 11.2038 6.53766 382
26.5941 10.7513 6.57582 1493
16.9754 24.6216 6.81319 411
17.0246 24.5876 6.81319 411
31.1027 -5.53131 7.14061 1208
31.0574 -5.84423 7.1429 1208
31.0863 -5.68887 7.1429 1208
31.1524 -5.47589 7.14825 1208
31.1633 -5.41357 7.14825 1208
31.1246 -5.63158 7.14825 1208
31.1151 -5.91954 7.15664 1208
31.1032 -5.98176 7.15664 1208
20.4434 24.1921 7.15664 1494
20.4676 24.1716 7.15664 1494
31.2452 -5.33129 7.16122 1397
31.2558 -5.26879 7.16122 1397
31.5103 -5.24689 7.20931 1397
31.5361 -5.08928 7.20931 1397
31.4005 -5.97385 7.21312 1212
31.3703 -6.13078 7.21312 1212
31.1262 -7.32083 7.21541 1224
31.1335 -7.2897 7.21541 1224
31.0932 -7.51022 7.2177 1224
31.0932 -7.51022 7.2177 1224
31.222 -7.08027 7.22304 1224
31.1863 -7.23629 7.22304 1224
31.1466 -7.52313 7.22839 1224
31.1466 -7.52313 7.22839 1224
31.3791 -7.11588 7.25434 1224
31.3719 -7.14725 7.25434 1224
31.299 -7.49373 7.25586 1224
31.3361 -7.33714 7.25586 1224
31.3216 -7.83111 7.27571 1224
31.3372 -7.76845 7.27571 1224
21.5309 24.1265 7.28563 1395
21.5791 24.0833 7.28563 1395
31.6007 -6.93392 7.28868 1212
31.6582 -6.94654 7.30013 1212
31.6512 -6.9782 7.30013 1212
24.4833 21.3519 7.31463 1219
31.8098 -6.74676 7.32074 1212
31.7756 -6.90573 7.32074 1212
24.4333 21.6112 7.34058 891
24.5097 21.6789 7.36043 891
32.382 -4.99347 7.36882 1397
32.382 -4.99347 7.36882 1397
24.4611 21.8989 7.3818 891
24.5703 21.7763 7.3818 891
32.4053 -5.93025 7.40355 437
32.3933 -5.99505 7.40355 437
24.5914 21.9712 7.41004 891
24.5694 21.9958 7.41004 891
32.4128 -6.87467 7.44057 1495
24.5398 22.2807 7.44286 891
24.6509 22.1577 7.44286 891
32.4717 -6.64998 7.44286 437
32.465 -6.68244 7.44286 437
32.5367 -6.42632 7.44667 437
6.2568 32.6017 7.45278 1496
6.19159 32.6142 7.45278 1496
24.5921 22.3282 7.45659 891
24.6145 22.3036 7.45659 891
32.6176 -6.44229 7.4627 437
32.6176 -6.44229 7.4627 437
32.8744 -5.37273 7.47491 1497
32.8851 -5.30697 7.47491 1497
24.6432 22.4647 7.48178 891
24.5306 22.5876 7.48178 891
33.1232 -5.10777 7.5146 1498
33.1232 -5.10777 7.5146 1498
32.8448 -6.72639 7.51689 437
33.1555 -5.0788 7.51994 1233
33.1853 -4.87978 7.51994 1233
33.2221 -4.95309 7.5291 1233
33.232 -4.88664 7.5291 1233
23.8063 23.7961 7.54284 890
23.7825 23.8199 7.54284 890
33.4542 -4.74856 7.56803 1238
33.459 -4.7151 7.56803 1238
33.4661 -4.88688 7.57413 1238
33.4901 -4.71949 7.57413 1238
33.515 -4.65466 7.57719 1238
33.5423 -4.45348 7.57719 1238
33.5996 -4.2561 7.58329 1238
33.5645 -4.52476 7.58329 1238
33.5735 -4.45762 7.58329 1238
33.5779 -4.42404 7.58329 1238
33.691 -4.02826 7.5955 1238
33.6704 -4.19666 7.5955 1238
33.7416 -4.03432 7.60543 1238
33.7376 -4.06806 7.60543 1238
33.7126 -4.27041 7.60543 1238
33.7083 -4.30412 7.60543 1238
6.63083 33.641 7.66496 1499
6.63083 33.641 7.66496 1499
6.40324 33.729 7.67335 1499
6.5718 33.6966 7.67335 1499
6.6407 33.6911 7.67488 1499
6.6407 33.6911 7.67488 1499
29.1104 18.4209 7.69625 451
29.2502 18.4276 7.71991 451
29.2133 18.486 7.71991 451
29.1063 18.7049 7.72525 451
29.1724 18.7474 7.74052 451
34.0698 -6.72913 7.75044 1500
11.6145 32.7699 7.75807 1501
11.6472 32.7583 7.75807 1501
29.1259 19.0069 7.76036 451
29.2206 18.8611 7.76036 451
29.2396 18.9978 7.77792 451
29.2015 19.0563 7.77792 451
34.3544 -6.03874 7.78021 1502
29.1787 19.334 7.80387 1503
29.1787 19.334 7.80387 1503
5.08337 34.6635 7.80997 1504
5.15269 34.6533 7.80997 1504
34.5507 -5.82422 7.81074 1505
29.2442 19.3773 7.81913 1506
29.2442 19.3773 7.81913 1506
8.70212 -34.8355 7.97941 126
8.52784 -34.8786 7.97941 126
8.63999 -34.8833 7.98552 126
8.70974 -34.866 7.98552 126
8.96434 -34.846 7.99391 126
8.96434 -34.846 7.99391 126
8.97217 -34.8764 8.00002 126
8.97217 -34.8764 8.00002 126
9.05275 -34.9002 8.00841 126
9.22714 -34.8545 8.00841 126
9.24221 -34.9114 8.01986 126
9.20729 -34.9206 8.01986 126
8.44971 -35.1682 8.03055 126
9.32619 -34.946 8.03055 126
9.5008 -34.8989 8.03055 126
8.52003 -35.1512 8.03055 126
9.44532 -34.9709 8.04123 126
9.51524 -34.952 8.04123 126
9.76707 -34.911 8.04658 126
9.5924 -34.9594 8.04658 126
11.3988 34.4417 8.05192 1507
11.3988 34.4417 8.05192 1507
9.78083 -34.9601 8.0565 1508
9.71089 -34.9796 8.0565 1508
10.0448 -34.9587 8.07024 1508
9.8699 -35.0085 8.07024 1508
9.98242 -35.0052 8.07558 1508
10.0524 -34.9851 8.07558 1508
10.3148 -34.9742 8.08779 1508
10.1398 -35.0253 8.08779 1508
8.6005 -35.4832 8.09695 1509
8.42298 -35.5258 8.09695 1509
10.3304 -35.0269 8.09848 1510
10.2603 -35.0475 8.09848 1510
10.5935 -35.0139 8.11069 1510
10.5935 -35.0139 8.11069 1510
10.6094 -35.0665 8.12137 1510
10.6094 -35.0665 8.12137 1510
10.8721 -35.0476 8.13282 1510
10.6967 -35.1015 8.13282 1510
10.8837 -35.0851 8.14045 1510
10.8135 -35.1068 8.14045 1510
11.1457 -35.0605 8.15114 1510
10.9703 -35.1157 8.15114 1510
11.0886 -35.1239 8.15954 1510
11.1588 -35.1016 8.15954 1510
11.4297 -35.101 8.17556 1510
11.2541 -35.1578 8.17556 1510
8.44622 -35.9439 8.17709 1511
8.41027 -35.9523 8.17709 1511
11.448 -35.157 8.18701 1512
11.3776 -35.1799 8.18701 1512
11.5002 -35.1978 8.1977 1512
11.7112 -35.1282 8.1977 1512
11.6545 -35.1926 8.20609 1512
11.7248 -35.1692 8.20609 1512
11.9923 -35.1494 8.21907 1512
11.7812 -35.2207 8.21907 1512
12.01 -35.2014 8.22975 1512
11.9396 -35.2254 8.22975 1512
12.243 -35.1918 8.24273 1512
12.243 -35.1918 8.24273 1512
8.52526 -36.2803 8.24425 1513
8.34376 -36.3224 8.24425 1513
12.261 -35.2437 8.25341 1514
12.261 -35.2437 8.25341 1514
12.351 -35.2747 8.26486 1514
12.5272 -35.2125 8.26486 1514
12.5156 -35.2916 8.2786 1514
12.5509 -35.2791 8.2786 1514
12.6465 -35.3242 8.2931 1514
12.823 -35.2605 8.2931 1514
12.8065 -35.325 8.30379 1514
12.8418 -35.3122 8.30379 1514
13.0996 -35.2508 8.30989 1514
12.9232 -35.3159 8.30989 1514
8.3137 -36.6958 8.31371 1515
8.3504 -36.6875 8.31371 1515
13.0944 -35.3449 8.32668 1516
13.1297 -35.3318 8.32668 1516
13.4101 -35.3271 8.345 1516
13.2333 -35.3938 8.345 1516
13.4352 -35.3932 8.35874 1516
13.3644 -35.42 8.35874 1516
13.7039 -35.3532 8.37019 1516
13.527 -35.4213 8.37019 1516
13.7181 -35.3898 8.37782 1516
13.6827 -35.4035 8.37782 1516
8.43492 -37.0588 8.38774 1517
8.24952 -37.1005 8.38774 1517
8.25301 -37.4697 8.45796 1517
8.21554 -37.478 8.45796 1517
8.34085 -37.8685 8.53734 1517
8.1514 -37.9098 8.53734 1517
8.15816 -38.3139 8.61442 1517
8.15816 -38.3139 8.61442 1517
8.24647 -38.7286 8.69685 1517
8.24647 -38.7286 8.69685 1517
8.02138 -39.2088 8.77928 1517
8.09978 -39.1927 8.77928 1517
8.18878 -39.6234 8.86477 1517
7.9509 -39.6718 8.86477 1517
-0.0277779 -2.72225 1.62851 2
-0.0470004 -2.73173 1.63076 2
-0.0333412 -2.73193 1.63076 2
-0.0334126 -2.73778 1.63211 2
-0.0388881 -2.7377 1.63211 2
-0.0528006 -2.74917 1.63481 2
-0.0582988 -2.74905 1.63481 2
-0.0669701 -2.7664 1.63886 2
-0.0531374 -2.7667 1.63886 2
-0.0789144 -2.79728 1.64606 2
-0.0733197 -2.79743 1.64606 2
-0.0736771 -2.81107 1.64921 2
-0.0877315 -2.81066 1.64921 2
-2.39706 -2.58754 1.81432 3
-2.40223 -2.58274 1.81432 3
-2.40223 -2.58274 1.81432 3
-2.3841 -2.59949 1.81432 3
-2.41044 -2.62822 1.82332 3
-2.42878 -2.61128 1.82332 3
-2.41569 -2.62339 1.82332 3
-2.42878 -2.61128 1.82332 3
-2.48711 -2.63674 1.83682 3
-2.4312 -2.68839 1.83682 3
-2.43657 -2.68352 1.83682 3
-2.4312 -2.68839 1.83682 3
-2.44461 -2.6762 1.83682 3
-2.49238 -2.63176 1.83682 3
-3.32746 -7.88769 2.97642 4
-3.30378 -7.89763 2.97642 4
-3.28798 -7.90422 2.97642 4
-3.28798 -7.90422 2.97642 4
-3.34627 -7.88819 2.97822 4
-3.36204 -7.88148 2.97822 4
-3.23698 -7.93787 2.97912 4
-3.28455 -7.91831 2.97912 4
-3.39894 -7.8805 2.98137 4
-3.3516 -7.90075 2.98137 4
-3.41378 -7.89319 2.98542 4
-3.42956 -7.88635 2.98542 4
-3.45555 -7.88138 2.98677 4
-3.4161 -7.89856 2.98677 4
-3.47367 -7.8798 2.98812 4
-3.47367 -7.8798 2.98812 4
-3.47681 -7.88693 2.98992 4
-3.47681 -7.88693 2.98992 4
-3.55166 -7.8642 2.99217 4
-3.53593 -7.87129 2.99217 4
-3.60988 -7.84623 2.99397 4
-3.59418 -7.85343 2.99397 4
-3.60067 -7.86761 2.99757 4
-3.63996 -7.84951 2.99757 4
-3.54631 -7.8944 2.99802 4
-3.58574 -7.87657 2.99802 4
-3.28539 -8.01071 2.99891 4
-3.26936 -8.01727 2.99891 4
-3.66224 -7.85634 3.00116 4
-3.70148 -7.83793 3.00116 4
-3.66389 -7.85988 3.00206 4
-3.6796 -7.85253 3.00206 4
-3.76976 -7.83993 3.00836 4
-3.73052 -7.85868 3.00836 4
-3.73303 -7.86396 3.00971 4
-3.74875 -7.85648 3.00971 4
-3.82798 -7.82035 3.01016 4
-3.78883 -7.8394 3.01016 4
-3.80535 -7.83355 3.01061 4
-3.78968 -7.84115 3.01061 4
-3.85652 -7.83891 3.01691 4
-3.85652 -7.83891 3.01691 4
-3.86254 -7.85115 3.02006 4
-3.24715 -8.12501 3.02006 4
-3.86254 -7.85115 3.02006 4
-3.29584 -8.10538 3.02006 4
-3.93567 -7.82129 3.02141 4
-3.92002 -7.82915 3.02141 4
-3.92263 -7.83438 3.02276 4
-3.96176 -7.81466 3.02276 4
-3.98269 -7.81714 3.02546 4
-3.99831 -7.80916 3.02546 4
-3.99065 -7.83277 3.02951 4
-4.02976 -7.81272 3.02951 4
-4.06548 -7.80518 3.03176 4
-4.04986 -7.8133 3.03176 4
-4.09431 -7.8033 3.03446 4
-4.05524 -7.82368 3.03446 4
-4.11264 -7.80027 3.03581 4
-4.12044 -7.79615 3.03581 4
-4.12173 -7.81751 3.04031 4
-4.16076 -7.7968 3.04031 4
-3.29901 -8.2071 3.04211 4
-3.28259 -8.21368 3.04211 4
-4.19059 -7.7963 3.04346 4
-4.17499 -7.80467 3.04346 4
-4.18234 -7.81841 3.04705 4
-4.22918 -7.79318 3.04705 4
-4.24756 -7.78984 3.0484 4
-4.24756 -7.78984 3.0484 4
-4.25035 -7.79497 3.04975 4
-4.25035 -7.79497 3.04975 4
-4.32299 -7.77945 3.0547 4
-4.30742 -7.78808 3.0547 4
-4.3617 -7.7757 3.0583 4
-4.31497 -7.80173 3.0583 4
-4.39268 -7.77615 3.0619 4
-4.37711 -7.78492 3.0619 4
-4.37807 -7.78662 3.06235 4
-4.42471 -7.76021 3.06235 4
-4.45476 -7.75873 3.0655 4
-4.43924 -7.76763 3.0655 4
-3.26764 -8.34533 3.0691 4
-3.26764 -8.34533 3.0691 4
-4.45567 -7.79639 3.07315 4
-4.50237 -7.76951 3.07315 4
-4.57132 -7.74499 3.0763 4
-4.5868 -7.73584 3.0763 4
-4.51699 -7.7768 3.0763 4
-4.53254 -7.76775 3.0763 4
-4.52286 -7.78691 3.079 4
-4.5695 -7.75964 3.079 4
-4.5832 -7.76513 3.0817 4
-4.62197 -7.74212 3.0817 4
-4.64647 -7.7479 3.08575 4
-4.64647 -7.7479 3.08575 4
-4.6595 -7.76963 3.09159 4
-4.6595 -7.76963 3.09159 4
-3.30956 -8.45239 3.09564 4
-3.30956 -8.45239 3.09564 4
-4.74144 -7.74732 3.09699 4
-4.72594 -7.75679 3.09699 4
-4.77444 -7.73161 3.09789 4
-4.72796 -7.76012 3.09789 4
-4.7873 -7.73512 3.10014 4
-4.80276 -7.72553 3.10014 4
-4.83983 -7.71616 3.10284 4
-4.79345 -7.74506 3.10284 4
-4.85999 -7.73112 3.10824 4
-4.87545 -7.72138 3.10824 4
-4.90695 -7.71988 3.11184 4
-4.86829 -7.74432 3.11184 4
-4.93077 -7.72319 3.11544 4
-4.94621 -7.71331 3.11544 4
-4.93287 -7.72647 3.11634 4
-4.97144 -7.70171 3.11634 4
-3.33867 -8.55191 3.11949 4
-3.2873 -8.57179 3.11949 4
-4.99743 -7.70811 3.12084 4
-5.01284 -7.6981 3.12084 4
-5.01227 -7.731 3.12714 4
-5.05087 -7.70584 3.12714 4
-5.07698 -7.712 3.13164 4
-5.07698 -7.712 3.13164 4
-5.08234 -7.72014 3.13389 4
-5.08234 -7.72014 3.13389 4
-5.15922 -7.68541 3.13704 4
-5.14384 -7.69571 3.13704 4
-5.14384 -7.69571 3.13704 4
-5.18225 -7.6699 3.13704 4
-3.34512 -8.67065 3.14558 4
-3.32777 -8.67732 3.14558 4
-5.22056 -7.69338 3.14648 4
-5.23594 -7.68293 3.14648 4
-5.23479 -7.71434 3.15233 4
-5.27329 -7.68807 3.15233 4
-5.29529 -7.68714 3.15503 4
-5.31065 -7.67654 3.15503 4
-5.2964 -7.68875 3.15548 4
-5.33477 -7.66217 3.15548 4
-5.37434 -7.65353 3.15908 4
-5.35902 -7.66426 3.15908 4
-5.37912 -7.69301 3.16718 4
-5.41752 -7.66602 3.16718 4
-3.36015 -8.78804 3.17213 4
-3.30737 -8.80804 3.17213 4
-5.44637 -7.67424 3.17258 4
-5.46171 -7.66333 3.17258 4
-5.48581 -7.64849 3.17303 4
-5.4475 -7.67582 3.17303 4
-5.50793 -7.64699 3.17573 4
-5.50793 -7.64699 3.17573 4
-5.52615 -7.67229 3.18292 4
-5.52615 -7.67229 3.18292 4
-5.60882 -7.6411 3.18832 4
-5.59352 -7.6523 3.18832 4
-5.60617 -7.66961 3.19327 4
-5.64445 -7.64148 3.19327 4
-5.68196 -7.62822 3.19597 4
-5.66669 -7.63957 3.19597 4
-5.71183 -7.62049 3.19867 4
-5.67366 -7.64896 3.19867 4
-3.37043 -8.92172 3.20182 4
-3.35258 -8.92845 3.20182 4
-5.75519 -7.61469 3.20362 4
-5.73995 -7.62618 3.20362 4
-5.75636 -7.64798 3.20992 4
-5.79452 -7.6191 3.20992 4
-5.82749 -7.63073 3.21667 4
-5.86557 -7.6015 3.21667 4
-5.83222 -7.63692 3.21847 4
-5.83986 -7.63109 3.21847 4
-5.88867 -7.61567 3.22252 4
-5.90389 -7.60388 3.22252 4
-5.95107 -7.60168 3.22882 4
-5.90536 -7.63725 3.22882 4
-5.95988 -7.59726 3.22926 4
-5.95988 -7.59726 3.22926 4
-3.38942 -9.05407 3.23196 4
-3.33504 -9.07425 3.23196 4
-5.99115 -7.63713 3.24096 4
-5.99115 -7.63713 3.24096 4
-6.06694 -7.59203 3.24366 4
-6.05174 -7.60415 3.24366 4
-6.06024 -7.61482 3.24681 4
-6.10582 -7.57832 3.24681 4
-6.14202 -7.57662 3.25176 4
-6.12686 -7.58889 3.25176 4
-6.19818 -7.58368 3.26121 4
-6.15256 -7.62074 3.26121 4
-6.2144 -7.58803 3.26436 4
-6.22956 -7.57559 3.26436 4
-6.21687 -7.59105 3.26526 4
-6.2623 -7.55361 3.26526 4
-6.29476 -7.57733 3.27426 4
-6.3099 -7.56472 3.27426 4
-6.29725 -7.58032 3.27516 4
-6.34262 -7.5424 3.27516 4
-6.37778 -7.56884 3.28505 4
-6.39291 -7.55607 3.28505 4
-6.39536 -7.58971 3.29135 4
-6.44079 -7.5512 3.29135 4
-6.45593 -7.55364 3.29405 4
-6.45593 -7.55364 3.29405 4
-6.46859 -7.56845 3.29855 4
-6.46859 -7.56845 3.29855 4
-6.5582 -7.53492 3.3062 4
-6.54311 -7.54802 3.3062 4
-6.59342 -7.51449 3.308 4
-6.54822 -7.55391 3.308 4
-6.63696 -7.54887 3.3206 4
-6.65205 -7.53558 3.3206 4
-6.63954 -7.5518 3.32149 4
-6.68473 -7.51182 3.32149 4
-6.71113 -7.49609 3.32284 4
-6.69613 -7.5095 3.32284 4
-7.07891 -7.50479 3.38178 4
-7.11634 -7.4693 3.38178 4
-7.15821 -7.48322 3.39078 4
-7.17316 -7.46889 3.39078 4
-7.23891 -7.4623 3.40023 4
-7.22397 -7.47677 3.40023 4
-7.25382 -7.44781 3.40023 4
-7.1865 -7.51279 3.40023 4
-7.27147 -7.49587 3.41103 4
-7.30886 -7.45942 3.41103 4
-7.35644 -7.44815 3.41687 4
-7.34153 -7.46285 3.41687 4
-7.3593 -7.48091 3.42272 4
-7.39661 -7.44402 3.42272 4
-7.43075 -7.44853 3.42902 4
-7.44564 -7.43365 3.42902 4
-10.33 2.08761 3.43307 124
-7.49142 -7.43462 3.43667 4
-7.45415 -7.47198 3.43667 4
-10.3553 2.06042 3.43757 124
-10.3807 2.02233 3.44162 124
-10.3906 1.9704 3.44162 124
-10.4499 1.70149 3.44432 124
-7.53122 -7.44428 3.44477 4
-7.53122 -7.44428 3.44477 4
-10.4467 1.73315 3.44477 124
-10.4552 1.6809 3.44477 124
-10.4451 1.75436 3.44522 124
-10.4416 1.77525 3.44522 124
-10.3788 2.14072 3.44657 124
-7.54924 -7.46209 3.45062 4
-10.4289 1.97767 3.45062 124
-7.54924 -7.46209 3.45062 4
-10.425 1.99852 3.45062 124
-10.4575 1.83181 3.45107 124
-10.4538 1.85272 3.45107 124
-10.4483 1.90566 3.45197 124
-10.4483 1.90566 3.45197 124
-10.4669 1.81189 3.45242 124
-10.4758 1.75953 3.45242 124
-10.4521 1.90636 3.45287 124
-10.4559 1.88546 3.45287 124
-10.4521 1.90636 3.45287 124
-10.4652 1.83315 3.45287 124
-7.63427 -7.41149 3.45647 4
-7.61943 -7.42674 3.45647 4
-7.64455 -7.45123 3.46456 4
-7.68171 -7.41291 3.46456 4
-9.96392 3.86931 3.46771 124
-9.97164 3.84937 3.46771 124
-7.71017 -7.4255 3.47131 4
-7.72501 -7.41007 3.47131 4
-7.77294 -7.39657 3.47716 4
-7.72842 -7.44308 3.47716 4
-7.82797 -7.3895 3.48526 4
-7.81317 -7.40514 3.48526 4
-10.0339 3.93117 3.48796 124
-10.0534 3.88095 3.48796 124
-7.86715 -7.38198 3.49066 4
-7.83015 -7.42123 3.49066 4
-10.0572 3.95189 3.49471 124
-10.0333 4.01217 3.49471 124
-10.0601 3.9763 3.49741 124
-10.0681 3.95617 3.49741 124
-7.91323 -7.39551 3.50056 4
-7.928 -7.37967 3.50056 4
-10.061 4.05829 3.50461 124
-10.0691 4.03816 3.50461 124
-7.97585 -7.37967 3.50865 4
-7.93885 -7.41946 3.50865 4
-8.02377 -7.37946 3.51675 4
-8.009 -7.39549 3.51675 4
-8.06906 -7.36175 3.5217 4
-8.02475 -7.41003 3.5217 4
-8.09803 -7.37336 3.52845 4
-8.09803 -7.37336 3.52845 4
-8.12541 -7.39829 3.537 4
-8.12541 -7.39829 3.537 4
-10.6683 2.7856 3.54555 124
-10.6821 2.73222 3.54555 124
-8.22072 -7.35084 3.546 4
-8.206 -7.36726 3.546 4
-10.7236 2.74284 3.55544 124
-10.7209 2.75357 3.55544 124
-8.28359 -7.34764 3.55634 4
-8.23935 -7.39721 3.55634 4
-8.32313 -7.33822 3.56174 4
-8.30844 -7.35485 3.56174 4
-8.37442 -7.32411 3.56849 4
-8.33033 -7.37423 3.56849 4
-8.4067 -7.33752 3.57614 4
-8.42136 -7.32069 3.57614 4
-8.48157 -7.31367 3.58559 4
-8.43753 -7.36443 3.58559 4
-8.53898 -7.31863 3.59639 4
-8.52433 -7.33569 3.59639 4
-11.2661 0.545788 3.60403 1254
-11.265 0.568319 3.60403 1254
-11.2755 0.467155 3.60538 1254
-11.273 0.523526 3.60538 1254
-8.59205 -7.31952 3.60583 4
-8.55535 -7.36239 3.60583 4
-8.63168 -7.2939 3.60898 4
-8.61707 -7.31114 3.60898 4
-8.69514 -7.2881 3.61933 4
-8.65125 -7.34014 3.61933 4
-10.6423 3.93798 3.61978 124
-10.6344 3.95926 3.61978 124
-11.3582 0.493341 3.62473 1254
-11.3592 0.470624 3.62473 1254
-10.6715 3.9488 3.62698 124
-10.6517 4.00211 3.62698 124
-8.74128 -7.31191 3.63103 4
-8.74128 -7.31191 3.63103 4
-10.8163 3.60133 3.63193 124
-11.2765 1.67438 3.63193 1254
-10.8235 3.57969 3.63193 124
-10.7209 3.88197 3.63238 124
-10.7209 3.88197 3.63238 124
-10.8184 3.63811 3.63508 124
-10.8365 3.58397 3.63508 124
-10.7374 3.88794 3.63643 124
-10.7374 3.88794 3.63643 124
-11.3906 0.963741 3.63913 1254
-10.7598 3.87173 3.64003 124
-10.779 3.81789 3.64003 124
-10.8259 3.68889 3.64048 124
-11.4047 0.861628 3.64048 1254
-10.8333 3.66723 3.64048 124
-11.3993 0.93004 3.64048 1254
-8.78015 -7.34442 3.64272 4
-8.78015 -7.34442 3.64272 4
-11.4401 0.39378 3.64272 1254
-11.438 0.450975 3.64272 1254
-11.3452 1.58036 3.64452 1254
-10.7897 3.84598 3.64452 124
-11.3452 1.58036 3.64452 1254
-10.7974 3.82439 3.64452 124
-11.4491 0.417014 3.64497 1254
-11.4499 0.394115 3.64497 1254
-10.8388 3.7296 3.64632 124
-10.8573 3.67536 3.64632 124
-8.86396 -7.27994 3.64812 4
-8.84938 -7.29766 3.64812 4
-10.8216 3.80861 3.64857 124
-10.8405 3.75446 3.64857 124
-10.8348 3.77677 3.64902 124
-10.8423 3.75509 3.64902 124
-11.4731 0.337491 3.64992 1254
-11.4738 0.314544 3.64992 1254
-11.4796 0.314705 3.65127 1254
-11.4779 0.372098 3.65127 1254
-8.90539 -7.26934 3.65397 4
-11.4932 0.234579 3.65397 1254
-11.4919 0.292042 3.65397 1254
-8.86893 -7.31378 3.65397 4
-11.4127 1.58977 3.66027 1254
-11.4127 1.58977 3.66027 1254
-11.5341 0.235414 3.66342 1254
-11.5336 0.258482 3.66342 1254
-8.95317 -7.27856 3.66387 4
-8.96771 -7.26064 3.66387 4
-11.4868 1.11086 3.66432 1254
-8.98795 -7.30683 3.67422 4
-9.03163 -7.25277 3.67422 4
-11.4796 1.57568 3.67512 1254
-11.4873 1.51827 3.67512 1254
-11.5567 1.30456 3.68502 1254
-11.5593 1.28144 3.68502 1254
-11.58 1.11986 3.68592 1254
-11.58 1.11986 3.68592 1254
-11.5713 1.22424 3.68637 1254
-11.5738 1.2011 3.68637 1254
-9.08146 -7.27786 3.68682 4
-9.096 -7.25968 3.68682 4
-11.5707 1.35303 3.68951 1254
-11.5873 1.20251 3.68951 1254
-11.5786 1.28359 3.68951 1254
-11.5799 1.27201 3.68951 1254
-11.6184 0.877778 3.68996 1254
-11.6166 0.901013 3.68996 1254
-11.5557 1.55083 3.69176 1254
-11.5588 1.52771 3.69176 1254
-11.5879 1.39029 3.69446 1254
-11.5907 1.36712 3.69446 1254
-9.11035 -7.30102 3.69536 4
-9.14674 -7.25537 3.69536 4
-11.6081 1.36917 3.69851 1254
-11.5997 1.43879 3.69851 1254
-9.17806 -7.25035 3.70031 4
-9.19254 -7.23198 3.70031 4
-11.6704 0.834773 3.70121 1254
-11.6137 1.45233 3.70211 1254
-11.6107 1.47555 3.70211 1254
-11.6195 1.45305 3.70346 1254
-11.6105 1.52274 3.70346 1254
-11.6873 0.789004 3.70436 1254
-11.6834 0.870939 3.70481 1254
-9.25257 -7.23438 3.71156 4
-9.21629 -7.28055 3.71156 4
-9.32456 -7.23075 3.72416 4
-9.31008 -7.24938 3.72416 4
-9.34236 -7.27453 3.73361 4
-9.37862 -7.22772 3.73361 4
-9.41934 -7.22912 3.74125 4
-9.41934 -7.22912 3.74125 4
-9.43944 -7.24455 3.7471 4
-9.43944 -7.24455 3.7471 4
-11.1255 4.26926 3.75115 1260
-11.1467 4.21358 3.75115 1260
-11.185 4.22805 3.7606 1260
-11.1765 4.25042 3.7606 1260
-9.5583 -7.23002 3.7669 4
-9.57274 -7.21089 3.7669 4
-9.57073 -7.23942 3.7705 4
-9.60681 -7.19148 3.7705 4
-9.67117 -7.20952 3.78489 4
-9.68557 -7.19017 3.78489 4
-9.73689 -7.18306 3.79344 4
-9.70086 -7.23165 3.79344 4
-9.7797 -7.15441 3.79749 4
-12.1026 0.671258 3.79839 1254
-11.2518 4.59102 3.80559 1260
-11.2791 4.52343 3.80559 1260
-12.1809 0.590108 3.81549 1254
-12.1778 0.651005 3.81549 1254
-12.2126 -0.581667 3.82269 995
-12.2114 -0.606091 3.82269 995
-12.2265 -0.533322 3.82539 995
-12.223 -0.60667 3.82539 995
-11.1627 5.12493 3.83573 991
-11.1627 5.12493 3.83573 991
-11.1959 5.11312 3.84158 991
-11.2214 5.05708 3.84158 991
-12.3195 -0.500357 3.84653 995
-12.3185 -0.524995 3.84653 995
-11.2978 5.09151 3.86093 991
-11.2875 5.11409 3.86093 991
-12.3827 -0.527733 3.86138 995
-12.3857 -0.453428 3.86138 995
-11.3988 5.12335 3.88522 991
-11.4294 5.05486 3.88522 991
-11.5009 5.28023 3.92166 991
-11.5009 5.28023 3.92166 991
-12.8303 -0.0717562 3.96216 995
-12.8197 -0.726276 3.96441 995
-12.8211 -0.700635 3.96441 995
-12.848 -0.0333105 3.9662 995
-12.8477 -0.0975498 3.9662 995
-11.3717 6.04228 3.97295 991
-12.887 -0.00763754 3.9752 995
-12.887 0.0181365 3.9752 995
-12.9104 -0.0076514 3.9806 995
-12.9103 0.0569004 3.9806 995
-12.9255 0.108672 3.9842 995
-12.9257 0.0828208 3.9842 995
-11.4458 6.02306 3.986 991
-11.4757 5.96575 3.986 991
-12.9472 0.0829581 3.98915 995
-12.9466 0.147693 3.98915 995
-12.9571 -0.747059 3.99635 995
-12.9524 -0.824788 3.99635 995
-12.9813 0.174056 3.99725 995
-12.9813 0.174056 3.99725 995
-12.0151 5.09986 4.01344 991
-12.0822 5.07137 4.02514 991
-12.0923 5.04719 4.02514 991
-12.1598 4.97571 4.03324 991
-12.1598 4.97571 4.03324 991
-12.1922 4.98899 4.04134 991
-12.1922 4.98899 4.04134 991
-13.1563 -0.811357 4.04314 995
-13.1546 -0.837668 4.04314 995
-13.3389 -0.943199 4.08723 995
-13.3389 -0.943199 4.08723 995
-13.2441 2.89783 4.12997 88
-13.2382 2.92431 4.12997 88
-13.2822 2.87835 4.13762 88
-13.2964 2.8119 4.13762 88
-13.2965 2.83971 4.13897 88
-13.3022 2.81311 4.13897 88
-13.284 2.90658 4.13942 88
-13.2693 2.97296 4.13942 88
-13.2767 3.0025 4.14257 88
-13.2767 3.0025 4.14257 88
-13.3555 2.62963 4.14257 88
-13.2843 3.00422 4.14437 88
-13.2843 3.00422 4.14437 88
-13.3463 2.725 4.14482 88
-13.3693 2.72968 4.15021 88
-13.3554 2.79649 4.15021 88
-13.3957 2.63753 4.15201 88
-13.2997 3.11974 4.15381 88
-13.3059 3.09314 4.15381 88
-13.3135 3.0949 4.15561 88
-13.2947 3.17473 4.15561 88
-13.3053 3.20542 4.15966 88
-13.3021 3.21872 4.15966 88
-13.3346 3.28309 4.17046 88
-13.3508 3.21637 4.17046 88
-1.50113 13.6681 4.17451 1419
-1.54213 13.6636 4.17451 1419
-1.52847 13.6651 4.17451 1419
-1.62409 13.6541 4.17451 1419
-12.4793 5.91176 4.18801 638
-12.5087 5.84929 4.18801 638
-13.4164 3.31747 4.19071 88
-13.4097 3.34429 4.19071 88
-13.4095 3.40126 4.19386 88
-13.4296 3.32074 4.19386 88
-12.5252 5.88756 4.1952 638
-12.537 5.8625 4.1952 638
-12.1015 6.80738 4.20555 638
-12.1729 6.79956 4.21905 638
-12.1865 6.7752 4.21905 638
-12.7476 5.66838 4.22085 638
-12.7589 5.64288 4.22085 638
-12.8267 5.56584 4.22805 638
-12.8155 5.59148 4.22805 638
-12.832 5.56817 4.2294 638
-12.7984 5.64506 4.2294 638
-12.3294 6.74209 4.24424 638
-12.2955 6.80365 4.24424 638
-13.9708 -1.56554 4.24559 621
-13.9708 -1.56554 4.24559 621
-12.3346 6.77705 4.24919 638
-14.0526 -1.46098 4.26179 621
-14.0512 -1.47503 4.26179 621
-14.1165 -1.41057 4.27529 621
-14.1093 -1.48113 4.27529 621
-11.3952 8.4737 4.27844 1428
-11.3952 8.4737 4.27844 1428
-11.4077 8.48301 4.28204 1428
-11.4077 8.48301 4.28204 1428
-11.4434 8.47409 4.28743 1428
-11.4856 8.41677 4.28743 1428
-10.7498 9.34128 4.28788 1425
-10.7311 9.36277 4.28788 1425
-11.4819 8.43171 4.28878 1428
-11.4903 8.42022 4.28878 1428
-11.5537 8.34301 4.29013 1428
-11.5119 8.40067 4.29013 1428
-14.243 0.918623 4.29508 624
-14.2448 0.890135 4.29508 624
-10.8322 9.29947 4.29598 1425
-10.7856 9.35351 4.29598 1425
-13.8173 3.62259 4.29778 88
-13.81 3.65022 4.29778 88
-14.2857 0.792343 4.30318 624
-14.2857 0.792343 4.30318 624
-14.2837 0.892566 4.30408 624
-10.5854 9.63457 4.30453 1425
-14.279 0.992664 4.30453 624
-10.4595 9.79114 4.30768 1425
-10.568 9.67681 4.30813 1425
-10.6162 9.62385 4.30813 1425
-14.3129 0.793854 4.30948 624
-10.5558 9.70452 4.31038 1425
-10.5363 9.72562 4.31038 1425
-14.3199 0.995502 4.31398 624
-10.52 9.76912 4.31443 1425
-10.5687 9.71639 4.31443 1425
-1.4022 14.3523 4.32928 1422
-1.4022 14.3523 4.32928 1422
-10.5052 9.89328 4.33153 1425
-4.45033 -13.7414 4.33467 80
-4.42284 -13.7503 4.33467 80
-4.42821 -13.7669 4.33872 80
-4.49699 -13.7446 4.33872 80
-4.3329 -13.8013 4.33962 80
-4.40185 -13.7795 4.33962 80
-4.51438 -13.7512 4.34142 80
-4.54187 -13.7422 4.34142 80
-9.80588 10.6664 4.34502 1426
-9.75243 10.7153 4.34502 1426
-10.0304 10.461 4.34592 1426
-10.0304 10.461 4.34592 1426
-4.60423 -13.7461 4.34682 80
-4.65918 -13.7276 4.34682 80
-4.63171 -13.7368 4.34682 80
-4.52167 -13.7735 4.34682 80
-9.60921 10.8595 4.34772 1426
-4.63296 -13.7405 4.34772 80
-4.7016 -13.7172 4.34772 80
-4.73348 -13.7207 4.35087 80
-4.73348 -13.7207 4.35087 80
-9.6885 10.8177 4.35267 1426
-9.66684 10.837 4.35267 1426
-9.733 10.7803 4.35312 1426
-9.75454 10.7608 4.35312 1426
-4.73856 -13.7354 4.35447 80
-4.73856 -13.7354 4.35447 80
-9.9639 10.5806 4.35537 1426
-9.98504 10.5607 4.35537 1426
-9.77024 10.7781 4.35852 1426
-9.71623 10.8268 4.35852 1426
-4.85805 -13.7246 4.36122 80
-4.83059 -13.7343 4.36122 80
-4.91488 -13.7106 4.36257 80
-4.83253 -13.7398 4.36257 80
-4.95665 -13.6976 4.36302 80
-4.92925 -13.7075 4.36302 80
-10.0118 10.589 4.36437 1426
-9.95875 10.6389 4.36437 1426
-14.5712 -0.31468 4.36482 621
-14.5726 -0.241821 4.36482 621
-4.9332 -13.7185 4.36572 80
-5.01542 -13.6886 4.36572 80
-9.84638 10.7536 4.36617 1426
-9.89857 10.7241 4.36932 1426
-5.03516 -13.7001 4.36977 80
-5.06255 -13.69 4.36977 80
-9.94537 10.6887 4.37067 1426
-14.5601 1.20258 4.37292 628
-14.6081 -0.213187 4.37292 621
-14.6085 -0.18397 4.37292 621
-14.5915 1.29336 4.38191 628
-14.599 1.20579 4.38191 628
-4.41806 -13.9747 4.38371 78
-4.39011 -13.9835 4.38371 78
-14.6569 -0.213898 4.38416 621
-14.6628 -0.316658 4.38596 621
-14.6634 -0.287332 4.38596 621
-13.1538 6.49096 4.38641 638
-13.1408 6.51726 4.38641 638
-11.4584 9.19806 4.39226 1425
-11.4768 9.17513 4.39226 1425
-11.4813 9.17878 4.39361 1425
-11.4353 9.23607 4.39361 1425
-11.3089 9.41778 4.39766 1425
-11.2522 9.48546 4.39766 1425
-13.2157 6.48869 4.39901 638
-13.248 6.42253 4.39901 638
-11.438 9.27611 4.39991 1425
-11.438 9.27611 4.39991 1425
-11.444 9.28102 4.40171 1425
-11.444 9.28102 4.40171 1425
-11.3897 9.35075 4.40216 1425
-11.3333 9.41892 4.40216 1425
-14.6807 1.34567 4.40351 628
-14.6833 1.31631 4.40351 628
-11.3329 9.43773 4.40486 1425
-11.314 9.46038 4.40486 1425
-11.4017 9.36064 4.40576 1425
-11.383 9.38343 4.40576 1425
-13.2632 6.46267 4.40621 638
-13.2761 6.43613 4.40621 638
-13.3366 6.35058 4.41026 638
-13.3047 6.41719 4.41026 638
-14.1214 4.56097 4.426 683
-14.0984 4.63152 4.426 683
-13.4188 6.42268 4.43455 638
-13.4316 6.39583 4.43455 638
-9.62485 11.3487 4.43545 58
-9.69277 11.2908 4.43545 58
-4.43347 -14.2211 4.43905 70
-4.36231 -14.2431 4.43905 70
-8.75713 12.0767 4.444 1265
-14.8866 1.42462 4.45255 628
-14.8949 1.33527 4.45255 628
-8.82433 12.0929 4.45615 1265
-8.8485 12.0752 4.45615 1265
-9.65607 11.455 4.45885 58
-9.67896 11.4357 4.45885 58
-13.352 -6.84282 4.4638 41
-13.3657 -6.81611 4.4638 41
-13.359 -6.84638 4.4656 41
-13.393 -6.7795 4.4656 41
-13.3626 -6.88201 4.4701 41
-13.328 -6.94873 4.4701 41
-9.65142 11.5429 4.47369 58
-9.72051 11.4848 4.47369 58
-8.97932 12.0756 4.47414 1265
-8.97932 12.0756 4.47414 1265
-9.62921 11.5868 4.47819 58
-9.65236 11.5675 4.47819 58
-13.3782 -6.94091 4.47954 41
-13.3643 -6.96765 4.47954 41
-13.4917 -6.77866 4.48584 41
-13.4849 -6.79215 4.48584 41
-13.353 -7.08112 4.48944 41
-13.353 -7.08112 4.48944 41
-15.0617 1.45657 4.49349 628
-4.46374 -14.4708 4.49619 52
-4.43478 -14.4797 4.49619 52
-13.3823 -7.09664 4.49709 41
-13.3823 -7.09664 4.49709 41
-13.578 -6.75415 4.50114 41
-13.544 -6.82195 4.50114 41
-13.3922 -7.13622 4.50339 41
-13.3563 -7.20309 4.50339 41
-13.3999 -7.19203 4.51104 41
-13.3855 -7.21881 4.51104 41
-12.6103 8.54244 4.51643 1263
-13.6731 -6.73336 4.51868 41
-13.6596 -6.76069 4.51868 41
-13.3688 -7.33107 4.52003 41
-13.4053 -7.26414 4.52003 41
-14.4995 4.71516 4.52003 683
-14.5089 4.68615 4.52003 683
-11.9925 9.43116 4.52228 1434
-11.9357 9.50295 4.52228 1434
-12.6238 8.58848 4.52498 1263
-12.6238 8.58848 4.52498 1263
-9.28254 12.1251 4.52543 1265
-9.2218 12.1713 4.52543 1265
-13.4013 -7.34888 4.52858 41
-13.4159 -7.32206 4.52858 41
-12.3943 8.94994 4.52948 1263
-12.3763 8.97471 4.52948 1263
-12.6432 8.60163 4.53038 1263
-12.6432 8.60163 4.53038 1263
-12.5502 8.76053 4.53353 1263
-12.5939 8.69767 4.53353 1263
-9.19528 12.2377 4.53398 1265
-9.21974 12.2193 4.53398 1265
-14.6372 4.48627 4.53443 683
-14.6943 4.29562 4.53443 683
-14.6639 4.39837 4.53443 683
-14.6683 4.3837 4.53443 683
-12.5877 8.73062 4.53668 1263
-12.6051 8.70542 4.53668 1263
-13.3869 -7.46338 4.53848 41
-13.4241 -7.39635 4.53848 41
-13.7773 -6.73338 4.54028 41
-13.7434 -6.80219 4.54028 41
-14.69 4.40621 4.54073 683
-14.6812 4.43558 4.54073 683
-14.638 4.61495 4.54343 683
-14.638 4.61495 4.54343 683
-13.4125 -7.47762 4.54523 41
-13.4274 -7.45078 4.54523 41
-12.0721 9.49381 4.54568 1434
-12.0531 9.51793 4.54568 1434
-12.0862 9.48534 4.54703 1434
-12.1335 9.42479 4.54703 1434
-14.7821 4.2092 4.54838 683
-14.7566 4.29781 4.54838 683
-12.1397 9.42957 4.54883 1434
-12.1302 9.44171 4.54883 1434
-14.6659 4.62374 4.55018 683
-14.6659 4.62374 4.55018 683
-14.1528 6.02389 4.55108 638
-14.1164 6.1087 4.55108 638
-13.4247 -7.51966 4.55243 41
-13.3869 -7.58669 4.55243 41
-12.177 9.41958 4.55423 1263
-12.2239 9.35858 4.55423 1263
-12.2504 9.34002 4.55648 1263
-14.8215 4.2204 4.55783 683
-14.813 4.25004 4.55783 683
-13.859 -6.73905 4.55783 41
-13.8658 -6.72519 4.55783 41
-14.1814 6.0361 4.55828 638
-14.7105 4.60546 4.55873 683
-14.7333 4.53185 4.55873 683
-4.41362 -14.7793 4.56098 36
-4.41362 -14.7793 4.56098 36
-9.20491 12.3789 4.56143 1265
-9.20491 12.3789 4.56143 1265
-13.4242 -7.60783 4.56233 41
-13.4394 -7.58097 4.56233 41
-12.2392 9.40914 4.56412 1263
-12.258 9.38464 4.56412 1263
-9.30425 12.3313 4.56637 1265
-12.5868 8.9556 4.56637 1263
-9.24248 12.3777 4.56637 1265
-12.5419 9.01842 4.56637 1263
-14.9089 4.13269 4.57177 683
-14.8838 4.22207 4.57177 683
-12.6699 8.88182 4.57222 1263
-12.6521 8.90714 4.57222 1263
-13.4496 -7.65781 4.57312 41
-13.4112 -7.72496 4.57312 41
-12.5942 8.99888 4.57357 1263
-12.6122 8.97368 4.57357 1263
-12.6397 8.95519 4.57627 1263
-12.6843 8.89188 4.57627 1263
-13.4348 -7.73857 4.57942 41
-13.4503 -7.71169 4.57942 41
-13.9484 -6.78251 4.58077 41
-13.9822 -6.71269 4.58077 41
-13.4156 -7.8531 4.58887 41
-13.4156 -7.8531 4.58887 41
-14.8823 4.57768 4.59472 683
-14.8731 4.60744 4.59472 683
-13.4476 -7.87181 4.59742 41
-13.4476 -7.87181 4.59742 41
-14.0574 -6.73152 4.59832 41
-14.0574 -6.73152 4.59832 41
-13.4273 -7.98667 4.60687 41
-13.475 -7.90596 4.60687 41
-14.133 -6.76771 4.61766 41
-14.133 -6.76771 4.61766 41
-13.4742 -8.01456 4.61946 41
-13.4902 -7.9876 4.61946 41
-15.4923 2.49072 4.62261 690
-15.1896 3.98238 4.62531 693
-15.1654 4.07344 4.62531 693
-15.167 4.09013 4.62666 693
-4.49503 -15.0519 4.62666 36
-4.49503 -15.0519 4.62666 36
-15.167 4.09013 4.62666 693
-13.1551 8.58892 4.62711 1263
-13.1723 8.5626 4.62711 1263
-13.4495 -8.12783 4.62801 41
-13.498 -8.04699 4.62801 41
-13.4874 -8.11398 4.63386 41
-13.4712 -8.14094 4.63386 41
-14.2798 -6.68071 4.63971 41
-14.2731 -6.69499 4.63971 41
-9.5631 12.5434 4.64151 1265
-13.4537 -8.2595 4.64466 41
-13.503 -8.17863 4.64466 41
-15.215 4.21754 4.64511 693
-15.2065 4.24796 4.64511 693
-13.4902 -8.28193 4.65455 1518
-13.5068 -8.25494 4.65455 1518
-13.2822 8.61517 4.655 1263
-13.3337 8.53532 4.655 1263
-15.6545 2.50074 4.65995 690
-15.6692 2.40677 4.65995 690
-14.3613 -6.73636 4.6622 41
-14.3948 -6.66447 4.6622 41
-13.5268 -8.32299 4.6667 1519
-13.4766 -8.404 4.6667 1519
-15.7474 2.30606 4.67435 690
-15.7333 2.40051 4.67435 690
-4.52806 -15.2739 4.67795 36
-13.5397 -8.40581 4.6793 1520
-13.5229 -8.43288 4.6793 1520
-14.5015 -6.66112 4.68425 41
-14.4882 -6.69011 4.68425 41
-13.5014 -8.55131 4.68965 1521
-13.5524 -8.47015 4.68965 1521
-15.8127 2.46118 4.6946 690
-15.8176 2.42955 4.6946 690
-15.838 2.31933 4.6955 690
-9.00697 13.2395 4.69685 1265
-9.00697 13.2395 4.69685 1265
-9.01574 13.2524 4.70044 1265
-9.01574 13.2524 4.70044 1265
-13.5597 -8.55028 4.70089 1522
-13.5425 -8.57738 4.70089 1522
-14.5979 -6.74076 4.71214 41
-14.6381 -6.65305 4.71214 41
-9.0752 13.2826 4.71394 1265
-9.1415 13.2371 4.71394 1265
-13.5362 -8.70676 4.71574 1523
-13.5362 -8.70676 4.71574 1523
-13.5674 -8.72679 4.72429 1523
-13.5674 -8.72679 4.72429 1523
-13.5239 -8.83327 4.72924 1523
-13.5767 -8.75196 4.72924 1523
-9.18026 13.2932 4.72969 1265
-9.15366 13.3115 4.72969 1265
-14.7361 -6.64435 4.73194 41
-14.7228 -6.67381 4.73194 41
-13.5435 -8.84605 4.73464 1524
-13.5612 -8.81895 4.73464 1524
-13.5227 -8.94866 4.74364 1524
-13.5673 -8.88094 4.74364 1524
-14.7991 -6.70841 4.75128 41
-14.8391 -6.61949 4.75128 41
-15.6938 4.2322 4.75263 693
-15.6938 4.2322 4.75263 693
-13.5714 -8.98093 4.75713 1525
-13.5804 -8.96735 4.75713 1525
-9.28568 13.3885 4.76163 1266
-9.35251 13.3419 4.76163 1266
-14.9337 -6.60806 4.77018 41
-14.9205 -6.63792 4.77018 41
-13.5551 -9.10722 4.77018 1526
-13.6005 -9.03933 4.77018 1526
-13.5982 -9.11645 4.77963 1526
-13.5891 -9.13004 4.77963 1526
-13.8745 8.7452 4.78638 1267
-13.8218 8.82829 4.78638 1267
-13.5446 -9.25826 4.78773 1527
-13.5999 -9.17682 4.78773 1527
-13.8817 8.78856 4.79312 1267
-13.8992 8.76078 4.79312 1267
-15.0529 -6.58891 4.79357 41
-15.0131 -6.67911 4.79357 41
-13.5864 -9.28685 4.79942 1528
-13.605 -9.25966 4.79942 1528
-13.9999 8.68794 4.80392 1267
-13.9999 8.68794 4.80392 1267
-13.5785 -9.40148 4.81292 1529
-13.6254 -9.33347 4.81292 1529
-14.0347 8.70951 4.81337 1267
-14.0347 8.70951 4.81337 1267
-14.097 8.61208 4.81382 1267
-14.0451 8.6965 4.81382 1267
-15.1584 -6.58097 4.81517 41
-15.1452 -6.61127 4.81517 41
-14.0914 8.64739 4.81697 1267
-14.1172 8.60507 4.81697 1267
-14.1086 8.61919 4.81697 1267
-13.6202 -9.43032 4.82462 1530
-13.6296 -9.4167 4.82462 1530
-13.5889 -9.55008 4.83452 1530
-13.5889 -9.55008 4.83452 1530
-15.2274 -6.64714 4.83587 41
-15.267 -6.55565 4.83587 41
-13.6256 -9.57586 4.84486 1531
-13.6256 -9.57586 4.84486 1531
-13.6526 -9.63567 4.85791 1531
-13.6042 -9.70382 4.85791 1531
-15.3738 -6.58334 4.86106 41
-15.3738 -6.58334 4.86106 41
-13.6518 -9.73777 4.87141 1532
-13.6713 -9.71044 4.87141 1532
-12.0571 11.7243 4.88266 209
-11.9983 11.7845 4.88266 209
-13.6259 -9.86394 4.88355 1533
-13.6751 -9.79569 4.88355 1533
-11.9803 11.8139 4.88445 209
-11.9566 11.8378 4.88445 209
-15.4813 -6.62937 4.88805 41
-15.4813 -6.62937 4.88805 41
-11.865 11.9845 4.89345 209
-11.9248 11.925 4.89345 209
-12.092 11.7583 4.8939 209
-12.0685 11.7824 4.8939 209
-12.1782 11.6774 4.89525 209
-12.1782 11.6774 4.89525 209
-11.9556 11.908 4.8957 209
-12.0149 11.8481 4.8957 209
-12.2625 11.5945 4.89615 209
-12.2044 11.6557 4.89615 209
-12.1824 11.6814 4.8966 209
-12.1824 11.6814 4.8966 209
-13.6931 -9.87086 4.89705 1534
-11.9119 11.9599 4.89705 209
-13.6733 -9.89822 4.89705 1535
-11.9358 11.9361 4.89705 209
-12.2866 11.6173 4.9038 209
-12.2633 11.6419 4.9038 209
-11.8512 12.0666 4.9047 209
-11.8753 12.0429 4.9047 209
-12.3719 11.535 4.90515 209
-12.3719 11.535 4.90515 209
-13.6866 -9.94961 4.9065 1536
-13.6367 -10.0179 4.9065 1536
-15.6375 -6.53032 4.91235 41
-15.6244 -6.56158 4.91235 41
-11.9026 12.0707 4.9137 209
-11.8421 12.13 4.9137 209
-13.6728 -10.0445 4.91685 1537
-9.8456 13.8382 4.9209 1266
-9.8179 13.8579 4.9209 1266
-11.8518 12.2375 4.93304 209
-11.8763 12.2138 4.93304 209
-15.7661 -6.51011 4.93799 41
-15.7268 -6.60459 4.93799 41
-9.9231 13.8882 4.94069 1266
-9.99242 13.8385 4.94069 1266
-11.9048 12.2431 4.94249 209
-11.8434 12.3025 4.94249 209
-12.6606 11.4772 4.94519 209
-15.8573 -6.52922 4.95914 41
-15.8703 -6.49749 4.95914 41
-10.0403 13.9048 4.95959 1266
-10.0125 13.9249 4.95959 1266
-12.7631 11.5236 4.96994 209
-12.8206 11.4597 4.96994 209
-14.4256 9.48027 4.98523 1002
-16.0082 -6.47929 4.98703 41
-15.969 -6.57522 4.98703 41
-12.9122 11.5881 5.00548 209
-12.9354 11.5623 5.00548 209
-16.1195 -6.50558 5.01313 41
-16.1325 -6.47332 5.01313 41
-13.0511 11.5024 5.01628 209
-13.0511 11.5024 5.01628 209
-16.2351 -6.55225 5.04192 41
-16.2742 -6.45472 5.04192 41
-16.3986 -6.44723 5.06802 41
-16.3857 -6.48001 5.06802 41
-14.8453 9.50295 5.06936 1002
-14.8262 9.53262 5.06936 1002
-10.7668 14.0639 5.08916 1438
-16.4854 -6.51943 5.09276 41
-16.5242 -6.4204 5.09276 41
-14.2118 10.7236 5.11031 1002
-16.6378 -6.44541 5.1193 41
-16.6507 -6.41212 5.1193 41
-14.2741 10.7705 5.1283 1002
-16.7559 -6.49116 5.14855 41
-16.7882 -6.4073 5.14855 41
-10.3618 14.7191 5.15575 1437
-10.4353 14.6671 5.15575 1437
-11.0218 14.3374 5.17509 1438
-11.0934 14.2821 5.17509 1438
-16.9249 -6.42072 5.17914 41
-16.9249 -6.42072 5.17914 41
-11.1412 14.3437 5.19309 1438
-11.1125 14.366 5.19309 1438
-11.2727 14.3052 5.20478 1438
-11.1866 14.3725 5.20478 1438
-17.036 -6.46288 5.20658 41
-17.036 -6.46288 5.20658 41
-11.2871 14.3235 5.21018 1438
-11.2585 14.3461 5.21018 1438
-10.7905 14.7255 5.21468 1437
-11.4054 14.267 5.21693 1438
-11.3196 14.3352 5.21693 1438
-17.3151 -5.84572 5.21918 41
-17.3034 -5.88034 5.21918 41
-4.74369 -17.6751 5.22503 16
-4.84966 -17.6463 5.22503 16
-4.8673 -17.6415 5.22503 16
-4.90258 -17.6317 5.22503 16
-4.95914 -17.6301 5.22818 16
-4.87093 -17.6546 5.22818 16
-5.03016 -17.612 5.22863 16
-4.99493 -17.622 5.22863 16
-17.185 -6.38214 5.23223 41
-17.1977 -6.34776 5.23223 41
-5.08784 -17.6136 5.23268 16
-4.99971 -17.6389 5.23268 16
-5.12959 -17.6259 5.23808 16
-5.16648 -17.6212 5.23943 16
-5.13122 -17.6315 5.23943 16
-17.4509 -5.83329 5.24798 41
-17.4215 -5.92047 5.24798 41
-15.2997 10.253 5.25202 1002
-15.2792 10.2836 5.25202 1002
-15.344 10.2605 5.26147 1002
-15.4053 10.1682 5.26147 1002
-15.3979 10.2076 5.26507 1002
-17.3539 -6.34634 5.26597 41
-17.322 -6.43303 5.26597 41
-4.79269 -17.8577 5.26867 16
-4.8284 -17.8481 5.26867 16
-17.4946 -6.31857 5.29432 41
-17.482 -6.35355 5.29432 41
-17.7547 -5.8954 5.31906 41
-17.7547 -5.8954 5.31906 41
-17.9142 -5.80945 5.34785 41
-17.92 -5.79153 5.34785 41
-18.021 -5.74467 5.36675 41
-17.992 -5.8347 5.36675 41
-4.88504 -18.2748 5.3672 16
-4.77531 -18.3038 5.3672 16
-12.0636 14.7246 5.39464 1274
-12.093 14.7004 5.39464 1274
-12.0942 14.7019 5.39509 1274
-12.0058 14.7742 5.39509 1274
-12.1102 14.6913 5.39554 1274
-12.1981 14.6184 5.39554 1274
-11.9984 14.7953 5.39779 1274
-11.9984 14.7953 5.39779 1274
-11.9984 14.7953 5.39779 1274
-11.9984 14.7953 5.39779 1274
-11.9043 14.8911 5.40139 1274
-11.8745 14.9149 5.40139 1274
-14.5745 12.311 5.40454 1277
-12.5017 14.4164 5.40544 1274
-12.5161 14.4039 5.40544 1274
-12.64 14.3135 5.40859 1274
-12.64 14.3135 5.40859 1274
-12.6439 14.3179 5.40994 1274
-12.6439 14.3179 5.40994 1274
-12.7464 14.2319 5.41084 1274
-12.5315 14.4215 5.41084 1274
-12.4592 14.484 5.41084 1274
-18.2257 -5.76978 5.41354 41
-18.2314 -5.75155 5.41354 41
-18.3334 -5.80389 5.43963 41
-18.3622 -5.71215 5.43963 41
-4.92642 -18.7295 5.47113 16
-4.88895 -18.7393 5.47113 16
-18.5486 -5.72948 5.48193 41
-18.5543 -5.71093 5.48193 41
-14.7845 12.6925 5.49857 1277
-14.7718 12.7073 5.49857 1277
-13.1888 14.3462 5.49902 1279
-13.2942 14.2592 5.50082 1279
-13.3075 14.2735 5.50532 1279
-14.7626 12.8283 5.51522 1277
-14.7265 12.979 5.53186 1277
-14.7265 12.979 5.53186 1277
-18.7933 -5.7023 5.53411 41
-18.7646 -5.7962 5.53411 41
-15.1238 12.775 5.57056 1277
-15.0469 12.8655 5.57056 1277
-4.87255 -19.2265 5.5791 11
-4.87255 -19.2265 5.5791 11
-4.99032 -19.6912 5.68978 11
-4.99032 -19.6912 5.68978 11
-5.09174 -20.1761 5.80405 11
-4.9706 -20.2063 5.80405 11
-5.09256 -20.7021 5.92193 11
-5.13395 -20.6918 5.92193 11
-20.55 -5.98925 5.94172 41
-20.538 -6.03034 5.94172 41
-20.6782 -6.07151 5.97547 41
-20.7083 -5.96805 5.97547 41
-20.8307 -5.95824 6.00201 41
-5.20862 -21.2655 6.05465 11
-5.08093 -21.2964 6.05465 11
-19.9496 11.2747 6.2904 1296
-19.9496 11.2747 6.2904 1296
-19.9145 11.4661 6.30525 1296
-19.926 11.4461 6.30525 1296
-19.7872 11.7914 6.31784 1296
-19.8107 11.7518 6.31784 1296
-19.9919 11.484 6.32279 1296
-19.9342 11.5838 6.32279 1296
-19.9211 11.6295 6.32549 1296
-19.9095 11.6495 6.32549 1296
-19.8661 11.731 6.32639 1296
-19.9245 11.6315 6.32639 1296
-5.36855 -22.5019 6.34079 9
-5.41355 -22.4912 6.34079 9
-20.1414 11.3831 6.34124 1296
-20.1414 11.3831 6.34124 1296
-20.6177 11.0346 6.39883 1296
-20.6727 10.9313 6.39883 1296
-20.6574 11.1623 6.42087 1296
-20.6797 11.121 6.42087 1296
-20.7432 11.1551 6.43752 1296
-20.6872 11.2587 6.43752 1296
-20.7467 11.345 6.45911 1296
-5.49061 -23.1159 6.48521 9
-5.35182 -23.1484 6.48521 9
-20.5338 12.3199 6.5284 1296
-20.5951 12.2171 6.5284 1296
-19.9901 13.1944 6.52975 1538
-20.0836 13.0552 6.5302 1538
-20.6126 12.4233 6.55629 233
-20.6001 12.4439 6.55629 233
-21.5091 10.9911 6.57654 1447
-21.5091 10.9911 6.57654 1447
-21.5345 10.9498 6.57744 1447
-21.589 10.842 6.57744 1447
-21.5265 11 6.58104 1447
-21.5265 11 6.58104 1447
-21.4576 11.1549 6.58329 1447
-21.6343 10.8648 6.58913 1447
-21.6125 10.908 6.58913 1447
-5.51072 -23.8357 6.64807 9
-5.55838 -23.8247 6.64807 9
-0.331015 24.7215 6.70791 1022
-0.331015 24.7215 6.70791 1022
-1.3808 24.9037 6.7583 1022
-1.3808 24.9037 6.7583 1022
-21.5155 12.9676 6.79969 233
-3.52143 25.0995 6.85143 1449
-3.52143 25.0995 6.85143 1449
-8.28227 28.1246 7.76878 1450
-8.45087 28.0744 7.76878 1450
-8.2695 28.1853 7.78137 1450
-8.21312 28.2018 7.78137 1450
-8.10562 28.2531 7.78587 1450
-8.27499 28.204 7.78587 1450
-8.4226 28.1847 7.79127 1450
-8.47895 28.1677 7.79127 1450
-8.62825 28.153 7.79802 1450
-8.51557 28.1872 7.79802 1450
-8.68454 28.1356 7.79802 1450
-8.68454 28.1356 7.79802 1450
-9.55139 28.0325 7.83716 768
-9.69143 27.9844 7.83716 768
-12.7426 26.7615 7.84301 513
-12.7158 26.7742 7.84301 513
-9.52654 28.1438 7.85966 768
-9.38571 28.1911 7.85966 768
-12.9721 26.7593 7.86551 513
-12.8381 26.8238 7.86551 513
-13.5914 26.5334 7.8826 513
-13.5914 26.5334 7.8826 513
-13.602 26.5542 7.888 513
-13.806 26.5585 7.9105 513
-13.6731 26.6272 7.9105 513
-9.55347 28.4103 7.91994 768
-9.61027 28.3912 7.91994 768
-9.04409 28.5888 7.92264 768
-9.04409 28.5888 7.92264 768
-13.0539 26.9968 7.92309 513
-13.0809 26.9838 7.92309 513
-9.05702 28.6297 7.93254 768
-9.05702 28.6297 7.93254 768
-9.90773 28.425 7.94964 768
-10.0497 28.3751 7.94964 768
-13.2023 27.0959 7.95864 513
-13.3646 27.0162 7.95864 513
-13.8496 26.773 7.95909 513
-9.40849 28.6413 7.95999 768
-9.46575 28.6224 7.95999 768
-12.6063 27.3869 7.96044 513
-12.6063 27.3869 7.96044 513
-12.641 27.3902 7.96448 513
-12.8051 27.3139 7.96448 513
-13.3776 27.0424 7.96538 513
-13.3235 27.0691 7.96538 513
-12.7603 27.3606 7.96988 513
-12.815 27.335 7.96988 513
-11.1334 28.0872 7.97528 768
-13.5588 27 7.97528 513
-13.4237 27.0675 7.97528 513
-11.2737 28.0311 7.97528 768
-9.28613 28.7529 7.97573 768
-9.14225 28.7989 7.97573 768
-12.8714 27.3839 7.98563 513
-13.0081 27.3192 7.98563 513
-9.38098 28.8491 8.00363 768
-9.52511 28.8019 8.00363 768
-9.31469 28.9402 8.01892 768
-9.34362 28.9309 8.01892 768
-12.7456 27.6896 8.03737 768
-8.32075 29.3347 8.03962 1539
-8.20334 29.3677 8.03962 1539
-10.3834 28.6778 8.04142 768
-10.3834 28.6778 8.04142 768
-12.4073 27.9793 8.06616 768
-12.3513 28.0041 8.06616 768
-12.6044 27.8953 8.06706 768
-12.4368 27.9705 8.06706 768
-12.2633 28.1086 8.08011 768
-12.4318 28.0345 8.08011 768
-12.1921 28.1757 8.08776 768
-10.254 28.9519 8.09091 768
-10.1961 28.9723 8.09091 768
-10.5515 28.9609 8.1161 768
-10.6397 28.9328 8.117 768
-10.6975 28.9115 8.117 768
-10.9899 29.0747 8.17594 768
-10.9318 29.0966 8.17594 768
-10.858 29.1658 8.18494 768
-11.0037 29.1111 8.18494 768
-15.4345 27.3112 8.24252 1325
-15.4345 27.3112 8.24252 1325
-15.1957 27.4627 8.24612 1325
-15.2506 27.4322 8.24612 1325
-15.1451 27.5662 8.26142 1325
-14.7851 27.8272 8.27492 1325
-14.9241 27.7529 8.27492 1325
-10.3483 29.881 8.30056 768
-10.2885 29.9017 8.30056 768
-11.5626 29.5141 8.31811 768
-11.6217 29.4909 8.31811 768
-12.3905 29.1932 8.32171 1328
-12.2797 29.2569 8.32531 1328
-11.6531 29.5707 8.3379 768
-11.5051 29.6286 8.3379 768
-14.8697 28.122 8.3442 1540
-14.7289 28.196 8.3442 1540
-12.0778 29.4335 8.3451 1328
-14.6761 28.2323 8.346 1541
-14.8244 28.1724 8.3496 1541
-14.8807 28.1426 8.3496 1541
-15.7107 27.7998 8.3721 1325
-15.7107 27.7998 8.3721 1325
-15.9068 27.6926 8.373 1325
-15.7404 27.7875 8.373 1325
-11.3653 29.8869 8.38199 1051
-12.3146 29.5886 8.39909 1328
-12.8564 29.5486 8.43958 1328
-12.7285 29.6591 8.45128 1328
-12.8766 29.5951 8.45128 1328
-12.3373 29.8956 8.46658 1456
-11.6015 30.2347 8.47647 1051
-11.027 30.4552 8.47782 1542
-14.7552 29.3824 8.59075 1543
-14.6964 29.4118 8.59075 1543
-15.0164 29.3154 8.60425 1543
-16.495 28.7166 8.64564 1544
-16.4376 28.7495 8.64564 1544
-16.7379 28.6728 8.66498 1544
-16.5943 28.7561 8.66498 1544
-16.1349 29.023 8.66633 1544
-15.8973 29.2116 8.67803 1544
-12.9441 30.9265 8.74012 1545
-16.0245 29.6569 8.78241 1546
-15.9867 29.872 8.822 1546
-16.0464 29.8399 8.822 1546
-13.3071 31.1793 8.8265 1547
-13.3194 31.208 8.8337 1547
-13.953 31.0453 8.85799 1459
-14.0151 31.0173 8.85799 1459
-14.297 31.0601 8.89398 1459
-13.3665 32.5741 9.12883 1548
-13.3665 32.5741 9.12883 1548
-13.3665 32.5741 9.12883 1548
-16.9093 30.9237 9.13693 1549
-18.7122 30.1544 9.19317 1550
-18.7122 30.1544 9.19317 1550
-18.9768 30.1084 9.21656 1550
-18.826 30.2029 9.21656 1550
-18.7718 30.2505 9.21926 1550
-18.7718 30.2505 9.21926 1550
-17.3637 31.7547 9.35558 1551
-13.0964 33.9275 9.39607 1552
-14.1028 33.6949 9.43297 1553
-13.1792 34.142 9.44916 1554
-37.6807 -10.2903 10.0178 1555
0.182656 -2.61273 1.60467 2
0.127752 -2.61599 1.60467 2
0.130368 -2.61586 1.60467 2
0.187881 -2.61236 1.60467 2
0.0966385 -2.62512 1.60647 2
0.0913881 -2.62531 1.60647 2
0.151853 -2.62446 1.60692 2
0.146604 -2.62476 1.60692 2
0.191343 -2.62383 1.60737 2
0.241159 -2.61972 1.60737 2
0.207083 -2.62264 1.60737 2
0.228057 -2.6209 1.60737 2
0.225603 -2.62306 1.60782 2
0.1731 -2.62705 1.60782 2
0.225603 -2.62306 1.60782 2
0.188859 -2.62597 1.60782 2
0.112721 -2.63228 1.60827 2
0.16797 -2.62934 1.60827 2
0.0784927 -2.63353 1.60827 2
0.0732255 -2.63368 1.60827 2
0.112721 -2.63228 1.60827 2
0.165341 -2.6295 1.60827 2
0.207543 -2.62846 1.60872 2
0.168094 -2.63128 1.60872 2
0.202286 -2.62887 1.60872 2
0.154936 -2.63209 1.60872 2
0.136608 -2.63506 1.60917 2
0.152416 -2.63419 1.60917 2
0.260452 -2.62767 1.60962 2
0.255196 -2.62818 1.60962 2
0.226438 -2.63277 1.61007 2
0.226438 -2.63277 1.61007 2
0.239776 -2.63355 1.61052 2
0.242409 -2.63331 1.61052 2
0.247858 -2.63476 1.61097 2
0.261028 -2.63348 1.61097 2
0.0603227 -2.6457 1.61097 2
0.0444475 -2.64602 1.61097 2
0.274193 -2.63215 1.61097 2
0.279456 -2.63159 1.61097 2
0.113388 -2.64786 1.61187 2
0.0418631 -2.64996 1.61187 2
0.113388 -2.64786 1.61187 2
0.0365631 -2.65003 1.61187 2
0.118771 -2.64957 1.61232 2
0.132017 -2.64895 1.61232 2
0.0816662 -2.65098 1.61232 2
0.0975705 -2.65044 1.61232 2
0.0552338 -2.65556 1.61322 2
0.0605448 -2.65544 1.61322 2
0.0261345 -2.6677 1.61592 2
0.268452 -2.65428 1.61592 2
0.0421401 -2.66749 1.61592 2
0.28172 -2.65291 1.61592 2
0.0795957 -2.67054 1.61682 2
0.0635712 -2.67097 1.61682 2
0.300941 -2.65668 1.61727 2
0.287654 -2.65815 1.61727 2
0.00480629 -2.67562 1.61772 2
0.00480629 -2.67562 1.61772 2
0.018224 -2.6814 1.61907 2
0.0235868 -2.68136 1.61907 2
0.302477 -2.67024 1.62041 2
0.297136 -2.67084 1.62041 2
0.00752004 -2.68925 1.62086 2
0.0236553 -2.68916 1.62086 2
0.340075 -2.66767 1.62086 2
0.340075 -2.66767 1.62086 2
0.321627 -2.67192 1.62131 2
0.308263 -2.6735 1.62131 2
0.321627 -2.67192 1.62131 2
0.316282 -2.67256 1.62131 2
0.00485179 -2.70095 1.62356 2
0.00485179 -2.70095 1.62356 2
0.34254 -2.687 1.62536 2
0.34254 -2.687 1.62536 2
-0.0195268 -2.71063 1.62581 2
-0.0141055 -2.71066 1.62581 2
0.357507 -2.69685 1.62806 2
0.3629 -2.69613 1.62806 2
0.349665 -2.69984 1.62851 2
-0.0141664 -2.72235 1.62851 2
0.36316 -2.69806 1.62851 2
0.382584 -2.69931 1.62941 2
0.366382 -2.70156 1.62941 2
0.378803 -2.71165 1.63211 2
0.384225 -2.71089 1.63211 2
0.388037 -2.71822 1.63391 2
0.40434 -2.71584 1.63391 2
0.40372 -2.74942 1.64156 2
0.409218 -2.74861 1.64156 2
0.432955 -2.77456 1.64831 2
0.4163 -2.77711 1.64831 2
0.43596 -2.79381 1.65281 2
0.430371 -2.79468 1.65281 2
0.444196 -2.82803 1.66091 2
0.461156 -2.82531 1.66091 2
7.99636 -3.60939 3.02546 6
7.97822 -3.64933 3.02546 6
7.99992 -3.61099 3.02636 6
7.99268 -3.62699 3.02636 6
8.01779 -3.59978 3.02906 6
8.03569 -3.55964 3.02906 6
7.98861 -3.67342 3.02996 6
7.98125 -3.68939 3.02996 6
7.96228 -3.74848 3.03176 6
7.96976 -3.73255 3.03176 6
7.99746 -3.67749 3.03221 6
7.97897 -3.71743 3.03221 6
8.05529 -3.56832 3.03401 6
8.04813 -3.58443 3.03401 6
8.06776 -3.55456 3.03536 6
8.08543 -3.51418 3.03536 6
7.98564 -3.73999 3.03581 6
7.96684 -3.77987 3.03581 6
8.1033 -3.52195 3.03986 6
8.09624 -3.53815 3.03986 6
8.01233 -3.81128 3.0484 6
8.01233 -3.81128 3.0484 6
8.1654 -3.48119 3.0493 6
8.1654 -3.48119 3.0493 6
8.20305 -3.49724 3.05875 6
8.20305 -3.49724 3.05875 6
8.05633 -3.8322 3.05965 6
8.05633 -3.8322 3.05965 6
8.84754 10.6198 4.19116 1556
9.00965 10.4903 4.19251 1556
8.99915 10.4993 4.19251 1556
9.07322 10.4793 4.20015 1556
9.17721 10.4506 4.21095 1556
4.17033 13.3111 4.2204 195
4.10372 13.3318 4.2204 195
4.2259 13.3017 4.2222 195
4.10602 13.3392 4.2222 195
4.19929 13.3102 4.2222 195
4.13269 13.331 4.2222 195
4.01366 13.3714 4.2231 195
4.08047 13.3511 4.2231 195
4.04886 13.3913 4.22985 195
4.02207 13.3994 4.22985 195
4.21219 13.351 4.2321 195
4.27889 13.3298 4.2321 195
4.00472 13.4391 4.2375 195
3.93747 13.459 4.2375 195
4.34363 13.3478 4.24064 195
4.31693 13.3565 4.24064 195
2.88596 13.7688 4.24784 195
2.81708 13.783 4.24784 195
3.98367 13.5165 4.25324 195
3.95662 13.5245 4.25324 195
2.92802 13.8316 4.26404 195
2.99714 13.8168 4.26404 195
3.04989 13.8591 4.27619 195
3.03603 13.8622 4.27619 195
3.03811 13.8717 4.27844 195
3.10743 13.8563 4.27844 195
3.1667 13.9248 4.29688 195
3.15278 13.928 4.29688 195
9.57776 10.6892 4.31353 1557
7.2071 12.4253 4.31623 1473
7.14488 12.4611 4.31623 1473
3.36984 13.9753 4.31893 195
3.36984 13.9753 4.31893 195
7.16233 12.4916 4.32433 1473
7.1873 12.4772 4.32433 1473
7.42707 12.3451 4.32613 1473
7.45175 12.3302 4.32613 1473
3.54497 13.9641 4.32613 195
3.46112 13.9851 4.32613 195
7.51534 12.2961 4.32703 1473
7.53992 12.2811 4.32703 1473
3.18849 14.0857 4.33422 195
3.25887 14.0696 4.33422 195
3.59654 13.9911 4.33512 195
3.56856 13.9983 4.33512 195
7.51504 12.3511 4.33782 1473
7.71208 12.2843 4.34862 1473
7.65057 12.3227 4.34862 1473
7.6382 12.3579 4.35402 1473
7.57632 12.3959 4.35402 1473
7.14557 12.667 4.35762 1473
7.20881 12.6311 4.35762 1473
7.05722 12.7476 4.36392 1473
7.13739 12.7118 4.36572 1473
7.07374 12.7474 4.36572 1473
7.08225 12.7627 4.36977 1473
7.10777 12.7485 4.36977 1473
7.17238 12.7145 4.37022 1473
7.19779 12.7001 4.37022 1473
3.41527 14.2891 4.39181 195
3.34378 14.306 4.39181 195
7.99469 12.4835 4.42241 1473
7.99469 12.4835 4.42241 1473
3.59621 14.4074 4.42825 195
3.56739 14.4145 4.42825 195
3.77172 14.4329 4.444 195
3.68505 14.4553 4.444 195
6.25655 13.5486 4.44535 1474
6.22944 13.5611 4.44535 1474
9.49609 11.5149 4.4458 190
9.47305 11.5338 4.4458 190
3.41465 14.5436 4.44895 195
3.40011 14.547 4.44895 195
3.50414 14.5323 4.4512 195
3.50414 14.5323 4.4512 195
8.06085 12.6424 4.46155 1473
7.99754 12.6826 4.46155 1473
6.20742 13.6932 4.47099 1474
6.18002 13.7056 4.47099 1474
9.46565 11.6907 4.47279 190
9.48902 11.6718 4.47279 190
6.11696 13.7488 4.47414 1474
6.08945 13.761 4.47414 1474
7.20172 13.2263 4.47684 1474
6.26062 13.7012 4.47774 1474
6.19203 13.7323 4.47774 1474
6.16615 13.7482 4.47864 1474
7.25135 13.2858 4.49439 1474
7.27791 13.2713 4.49439 1474
6.05584 13.9481 4.51059 1558
6.1255 13.9177 4.51059 1558
8.21013 12.8199 4.51464 190
8.21013 12.8199 4.51464 190
6.09308 13.9574 4.51599 1559
6.06515 13.9696 4.51599 1559
8.31988 12.7653 4.51778 190
8.30711 12.7736 4.51778 190
5.97638 14.0332 4.52138 1560
5.97638 14.0332 4.52138 1560
10.6573 10.9772 4.53218 1475
10.6792 10.9559 4.53218 1475
10.3709 11.2534 4.53308 1475
10.3484 11.2741 4.53308 1475
5.92727 14.1132 4.53398 1561
5.89903 14.125 4.53398 1561
8.17736 12.9677 4.53938 190
5.90804 14.1466 4.53938 1562
8.20328 12.9514 4.53938 190
5.9787 14.1169 4.53938 1563
6.0115 14.1157 4.54208 1563
6.0115 14.1157 4.54208 1563
5.81773 14.2093 4.54478 1563
5.8887 14.18 4.54478 1563
10.3242 11.407 4.55198 1475
10.3242 11.407 4.55198 1475
10.3127 11.4173 4.55198 1475
10.4716 11.2718 4.55198 1475
7.77156 13.3369 4.56367 1474
7.77156 13.3369 4.56367 1474
5.83445 14.2908 4.56367 1564
5.7486 14.3256 4.56367 1564
7.9122 13.3016 4.57312 1474
10.2304 11.6265 4.57537 1475
10.3 11.5649 4.57537 1475
10.6562 11.2429 4.57627 1475
10.6336 11.2642 4.57627 1475
10.1063 11.791 4.58527 190
10.9171 11.0884 4.59247 1475
10.9171 11.0884 4.59247 1475
10.7509 11.2523 4.59292 1475
10.6831 11.3166 4.59292 1475
9.44825 12.5425 4.62531 190
9.51085 12.4951 4.62531 190
10.8645 11.3486 4.62711 190
10.9324 11.2832 4.62711 190
9.4439 12.5628 4.62846 190
9.36836 12.6192 4.62846 190
9.4839 12.5375 4.62936 190
9.45881 12.5565 4.62936 190
9.54765 12.4915 4.62981 190
9.54765 12.4915 4.62981 190
9.40289 12.613 4.63206 190
9.37765 12.6318 4.63206 190
10.9061 11.3465 4.63341 190
10.8834 11.3683 4.63341 190
9.2959 12.7065 4.63476 190
9.35932 12.6599 4.63476 190
9.32937 12.6989 4.63791 190
9.30396 12.7175 4.63791 190
10.201 12.0227 4.64016 190
9.22496 12.7966 4.64196 190
9.30158 12.741 4.64196 190
9.58789 12.5441 4.64511 190
9.58789 12.5441 4.64511 190
9.2432 12.8219 4.64916 190
9.26882 12.8034 4.64916 190
9.16112 12.8974 4.65231 190
9.23834 12.8422 4.65231 190
15.1896 -4.48319 4.65635 187
15.1986 -4.45281 4.65635 187
9.72323 12.5383 4.6631 190
9.7858 12.4895 4.6631 190
9.74948 12.5204 4.66355 190
9.72442 12.5398 4.66355 190
15.2108 -4.55566 4.6658 187
15.2378 -4.46431 4.6658 187
15.2008 -4.6024 4.6667 187
15.2099 -4.57199 4.6667 187
9.20626 12.9609 4.6703 190
9.23216 12.9425 4.6703 190
15.2912 -4.36396 4.6712 187
15.2912 -4.36396 4.6712 187
10.3281 12.0988 4.67255 190
10.2675 12.1503 4.67255 190
15.279 -4.59274 4.68335 187
15.2558 -4.66908 4.68335 187
15.3437 -4.37893 4.6838 187
15.3437 -4.37893 4.6838 187
9.90937 12.5436 4.69055 190
15.4077 -4.28081 4.6919 187
15.3818 -4.37318 4.6919 187
15.2929 -4.7474 4.69685 187
15.3023 -4.71681 4.69685 187
9.18793 13.1288 4.69954 190
9.18793 13.1288 4.69954 190
15.3359 -4.72714 4.70494 187
15.312 -4.80376 4.70494 187
15.4705 -4.33158 4.70899 187
15.4791 -4.30063 4.70899 187
11.2775 11.4774 4.71484 1478
15.5652 -4.20743 4.72249 187
15.5397 -4.30074 4.72249 187
15.3818 -4.89332 4.72654 187
15.3916 -4.86255 4.72654 187
10.6176 12.1888 4.73194 190
10.7491 12.1668 4.74813 190
11.0882 11.8639 4.74903 190
7.5922 14.3856 4.75533 1372
7.5922 14.3856 4.75533 1372
11.1917 11.8791 4.76793 190
11.1202 11.946 4.76793 190
7.52542 14.5041 4.77243 1372
7.55441 14.489 4.77243 1372
10.8902 12.203 4.77603 190
7.63586 14.4683 4.77693 1372
7.63586 14.4683 4.77693 1372
7.62865 14.4898 4.78053 1372
7.54157 14.5353 4.78053 1372
15.4468 -5.60354 4.79357 187
15.4356 -5.63442 4.79357 187
15.6434 -5.42827 4.82282 187
15.6161 -5.50641 4.82282 187
15.601 -5.62418 4.82867 187
15.6289 -5.54611 4.82867 187
15.6601 -5.55719 4.83632 187
15.649 -5.5885 4.83632 187
9.17592 13.8957 4.84441 1372
9.2037 13.8773 4.84441 1372
9.20277 13.9364 4.85566 1372
9.27234 13.8902 4.85566 1372
9.3404 13.9619 4.87816 1372
9.36831 13.9432 4.87816 1372
9.37616 14.0153 4.893 1372
9.46008 13.9588 4.893 1372
8.70092 14.4624 4.8966 1372
9.31512 14.1681 4.9146 1372
9.24417 14.2145 4.9146 1372
8.71403 14.55 4.9155 1372
8.64117 14.5934 4.9155 1372
8.03002 14.9605 4.92 1372
16.4971 -4.44163 4.94429 1480
16.5235 -4.34257 4.94429 1480
11.9889 12.1771 4.94519 1565
16.5336 -4.3806 4.94879 1480
16.5423 -4.34752 4.94879 1480
16.8117 -3.44292 4.96184 1480
16.8048 -3.47653 4.96184 1480
16.0992 -5.98638 4.96544 1480
16.1052 -5.97028 4.96544 1480
16.8329 -3.57022 4.97264 1480
16.8149 -3.65434 4.97264 1480
16.6771 -4.29391 4.97578 1480
16.6857 -4.26055 4.97578 1480
16.8705 -3.54295 4.97983 1480
16.888 -3.45856 4.97983 1480
16.7586 -4.04786 4.98028 1480
16.7586 -4.04786 4.98028 1480
16.8749 -3.57911 4.98253 1480
16.8677 -3.61285 4.98253 1480
16.7201 -4.25154 4.98298 1480
16.69 -4.36848 4.98298 1480
16.7453 -4.15115 4.98298 1480
16.7159 -4.26826 4.98298 1480
16.1481 -6.07819 4.98343 1480
16.1783 -5.99737 4.98343 1480
16.7775 -4.05243 4.98478 1480
16.7775 -4.05243 4.98478 1480
16.8507 -3.98104 4.99738 1480
16.8586 -3.94733 4.99738 1480
16.9198 -3.7126 4.99918 1480
16.9124 -3.74643 4.99918 1480
16.8971 -3.86734 5.00188 1480
16.9048 -3.83353 5.00188 1480
16.9351 -3.71594 5.00278 1480
16.9163 -3.80057 5.00278 1480
16.95 -3.93299 5.01718 1480
16.9694 -3.84819 5.01718 1480
16.6725 -5.78538 5.07431 1480
16.6668 -5.80205 5.07431 1480
16.7588 -5.68418 5.08556 1480
16.7301 -5.7679 5.08556 1480
16.7549 -5.70156 5.08601 1480
16.7606 -5.68481 5.08601 1480
10.0692 14.6047 5.09546 1372
10.1567 14.544 5.09546 1372
16.8462 -5.58267 5.09726 1480
16.8462 -5.58267 5.09726 1480
11.0492 13.9005 5.09951 1483
10.9796 13.9555 5.09951 1483
10.9988 13.9801 5.10671 1483
16.9128 -5.60474 5.11345 1480
16.9128 -5.60474 5.11345 1480
11.1915 13.8789 5.11615 1483
11.122 13.9347 5.11615 1483
16.9536 -5.52433 5.1166 1480
16.9646 -5.49041 5.1166 1480
11.1402 13.9576 5.1229 1483
11.1681 13.9352 5.1229 1483
17.0017 -5.50241 5.1256 1480
16.974 -5.58735 5.1256 1480
17.4089 -4.07617 5.12785 1480
17.3883 -4.16316 5.12785 1480
17.5046 -4.37654 5.16564 1480
17.5133 -4.34152 5.16564 1480
17.4276 -4.74826 5.17014 1480
17.4371 -4.7134 5.17014 1480
13.5564 12.4326 5.24663 1373
13.4639 12.5727 5.25292 1373
15.7333 10.1109 5.31771 1376
15.7535 10.0794 5.31771 1376
15.7431 10.1172 5.32041 1376
15.7935 10.0384 5.32041 1376
14.7658 11.6547 5.34291 1376
14.7658 11.6547 5.34291 1376
15.9519 10.0943 5.3582 1376
15.9721 10.0624 5.3582 1376
14.7622 11.7721 5.3591 1376
14.8239 11.7006 5.36 1376
15.187 11.2646 5.3654 1376
14.7545 11.8628 5.3708 1376
14.8402 11.7617 5.3717 1376
16.2604 9.81753 5.3852 1566
16.2604 9.81753 5.3852 1566
14.7703 11.9487 5.3861 1376
16.1508 10.1074 5.39869 1376
16.1001 10.1881 5.39869 1376
16.3041 9.88844 5.40229 1376
16.2544 9.96983 5.40229 1376
16.3539 9.87394 5.41039 1376
16.2488 10.1236 5.41984 1376
16.2992 10.0422 5.41984 1376
16.2802 10.1431 5.42839 1376
16.3004 10.1106 5.42839 1376
15.8452 10.8446 5.43289 1376
15.4674 11.377 5.43289 1376
15.4901 11.346 5.43289 1376
15.5606 11.3023 5.44008 1376
15.4925 11.3954 5.44008 1376
16.4174 10.0246 5.44098 1376
16.3973 10.0575 5.44098 1376
15.9196 10.8255 5.44458 1376
15.6653 11.3305 5.46348 1376
15.0154 12.2466 5.47338 1376
14.954 12.3216 5.47338 1376
16.1264 11.0134 5.50847 1376
16.1922 10.9164 5.50847 1376
16.2371 10.9231 5.51792 1376
16.2589 10.8906 5.51792 1376
17.1932 9.46391 5.53096 1380
17.1531 9.57639 5.53546 1380
17.1722 9.54207 5.53546 1380
16.4338 10.9128 5.55436 1376
16.368 11.0112 5.55436 1376
17.2421 9.64874 5.56156 1380
17.1839 9.75202 5.56156 1380
17.4042 9.55739 5.58405 1380
17.4042 9.55739 5.58405 1380
17.4912 9.44644 5.58945 1380
17.5101 9.41144 5.58945 1380
17.3408 9.79526 5.598 1380
17.3212 9.82992 5.598 1380
17.3503 9.8694 5.60835 1380
17.3008 9.95603 5.60835 1380
17.6336 9.38711 5.61195 1380
15.8765 12.1243 5.61195 1376
16.6689 11.0449 5.61645 1376
16.6738 11.0481 5.6178 1376
16.6738 11.0481 5.6178 1376
15.9634 12.0647 5.6196 1376
16.0235 11.9847 5.6196 1376
16.8258 10.8368 5.62049 1376
16.7605 10.9375 5.62049 1376
17.5511 9.63806 5.62274 1380
16.0077 12.048 5.62544 1376
15.9836 12.08 5.62544 1376
16.816 10.9737 5.63579 1376
16.8379 10.9401 5.63579 1376
16.1713 11.9197 5.63804 1376
16.1115 12.0004 5.63804 1376
15.7256 13.1433 5.73162 1378
15.7911 13.0645 5.73162 1378
15.7549 13.1143 5.73252 1378
15.7286 13.1458 5.73252 1378
15.9005 13.0482 5.74872 1378
15.3992 13.648 5.75052 1378
15.3307 13.7248 5.75052 1378
17.7723 10.3937 5.75322 1380
17.7931 10.3581 5.75322 1380
16.844 11.8526 5.75502 176
16.9148 11.7513 5.75502 176
17.6418 10.6515 5.75771 1380
17.7925 10.4055 5.75861 1380
17.8443 10.3164 5.75861 1380
17.7537 10.5022 5.76221 1380
17.7326 10.5377 5.76221 1380
17.7594 10.5537 5.76941 1380
17.812 10.4647 5.76941 1380
16.4146 12.6395 5.78291 1484
16.3512 12.7214 5.78291 1484
15.4527 13.834 5.78831 1378
15.4665 13.8186 5.78831 1378
15.381 13.937 5.79191 1378
15.4366 13.8753 5.79191 1378
17.1055 11.8079 5.79866 176
17.0819 11.8421 5.79866 176
16.135 13.1061 5.79911 1378
15.617 13.7576 5.80495 1378
15.5894 13.7888 5.80495 1378
17.1155 11.8654 5.8081 176
17.056 12.0018 5.81485 176
17.0799 11.9676 5.81485 176
15.7208 13.7101 5.81575 1378
15.7482 13.6786 5.81575 1378
15.7355 13.7229 5.82025 1378
15.8039 13.6441 5.82025 1378
17.0647 12.0334 5.8207 176
17.0043 12.1186 5.8207 176
17.2513 11.7816 5.82295 176
15.8445 13.6239 5.8243 1378
15.8445 13.6239 5.8243 1378
15.6653 13.856 5.82835 1378
15.7482 13.7617 5.82835 1378
17.0408 12.1446 5.83105 176
17.0529 12.1276 5.83105 176
15.8725 13.648 5.83285 1378
15.8725 13.648 5.83285 1378
16.0081 13.5159 5.8369 1378
15.9811 13.5479 5.8369 1378
17.1053 12.3721 5.87379 176
17.1053 12.3721 5.87379 176
17.1148 12.379 5.87649 176
16.155 13.6954 5.88954 1106
16.2233 13.6144 5.88954 1106
17.2024 12.8129 5.95207 1106
18.8751 -10.3606 5.97097 150
18.8958 -10.3228 5.97097 150
18.878 -10.436 5.97997 150
18.93 -10.3415 5.97997 150
18.8827 -10.4879 5.98671 150
18.8617 -10.5257 5.98671 150
18.9866 -10.3232 5.98941 150
19.038 -10.2281 5.98941 150
18.8521 -10.5946 5.99256 150
18.9048 -10.5002 5.99256 150
18.8486 -10.6921 6.00291 150
18.8699 -10.6544 6.00291 150
18.897 -10.6697 6.01011 150
18.8435 -10.764 6.01011 150
17.151 13.3436 6.01686 1106
17.1777 13.3093 6.01686 1106
17.0633 13.4682 6.01866 1106
18.854 -10.8201 6.01866 150
18.8323 -10.8578 6.01866 150
18.8148 -10.9231 6.02271 150
18.8692 -10.8289 6.02271 150
18.8064 -10.9685 6.02631 150
18.8064 -10.9685 6.02631 150
19.1821 -10.355 6.03261 150
19.2028 -10.3166 6.03261 150
18.8384 -10.9872 6.03485 150
18.8384 -10.9872 6.03485 150
18.7739 -11.1772 6.0443 150
18.7962 -11.1397 6.0443 150
18.8281 -11.1585 6.05285 150
18.7721 -11.2525 6.05285 150
17.3894 13.3347 6.05915 1106
17.4558 13.2476 6.05915 1106
18.7762 -11.3061 6.06005 150
18.7649 -11.3249 6.06005 150
18.7428 -11.4141 6.06635 150
18.7996 -11.3202 6.06635 150
19.4296 -10.2639 6.0731 150
19.4296 -10.2639 6.0731 150
18.74 -11.4896 6.0749 150
18.7515 -11.4709 6.0749 150
19.6019 -10.3549 6.11809 150
19.6019 -10.3549 6.11809 150
17.4189 13.9478 6.15183 1106
18.6118 12.3322 6.15453 1384
17.428 13.9551 6.15453 1106
19.7795 -10.4234 6.16173 150
19.8417 -10.3046 6.16173 150
17.3965 14.1308 6.17432 1106
17.8317 13.6738 6.18782 1106
19.9973 -10.3854 6.20222 150
19.9765 -10.4254 6.20222 150
17.4686 14.3935 6.22561 1106
3.19894 24.3527 6.67057 1122
3.07714 24.3684 6.67057 1122
4.30244 24.2475 6.68541 1146
4.25394 24.256 6.68541 1146
0.852573 24.6232 6.68811 1486
0.901818 24.6214 6.68811 1486
4.37932 24.2575 6.69081 1146
4.25798 24.2791 6.69081 1146
2.05858 24.5635 6.69081 1126
2.1077 24.5593 6.69081 1126
22.6296 10.3014 6.7403 1172
22.5778 10.4144 6.7403 1172
6.48385 24.0239 6.7448 1170
6.60388 23.9912 6.7448 1170
22.7367 10.1587 6.7493 1172
22.6856 10.2722 6.7493 1172
22.536 10.6422 6.7538 1172
22.4825 10.7547 6.7538 1172
22.747 10.2452 6.75965 1172
22.7265 10.2907 6.75965 1172
22.4961 10.8165 6.7628 1172
22.5638 10.7382 6.76909 1172
22.8923 10.1733 6.78349 1172
22.6737 10.6518 6.78349 1172
22.8923 10.1733 6.78349 1172
22.7266 10.5383 6.78349 1172
22.7797 10.646 6.80509 1172
22.7583 10.6915 6.80509 1172
8.41746 23.7496 6.81723 1182
8.5361 23.7073 6.81723 1182
8.60718 23.6815 6.81723 1182
8.5835 23.6901 6.81723 1182
8.58814 23.703 6.82038 1182
8.70655 23.6597 6.82038 1182
8.78699 23.6591 6.82668 1182
8.76333 23.6679 6.82668 1182
8.89321 23.6548 6.83433 1182
8.77483 23.6989 6.83433 1182
8.92924 23.6787 6.84243 1182
8.92924 23.6787 6.84243 1182
8.93062 23.6823 6.84333 1182
8.93062 23.6823 6.84333 1182
9.15818 23.6391 6.85278 1182
9.11088 23.6574 6.85278 1182
23.654 9.12517 6.85323 1172
23.7012 9.03464 6.85593 1172
23.6038 9.32341 6.85908 1172
23.7829 8.98416 6.86942 1172
23.8734 8.90939 6.88292 1172
22.8387 11.9245 6.94816 1172
22.9098 11.7872 6.94816 1172
22.7684 12.0914 6.95176 1172
22.8406 11.9546 6.95176 1172
22.887 11.9497 6.96075 1172
22.9109 11.9039 6.96075 1172
23.8105 10.044 6.96615 1172
24.1222 9.52816 6.98775 1172
24.1194 9.58286 6.9918 1172
24.0614 9.72741 6.9918 1172
24.0687 9.73033 6.9936 1172
24.0881 9.68217 6.9936 1172
24.0116 9.87531 6.99405 1172
24.0607 9.75513 6.99405 1172
24.1306 9.92423 7.02374 1172
24.1405 9.90009 7.02374 1172
23.7351 10.9483 7.03454 382
23.7569 10.9008 7.03454 382
23.0604 12.4542 7.05073 1172
24.0595 10.4623 7.05703 1172
23.4275 11.9649 7.07323 1172
23.4036 12.0117 7.07323 1172
23.3639 12.4076 7.10742 1172
23.3887 12.3609 7.10742 1172
24.0688 11.9304 7.2019 382
24.0967 11.9443 7.2091 382
24.0967 11.9443 7.2091 382
23.5945 12.9567 7.2145 1172
24.1563 12.0039 7.22754 1390
24.0839 12.1486 7.22754 1390
23.5644 13.1558 7.23069 1172
24.1709 12.1925 7.25004 1390
24.1952 12.1441 7.25004 1390
24.2184 12.4299 7.28468 1390
24.2926 12.2844 7.28468 1390
10.2161 25.3121 7.30178 399
10.1655 25.3325 7.30178 399
25.2841 10.5764 7.32742 382
25.2735 10.6017 7.32742 382
25.2596 10.8044 7.34272 382
25.6377 9.9494 7.34902 1567
25.3242 10.7722 7.35352 382
25.3026 10.8228 7.35352 382
25.4397 10.5221 7.35577 382
25.8403 9.61397 7.36521 1568
25.8594 9.56227 7.36521 1568
25.7177 9.98042 7.36881 1568
25.7978 9.80431 7.37151 1568
25.989 9.49219 7.38771 1568
25.8634 9.82923 7.38771 1568
25.9316 9.64795 7.38771 1568
11.216 25.3462 7.39896 399
26.109 9.44733 7.41021 1569
25.8803 10.2226 7.42415 1493
25.9129 10.2355 7.43225 1493
12.3912 25.0975 7.46194 1489
12.4162 25.0851 7.46194 1489
25.7195 11.0621 7.46374 382
25.6527 11.2162 7.46374 382
25.7277 11.249 7.48264 382
12.4326 25.1814 7.48354 1489
12.5583 25.1189 7.48354 1489
25.3972 12.149 7.49974 1390
14.7415 24.8958 7.6797 1570
16.9985 24.55 7.89385 411
16.9494 24.5839 7.89385 411
20.4332 24.1799 8.30866 1494
20.2634 24.3224 8.30866 1494
20.9578 24.1566 8.38334 1395
21.0012 24.2067 8.39864 1395
21.2062 24.1 8.41124 1395
31.6997 -6.261 8.45983 1212
31.6997 -6.261 8.45983 1212
21.5638 24.1633 8.47692 1395
21.8056 24.0927 8.50212 1395
21.8056 24.0927 8.50212 1395
22.3665 24.0275 8.5786 1395
22.1978 24.1835 8.5786 1395
24.4623 22.2103 8.62809 891
24.5546 22.2941 8.65688 891
24.5935 22.4194 8.68298 891
24.4811 22.542 8.68298 891
23.2733 23.972 8.71357 890
24.6646 22.711 8.74057 891
24.5278 22.9044 8.74776 891
23.5773 23.9474 8.75856 890
23.8167 23.759 8.76666 890
23.7691 23.8066 8.76666 890
24.6047 22.9762 8.77206 1571
24.6047 22.9762 8.77206 1571
23.8242 23.8617 8.78466 890
23.9432 23.7423 8.78466 890
24.1186 23.7256 8.81075 890
24.0711 23.7738 8.81075 890
24.6952 23.1533 8.81525 1572
24.5791 23.2765 8.81525 1572
24.2509 23.7131 8.83055 1572
24.1321 23.8341 8.83055 1572
24.7192 23.3155 8.84494 1573
24.6725 23.3649 8.84494 1573
33.6409 -4.91241 8.84899 1238
33.6651 -4.74415 8.84899 1238
24.4071 23.6756 8.85034 1574
24.3597 23.7244 8.85034 1574
33.4615 -6.12355 8.85349 1575
33.4242 -6.32421 8.85349 1575
24.5314 23.6537 8.86744 1576
24.4128 23.776 8.86744 1576
24.5983 23.6235 8.87374 1576
24.7161 23.5002 8.87374 1576
24.6742 23.6964 8.89803 1576
24.7215 23.647 8.89803 1576
8.62952 -34.8411 9.28675 126
8.69919 -34.8237 9.28675 126
8.52681 -34.8744 9.28855 126
8.70108 -34.8313 9.28855 126
8.95924 -34.8262 9.30204 126
39.0496 19.3561 11.0621 1577
39.3278 19.1522 11.099 1577
39.366 19.0735 11.099 1577
39.6011 19.2853 11.1691 1577
